tests/test_remediation_26_domain.py::test_sale_estimate_respects_acquisition_and_failed_sale_is_atomic[365-False]
tests/test_remediation_26_domain.py::test_sale_estimate_respects_acquisition_and_failed_sale_is_atomic[730-True]
tests/test_remediation_26_domain.py::test_sale_estimate_respects_acquisition_and_failed_sale_is_atomic[900-True]
tests/test_remediation_26_domain.py::test_sale_estimate_cannot_postdate_a_recorded_weight_without_acquisition
tests/test_remediation_26_domain.py::test_database_rejects_purchase_before_effective_birth[date_of_birth]
tests/test_remediation_26_domain.py::test_database_rejects_purchase_before_effective_birth[estimated_dob]
tests/test_remediation_26_domain.py::test_full_ledger_aggregate_excludes_income_voids_outside_window_and_other_farms
tests/test_remediation_26_domain.py::test_first_business_day_feeding_accepts_creation_day_and_rejects_prior_day[America/Phoenix-0--1]
tests/test_remediation_26_domain.py::test_first_business_day_feeding_accepts_creation_day_and_rejects_prior_day[Asia/Kolkata-23-1]
tests/test_remediation_26_domain.py::test_first_business_day_feeding_accepts_creation_day_and_rejects_prior_day[UTC-12-0]
tests/test_remediation_26_domain.py::test_flagged_cascade_keeps_a_reviewable_concern_and_every_failed_region[False]
tests/test_remediation_26_domain.py::test_flagged_cascade_keeps_a_reviewable_concern_and_every_failed_region[True]
tests/test_remediation_26_domain.py::test_seasonal_fit_preserves_clamped_monthly_levels_and_evidence[prices0]
tests/test_remediation_26_domain.py::test_seasonal_fit_preserves_clamped_monthly_levels_and_evidence[prices1]
tests/test_remediation_26_domain.py::test_seasonal_fit_preserves_clamped_monthly_levels_and_evidence[prices2]
tests/test_remediation_26_domain.py::test_mortality_uses_actual_death_with_phase_boundary_and_early_exit_censoring[70-DEAD-0.1-10]
tests/test_remediation_26_domain.py::test_mortality_uses_actual_death_with_phase_boundary_and_early_exit_censoring[90-DEAD-0.1-10]
tests/test_remediation_26_domain.py::test_mortality_uses_actual_death_with_phase_boundary_and_early_exit_censoring[91-DEAD-0-10]
tests/test_remediation_26_domain.py::test_mortality_uses_actual_death_with_phase_boundary_and_early_exit_censoring[120-DEAD-0-10]
tests/test_remediation_26_domain.py::test_mortality_uses_actual_death_with_phase_boundary_and_early_exit_censoring[70-CULLED-0-9]
tests/test_remediation_26_disposal.py::test_disposal_at_loss_cost_or_gain_removes_book_and_never_double_charges_cash[1-0.0-80000-doe]
tests/test_remediation_26_disposal.py::test_disposal_at_loss_cost_or_gain_removes_book_and_never_double_charges_cash[1-0.0-80000-buck]
tests/test_remediation_26_disposal.py::test_disposal_at_loss_cost_or_gain_removes_book_and_never_double_charges_cash[1-0.0-100000-doe]
tests/test_remediation_26_disposal.py::test_disposal_at_loss_cost_or_gain_removes_book_and_never_double_charges_cash[1-0.0-100000-buck]
tests/test_remediation_26_disposal.py::test_disposal_at_loss_cost_or_gain_removes_book_and_never_double_charges_cash[1-0.0-120000-doe]
tests/test_remediation_26_disposal.py::test_disposal_at_loss_cost_or_gain_removes_book_and_never_double_charges_cash[1-0.0-120000-buck]
tests/test_remediation_26_disposal.py::test_disposal_at_loss_cost_or_gain_removes_book_and_never_double_charges_cash[1-0.3-80000-doe]
tests/test_remediation_26_disposal.py::test_disposal_at_loss_cost_or_gain_removes_book_and_never_double_charges_cash[1-0.3-80000-buck]
tests/test_remediation_26_disposal.py::test_disposal_at_loss_cost_or_gain_removes_book_and_never_double_charges_cash[1-0.3-100000-doe]
tests/test_remediation_26_disposal.py::test_disposal_at_loss_cost_or_gain_removes_book_and_never_double_charges_cash[1-0.3-100000-buck]
tests/test_remediation_26_disposal.py::test_disposal_at_loss_cost_or_gain_removes_book_and_never_double_charges_cash[1-0.3-120000-doe]
tests/test_remediation_26_disposal.py::test_disposal_at_loss_cost_or_gain_removes_book_and_never_double_charges_cash[1-0.3-120000-buck]
tests/test_remediation_26_disposal.py::test_disposal_at_loss_cost_or_gain_removes_book_and_never_double_charges_cash[7-0.0-80000-doe]
tests/test_remediation_26_disposal.py::test_disposal_at_loss_cost_or_gain_removes_book_and_never_double_charges_cash[7-0.0-80000-buck]
tests/test_remediation_26_disposal.py::test_disposal_at_loss_cost_or_gain_removes_book_and_never_double_charges_cash[7-0.0-100000-doe]
tests/test_remediation_26_disposal.py::test_disposal_at_loss_cost_or_gain_removes_book_and_never_double_charges_cash[7-0.0-100000-buck]
tests/test_remediation_26_disposal.py::test_disposal_at_loss_cost_or_gain_removes_book_and_never_double_charges_cash[7-0.0-120000-doe]
tests/test_remediation_26_disposal.py::test_disposal_at_loss_cost_or_gain_removes_book_and_never_double_charges_cash[7-0.0-120000-buck]
tests/test_remediation_26_disposal.py::test_disposal_at_loss_cost_or_gain_removes_book_and_never_double_charges_cash[7-0.3-80000-doe]
tests/test_remediation_26_disposal.py::test_disposal_at_loss_cost_or_gain_removes_book_and_never_double_charges_cash[7-0.3-80000-buck]
tests/test_remediation_26_disposal.py::test_disposal_at_loss_cost_or_gain_removes_book_and_never_double_charges_cash[7-0.3-100000-doe]
tests/test_remediation_26_disposal.py::test_disposal_at_loss_cost_or_gain_removes_book_and_never_double_charges_cash[7-0.3-100000-buck]
tests/test_remediation_26_disposal.py::test_disposal_at_loss_cost_or_gain_removes_book_and_never_double_charges_cash[7-0.3-120000-doe]
tests/test_remediation_26_disposal.py::test_disposal_at_loss_cost_or_gain_removes_book_and_never_double_charges_cash[7-0.3-120000-buck]
tests/test_remediation_26_disposal.py::test_partial_disposal_allocates_each_purchase_vintage_and_excludes_other_sex
tests/test_remediation_26_disposal.py::test_mortality_writeoffs_conserve_acquisition_cost[doe]
tests/test_remediation_26_disposal.py::test_mortality_writeoffs_conserve_acquisition_cost[buck]
tests/test_remediation_26_disposal.py::test_max_age_cull_removes_expired_vintage_before_new_purchase
tests/test_remediation_26_disposal.py::test_rate_cull_full_disposal_stops_depreciation
tests/test_remediation_26_disposal.py::test_buck_rotation_preserves_same_month_purchase_and_removes_old_book
tests/test_remediation_26_disposal.py::test_fully_depreciated_disposal_has_no_second_book_charge
tests/test_remediation_26_disposal.py::test_repeat_breeder_cull_derecognizes_only_removed_doe_cost
tests/test_remediation_26_disposal.py::test_foundation_stock_and_homebred_replacements_have_no_in_run_purchase_basis
tests/test_remediation_26_disposal.py::test_non_cash_disposal_does_not_reduce_cash_dscr_twice
tests/test_remediation_26_disposal.py::test_rotation_after_partial_ordered_sale_keeps_only_surviving_new_bucks
tests/test_remediation_26_chronology_migration.py::test_purchase_birth_migration_upgrade_downgrade_and_transactional_legacy_refusal

56 tests collected in 0.07s
