E501 Line too long (103 > 100)
   --> backend/app/services/simulation_calibration.py:740:101
    |
738 |                 assumptions.mortality.kid_pre_weaning,
739 |                 len(weaned_rows),
740 |                 "Live-born kid deaths in the model's first three 30.44-day months, from linked animal "
    |                                                                                                     ^^^
741 |                 "death dates (birth-entry report date only when no linked exit date exists), "
742 |                 "divided by births old enough to have completed that phase, excluding earlier "
    |

E501 Line too long (121 > 100)
   --> backend/app/simulation/explain.py:486:101
    |
484 |                 title="Accounting profit",
485 |                 explanation=(
486 |                     f"Cumulative profit after depreciation, disposed breeding-stock carrying costs, interest and tax is "
    |                                                                                                     ^^^^^^^^^^^^^^^^^^^^^
487 |                     f"{_inr(m.accounting_profit_total)}. This accrual profit excludes terminal "
488 |                     "asset recovery and differs from cash flow because depreciation and disposal book costs are non-cash "
    |

E501 Line too long (122 > 100)
   --> backend/app/simulation/explain.py:488:101
    |
486 |                     f"Cumulative profit after depreciation, disposed breeding-stock carrying costs, interest and tax is "
487 |                     f"{_inr(m.accounting_profit_total)}. This accrual profit excludes terminal "
488 |                     "asset recovery and differs from cash flow because depreciation and disposal book costs are non-cash "
    |                                                                                                     ^^^^^^^^^^^^^^^^^^^^^^
489 |                     "while principal repayment is not an expense."
490 |                 ),
    |

E501 Line too long (154 > 100)
   --> backend/tests/test_remediation_26_domain.py:180:101
    |
178 | …
179 | …
180 | …e, category, amount) SELECT :farm, :date, 'INCOME', 'OTHER', 1 FROM generate_series(1,20001)"
    |                                         ^^^^^^^^^^^^^^^^^^^^^^^^^^^^^^^^^^^^^^^^^^^^^^^^^^^^^^
181 | …
182 | …
    |

E501 Line too long (108 > 100)
   --> backend/tests/test_simulation_explain.py:514:101
    |
512 |         f"The model pays {_inr(result.metrics.tax_total)} of cash tax at an assumed "
513 |         f"{_pct(without_loss_carryforward.finance.income_tax_rate)} rate after interest, "
514 |         "straight-line depreciation, disposed breeding-stock carrying costs and current-period losses only."
    |                                                                                                     ^^^^^^^^
515 |     )
    |

Found 5 errors.
