RUN upgrade head
INFO  [alembic.runtime.migration] Context impl PostgresqlImpl.
INFO  [alembic.runtime.migration] Will assume transactional DDL.
INFO  [alembic.runtime.migration] Running upgrade  -> ed5efe13a516, initial schema
INFO  [alembic.runtime.migration] Running upgrade ed5efe13a516 -> c4b72167db86, simulation scenarios
INFO  [alembic.runtime.migration] Running upgrade c4b72167db86 -> d8f2b6a41e90, concurrency indexes
INFO  [alembic.runtime.migration] Running upgrade d8f2b6a41e90 -> 91a712b0367b, tasks skipped_by_id — skip attribution
INFO  [alembic.runtime.migration] Running upgrade 91a712b0367b -> b3e91c47a2f5, refresh_sessions — server-side refresh-token revocation
INFO  [alembic.runtime.migration] Running upgrade b3e91c47a2f5 -> e4a7c1f29b63, query performance indexes
INFO  [alembic.runtime.migration] Running upgrade e4a7c1f29b63 -> f5b1a09c8d7e, FK ondelete, composite indices, CHECK constraints
INFO  [alembic.runtime.migration] Running upgrade f5b1a09c8d7e -> a7c9e2f4b1d8, auth session and team hardening
INFO  [alembic.runtime.migration] Running upgrade a7c9e2f4b1d8 -> a4d9e6f2b701, Domain-integrity holds and generic animal-health traceability.
INFO  [alembic.runtime.migration] Running upgrade a4d9e6f2b701 -> c8f1d3a5e709, Exact ledger, finished feed stock, and task audit history.
INFO  [alembic.runtime.migration] Running upgrade c8f1d3a5e709 -> d9e4b7c2a610, Audited movement-restriction clearance.
INFO  [alembic.runtime.migration] Running upgrade d9e4b7c2a610 -> e2c4f6a8b0d1, Durable idempotency claims and successful response replay.
INFO  [alembic.runtime.migration] Running upgrade e2c4f6a8b0d1 -> f7d8c9b0a1e2, Enforce farm ownership across tenant-scoped relationships.
INFO  [alembic.runtime.migration] Running upgrade f7d8c9b0a1e2 -> b9e1c2d3f4a5, Make pregnancy loss and neonatal outcomes auditable and consistent.
INFO  [alembic.runtime.migration] Running upgrade b9e1c2d3f4a5 -> c1d2e3f4a5b6, Enforce domain value and state coherence with PostgreSQL CHECKs.
INFO  [alembic.runtime.migration] Running upgrade c1d2e3f4a5b6 -> d2e3f4a5b6c7, Persist purchase-batch sex even when animal stubs are not created.
INFO  [alembic.runtime.migration] Running upgrade d2e3f4a5b6c7 -> d3f4a5b6c7d8, Stable bulk-health provenance and movement-restriction episodes.
INFO  [alembic.runtime.migration] Running upgrade d3f4a5b6c7d8 -> d4e5f6a7b8c9, Preserve audit attribution with de-identified account tombstones.
INFO  [alembic.runtime.migration] Running upgrade d4e5f6a7b8c9 -> e5f6a7b8c9d0, online indexes for bounded herd and duty query paths
INFO  [alembic.runtime.migration] Running upgrade e5f6a7b8c9d0 -> f6a7b8c9d0e1, bound refresh-session families, rotation history and expiry cleanup
INFO  [alembic.runtime.migration] Running upgrade f6a7b8c9d0e1 -> d7e8f9a0b1c2, canonical, indexed health-event schedule template links
INFO  [alembic.runtime.migration] Running upgrade d7e8f9a0b1c2 -> d8e9f0a1b2c3, cover bounded feeding-day history and exact allocation aggregates
INFO  [alembic.runtime.migration] Running upgrade d8e9f0a1b2c3 -> e9f0a1b2c3d4, bound team/account lifecycle work with retained assignment anchors
INFO  [alembic.runtime.migration] Running upgrade e9f0a1b2c3d4 -> f0a1b2c3d4e5, online index for bounded inactive-animal task cleanup
INFO  [alembic.runtime.migration] Running upgrade f0a1b2c3d4e5 -> f1b2c3d4e5f6, online index for bounded tombstoned-account membership cleanup
INFO  [alembic.runtime.migration] Running upgrade f1b2c3d4e5f6 -> f2c3d4e5f6a7, store feed quantities as exact whole-gram numerics
INFO  [alembic.runtime.migration] Running upgrade f2c3d4e5f6a7 -> f3d4e5f6a7b8, actor-scoped farm creation idempotency and task-check validation
INFO  [alembic.runtime.migration] Running upgrade f3d4e5f6a7b8 -> f4e5f6a7b8c9, purge pre-HMAC sensitive idempotency fingerprints
INFO  [alembic.runtime.migration] Running upgrade f4e5f6a7b8c9 -> a1b2c3d4e5f7, repair personal task roles left behind by the PENDING-only backfill
INFO  [alembic.runtime.migration] Running upgrade a1b2c3d4e5f7 -> b2c3d4e5f6a8, store transactions.created_at defaults in UTC, not server local time
INFO  [alembic.runtime.migration] Running upgrade b2c3d4e5f6a8 -> c4d5e6f7a8b9, tasks rejected_by_id/rejected_at — rejection attribution
INFO  [alembic.runtime.migration] Running upgrade c4d5e6f7a8b9 -> d1c2b3a4e5f6, breeding_records.outcome UNASSESSED — services closed by a herd exit
INFO  [alembic.runtime.migration] Running upgrade d1c2b3a4e5f6 -> e3f4a5b6c7d9, repair lifecycle dates, reproductive links, schedule links and task state
INFO  [alembic.runtime.migration] Running upgrade e3f4a5b6c7d9 -> a6c9e2f4b7d1, repair legacy loss attribution, chronology locking, and feed provenance
INFO  [alembic.runtime.migration] Running upgrade a6c9e2f4b7d1 -> b7c8d9e0f1a2, tie health compliance dates to scheduled-disease suspicion
INFO  [alembic.runtime.migration] Running upgrade b7c8d9e0f1a2 -> c2a4e6b8d013, index animals.sire_id alongside the existing dam_id index
INFO  [alembic.runtime.migration] Running upgrade c2a4e6b8d013 -> d3b5f7c9e024, bound the tag-namespace triggers to one advisory lock per farm
INFO  [alembic.runtime.migration] Running upgrade d3b5f7c9e024 -> e6f8a0b2c4d7, allow culled animals to retain sale proceeds
INFO  [alembic.runtime.migration] Running upgrade e6f8a0b2c4d7 -> b1c2d3e4f5a6, close lifecycle date gaps and add optimistic-concurrency audit guards
INFO  [alembic.runtime.migration] Running upgrade b1c2d3e4f5a6 -> c3d4e5f6a7b1, make uq_kid_entries_farm_tag usable by the animal-tag trigger
INFO  [alembic.runtime.migration] Running upgrade c3d4e5f6a7b1 -> d5e7f9a1b3c4, make farm-local preset role codes unique
INFO  [alembic.runtime.migration] Running upgrade d5e7f9a1b3c4 -> e7f9a1b3c5d8, align direct kidding writes with the animal-first lifecycle lock order
INFO  [alembic.runtime.migration] Running upgrade e7f9a1b3c5d8 -> b3d7f1a5c9e2, farm type (goat / buffalo dairy), AI breeding, milk records
INFO  [alembic.runtime.migration] Running upgrade b3d7f1a5c9e2 -> c5a8e1f3b7d2, milk correction audit trail and fat-based milk pricing
INFO  [alembic.runtime.migration] Running upgrade c5a8e1f3b7d2 -> f8a2c4e6b1d9, widen the preset role-code vocabulary
INFO  [alembic.runtime.migration] Running upgrade f8a2c4e6b1d9 -> d1e2f3a4b5c6, widen breeding gestation CHECK constraints for buffalo late records
INFO  [alembic.runtime.migration] Running upgrade d1e2f3a4b5c6 -> e3a5b7c9d1f2, worker password rotation flag
INFO  [alembic.runtime.migration] Running upgrade e3a5b7c9d1f2 -> b5d7f9a1c3e5, propagate 2026-09-01 species reference-data corrections to existing farms
INFO  [alembic.runtime.migration] Running upgrade b5d7f9a1c3e5 -> f9b3c7d1e5a2, widen kid_count CHECK to the cross-species maximum (4)
INFO  [alembic.runtime.migration] Running upgrade f9b3c7d1e5a2 -> a1b2c3d4e5f6, planner plans
INFO  [alembic.runtime.migration] Running upgrade a1b2c3d4e5f6 -> bd201c1cdc1b, goat-only: drop the buffalo-dairy farm type, milk records and milk ledger
INFO  [alembic.runtime.migration] Running upgrade bd201c1cdc1b -> e8b0d2f4a6c1, tenant-bounded ordered indexes for the ledger and health-event feeds
INFO  [alembic.runtime.migration] Running upgrade e8b0d2f4a6c1 -> b6d8f0a2c4e6, close the tenant-FK gap on weight_records and bucket_moves
INFO  [alembic.runtime.migration] Running upgrade b6d8f0a2c4e6 -> c4f6a8b0d2e5, store role permissions and saved plan/scenario JSON as jsonb
INFO  [alembic.runtime.migration] Running upgrade c4f6a8b0d2e5 -> f1e2d3c4b5a6, widen task/health/kidding-ease vocabularies for husbandry standards
INFO  [alembic.runtime.migration] Running upgrade f1e2d3c4b5a6 -> a7b8c9d0e1f2, kidding parity + dam/kid postpartum care facts
INFO  [alembic.runtime.migration] Running upgrade a7b8c9d0e1f2 -> b8c9d0e1f2a3, purchase-batch provenance: origin market, transit time, seller history
INFO  [alembic.runtime.migration] Running upgrade b8c9d0e1f2a3 -> c9d0e1f2a3b4, sale capture (weight/buyer economics) and coded death audit fields
INFO  [alembic.runtime.migration] Running upgrade c9d0e1f2a3b4 -> d0e1f2a3b4c5, insurance register (insurance_policies)
INFO  [alembic.runtime.migration] Running upgrade d0e1f2a3b4c5 -> e1f2a3b4c5d6, insurance premium payment history (insurance_premiums)
INFO  [alembic.runtime.migration] Running upgrade e1f2a3b4c5d6 -> f2a3b4c5d6e7, propagate the maintenance-recipe mineral/salt standards fix
INFO  [alembic.runtime.migration] Running upgrade f2a3b4c5d6e7 -> b7c1d5e9f3a2, task provenance, title localization keys, and the WATER duty category
INFO  [alembic.runtime.migration] Running upgrade b7c1d5e9f3a2 -> c8d2e6f0a4b3, updated_at on animals/farms, phenotype columns, bounded vocabularies
INFO  [alembic.runtime.migration] Running upgrade c8d2e6f0a4b3 -> d9e3f7a1b5c4, exact weight numerics and index hygiene
INFO  [alembic.runtime.migration] Running upgrade d9e3f7a1b5c4 -> e0f4a8b2c6d5, backfill kidding_records.parity for legacy NULL rows
INFO  [alembic.runtime.migration] Running upgrade e0f4a8b2c6d5 -> a19b2569d466, users: TOTP second-factor columns (HUM-1 follow-up, 2026-09-16)
INFO  [alembic.runtime.migration] Running upgrade a19b2569d466 -> a7c8d9e0f1b2, disease screening: images, runs, findings
INFO  [alembic.runtime.migration] Running upgrade a7c8d9e0f1b2 -> b8d9e0f2a3c4, screening phase 2: rotation stages, specialist findings, vet review
INFO  [alembic.runtime.migration] Running upgrade b8d9e0f2a3c4 -> c9e0f1a3b4d5, screening phase 3: per-goat crops, detection stage
INFO  [alembic.runtime.migration] Running upgrade c9e0f1a3b4d5 -> d0f1a2b3c4d6, screening upload flow: disease-check batches + bucket-tagged photos
INFO  [alembic.runtime.migration] Running upgrade d0f1a2b3c4d6 -> c3e5a9f1d7b4, residual exact numerics, next-due ceiling, jsonb shape, business-date default
INFO  [alembic.runtime.migration] Running upgrade c3e5a9f1d7b4 -> c4d8e1f9a2b7, bind screening uploads to registrations and bounded retry scheduling
INFO  [alembic.runtime.migration] Running upgrade c3e5a9f1d7b4 -> a6d4e2f9c8b7, insurance audit facts, premium accounting date and plan anchor repair
INFO  [alembic.runtime.migration] Running upgrade a6d4e2f9c8b7, c4d8e1f9a2b7 -> b7e8f9a0c1d2, merge independent screening and finance integrity revisions
INFO  [alembic.runtime.migration] Running upgrade b7e8f9a0c1d2 -> f7a9c1e3b5d7, make normalized screening-content de-duplication concurrency-safe
INFO  [alembic.runtime.migration] Running upgrade f7a9c1e3b5d7 -> b9c0d1e2f3a4, bound the screening retry budget per image
INFO  [alembic.runtime.migration] Running upgrade b9c0d1e2f3a4 -> cad1e2f3a4b5, drop the unproducible MULTIPLET birth type and dead renewed insurance status
INFO  [alembic.runtime.migration] Running upgrade cad1e2f3a4b5 -> b1c3d5e7f9a2, Drop redundant single-column ledger/health/task indexes
INFO  [alembic.runtime.migration] Running upgrade b1c3d5e7f9a2 -> c3d5e7f9a1b3, TOTP recovery codes (owner lockout protection)
INFO  [alembic.runtime.migration] Running upgrade c3d5e7f9a1b3 -> d4e6f8a0b2c4, Worker-tablet PIN authentication columns
INFO  [alembic.runtime.migration] Running upgrade d4e6f8a0b2c4 -> e5a7c9d1b3f5, Notification recipients and delivery log (ITEM 4, 2026-09-21 playbook)
INFO  [alembic.runtime.migration] Running upgrade e5a7c9d1b3f5 -> f6b8d0e2a4c6, Data housekeeping (ITEM 9, 2026-09-21 playbook)
INFO  [alembic.runtime.migration] Running upgrade f6b8d0e2a4c6 -> a8c0e2f4b6d8, Movement-restriction alert class (ITEM 4 remediation, 2026-09-21)
INFO  [alembic.runtime.migration] Running upgrade a8c0e2f4b6d8 -> b9d1f3a5c7e9, Screening images PK int4 → bigint (ITEM 9 completion, 2026-09-21)
INFO  [alembic.runtime.migration] Running upgrade b9d1f3a5c7e9 -> c3d4e5f6a7b8, the FAMACHA duty category (monthly anemia-scoring round)
INFO  [alembic.runtime.migration] Running upgrade c3d4e5f6a7b8 -> d7e9f1a3b5c7, notification tenant hardening (2026-09-28 audit, N4)
INFO  [alembic.runtime.migration] Running upgrade d7e9f1a3b5c7 -> e2f3a4b5c6d8, screening image FK columns int4 -> bigint (2026-09-28 audit, D1)
INFO  [alembic.runtime.migration] Running upgrade e2f3a4b5c6d8 -> f3a4b5c6d7e8, bound sale_weight_kg like every sibling numeric (2026-09-28 audit, D5)
INFO  [alembic.runtime.migration] Running upgrade f3a4b5c6d7e8 -> c6d7e8f9a0b1, screening run/crop FK columns int4 -> bigint (2026-09-28 audit, D1 part 2)
INFO  [alembic.runtime.migration] Running upgrade c6d7e8f9a0b1 -> a4b5c6d7e8f9, screening join and cascade-reverse indexes (2026-09-28 audit, D6)
INFO  [alembic.runtime.migration] Running upgrade a4b5c6d7e8f9 -> b5c6d7e8f9a0, UTC server defaults on the newest tables' timestamps (2026-09-28 audit, D7)
INFO  [alembic.runtime.migration] Running upgrade b5c6d7e8f9a0 -> e8f9a0b1c2d3, screening_images.bucket varchar(30) -> varchar(20) (2026-09-28 audit)
INFO  [alembic.runtime.migration] Running upgrade e8f9a0b1c2d3 -> c7d8e9f0a1b2, Drop redundant single-column indexes + subsumed birth-weight CHECK
INFO  [alembic.runtime.migration] Running upgrade c7d8e9f0a1b2 -> d9e0f2a4b6c8, UTC server defaults on the remaining timestamp columns (D7 completion)
INFO  [alembic.runtime.migration] Running upgrade d9e0f2a4b6c8 -> c1d3e5f7a9b4, notification_recipients membership tenant FK (2026-09-29 audit, L2)
INFO  [alembic.runtime.migration] Running upgrade c1d3e5f7a9b4 -> e7b9d1f3a5c2, Server-side parity for out-of-band writers (2026-10-01 audit, 04-2 + 04-Info)
INFO  [alembic.runtime.migration] Running upgrade e7b9d1f3a5c2 -> f4a8c2e6d1b9, Durable single-use guard for MFA challenge tokens (2026-10-01 audit, 01-3)
INFO  [alembic.runtime.migration] Running upgrade f4a8c2e6d1b9 -> f5b9d3e7a2c0, Bind PIN refresh families to the authenticating farm and membership.
INFO  [alembic.runtime.migration] Running upgrade f5b9d3e7a2c0 -> f6c0e4f8b3d1, Truthful screening review, durable call budgets and treatment-round evidence.
INFO  [alembic.runtime.migration] Running upgrade f6c0e4f8b3d1 -> f7d1e5f9b4c2, Persist one-shot clinical alerts and cross-day per-recipient delivery claims.
INFO  [alembic.runtime.migration] Running upgrade f7d1e5f9b4c2 -> f8e2f6a0c5d3, Keep bounded maintenance rotations fair across worker restarts.
INFO  [alembic.runtime.migration] Running upgrade f8e2f6a0c5d3 -> f9a3b7c1d5e2, Preserve known legacy screening decisions before their first re-review.
INFO  [alembic.runtime.migration] Running upgrade f9a3b7c1d5e2 -> fa1b2c3d4e5f, Add the append-only transactional security-event ledger.
INFO  [alembic.runtime.migration] Running upgrade fa1b2c3d4e5f -> fb2c3d4e5f6a, Harden screening evidence states and tenant-bound actor attribution.
INFO  [alembic.runtime.migration] Running upgrade fb2c3d4e5f6a -> fc3d4e5f6a7b, Index terminal task history by its displayed completion instant.
INFO  [alembic.runtime.migration] Running upgrade fc3d4e5f6a7b -> fd4e5f6a7b8c, Persist screening retention deletion intent before object removal.
INFO  [alembic.runtime.migration] Running upgrade fd4e5f6a7b8c -> fe5f6a7b8c9d, Build the raw-cleanup due queue index without blocking image writes.
INFO  [alembic.runtime.migration] Running upgrade fe5f6a7b8c9d -> ff6a7b8c9d01, Enforce effective birth before purchase without rewriting historical facts.
Migration target localhost:5432/goatfarm_test_fix29_domain_104; current=base; target=ff6a7b8c9d01
EXIT 0
RUN check
INFO  [alembic.runtime.migration] Context impl PostgresqlImpl.
INFO  [alembic.runtime.migration] Will assume transactional DDL.
INFO  [alembic.runtime.plugins] setting up autogenerate plugin alembic.autogenerate.schemas
INFO  [alembic.runtime.plugins] setting up autogenerate plugin alembic.autogenerate.tables
INFO  [alembic.runtime.plugins] setting up autogenerate plugin alembic.autogenerate.types
INFO  [alembic.runtime.plugins] setting up autogenerate plugin alembic.autogenerate.constraints
INFO  [alembic.runtime.plugins] setting up autogenerate plugin alembic.autogenerate.defaults
INFO  [alembic.runtime.plugins] setting up autogenerate plugin alembic.autogenerate.comments
INFO  [alembic.runtime.plugins] setting up autogenerate plugin alembic.autogenerate.checkconstraint_byname
INFO  [alembic.ddl.postgresql] Detected sequence named 'notification_recipients_id_seq' as owned by integer column 'notification_recipients(id)', assuming SERIAL and omitting
INFO  [alembic.ddl.postgresql] Detected sequence named 'purchase_batches_id_seq' as owned by integer column 'purchase_batches(id)', assuming SERIAL and omitting
INFO  [alembic.ddl.postgresql] Detected sequence named 'feeding_records_id_seq' as owned by integer column 'feeding_records(id)', assuming SERIAL and omitting
INFO  [alembic.ddl.postgresql] Detected sequence named 'feed_inventory_id_seq' as owned by integer column 'feed_inventory(id)', assuming SERIAL and omitting
INFO  [alembic.ddl.postgresql] Detected sequence named 'kidding_records_id_seq' as owned by integer column 'kidding_records(id)', assuming SERIAL and omitting
INFO  [alembic.ddl.postgresql] Detected sequence named 'bucket_feed_settings_id_seq' as owned by integer column 'bucket_feed_settings(id)', assuming SERIAL and omitting
INFO  [alembic.ddl.postgresql] Detected sequence named 'bucket_moves_id_seq' as owned by integer column 'bucket_moves(id)', assuming SERIAL and omitting
INFO  [alembic.ddl.postgresql] Detected sequence named 'screening_content_claims_id_seq' as owned by integer column 'screening_content_claims(id)', assuming SERIAL and omitting
INFO  [alembic.ddl.postgresql] Detected sequence named 'feed_finished_stock_id_seq' as owned by integer column 'feed_finished_stock(id)', assuming SERIAL and omitting
INFO  [alembic.ddl.postgresql] Detected sequence named 'planner_plans_id_seq' as owned by integer column 'planner_plans(id)', assuming SERIAL and omitting
INFO  [alembic.ddl.postgresql] Detected sequence named 'refresh_sessions_id_seq' as owned by integer column 'refresh_sessions(id)', assuming SERIAL and omitting
INFO  [alembic.ddl.postgresql] Detected sequence named 'health_events_id_seq' as owned by integer column 'health_events(id)', assuming SERIAL and omitting
INFO  [alembic.ddl.postgresql] Detected sequence named 'notification_log_id_seq' as owned by integer column 'notification_log(id)', assuming SERIAL and omitting
INFO  [alembic.ddl.postgresql] Detected sequence named 'screening_crops_id_seq' as owned by integer column 'screening_crops(id)', assuming SERIAL and omitting
INFO  [alembic.ddl.postgresql] Detected sequence named 'users_id_seq' as owned by integer column 'users(id)', assuming SERIAL and omitting
INFO  [alembic.ddl.postgresql] Detected sequence named 'insurance_policies_id_seq' as owned by integer column 'insurance_policies(id)', assuming SERIAL and omitting
INFO  [alembic.ddl.postgresql] Detected sequence named 'feed_recipe_lines_id_seq' as owned by integer column 'feed_recipe_lines(id)', assuming SERIAL and omitting
INFO  [alembic.ddl.postgresql] Detected sequence named 'vaccine_templates_id_seq' as owned by integer column 'vaccine_templates(id)', assuming SERIAL and omitting
INFO  [alembic.ddl.postgresql] Detected sequence named 'screening_batches_id_seq' as owned by integer column 'screening_batches(id)', assuming SERIAL and omitting
INFO  [alembic.ddl.postgresql] Detected sequence named 'breeding_records_id_seq' as owned by integer column 'breeding_records(id)', assuming SERIAL and omitting
INFO  [alembic.ddl.postgresql] Detected sequence named 'transactions_id_seq' as owned by integer column 'transactions(id)', assuming SERIAL and omitting
INFO  [alembic.ddl.postgresql] Detected sequence named 'tasks_id_seq' as owned by integer column 'tasks(id)', assuming SERIAL and omitting
INFO  [alembic.ddl.postgresql] Detected sequence named 'security_events_id_seq' as owned by integer column 'security_events(id)', assuming SERIAL and omitting
INFO  [alembic.ddl.postgresql] Detected sequence named 'movement_restriction_actions_id_seq' as owned by integer column 'movement_restriction_actions(id)', assuming SERIAL and omitting
INFO  [alembic.ddl.postgresql] Detected sequence named 'kid_entries_id_seq' as owned by integer column 'kid_entries(id)', assuming SERIAL and omitting
INFO  [alembic.ddl.postgresql] Detected sequence named 'feed_recipes_id_seq' as owned by integer column 'feed_recipes(id)', assuming SERIAL and omitting
INFO  [alembic.ddl.postgresql] Detected sequence named 'screening_findings_id_seq' as owned by integer column 'screening_findings(id)', assuming SERIAL and omitting
INFO  [alembic.ddl.postgresql] Detected sequence named 'bucket_definitions_id_seq' as owned by integer column 'bucket_definitions(id)', assuming SERIAL and omitting
INFO  [alembic.ddl.postgresql] Detected sequence named 'idempotency_records_id_seq' as owned by integer column 'idempotency_records(id)', assuming SERIAL and omitting
INFO  [alembic.ddl.postgresql] Detected sequence named 'notification_outbox_id_seq' as owned by integer column 'notification_outbox(id)', assuming SERIAL and omitting
INFO  [alembic.ddl.postgresql] Detected sequence named 'screening_images_id_seq' as owned by integer column 'screening_images(id)', assuming SERIAL and omitting
INFO  [alembic.ddl.postgresql] Detected sequence named 'totp_recovery_codes_id_seq' as owned by integer column 'totp_recovery_codes(id)', assuming SERIAL and omitting
INFO  [alembic.ddl.postgresql] Detected sequence named 'screening_runs_id_seq' as owned by integer column 'screening_runs(id)', assuming SERIAL and omitting
INFO  [alembic.ddl.postgresql] Detected sequence named 'roles_id_seq' as owned by integer column 'roles(id)', assuming SERIAL and omitting
INFO  [alembic.ddl.postgresql] Detected sequence named 'animals_id_seq' as owned by integer column 'animals(id)', assuming SERIAL and omitting
INFO  [alembic.ddl.postgresql] Detected sequence named 'farms_id_seq' as owned by integer column 'farms(id)', assuming SERIAL and omitting
INFO  [alembic.ddl.postgresql] Detected sequence named 'farm_memberships_id_seq' as owned by integer column 'farm_memberships(id)', assuming SERIAL and omitting
INFO  [alembic.ddl.postgresql] Detected sequence named 'simulation_scenarios_id_seq' as owned by integer column 'simulation_scenarios(id)', assuming SERIAL and omitting
INFO  [alembic.ddl.postgresql] Detected sequence named 'screening_retention_deletions_id_seq' as owned by integer column 'screening_retention_deletions(id)', assuming SERIAL and omitting
INFO  [alembic.ddl.postgresql] Detected sequence named 'insurance_premiums_id_seq' as owned by integer column 'insurance_premiums(id)', assuming SERIAL and omitting
INFO  [alembic.ddl.postgresql] Detected sequence named 'weight_records_id_seq' as owned by integer column 'weight_records(id)', assuming SERIAL and omitting
Migration target localhost:5432/goatfarm_test_fix29_domain_104; current=ff6a7b8c9d01; target=base/inspection
No new upgrade operations detected.
EXIT 0
RUN downgrade base
INFO  [alembic.runtime.migration] Context impl PostgresqlImpl.
INFO  [alembic.runtime.migration] Will assume transactional DDL.
INFO  [alembic.runtime.migration] Running downgrade ff6a7b8c9d01 -> fe5f6a7b8c9d, Enforce effective birth before purchase without rewriting historical facts.
INFO  [alembic.runtime.migration] Running downgrade fe5f6a7b8c9d -> fd4e5f6a7b8c, Build the raw-cleanup due queue index without blocking image writes.
INFO  [alembic.runtime.migration] Running downgrade fd4e5f6a7b8c -> fc3d4e5f6a7b, Persist screening retention deletion intent before object removal.
INFO  [alembic.runtime.migration] Running downgrade fc3d4e5f6a7b -> fb2c3d4e5f6a, Index terminal task history by its displayed completion instant.
INFO  [alembic.runtime.migration] Running downgrade fb2c3d4e5f6a -> fa1b2c3d4e5f, Harden screening evidence states and tenant-bound actor attribution.
INFO  [alembic.runtime.migration] Running downgrade fa1b2c3d4e5f -> f9a3b7c1d5e2, Add the append-only transactional security-event ledger.
INFO  [alembic.runtime.migration] Running downgrade f9a3b7c1d5e2 -> f8e2f6a0c5d3, Preserve known legacy screening decisions before their first re-review.
INFO  [alembic.runtime.migration] Running downgrade f8e2f6a0c5d3 -> f7d1e5f9b4c2, Keep bounded maintenance rotations fair across worker restarts.
INFO  [alembic.runtime.migration] Running downgrade f7d1e5f9b4c2 -> f6c0e4f8b3d1, Persist one-shot clinical alerts and cross-day per-recipient delivery claims.
INFO  [alembic.runtime.migration] Running downgrade f6c0e4f8b3d1 -> f5b9d3e7a2c0, Truthful screening review, durable call budgets and treatment-round evidence.
INFO  [alembic.runtime.migration] Running downgrade f5b9d3e7a2c0 -> f4a8c2e6d1b9, Bind PIN refresh families to the authenticating farm and membership.
INFO  [alembic.runtime.migration] Running downgrade f4a8c2e6d1b9 -> e7b9d1f3a5c2, Durable single-use guard for MFA challenge tokens (2026-10-01 audit, 01-3)
INFO  [alembic.runtime.migration] Running downgrade e7b9d1f3a5c2 -> c1d3e5f7a9b4, Server-side parity for out-of-band writers (2026-10-01 audit, 04-2 + 04-Info)
INFO  [alembic.runtime.migration] Running downgrade c1d3e5f7a9b4 -> d9e0f2a4b6c8, notification_recipients membership tenant FK (2026-09-29 audit, L2)
INFO  [alembic.runtime.migration] Running downgrade d9e0f2a4b6c8 -> c7d8e9f0a1b2, UTC server defaults on the remaining timestamp columns (D7 completion)
INFO  [alembic.runtime.migration] Running downgrade c7d8e9f0a1b2 -> e8f9a0b1c2d3, Drop redundant single-column indexes + subsumed birth-weight CHECK
INFO  [alembic.runtime.migration] Running downgrade e8f9a0b1c2d3 -> b5c6d7e8f9a0, screening_images.bucket varchar(30) -> varchar(20) (2026-09-28 audit)
INFO  [alembic.runtime.migration] Running downgrade b5c6d7e8f9a0 -> a4b5c6d7e8f9, UTC server defaults on the newest tables' timestamps (2026-09-28 audit, D7)
INFO  [alembic.runtime.migration] Running downgrade a4b5c6d7e8f9 -> c6d7e8f9a0b1, screening join and cascade-reverse indexes (2026-09-28 audit, D6)
INFO  [alembic.runtime.migration] Running downgrade c6d7e8f9a0b1 -> f3a4b5c6d7e8, screening run/crop FK columns int4 -> bigint (2026-09-28 audit, D1 part 2)
INFO  [alembic.runtime.migration] Running downgrade f3a4b5c6d7e8 -> e2f3a4b5c6d8, bound sale_weight_kg like every sibling numeric (2026-09-28 audit, D5)
INFO  [alembic.runtime.migration] Running downgrade e2f3a4b5c6d8 -> d7e9f1a3b5c7, screening image FK columns int4 -> bigint (2026-09-28 audit, D1)
INFO  [alembic.runtime.migration] Running downgrade d7e9f1a3b5c7 -> c3d4e5f6a7b8, notification tenant hardening (2026-09-28 audit, N4)
INFO  [alembic.runtime.migration] Running downgrade c3d4e5f6a7b8 -> b9d1f3a5c7e9, the FAMACHA duty category (monthly anemia-scoring round)
INFO  [alembic.runtime.migration] Running downgrade b9d1f3a5c7e9 -> a8c0e2f4b6d8, Screening images PK int4 → bigint (ITEM 9 completion, 2026-09-21)
INFO  [alembic.runtime.migration] Running downgrade a8c0e2f4b6d8 -> f6b8d0e2a4c6, Movement-restriction alert class (ITEM 4 remediation, 2026-09-21)
INFO  [alembic.runtime.migration] Running downgrade f6b8d0e2a4c6 -> e5a7c9d1b3f5, Data housekeeping (ITEM 9, 2026-09-21 playbook)
INFO  [alembic.runtime.migration] Running downgrade e5a7c9d1b3f5 -> d4e6f8a0b2c4, Notification recipients and delivery log (ITEM 4, 2026-09-21 playbook)
INFO  [alembic.runtime.migration] Running downgrade d4e6f8a0b2c4 -> c3d5e7f9a1b3, Worker-tablet PIN authentication columns
INFO  [alembic.runtime.migration] Running downgrade c3d5e7f9a1b3 -> b1c3d5e7f9a2, TOTP recovery codes (owner lockout protection)
INFO  [alembic.runtime.migration] Running downgrade b1c3d5e7f9a2 -> cad1e2f3a4b5, Drop redundant single-column ledger/health/task indexes
INFO  [alembic.runtime.migration] Running downgrade cad1e2f3a4b5 -> b9c0d1e2f3a4, drop the unproducible MULTIPLET birth type and dead renewed insurance status
INFO  [alembic.runtime.migration] Running downgrade b9c0d1e2f3a4 -> f7a9c1e3b5d7, bound the screening retry budget per image
INFO  [alembic.runtime.migration] Running downgrade f7a9c1e3b5d7 -> b7e8f9a0c1d2, make normalized screening-content de-duplication concurrency-safe
INFO  [alembic.runtime.migration] Running downgrade b7e8f9a0c1d2 -> a6d4e2f9c8b7, c4d8e1f9a2b7, merge independent screening and finance integrity revisions
INFO  [alembic.runtime.migration] Running downgrade a6d4e2f9c8b7 -> c3e5a9f1d7b4, insurance audit facts, premium accounting date and plan anchor repair
INFO  [alembic.runtime.migration] Running downgrade c4d8e1f9a2b7 -> c3e5a9f1d7b4, bind screening uploads to registrations and bounded retry scheduling
INFO  [alembic.runtime.migration] Running downgrade c3e5a9f1d7b4 -> d0f1a2b3c4d6, residual exact numerics, next-due ceiling, jsonb shape, business-date default
INFO  [alembic.runtime.migration] Running downgrade d0f1a2b3c4d6 -> c9e0f1a3b4d5, screening upload flow: disease-check batches + bucket-tagged photos
INFO  [alembic.runtime.migration] Running downgrade c9e0f1a3b4d5 -> b8d9e0f2a3c4, screening phase 3: per-goat crops, detection stage
INFO  [alembic.runtime.migration] Running downgrade b8d9e0f2a3c4 -> a7c8d9e0f1b2, screening phase 2: rotation stages, specialist findings, vet review
INFO  [alembic.runtime.migration] Running downgrade a7c8d9e0f1b2 -> a19b2569d466, disease screening: images, runs, findings
INFO  [alembic.runtime.migration] Running downgrade a19b2569d466 -> e0f4a8b2c6d5, users: TOTP second-factor columns (HUM-1 follow-up, 2026-09-16)
INFO  [alembic.runtime.migration] Running downgrade e0f4a8b2c6d5 -> d9e3f7a1b5c4, backfill kidding_records.parity for legacy NULL rows
INFO  [alembic.runtime.migration] Running downgrade d9e3f7a1b5c4 -> c8d2e6f0a4b3, exact weight numerics and index hygiene
INFO  [alembic.runtime.migration] Running downgrade c8d2e6f0a4b3 -> b7c1d5e9f3a2, updated_at on animals/farms, phenotype columns, bounded vocabularies
INFO  [alembic.runtime.migration] Running downgrade b7c1d5e9f3a2 -> f2a3b4c5d6e7, task provenance, title localization keys, and the WATER duty category
INFO  [alembic.runtime.migration] Running downgrade f2a3b4c5d6e7 -> e1f2a3b4c5d6, propagate the maintenance-recipe mineral/salt standards fix
INFO  [alembic.runtime.migration] Running downgrade e1f2a3b4c5d6 -> d0e1f2a3b4c5, insurance premium payment history (insurance_premiums)
INFO  [alembic.runtime.migration] Running downgrade d0e1f2a3b4c5 -> c9d0e1f2a3b4, insurance register (insurance_policies)
INFO  [alembic.runtime.migration] Running downgrade c9d0e1f2a3b4 -> b8c9d0e1f2a3, sale capture (weight/buyer economics) and coded death audit fields
INFO  [alembic.runtime.migration] Running downgrade b8c9d0e1f2a3 -> a7b8c9d0e1f2, purchase-batch provenance: origin market, transit time, seller history
INFO  [alembic.runtime.migration] Running downgrade a7b8c9d0e1f2 -> f1e2d3c4b5a6, kidding parity + dam/kid postpartum care facts
INFO  [alembic.runtime.migration] Running downgrade f1e2d3c4b5a6 -> c4f6a8b0d2e5, widen task/health/kidding-ease vocabularies for husbandry standards
INFO  [alembic.runtime.migration] Running downgrade c4f6a8b0d2e5 -> b6d8f0a2c4e6, store role permissions and saved plan/scenario JSON as jsonb
INFO  [alembic.runtime.migration] Running downgrade b6d8f0a2c4e6 -> e8b0d2f4a6c1, close the tenant-FK gap on weight_records and bucket_moves
INFO  [alembic.runtime.migration] Running downgrade e8b0d2f4a6c1 -> bd201c1cdc1b, tenant-bounded ordered indexes for the ledger and health-event feeds
INFO  [alembic.runtime.migration] Running downgrade bd201c1cdc1b -> a1b2c3d4e5f6, goat-only: drop the buffalo-dairy farm type, milk records and milk ledger
INFO  [alembic.runtime.migration] Running downgrade a1b2c3d4e5f6 -> f9b3c7d1e5a2, planner plans
INFO  [alembic.runtime.migration] Running downgrade f9b3c7d1e5a2 -> b5d7f9a1c3e5, widen kid_count CHECK to the cross-species maximum (4)
INFO  [alembic.runtime.migration] Running downgrade b5d7f9a1c3e5 -> e3a5b7c9d1f2, propagate 2026-09-01 species reference-data corrections to existing farms
INFO  [alembic.runtime.migration] Running downgrade e3a5b7c9d1f2 -> d1e2f3a4b5c6, worker password rotation flag
INFO  [alembic.runtime.migration] Running downgrade d1e2f3a4b5c6 -> f8a2c4e6b1d9, widen breeding gestation CHECK constraints for buffalo late records
INFO  [alembic.runtime.migration] Running downgrade f8a2c4e6b1d9 -> c5a8e1f3b7d2, widen the preset role-code vocabulary
INFO  [alembic.runtime.migration] Running downgrade c5a8e1f3b7d2 -> b3d7f1a5c9e2, milk correction audit trail and fat-based milk pricing
INFO  [alembic.runtime.migration] Running downgrade b3d7f1a5c9e2 -> e7f9a1b3c5d8, farm type (goat / buffalo dairy), AI breeding, milk records
INFO  [alembic.runtime.migration] Running downgrade e7f9a1b3c5d8 -> d5e7f9a1b3c4, align direct kidding writes with the animal-first lifecycle lock order
INFO  [alembic.runtime.migration] Running downgrade d5e7f9a1b3c4 -> c3d4e5f6a7b1, make farm-local preset role codes unique
INFO  [alembic.runtime.migration] Running downgrade c3d4e5f6a7b1 -> b1c2d3e4f5a6, make uq_kid_entries_farm_tag usable by the animal-tag trigger
INFO  [alembic.runtime.migration] Running downgrade b1c2d3e4f5a6 -> e6f8a0b2c4d7, close lifecycle date gaps and add optimistic-concurrency audit guards
INFO  [alembic.runtime.migration] Running downgrade e6f8a0b2c4d7 -> d3b5f7c9e024, allow culled animals to retain sale proceeds
INFO  [alembic.runtime.migration] Running downgrade d3b5f7c9e024 -> c2a4e6b8d013, bound the tag-namespace triggers to one advisory lock per farm
INFO  [alembic.runtime.migration] Running downgrade c2a4e6b8d013 -> b7c8d9e0f1a2, index animals.sire_id alongside the existing dam_id index
INFO  [alembic.runtime.migration] Running downgrade b7c8d9e0f1a2 -> a6c9e2f4b7d1, tie health compliance dates to scheduled-disease suspicion
INFO  [alembic.runtime.migration] Running downgrade a6c9e2f4b7d1 -> e3f4a5b6c7d9, repair legacy loss attribution, chronology locking, and feed provenance
INFO  [alembic.runtime.migration] Running downgrade e3f4a5b6c7d9 -> d1c2b3a4e5f6, repair lifecycle dates, reproductive links, schedule links and task state
INFO  [alembic.runtime.migration] Running downgrade d1c2b3a4e5f6 -> c4d5e6f7a8b9, breeding_records.outcome UNASSESSED — services closed by a herd exit
INFO  [alembic.runtime.migration] Running downgrade c4d5e6f7a8b9 -> b2c3d4e5f6a8, tasks rejected_by_id/rejected_at — rejection attribution
INFO  [alembic.runtime.migration] Running downgrade b2c3d4e5f6a8 -> a1b2c3d4e5f7, store transactions.created_at defaults in UTC, not server local time
INFO  [alembic.runtime.migration] Running downgrade a1b2c3d4e5f7 -> f4e5f6a7b8c9, repair personal task roles left behind by the PENDING-only backfill
INFO  [alembic.runtime.migration] Running downgrade f4e5f6a7b8c9 -> f3d4e5f6a7b8, purge pre-HMAC sensitive idempotency fingerprints
INFO  [alembic.runtime.migration] Running downgrade f3d4e5f6a7b8 -> f2c3d4e5f6a7, actor-scoped farm creation idempotency and task-check validation
INFO  [alembic.runtime.migration] Running downgrade f2c3d4e5f6a7 -> f1b2c3d4e5f6, store feed quantities as exact whole-gram numerics
INFO  [alembic.runtime.migration] Running downgrade f1b2c3d4e5f6 -> f0a1b2c3d4e5, online index for bounded tombstoned-account membership cleanup
INFO  [alembic.runtime.migration] Running downgrade f0a1b2c3d4e5 -> e9f0a1b2c3d4, online index for bounded inactive-animal task cleanup
INFO  [alembic.runtime.migration] Running downgrade e9f0a1b2c3d4 -> d8e9f0a1b2c3, bound team/account lifecycle work with retained assignment anchors
INFO  [alembic.runtime.migration] Running downgrade d8e9f0a1b2c3 -> d7e8f9a0b1c2, cover bounded feeding-day history and exact allocation aggregates
INFO  [alembic.runtime.migration] Running downgrade d7e8f9a0b1c2 -> f6a7b8c9d0e1, canonical, indexed health-event schedule template links
INFO  [alembic.runtime.migration] Running downgrade f6a7b8c9d0e1 -> e5f6a7b8c9d0, bound refresh-session families, rotation history and expiry cleanup
INFO  [alembic.runtime.migration] Running downgrade e5f6a7b8c9d0 -> d4e5f6a7b8c9, online indexes for bounded herd and duty query paths
INFO  [alembic.runtime.migration] Running downgrade d4e5f6a7b8c9 -> d3f4a5b6c7d8, Preserve audit attribution with de-identified account tombstones.
INFO  [alembic.runtime.migration] Running downgrade d3f4a5b6c7d8 -> d2e3f4a5b6c7, Stable bulk-health provenance and movement-restriction episodes.
INFO  [alembic.runtime.migration] Running downgrade d2e3f4a5b6c7 -> c1d2e3f4a5b6, Persist purchase-batch sex even when animal stubs are not created.
INFO  [alembic.runtime.migration] Running downgrade c1d2e3f4a5b6 -> b9e1c2d3f4a5, Enforce domain value and state coherence with PostgreSQL CHECKs.
INFO  [alembic.runtime.migration] Running downgrade b9e1c2d3f4a5 -> f7d8c9b0a1e2, Make pregnancy loss and neonatal outcomes auditable and consistent.
INFO  [alembic.runtime.migration] Running downgrade f7d8c9b0a1e2 -> e2c4f6a8b0d1, Enforce farm ownership across tenant-scoped relationships.
INFO  [alembic.runtime.migration] Running downgrade e2c4f6a8b0d1 -> d9e4b7c2a610, Durable idempotency claims and successful response replay.
INFO  [alembic.runtime.migration] Running downgrade d9e4b7c2a610 -> c8f1d3a5e709, Audited movement-restriction clearance.
INFO  [alembic.runtime.migration] Running downgrade c8f1d3a5e709 -> a4d9e6f2b701, Exact ledger, finished feed stock, and task audit history.
INFO  [alembic.runtime.migration] Running downgrade a4d9e6f2b701 -> a7c9e2f4b1d8, Domain-integrity holds and generic animal-health traceability.
INFO  [alembic.runtime.migration] Running downgrade a7c9e2f4b1d8 -> f5b1a09c8d7e, auth session and team hardening
INFO  [alembic.runtime.migration] Running downgrade f5b1a09c8d7e -> e4a7c1f29b63, FK ondelete, composite indices, CHECK constraints
INFO  [alembic.runtime.migration] Running downgrade e4a7c1f29b63 -> b3e91c47a2f5, query performance indexes
INFO  [alembic.runtime.migration] Running downgrade b3e91c47a2f5 -> 91a712b0367b, refresh_sessions — server-side refresh-token revocation
INFO  [alembic.runtime.migration] Running downgrade 91a712b0367b -> d8f2b6a41e90, tasks skipped_by_id — skip attribution
INFO  [alembic.runtime.migration] Running downgrade d8f2b6a41e90 -> c4b72167db86, concurrency indexes
INFO  [alembic.runtime.migration] Running downgrade c4b72167db86 -> ed5efe13a516, simulation scenarios
INFO  [alembic.runtime.migration] Running downgrade ed5efe13a516 -> , initial schema
Migration target localhost:5432/goatfarm_test_fix29_domain_104; current=ff6a7b8c9d01; target=base/inspection
EXIT 0
RUN upgrade head
INFO  [alembic.runtime.migration] Context impl PostgresqlImpl.
INFO  [alembic.runtime.migration] Will assume transactional DDL.
INFO  [alembic.runtime.migration] Running upgrade  -> ed5efe13a516, initial schema
INFO  [alembic.runtime.migration] Running upgrade ed5efe13a516 -> c4b72167db86, simulation scenarios
INFO  [alembic.runtime.migration] Running upgrade c4b72167db86 -> d8f2b6a41e90, concurrency indexes
INFO  [alembic.runtime.migration] Running upgrade d8f2b6a41e90 -> 91a712b0367b, tasks skipped_by_id — skip attribution
INFO  [alembic.runtime.migration] Running upgrade 91a712b0367b -> b3e91c47a2f5, refresh_sessions — server-side refresh-token revocation
INFO  [alembic.runtime.migration] Running upgrade b3e91c47a2f5 -> e4a7c1f29b63, query performance indexes
INFO  [alembic.runtime.migration] Running upgrade e4a7c1f29b63 -> f5b1a09c8d7e, FK ondelete, composite indices, CHECK constraints
INFO  [alembic.runtime.migration] Running upgrade f5b1a09c8d7e -> a7c9e2f4b1d8, auth session and team hardening
INFO  [alembic.runtime.migration] Running upgrade a7c9e2f4b1d8 -> a4d9e6f2b701, Domain-integrity holds and generic animal-health traceability.
INFO  [alembic.runtime.migration] Running upgrade a4d9e6f2b701 -> c8f1d3a5e709, Exact ledger, finished feed stock, and task audit history.
INFO  [alembic.runtime.migration] Running upgrade c8f1d3a5e709 -> d9e4b7c2a610, Audited movement-restriction clearance.
INFO  [alembic.runtime.migration] Running upgrade d9e4b7c2a610 -> e2c4f6a8b0d1, Durable idempotency claims and successful response replay.
INFO  [alembic.runtime.migration] Running upgrade e2c4f6a8b0d1 -> f7d8c9b0a1e2, Enforce farm ownership across tenant-scoped relationships.
INFO  [alembic.runtime.migration] Running upgrade f7d8c9b0a1e2 -> b9e1c2d3f4a5, Make pregnancy loss and neonatal outcomes auditable and consistent.
INFO  [alembic.runtime.migration] Running upgrade b9e1c2d3f4a5 -> c1d2e3f4a5b6, Enforce domain value and state coherence with PostgreSQL CHECKs.
INFO  [alembic.runtime.migration] Running upgrade c1d2e3f4a5b6 -> d2e3f4a5b6c7, Persist purchase-batch sex even when animal stubs are not created.
INFO  [alembic.runtime.migration] Running upgrade d2e3f4a5b6c7 -> d3f4a5b6c7d8, Stable bulk-health provenance and movement-restriction episodes.
INFO  [alembic.runtime.migration] Running upgrade d3f4a5b6c7d8 -> d4e5f6a7b8c9, Preserve audit attribution with de-identified account tombstones.
INFO  [alembic.runtime.migration] Running upgrade d4e5f6a7b8c9 -> e5f6a7b8c9d0, online indexes for bounded herd and duty query paths
INFO  [alembic.runtime.migration] Running upgrade e5f6a7b8c9d0 -> f6a7b8c9d0e1, bound refresh-session families, rotation history and expiry cleanup
INFO  [alembic.runtime.migration] Running upgrade f6a7b8c9d0e1 -> d7e8f9a0b1c2, canonical, indexed health-event schedule template links
INFO  [alembic.runtime.migration] Running upgrade d7e8f9a0b1c2 -> d8e9f0a1b2c3, cover bounded feeding-day history and exact allocation aggregates
INFO  [alembic.runtime.migration] Running upgrade d8e9f0a1b2c3 -> e9f0a1b2c3d4, bound team/account lifecycle work with retained assignment anchors
INFO  [alembic.runtime.migration] Running upgrade e9f0a1b2c3d4 -> f0a1b2c3d4e5, online index for bounded inactive-animal task cleanup
INFO  [alembic.runtime.migration] Running upgrade f0a1b2c3d4e5 -> f1b2c3d4e5f6, online index for bounded tombstoned-account membership cleanup
INFO  [alembic.runtime.migration] Running upgrade f1b2c3d4e5f6 -> f2c3d4e5f6a7, store feed quantities as exact whole-gram numerics
INFO  [alembic.runtime.migration] Running upgrade f2c3d4e5f6a7 -> f3d4e5f6a7b8, actor-scoped farm creation idempotency and task-check validation
INFO  [alembic.runtime.migration] Running upgrade f3d4e5f6a7b8 -> f4e5f6a7b8c9, purge pre-HMAC sensitive idempotency fingerprints
INFO  [alembic.runtime.migration] Running upgrade f4e5f6a7b8c9 -> a1b2c3d4e5f7, repair personal task roles left behind by the PENDING-only backfill
INFO  [alembic.runtime.migration] Running upgrade a1b2c3d4e5f7 -> b2c3d4e5f6a8, store transactions.created_at defaults in UTC, not server local time
INFO  [alembic.runtime.migration] Running upgrade b2c3d4e5f6a8 -> c4d5e6f7a8b9, tasks rejected_by_id/rejected_at — rejection attribution
INFO  [alembic.runtime.migration] Running upgrade c4d5e6f7a8b9 -> d1c2b3a4e5f6, breeding_records.outcome UNASSESSED — services closed by a herd exit
INFO  [alembic.runtime.migration] Running upgrade d1c2b3a4e5f6 -> e3f4a5b6c7d9, repair lifecycle dates, reproductive links, schedule links and task state
INFO  [alembic.runtime.migration] Running upgrade e3f4a5b6c7d9 -> a6c9e2f4b7d1, repair legacy loss attribution, chronology locking, and feed provenance
INFO  [alembic.runtime.migration] Running upgrade a6c9e2f4b7d1 -> b7c8d9e0f1a2, tie health compliance dates to scheduled-disease suspicion
INFO  [alembic.runtime.migration] Running upgrade b7c8d9e0f1a2 -> c2a4e6b8d013, index animals.sire_id alongside the existing dam_id index
INFO  [alembic.runtime.migration] Running upgrade c2a4e6b8d013 -> d3b5f7c9e024, bound the tag-namespace triggers to one advisory lock per farm
INFO  [alembic.runtime.migration] Running upgrade d3b5f7c9e024 -> e6f8a0b2c4d7, allow culled animals to retain sale proceeds
INFO  [alembic.runtime.migration] Running upgrade e6f8a0b2c4d7 -> b1c2d3e4f5a6, close lifecycle date gaps and add optimistic-concurrency audit guards
INFO  [alembic.runtime.migration] Running upgrade b1c2d3e4f5a6 -> c3d4e5f6a7b1, make uq_kid_entries_farm_tag usable by the animal-tag trigger
INFO  [alembic.runtime.migration] Running upgrade c3d4e5f6a7b1 -> d5e7f9a1b3c4, make farm-local preset role codes unique
INFO  [alembic.runtime.migration] Running upgrade d5e7f9a1b3c4 -> e7f9a1b3c5d8, align direct kidding writes with the animal-first lifecycle lock order
INFO  [alembic.runtime.migration] Running upgrade e7f9a1b3c5d8 -> b3d7f1a5c9e2, farm type (goat / buffalo dairy), AI breeding, milk records
INFO  [alembic.runtime.migration] Running upgrade b3d7f1a5c9e2 -> c5a8e1f3b7d2, milk correction audit trail and fat-based milk pricing
INFO  [alembic.runtime.migration] Running upgrade c5a8e1f3b7d2 -> f8a2c4e6b1d9, widen the preset role-code vocabulary
INFO  [alembic.runtime.migration] Running upgrade f8a2c4e6b1d9 -> d1e2f3a4b5c6, widen breeding gestation CHECK constraints for buffalo late records
INFO  [alembic.runtime.migration] Running upgrade d1e2f3a4b5c6 -> e3a5b7c9d1f2, worker password rotation flag
INFO  [alembic.runtime.migration] Running upgrade e3a5b7c9d1f2 -> b5d7f9a1c3e5, propagate 2026-09-01 species reference-data corrections to existing farms
INFO  [alembic.runtime.migration] Running upgrade b5d7f9a1c3e5 -> f9b3c7d1e5a2, widen kid_count CHECK to the cross-species maximum (4)
INFO  [alembic.runtime.migration] Running upgrade f9b3c7d1e5a2 -> a1b2c3d4e5f6, planner plans
INFO  [alembic.runtime.migration] Running upgrade a1b2c3d4e5f6 -> bd201c1cdc1b, goat-only: drop the buffalo-dairy farm type, milk records and milk ledger
INFO  [alembic.runtime.migration] Running upgrade bd201c1cdc1b -> e8b0d2f4a6c1, tenant-bounded ordered indexes for the ledger and health-event feeds
INFO  [alembic.runtime.migration] Running upgrade e8b0d2f4a6c1 -> b6d8f0a2c4e6, close the tenant-FK gap on weight_records and bucket_moves
INFO  [alembic.runtime.migration] Running upgrade b6d8f0a2c4e6 -> c4f6a8b0d2e5, store role permissions and saved plan/scenario JSON as jsonb
INFO  [alembic.runtime.migration] Running upgrade c4f6a8b0d2e5 -> f1e2d3c4b5a6, widen task/health/kidding-ease vocabularies for husbandry standards
INFO  [alembic.runtime.migration] Running upgrade f1e2d3c4b5a6 -> a7b8c9d0e1f2, kidding parity + dam/kid postpartum care facts
INFO  [alembic.runtime.migration] Running upgrade a7b8c9d0e1f2 -> b8c9d0e1f2a3, purchase-batch provenance: origin market, transit time, seller history
INFO  [alembic.runtime.migration] Running upgrade b8c9d0e1f2a3 -> c9d0e1f2a3b4, sale capture (weight/buyer economics) and coded death audit fields
INFO  [alembic.runtime.migration] Running upgrade c9d0e1f2a3b4 -> d0e1f2a3b4c5, insurance register (insurance_policies)
INFO  [alembic.runtime.migration] Running upgrade d0e1f2a3b4c5 -> e1f2a3b4c5d6, insurance premium payment history (insurance_premiums)
INFO  [alembic.runtime.migration] Running upgrade e1f2a3b4c5d6 -> f2a3b4c5d6e7, propagate the maintenance-recipe mineral/salt standards fix
INFO  [alembic.runtime.migration] Running upgrade f2a3b4c5d6e7 -> b7c1d5e9f3a2, task provenance, title localization keys, and the WATER duty category
INFO  [alembic.runtime.migration] Running upgrade b7c1d5e9f3a2 -> c8d2e6f0a4b3, updated_at on animals/farms, phenotype columns, bounded vocabularies
INFO  [alembic.runtime.migration] Running upgrade c8d2e6f0a4b3 -> d9e3f7a1b5c4, exact weight numerics and index hygiene
INFO  [alembic.runtime.migration] Running upgrade d9e3f7a1b5c4 -> e0f4a8b2c6d5, backfill kidding_records.parity for legacy NULL rows
INFO  [alembic.runtime.migration] Running upgrade e0f4a8b2c6d5 -> a19b2569d466, users: TOTP second-factor columns (HUM-1 follow-up, 2026-09-16)
INFO  [alembic.runtime.migration] Running upgrade a19b2569d466 -> a7c8d9e0f1b2, disease screening: images, runs, findings
INFO  [alembic.runtime.migration] Running upgrade a7c8d9e0f1b2 -> b8d9e0f2a3c4, screening phase 2: rotation stages, specialist findings, vet review
INFO  [alembic.runtime.migration] Running upgrade b8d9e0f2a3c4 -> c9e0f1a3b4d5, screening phase 3: per-goat crops, detection stage
INFO  [alembic.runtime.migration] Running upgrade c9e0f1a3b4d5 -> d0f1a2b3c4d6, screening upload flow: disease-check batches + bucket-tagged photos
INFO  [alembic.runtime.migration] Running upgrade d0f1a2b3c4d6 -> c3e5a9f1d7b4, residual exact numerics, next-due ceiling, jsonb shape, business-date default
INFO  [alembic.runtime.migration] Running upgrade c3e5a9f1d7b4 -> c4d8e1f9a2b7, bind screening uploads to registrations and bounded retry scheduling
INFO  [alembic.runtime.migration] Running upgrade c3e5a9f1d7b4 -> a6d4e2f9c8b7, insurance audit facts, premium accounting date and plan anchor repair
INFO  [alembic.runtime.migration] Running upgrade a6d4e2f9c8b7, c4d8e1f9a2b7 -> b7e8f9a0c1d2, merge independent screening and finance integrity revisions
INFO  [alembic.runtime.migration] Running upgrade b7e8f9a0c1d2 -> f7a9c1e3b5d7, make normalized screening-content de-duplication concurrency-safe
INFO  [alembic.runtime.migration] Running upgrade f7a9c1e3b5d7 -> b9c0d1e2f3a4, bound the screening retry budget per image
INFO  [alembic.runtime.migration] Running upgrade b9c0d1e2f3a4 -> cad1e2f3a4b5, drop the unproducible MULTIPLET birth type and dead renewed insurance status
INFO  [alembic.runtime.migration] Running upgrade cad1e2f3a4b5 -> b1c3d5e7f9a2, Drop redundant single-column ledger/health/task indexes
INFO  [alembic.runtime.migration] Running upgrade b1c3d5e7f9a2 -> c3d5e7f9a1b3, TOTP recovery codes (owner lockout protection)
INFO  [alembic.runtime.migration] Running upgrade c3d5e7f9a1b3 -> d4e6f8a0b2c4, Worker-tablet PIN authentication columns
INFO  [alembic.runtime.migration] Running upgrade d4e6f8a0b2c4 -> e5a7c9d1b3f5, Notification recipients and delivery log (ITEM 4, 2026-09-21 playbook)
INFO  [alembic.runtime.migration] Running upgrade e5a7c9d1b3f5 -> f6b8d0e2a4c6, Data housekeeping (ITEM 9, 2026-09-21 playbook)
INFO  [alembic.runtime.migration] Running upgrade f6b8d0e2a4c6 -> a8c0e2f4b6d8, Movement-restriction alert class (ITEM 4 remediation, 2026-09-21)
INFO  [alembic.runtime.migration] Running upgrade a8c0e2f4b6d8 -> b9d1f3a5c7e9, Screening images PK int4 → bigint (ITEM 9 completion, 2026-09-21)
INFO  [alembic.runtime.migration] Running upgrade b9d1f3a5c7e9 -> c3d4e5f6a7b8, the FAMACHA duty category (monthly anemia-scoring round)
INFO  [alembic.runtime.migration] Running upgrade c3d4e5f6a7b8 -> d7e9f1a3b5c7, notification tenant hardening (2026-09-28 audit, N4)
INFO  [alembic.runtime.migration] Running upgrade d7e9f1a3b5c7 -> e2f3a4b5c6d8, screening image FK columns int4 -> bigint (2026-09-28 audit, D1)
INFO  [alembic.runtime.migration] Running upgrade e2f3a4b5c6d8 -> f3a4b5c6d7e8, bound sale_weight_kg like every sibling numeric (2026-09-28 audit, D5)
INFO  [alembic.runtime.migration] Running upgrade f3a4b5c6d7e8 -> c6d7e8f9a0b1, screening run/crop FK columns int4 -> bigint (2026-09-28 audit, D1 part 2)
INFO  [alembic.runtime.migration] Running upgrade c6d7e8f9a0b1 -> a4b5c6d7e8f9, screening join and cascade-reverse indexes (2026-09-28 audit, D6)
INFO  [alembic.runtime.migration] Running upgrade a4b5c6d7e8f9 -> b5c6d7e8f9a0, UTC server defaults on the newest tables' timestamps (2026-09-28 audit, D7)
INFO  [alembic.runtime.migration] Running upgrade b5c6d7e8f9a0 -> e8f9a0b1c2d3, screening_images.bucket varchar(30) -> varchar(20) (2026-09-28 audit)
INFO  [alembic.runtime.migration] Running upgrade e8f9a0b1c2d3 -> c7d8e9f0a1b2, Drop redundant single-column indexes + subsumed birth-weight CHECK
INFO  [alembic.runtime.migration] Running upgrade c7d8e9f0a1b2 -> d9e0f2a4b6c8, UTC server defaults on the remaining timestamp columns (D7 completion)
INFO  [alembic.runtime.migration] Running upgrade d9e0f2a4b6c8 -> c1d3e5f7a9b4, notification_recipients membership tenant FK (2026-09-29 audit, L2)
INFO  [alembic.runtime.migration] Running upgrade c1d3e5f7a9b4 -> e7b9d1f3a5c2, Server-side parity for out-of-band writers (2026-10-01 audit, 04-2 + 04-Info)
INFO  [alembic.runtime.migration] Running upgrade e7b9d1f3a5c2 -> f4a8c2e6d1b9, Durable single-use guard for MFA challenge tokens (2026-10-01 audit, 01-3)
INFO  [alembic.runtime.migration] Running upgrade f4a8c2e6d1b9 -> f5b9d3e7a2c0, Bind PIN refresh families to the authenticating farm and membership.
INFO  [alembic.runtime.migration] Running upgrade f5b9d3e7a2c0 -> f6c0e4f8b3d1, Truthful screening review, durable call budgets and treatment-round evidence.
INFO  [alembic.runtime.migration] Running upgrade f6c0e4f8b3d1 -> f7d1e5f9b4c2, Persist one-shot clinical alerts and cross-day per-recipient delivery claims.
INFO  [alembic.runtime.migration] Running upgrade f7d1e5f9b4c2 -> f8e2f6a0c5d3, Keep bounded maintenance rotations fair across worker restarts.
INFO  [alembic.runtime.migration] Running upgrade f8e2f6a0c5d3 -> f9a3b7c1d5e2, Preserve known legacy screening decisions before their first re-review.
INFO  [alembic.runtime.migration] Running upgrade f9a3b7c1d5e2 -> fa1b2c3d4e5f, Add the append-only transactional security-event ledger.
INFO  [alembic.runtime.migration] Running upgrade fa1b2c3d4e5f -> fb2c3d4e5f6a, Harden screening evidence states and tenant-bound actor attribution.
INFO  [alembic.runtime.migration] Running upgrade fb2c3d4e5f6a -> fc3d4e5f6a7b, Index terminal task history by its displayed completion instant.
INFO  [alembic.runtime.migration] Running upgrade fc3d4e5f6a7b -> fd4e5f6a7b8c, Persist screening retention deletion intent before object removal.
INFO  [alembic.runtime.migration] Running upgrade fd4e5f6a7b8c -> fe5f6a7b8c9d, Build the raw-cleanup due queue index without blocking image writes.
INFO  [alembic.runtime.migration] Running upgrade fe5f6a7b8c9d -> ff6a7b8c9d01, Enforce effective birth before purchase without rewriting historical facts.
Migration target localhost:5432/goatfarm_test_fix29_domain_104; current=base; target=ff6a7b8c9d01
EXIT 0
RUN check
INFO  [alembic.runtime.migration] Context impl PostgresqlImpl.
INFO  [alembic.runtime.migration] Will assume transactional DDL.
INFO  [alembic.runtime.plugins] setting up autogenerate plugin alembic.autogenerate.schemas
INFO  [alembic.runtime.plugins] setting up autogenerate plugin alembic.autogenerate.tables
INFO  [alembic.runtime.plugins] setting up autogenerate plugin alembic.autogenerate.types
INFO  [alembic.runtime.plugins] setting up autogenerate plugin alembic.autogenerate.constraints
INFO  [alembic.runtime.plugins] setting up autogenerate plugin alembic.autogenerate.defaults
INFO  [alembic.runtime.plugins] setting up autogenerate plugin alembic.autogenerate.comments
INFO  [alembic.runtime.plugins] setting up autogenerate plugin alembic.autogenerate.checkconstraint_byname
INFO  [alembic.ddl.postgresql] Detected sequence named 'idempotency_records_id_seq' as owned by integer column 'idempotency_records(id)', assuming SERIAL and omitting
INFO  [alembic.ddl.postgresql] Detected sequence named 'screening_crops_id_seq' as owned by integer column 'screening_crops(id)', assuming SERIAL and omitting
INFO  [alembic.ddl.postgresql] Detected sequence named 'totp_recovery_codes_id_seq' as owned by integer column 'totp_recovery_codes(id)', assuming SERIAL and omitting
INFO  [alembic.ddl.postgresql] Detected sequence named 'security_events_id_seq' as owned by integer column 'security_events(id)', assuming SERIAL and omitting
INFO  [alembic.ddl.postgresql] Detected sequence named 'tasks_id_seq' as owned by integer column 'tasks(id)', assuming SERIAL and omitting
INFO  [alembic.ddl.postgresql] Detected sequence named 'users_id_seq' as owned by integer column 'users(id)', assuming SERIAL and omitting
INFO  [alembic.ddl.postgresql] Detected sequence named 'animals_id_seq' as owned by integer column 'animals(id)', assuming SERIAL and omitting
INFO  [alembic.ddl.postgresql] Detected sequence named 'weight_records_id_seq' as owned by integer column 'weight_records(id)', assuming SERIAL and omitting
INFO  [alembic.ddl.postgresql] Detected sequence named 'kid_entries_id_seq' as owned by integer column 'kid_entries(id)', assuming SERIAL and omitting
INFO  [alembic.ddl.postgresql] Detected sequence named 'notification_recipients_id_seq' as owned by integer column 'notification_recipients(id)', assuming SERIAL and omitting
INFO  [alembic.ddl.postgresql] Detected sequence named 'insurance_policies_id_seq' as owned by integer column 'insurance_policies(id)', assuming SERIAL and omitting
INFO  [alembic.ddl.postgresql] Detected sequence named 'screening_findings_id_seq' as owned by integer column 'screening_findings(id)', assuming SERIAL and omitting
INFO  [alembic.ddl.postgresql] Detected sequence named 'screening_images_id_seq' as owned by integer column 'screening_images(id)', assuming SERIAL and omitting
INFO  [alembic.ddl.postgresql] Detected sequence named 'bucket_feed_settings_id_seq' as owned by integer column 'bucket_feed_settings(id)', assuming SERIAL and omitting
INFO  [alembic.ddl.postgresql] Detected sequence named 'feeding_records_id_seq' as owned by integer column 'feeding_records(id)', assuming SERIAL and omitting
INFO  [alembic.ddl.postgresql] Detected sequence named 'health_events_id_seq' as owned by integer column 'health_events(id)', assuming SERIAL and omitting
INFO  [alembic.ddl.postgresql] Detected sequence named 'movement_restriction_actions_id_seq' as owned by integer column 'movement_restriction_actions(id)', assuming SERIAL and omitting
INFO  [alembic.ddl.postgresql] Detected sequence named 'farm_memberships_id_seq' as owned by integer column 'farm_memberships(id)', assuming SERIAL and omitting
INFO  [alembic.ddl.postgresql] Detected sequence named 'screening_runs_id_seq' as owned by integer column 'screening_runs(id)', assuming SERIAL and omitting
INFO  [alembic.ddl.postgresql] Detected sequence named 'screening_content_claims_id_seq' as owned by integer column 'screening_content_claims(id)', assuming SERIAL and omitting
INFO  [alembic.ddl.postgresql] Detected sequence named 'breeding_records_id_seq' as owned by integer column 'breeding_records(id)', assuming SERIAL and omitting
INFO  [alembic.ddl.postgresql] Detected sequence named 'insurance_premiums_id_seq' as owned by integer column 'insurance_premiums(id)', assuming SERIAL and omitting
INFO  [alembic.ddl.postgresql] Detected sequence named 'screening_batches_id_seq' as owned by integer column 'screening_batches(id)', assuming SERIAL and omitting
INFO  [alembic.ddl.postgresql] Detected sequence named 'simulation_scenarios_id_seq' as owned by integer column 'simulation_scenarios(id)', assuming SERIAL and omitting
INFO  [alembic.ddl.postgresql] Detected sequence named 'feed_finished_stock_id_seq' as owned by integer column 'feed_finished_stock(id)', assuming SERIAL and omitting
INFO  [alembic.ddl.postgresql] Detected sequence named 'vaccine_templates_id_seq' as owned by integer column 'vaccine_templates(id)', assuming SERIAL and omitting
INFO  [alembic.ddl.postgresql] Detected sequence named 'feed_inventory_id_seq' as owned by integer column 'feed_inventory(id)', assuming SERIAL and omitting
INFO  [alembic.ddl.postgresql] Detected sequence named 'planner_plans_id_seq' as owned by integer column 'planner_plans(id)', assuming SERIAL and omitting
INFO  [alembic.ddl.postgresql] Detected sequence named 'notification_outbox_id_seq' as owned by integer column 'notification_outbox(id)', assuming SERIAL and omitting
INFO  [alembic.ddl.postgresql] Detected sequence named 'feed_recipes_id_seq' as owned by integer column 'feed_recipes(id)', assuming SERIAL and omitting
INFO  [alembic.ddl.postgresql] Detected sequence named 'feed_recipe_lines_id_seq' as owned by integer column 'feed_recipe_lines(id)', assuming SERIAL and omitting
INFO  [alembic.ddl.postgresql] Detected sequence named 'bucket_moves_id_seq' as owned by integer column 'bucket_moves(id)', assuming SERIAL and omitting
INFO  [alembic.ddl.postgresql] Detected sequence named 'bucket_definitions_id_seq' as owned by integer column 'bucket_definitions(id)', assuming SERIAL and omitting
INFO  [alembic.ddl.postgresql] Detected sequence named 'screening_retention_deletions_id_seq' as owned by integer column 'screening_retention_deletions(id)', assuming SERIAL and omitting
INFO  [alembic.ddl.postgresql] Detected sequence named 'farms_id_seq' as owned by integer column 'farms(id)', assuming SERIAL and omitting
INFO  [alembic.ddl.postgresql] Detected sequence named 'roles_id_seq' as owned by integer column 'roles(id)', assuming SERIAL and omitting
INFO  [alembic.ddl.postgresql] Detected sequence named 'transactions_id_seq' as owned by integer column 'transactions(id)', assuming SERIAL and omitting
INFO  [alembic.ddl.postgresql] Detected sequence named 'kidding_records_id_seq' as owned by integer column 'kidding_records(id)', assuming SERIAL and omitting
INFO  [alembic.ddl.postgresql] Detected sequence named 'refresh_sessions_id_seq' as owned by integer column 'refresh_sessions(id)', assuming SERIAL and omitting
INFO  [alembic.ddl.postgresql] Detected sequence named 'purchase_batches_id_seq' as owned by integer column 'purchase_batches(id)', assuming SERIAL and omitting
INFO  [alembic.ddl.postgresql] Detected sequence named 'notification_log_id_seq' as owned by integer column 'notification_log(id)', assuming SERIAL and omitting
Migration target localhost:5432/goatfarm_test_fix29_domain_104; current=ff6a7b8c9d01; target=base/inspection
No new upgrade operations detected.
EXIT 0
CLEANUP DROP DATABASE
