.....                                                                    [100%]
================================ tests coverage ================================
______________ coverage: platform darwin, python 3.13.15-final-0 _______________

Name                                      Stmts   Miss Branch BrPart  Cover
---------------------------------------------------------------------------
app/__init__.py                               0      0      0      0   100%
app/api/__init__.py                           0      0      0      0   100%
app/api/_run_limits.py                      219    168     70      0    18%
app/api/_shared.py                          168    136     62      0    14%
app/api/animals.py                          395    350    180      0     8%
app/api/auth.py                            1165   1014    432      0     9%
app/api/breeding.py                         132     99     26      0    21%
app/api/buckets.py                           34     20      4      0    37%
app/api/dashboard.py                        166    129     26      0    19%
app/api/feeding.py                          100     66     16      0    29%
app/api/finance.py                          330    284    126      0    10%
app/api/health.py                           398    342    196      0     9%
app/api/kidding.py                          113     85     38      0    19%
app/api/operational_metrics.py               20     12      8      0    29%
app/api/ops_simulation.py                    41     27      4      0    31%
app/api/owner.py                             84     63     12      0    22%
app/api/planner.py                          200    156     46      0    18%
app/api/purchases.py                         95     70     26      0    21%
app/api/screening.py                        337    270    112      0    15%
app/api/simulation.py                       230    162     42      0    25%
app/api/tasks.py                            263    224     92      0    11%
app/api/team.py                             547    417    158      0    18%
app/audit.py                                 48     22      8      1    48%
app/characters.py                            13      5      4      0    47%
app/core/__init__.py                          0      0      0      0   100%
app/core/config.py                          840    263    288     91    60%
app/db.py                                    64     16     12      2    71%
app/deps.py                                 284    227    122      0    14%
app/main.py                                 670    513    156      3    20%
app/metrics.py                               55     25     18      0    41%
app/models/__init__.py                       21      0      0      0   100%
app/models/animals.py                       223     71     40      1    59%
app/models/breeding.py                       75      0      0      0   100%
app/models/constants.py                      35      0      0      0   100%
app/models/core.py                          119     14      6      0    84%
app/models/enums.py                         173      0      0      0   100%
app/models/feed_rules.py                     45     24     16      0    34%
app/models/feeding.py                        57      0      0      0   100%
app/models/finance.py                        69      0      0      0   100%
app/models/health.py                        103      0      0      0   100%
app/models/helpers.py                        39     16      6      0    51%
app/models/idempotency.py                    23      0      0      0   100%
app/models/lifecycle.py                       6      0      0      0   100%
app/models/maintenance.py                    12      0      0      0   100%
app/models/notifications.py                  51      0      0      0   100%
app/models/planner.py                        23      0      0      0   100%
app/models/purchases.py                      27      0      0      0   100%
app/models/screening.py                     169      1      0      0    99%
app/models/security_events.py                17      0      0      0   100%
app/models/simulation.py                     21      0      0      0   100%
app/models/species.py                        35      0      0      0   100%
app/models/tasks.py                          64      3      0      0    95%
app/permissions.py                           22      3      0      0    86%
app/ratelimit.py                            228    141     68      5    31%
app/schemas/__init__.py                       0      0      0      0   100%
app/schemas/animals.py                      214     43     40      0    67%
app/schemas/auth.py                         129     14      6      0    85%
app/schemas/breeding.py                      84      9      8      0    82%
app/schemas/buckets.py                       13      0      0      0   100%
app/schemas/common.py                        81     30     12      0    55%
app/schemas/dashboard.py                     82      0      0      0   100%
app/schemas/feeding.py                      107      7      4      0    90%
app/schemas/finance.py                      139      8      6      0    90%
app/schemas/health.py                       246     52     52      0    65%
app/schemas/kidding.py                       79      8      6      0    84%
app/schemas/ops.py                            8      0      0      0   100%
app/schemas/ops_simulation.py                17      0      0      0   100%
app/schemas/owner.py                         31      0      0      0   100%
app/schemas/planner.py                       47      0      0      0   100%
app/schemas/purchases.py                     69     11      8      0    75%
app/schemas/screening.py                    216      1      0      0    99%
app/schemas/simulation.py                    70      0      0      0   100%
app/schemas/summaries.py                     42      0      0      0   100%
app/schemas/tasks.py                         87      6      4      0    89%
app/schemas/team.py                          70      0      0      0   100%
app/security.py                             555    419    164      0    19%
app/seed.py                                 155    109     50      1    24%
app/services/__init__.py                     15      0      0      0   100%
app/services/_common.py                      48     35     14      0    21%
app/services/animals.py                     100     81     58      0    12%
app/services/breeding.py                    291    250    114      0    10%
app/services/cadence.py                     158    116     38      0    21%
app/services/chronology.py                   35     26     10      0    20%
app/services/dashboard.py                    86     71     22      0    14%
app/services/feeding.py                     230    200     74      0    10%
app/services/finance.py                     170    143     64      0    12%
app/services/health.py                      280    250    148      0     7%
app/services/health_rounds.py                52     40     20      0    17%
app/services/idempotency.py                 149    116     48      0    17%
app/services/kidding.py                     170    146     80      0    10%
app/services/maintenance_progress.py         44     26     18      0    29%
app/services/notifications/__init__.py        5      0      0      0   100%
app/services/notifications/hooks.py          26     17      6      0    28%
app/services/notifications/outbox.py         95     75     26      0    17%
app/services/notifications/providers.py      60     30     10      0    43%
app/services/notifications/service.py       267    212     68      0    16%
app/services/purchases.py                    68     57     34      0    11%
app/services/retention.py                   337    269     82      0    16%
app/services/screening/__init__.py           10      0      0      0   100%
app/services/screening/budget.py             48     36     14      0    19%
app/services/screening/detect.py             49     19      6      0    55%
app/services/screening/gate.py               72     41     26      0    32%
app/services/screening/images.py             88     57     16      0    30%
app/services/screening/live_contract.py     162    162     52      0     0%
app/services/screening/pipeline.py          667    570    196      0    11%
app/services/screening/providers.py         148    102     20      0    27%
app/services/screening/raw_cleanup.py       126     82     20      0    30%
app/services/screening/rotation.py           66     42     20      0    28%
app/services/screening/s3.py                206    151     60      0    21%
app/services/screening/specialists.py        73     31      6      0    53%
app/services/simulation_calibration.py      411    378    166      0     6%
app/services/tasks.py                       273    241    142      0     8%
app/simulation/__init__.py                   11      0      0      0   100%
app/simulation/assumptions.py               457     86    110     31    72%
app/simulation/backward_planner.py          197    114     32      0    36%
app/simulation/daily_ops.py                 833    551    276      0    25%
app/simulation/defaults.py                   57     17      6      1    65%
app/simulation/engine.py                    881    755    254      0    11%
app/simulation/explain.py                   256    256     98      0     0%
app/simulation/feed.py                       31     14      0      0    55%
app/simulation/finance.py                   281    226    102      0    14%
app/simulation/market.py                     46     15      4      0    70%
app/simulation/montecarlo.py                251    202     52      0    16%
app/simulation/optimization.py              113    113     46      0     0%
app/simulation/planner.py                   294    225     86      0    18%
app/simulation/results.py                   251      0      0      0   100%
app/simulation/shocks.py                     20      2      0      0    90%
app/simulation/snapshot.py                   14     11      8      0    14%
app/simulation/subsidy.py                    11      6      6      0    29%
app/simulation/vocabulary.py                 20      3      0      0    85%
app/utils.py                                 41     29      6      0    26%
app/worker/__init__.py                      120    120     28      0     0%
app/worker/__main__.py                        3      3      0      0     0%
app/worker/heartbeat.py                      23     23      0      0     0%
app/worker/metrics_server.py                 44     44      6      0     0%
---------------------------------------------------------------------------
TOTAL                                     20549  13042   5578    136    29%
Coverage XML written to file ../audit_reports/remediation-29-findings-2026-10-04/domain/settings-defaults-coverage.xml
5 passed in 11.26s
