unformatted: File would be reformatted
  --> /Users/pradeepreddy/Desktop/goat-farm-management-main/.github/scripts/check_mutation_report.py:85:41
   |
84 |                 for row in reports
   -                 if row["when"] == "call"
   -                 or (row["when"] == "setup" and row["outcome"] == "skipped")
   -             } == selected
85 +                 if row["when"] == "call" or (row["when"] == "setup" and row["outcome"] == "skipped")
86 +             }
87 +             == selected
88 |         ):
   |

unformatted: File would be reformatted
  --> /Users/pradeepreddy/Desktop/goat-farm-management-main/.github/scripts/gate_sarif.py:45:12
   |
44 |         index = result["ruleIndex"]
   -         if (
   -             type(index) is not int
   -             or not isinstance(rules, list)
   -             or not 0 <= index < len(rules)
   -         ):
45 +         if type(index) is not int or not isinstance(rules, list) or not 0 <= index < len(rules):
46 |             raise ValueError("SARIF result has an invalid ruleIndex")
   |

unformatted: File would be reformatted
   --> tests/test_mutation_harness.py:127:32
    |
126 |         plan_path.write_text(json.dumps({"mutants": [row["id"] for row in results]}))
    -         report_path.write_text(json.dumps(mutate_report.summarize(
    -             {row["id"]: row for row in mutants}, results, campaign_id=runner.campaign_id
    -         )))
127 +         report_path.write_text(
128 +             json.dumps(
129 +                 mutate_report.summarize(
130 +                     {row["id"]: row for row in mutants}, results, campaign_id=runner.campaign_id
131 +                 )
132 +             )
133 +         )
134 |         results_path.write_text("".join(json.dumps(row) + "\n" for row in results))
135 |         gate = subprocess.run(
    -             [sys.executable, str(MUTATION.parents[1] / ".github/scripts/check_mutation_report.py"),
    -              "--plan", str(plan_path), "--report", str(report_path), "--results", str(results_path),
    -              "--format", "backend", "--minimum", "80"],
    -             capture_output=True, text=True, check=False,
136 +             [
137 +                 sys.executable,
138 +                 str(MUTATION.parents[1] / ".github/scripts/check_mutation_report.py"),
139 +                 "--plan",
140 +                 str(plan_path),
141 +                 "--report",
142 +                 str(report_path),
143 +                 "--results",
144 +                 str(results_path),
145 +                 "--format",
146 +                 "backend",
147 +                 "--minimum",
148 +                 "80",
149 +             ],
150 +             capture_output=True,
151 +             text=True,
152 +             check=False,
153 |         )
    |

3 files would be reformatted, 434 files already formatted
