................F....................                                    [100%]
=================================== FAILURES ===================================
________ test_killed_pytest_attempt_reaps_its_real_disposable_database _________
backend/tests/test_mutation_harness_20261003.py:226: in test_killed_pytest_attempt_reaps_its_real_disposable_database
    assert status == "timeout"
E   AssertionError: assert 'infra' == 'timeout'
E     
E     - timeout
E     + infra

During handling of the above exception, another exception occurred:
backend/tests/test_mutation_harness_20261003.py:229: in test_killed_pytest_attempt_reaps_its_real_disposable_database
    mutate_run.drop_attempt_database(database)
backend/mutation/mutate_run.py:59: in drop_attempt_database
    asyncio.run(drop())
../../.local/share/uv/python/cpython-3.13.15-macos-aarch64-none/lib/python3.13/asyncio/runners.py:196: in run
    return runner.run(main)
           ^^^^^^^^^^^^^^^^
../../.local/share/uv/python/cpython-3.13.15-macos-aarch64-none/lib/python3.13/asyncio/runners.py:119: in run
    return self._loop.run_until_complete(task)
           ^^^^^^^^^^^^^^^^^^^^^^^^^^^^^^^^^^^
../../.local/share/uv/python/cpython-3.13.15-macos-aarch64-none/lib/python3.13/asyncio/base_events.py:726: in run_until_complete
    return future.result()
           ^^^^^^^^^^^^^^^
backend/mutation/mutate_run.py:53: in drop
    await connection.execute(
backend/.venv/lib/python3.13/site-packages/asyncpg/connection.py:354: in execute
    result = await self._protocol.query(query, timeout)
             ^^^^^^^^^^^^^^^^^^^^^^^^^^^^^^^^^^^^^^^^^^
asyncpg/protocol/protocol.pyx:369: in query
    ???
E   TimeoutError
=========================== short test summary info ============================
FAILED backend/tests/test_mutation_harness_20261003.py::test_killed_pytest_attempt_reaps_its_real_disposable_database
1 failed, 36 passed in 25.93s
