✔ concurrent real Vitest mutations pass exact clean baselines and never write live source (1150.2265ms)
✔ real thrown errors, collection failures, and assertion failures in setup are infrastructure (1293.895792ms)
✔ a failing clean baseline prevents a mutant kill (428.420542ms)
✔ timeout and empty or nonexistent test selections do not count as kills (339.1225ms)
✔ stale originals, overlapping edits, invalid contexts and source drift fail before spawning (7.366625ms)
✔ the transform independently verifies exact fingerprints and keeps original bytes (4.143584ms)
✔ test/dependency changes and reused ids invalidate provenance (5.423583ms)
✔ service-worker, config, script and repository inputs invalidate coverage and resume (21.721083ms)
✔ resume retries latest error, timeout and uncovered rows and ignores historical ids (4.908625ms)
✔ true full mode executes every one of 1001 coverers and the exact baseline (6.352333ms)
✔ latest errors, timeouts and sampled kills are excluded from complete score (3.234208ms)
✔ partial coverage replaces old paths, removes deleted tests and invalidates changed source positions (0.178541ms)
{"smoke":"failed","checks":[true,false,true,true]}
✔ real V8 coverage publishes atomically and failed partial refresh preserves exact map bytes (1434.596583ms)
✔ smoke requires SURVIVED baseline and CLI exits nonzero on required failure (1489.378042ms)
✔ dry-run preserves sources/maps/results and does not start Vitest (146.187208ms)
✔ all process exits require a structured assertion receipt to be credited a kill (0.101416ms)
✔ successful smoke returns zero after actual baseline and repeated assertion kills (1922.462625ms)
✔ reverification runs all 41 coverers without dedicated tests and appends a complete receipt (8035.783292ms)
ℹ tests 18
ℹ suites 0
ℹ pass 18
ℹ fail 0
ℹ cancelled 0
ℹ skipped 0
ℹ todo 0
ℹ duration_ms 16485.08525
