
Running 71 tests using 1 worker

(node:63007) Warning: The 'NO_COLOR' env is ignored due to the 'FORCE_COLOR' env being set.
(Use `node --trace-warnings ...` to show where the warning was created)
  ✓   1 [webkit] › e2e/a11y-gate.spec.ts:33:7 › a11y gate › /dashboard (en) has no serious accessibility violations (3.0s)
  ✓   2 [webkit] › e2e/a11y-gate.spec.ts:33:7 › a11y gate › /tasks (en) has no serious accessibility violations (2.0s)
  ✓   3 [webkit] › e2e/a11y-gate.spec.ts:33:7 › a11y gate › /worker (en) has no serious accessibility violations (1.8s)
  ✓   4 [webkit] › e2e/a11y-gate.spec.ts:33:7 › a11y gate › /login (en) has no serious accessibility violations (1.3s)
  ✓   5 [webkit] › e2e/a11y-gate.spec.ts:33:7 › a11y gate › /worker/login (en) has no serious accessibility violations (1.8s)
  ✓   6 [webkit] › e2e/a11y-gate.spec.ts:33:7 › a11y gate › /worker/offline (en) has no serious accessibility violations (1.3s)
  ✓   7 [webkit] › e2e/a11y-gate.spec.ts:33:7 › a11y gate › /screening (en) has no serious accessibility violations (1.9s)
  ✓   8 [webkit] › e2e/a11y-gate.spec.ts:33:7 › a11y gate › /team (en) has no serious accessibility violations (2.0s)
  ✓   9 [webkit] › e2e/a11y-gate.spec.ts:33:7 › a11y gate › /finance/insurance (en) has no serious accessibility violations (1.9s)
  ✓  10 [webkit] › e2e/a11y-gate.spec.ts:33:7 › a11y gate › /health (en) has no serious accessibility violations (2.0s)
  ✓  11 [webkit] › e2e/a11y-gate.spec.ts:33:7 › a11y gate › /planner (en) has no serious accessibility violations (2.0s)
  ✓  12 [webkit] › e2e/a11y-gate.spec.ts:33:7 › a11y gate › /simulation (en) has no serious accessibility violations (2.4s)
  ✓  13 [webkit] › e2e/a11y-gate.spec.ts:33:7 › a11y gate › /finance (en) has no serious accessibility violations (2.0s)
  ✓  14 [webkit] › e2e/a11y-gate.spec.ts:33:7 › a11y gate › /dashboard (te) has no serious accessibility violations (2.1s)
  ✓  15 [webkit] › e2e/a11y-gate.spec.ts:33:7 › a11y gate › /tasks (te) has no serious accessibility violations (1.9s)
  ✓  16 [webkit] › e2e/a11y-gate.spec.ts:33:7 › a11y gate › /worker (te) has no serious accessibility violations (1.8s)
  ✓  17 [webkit] › e2e/a11y-gate.spec.ts:33:7 › a11y gate › /login (te) has no serious accessibility violations (1.3s)
  ✓  18 [webkit] › e2e/a11y-gate.spec.ts:33:7 › a11y gate › /worker/login (te) has no serious accessibility violations (1.8s)
  ✓  19 [webkit] › e2e/a11y-gate.spec.ts:33:7 › a11y gate › /worker/offline (te) has no serious accessibility violations (1.3s)
  ✓  20 [webkit] › e2e/a11y-gate.spec.ts:33:7 › a11y gate › /screening (te) has no serious accessibility violations (2.0s)
  ✓  21 [webkit] › e2e/a11y-gate.spec.ts:33:7 › a11y gate › /team (te) has no serious accessibility violations (2.0s)
  ✓  22 [webkit] › e2e/a11y-gate.spec.ts:33:7 › a11y gate › /finance/insurance (te) has no serious accessibility violations (1.9s)
  ✓  23 [webkit] › e2e/a11y-gate.spec.ts:33:7 › a11y gate › /health (te) has no serious accessibility violations (2.0s)
  ✓  24 [webkit] › e2e/a11y-gate.spec.ts:33:7 › a11y gate › /planner (te) has no serious accessibility violations (2.0s)
  ✓  25 [webkit] › e2e/a11y-gate.spec.ts:33:7 › a11y gate › /simulation (te) has no serious accessibility violations (2.4s)
  ✓  26 [webkit] › e2e/a11y-gate.spec.ts:33:7 › a11y gate › /finance (te) has no serious accessibility violations (2.1s)
  ✓  27 [webkit] › e2e/animals.spec.ts:13:3 › animals › create animal, record a weight, move bucket — profile reflects all (4.5s)
  ✓  28 [webkit] › e2e/api-contract-auth-team.spec.ts:240:3 › frontend proxy auth and team API contracts › proxies the liveness and database-readiness probes (315ms)
  ✓  29 [webkit] › e2e/api-contract-auth-team.spec.ts:254:3 › frontend proxy auth and team API contracts › persists password changes and returns exact me/export data through the proxy (652ms)
  ✓  30 [webkit] › e2e/api-contract-auth-team.spec.ts:370:3 › frontend proxy auth and team API contracts › deletes a separate registered non-owner and makes its login unusable (284ms)
  ✓  31 [webkit] › e2e/api-contract-auth-team.spec.ts:403:3 › frontend proxy auth and team API contracts › persists worker resets and the full custom-role create/update/delete lifecycle (752ms)
  ✓  32 [webkit] › e2e/api-contract-domain.spec.ts:158:3 › frontend proxy domain API contracts › animal status mutation returns and persists the requested lifecycle facts (105ms)
  ✓  33 [webkit] › e2e/api-contract-domain.spec.ts:206:3 › frontend proxy domain API contracts › breeding GET, live-pregnancy GET, and pregnancy abort agree on one record (241ms)
  ✓  34 [webkit] › e2e/api-contract-domain.spec.ts:328:3 › frontend proxy domain API contracts › health batch lookup/preview and restriction clearance round-trip their data (174ms)
  ✓  35 [webkit] › e2e/api-contract-domain.spec.ts:510:3 › frontend proxy domain API contracts › task GET returns the created duty and skip remains visible on readback (80ms)
  ✓  36 [webkit] › e2e/api-contract-domain.spec.ts:568:3 › frontend proxy domain API contracts › feeding setting and recipe mix are reflected by plan, inventory, and finished stock (184ms)
  ✓  37 [webkit] › e2e/api-contract-domain.spec.ts:669:3 › frontend proxy domain API contracts › finance correction returns the replacement and preserves the voided source audit (47ms)
  ✓  38 [webkit] › e2e/api-contract-domain.spec.ts:748:3 › frontend proxy domain API contracts › herd snapshot and scenario GET/PATCH/compare/DELETE stay consistent (270ms)
  ✓  39 [webkit] › e2e/auth.spec.ts:21:3 › auth › owner signs in, sees the full nav, and logout returns to /login (919ms)
  ✓  40 [webkit] › e2e/auth.spec.ts:46:3 › auth › unauthenticated visit to an app page redirects to /login (491ms)
  ✓  41 [webkit] › e2e/auth.spec.ts:51:3 › auth › wrong password shows an error and stays on /login (617ms)
  ✓  42 [webkit] › e2e/auth.spec.ts:61:3 › auth › signIn helper lands on the dashboard (839ms)
  ✓  43 [webkit] › e2e/breeding-flow.spec.ts:16:3 › breeding flow › doe is bred, confirmed pregnant via ultrasound, moves to PREGNANCY_EARLY (5.4s)
  ✓  44 [webkit] › e2e/cross-tenant.spec.ts:94:3 › cross-tenant and horizontal authorization negatives › a provisioned worker without finance.view is refused 403 on the finance API (905ms)
  ✓  45 [webkit] › e2e/cross-tenant.spec.ts:157:3 › cross-tenant and horizontal authorization negatives › another farm's owner cannot read this farm's animal: uniform 404s (391ms)
  ✓  46 [webkit] › e2e/cross-tenant.spec.ts:202:3 › cross-tenant and horizontal authorization negatives › logged-out API access is refused 401 (5ms)
  ✓  47 [webkit] › e2e/farm-switch.spec.ts:22:3 › farm switching › switching farms renders none of the previous farm's cached data (2.6s)
  ✓  48 [webkit] › e2e/feeding-finance.spec.ts:6:3 › feeding and finance › feeding plan shows the 40/20/40 shift split and records a dispense (3.0s)
  ✓  49 [webkit] › e2e/feeding-finance.spec.ts:77:3 › feeding and finance › adding an expense transaction lists it in the ledger (1.6s)
  ✓  50 [webkit] › e2e/feeding-finance.spec.ts:113:3 › feeding and finance › reports page renders herd summary, breeding performance and mortality (1.9s)
  ✓  51 [webkit] › e2e/health-flow.spec.ts:14:3 › health flow › record a vaccine event — event log, profile health card, schedule badge (4.1s)
  ✓  52 [webkit] › e2e/kidding-flow.spec.ts:16:3 › kidding flow › overdue pregnancy is kidded with twins — kids become animals, doe moves to RECOVERY (8.9s)
  ✓  53 [webkit] › e2e/navigation-rbac.spec.ts:25:3 › navigation and access control › every nav item loads its page without errors (4.6s)
  ✓  54 [webkit] › e2e/navigation-rbac.spec.ts:42:3 › navigation and access control › logged-out direct-URL access redirects every app page to /login (1.7s)
  ✓  55 [webkit] › e2e/ops-simulation.spec.ts:17:3 › ops simulation › renders its sections and replays the toy herd for one week (1.3s)
  ✓  56 [webkit] › e2e/ops-simulation.spec.ts:62:3 › ops simulation › a row without a tag is reported inline, blocks the run, and never reaches the API (1.2s)
  ✓  57 [webkit] › e2e/ownership-transfer.spec.ts:18:1 › an owner transfers a separate farm to a password-rotated member through Team (2.4s)
  ✓  58 [webkit] › e2e/planner.spec.ts:23:3 › planner › renders its sections, plans a sale target, and keeps owner access (3.3s)
  ✓  59 [webkit] › e2e/planner.spec.ts:68:3 › planner › a target in the plan's start month is rejected inline and blocks the run (1.8s)
  ✓  60 [webkit] › e2e/purchases.spec.ts:6:3 › purchases › a new batch stubs animals into QUARANTINE with the 45-day task schedule (2.7s)
  ✓  61 [webkit] › e2e/register.spec.ts:6:3 › registration › a new user registers, creates a farm and reaches its dashboard (1.2s)
  ✓  62 [webkit] › e2e/screening.spec.ts:161:3 › screening review › scoreboard → queue → detail → confirm → conflict toast, all stubbed at the API (1.4s)
  ✓  63 [webkit] › e2e/simulation.spec.ts:74:3 › simulation › defaults + herd events run end-to-end; save and re-run as a scenario (4.8s)
  ✓  64 [webkit] › e2e/simulation.spec.ts:183:3 › simulation › an event month beyond the horizon blocks the run with an inline error (1.6s)
  ✓  65 [webkit] › e2e/simulation.spec.ts:202:3 › simulation › farm calibration and all decision analyses render responsively (3.7s)
  ✓  66 [webkit] › e2e/tasks-guards.spec.ts:15:3 › tasks guards › auto duties are form-linked; a completed duty lands in awaiting verification (5.7s)
  ✓  67 [webkit] › e2e/tasks-verify.spec.ts:32:3 › tasks verification › owner completes and verifies a cleaning duty — it lands in Completed as VERIFIED (1.8s)
  ✓  68 [webkit] › e2e/tasks-verify.spec.ts:58:3 › tasks verification › rejected duty is sent back to pending with the note visible (2.1s)
  ✓  69 [webkit] › e2e/team.spec.ts:6:3 › team management › owner adds a worker, changes their role and toggles them inactive/active (2.3s)
  ✓  70 [webkit] › e2e/worker-onboarding.spec.ts:43:1 › task-only password worker completes first password rotation on the worker board (2.9s)
  ✓  71 [webkit] › e2e/worker-onboarding.spec.ts:70:1 › owner creates and resets a PIN worker through Team and pins the tablet through the UI (3.2s)

  71 passed (2.4m)
