........................................................................ [  2%]
........................................................................ [  5%]
........................................................................ [  8%]
........................................................................ [ 11%]
........................................................................ [ 13%]
........................................................................ [ 16%]
........................................................................ [ 19%]
........................................................................ [ 22%]
........ss.........ss................................................... [ 25%]
........................................................................ [ 27%]
........................................................................ [ 30%]
........................................................................ [ 33%]
........................................................................ [ 36%]
........................................................................ [ 39%]
........................................................................ [ 41%]
........................................................................ [ 44%]
........................................................................ [ 47%]
........................................................................ [ 50%]
........................................................................ [ 53%]
........................................................................ [ 55%]
........................................................................ [ 58%]
........................................................................ [ 61%]
........................................................................ [ 64%]
........................................................................ [ 67%]
................................F....................................... [ 69%]
........................................................................ [ 72%]
........................................................................ [ 75%]
........................................................................ [ 78%]
........................................................................ [ 80%]
........................................................................ [ 83%]
........................................................................ [ 86%]
........................................................................ [ 89%]
........................................................................ [ 92%]
........................................................................ [ 94%]
........................................................................ [ 97%]
...........................................................              [100%]
=================================== FAILURES ===================================
_______ test_positive_root_isolation_uses_decimal_path_at_its_term_limit _______
tests/test_simulation_finance_mutation.py:269: in test_positive_root_isolation_uses_decimal_path_at_its_term_limit
    assert _positive_power_roots(terms, 0.5, 2.0) == [1.25]
E   assert [1.0] == [1.25]
E     
E     At index 0 diff: 1.0 != 1.25
E     Use -v to get more diff
=========================== short test summary info ============================
FAILED tests/test_simulation_finance_mutation.py::test_positive_root_isolation_uses_decimal_path_at_its_term_limit
1 failed, 2574 passed, 4 skipped in 1682.00s (0:28:01)
