{
  "scope": "Local synthetic PostgreSQL exported-snapshot restore; excludes object-store/config/production RPO/RTO",
  "restored_table_count": 49,
  "restored_row_count": 2458,
  "revision": "f8e2f6a0c5d3",
  "unvalidated_constraints": 0,
  "all_snapshot_counts_match": true,
  "all_row_data_digests_match": true,
  "table_data_sha256": {
    "alembic_version": "33852a4582eafc8a9baea8caa340bc6fc191f91392272a8815e29d4404e10253",
    "animals": "bd271548cb2a9aa9f251211926701231b17e5fb89a722cbab85bbac30565704c",
    "breeding_records": "419fe7f1b30a9de5f55b31b788997d22b55cfea9a5d8e10556f1887c3ccc795c",
    "bucket_definitions": "c1a458120a1b577c073763e19f7724d5855e2babe17ffa6d78d03f20fd1006a0",
    "bucket_feed_settings": "7827acb19f0b917d1d4042809962d1eb0475e886b487ef34f60401893fc7fc7f",
    "bucket_moves": "da9d1663a0067589db44dde3dc3705f6459f8877b356bd99e814f546952132c1",
    "consumed_mfa_challenges": "e3b0c44298fc1c149afbf4c8996fb92427ae41e4649b934ca495991b7852b855",
    "farm_memberships": "dcae72c3b9ec3808bab333b353c12470727091aa8c1996178d4428202f99b959",
    "farms": "5eb3c1b7c5b6f0d1ebdcbf7e8396c8524f9572004a0da25d784326a5a0aaa946",
    "feed_finished_stock": "3dd697e6fdffb8e49193ce5b5287a4f56b2f732e5ee328c36924ed9f8a0d44ad",
    "feed_inventory": "71005b44374a091f101fdb60cffbfba6a59689cc6e3c5da659d5b01ef3b412f4",
    "feed_recipe_lines": "99f5094897e39452e1f449305ca4abe1dbc37e0b2ca10a5eccc5cc356e11a3d6",
    "feed_recipes": "60c2f1939a194fd4f88df5874effca60582d5f10d3035f2ac70ddd2738742b80",
    "feeding_records": "482c8ea6448ba11b963ca993f772505d57db104fcfb230a1756ffe6d3e3552fa",
    "health_events": "efea1a1e9fd4710312d27efb82742aaa913007f7080b1357747a2491f76dded7",
    "health_round_coverage": "e3b0c44298fc1c149afbf4c8996fb92427ae41e4649b934ca495991b7852b855",
    "health_round_exclusions": "e3b0c44298fc1c149afbf4c8996fb92427ae41e4649b934ca495991b7852b855",
    "health_round_targets": "e3b0c44298fc1c149afbf4c8996fb92427ae41e4649b934ca495991b7852b855",
    "health_rounds": "e3b0c44298fc1c149afbf4c8996fb92427ae41e4649b934ca495991b7852b855",
    "idempotency_records": "6f23a923060eaf77bc80f69c6b0756a7145f034d037bbf79aefc2f13e7232b28",
    "insurance_policies": "e3b0c44298fc1c149afbf4c8996fb92427ae41e4649b934ca495991b7852b855",
    "insurance_premiums": "e3b0c44298fc1c149afbf4c8996fb92427ae41e4649b934ca495991b7852b855",
    "kid_entries": "cfe9cd86b16af026b0dbf9ca47f031f83e45d7ddecc4a33d9af6d4df39e0b787",
    "kidding_records": "5e025f070b4b4cc59176e8c388402a78eebca034fb0d2df03afa2c6b557830ac",
    "maintenance_progress": "8661a7dc59873ce34d13359d463df36c89ef3a4420a6a2e8bb9533b6a5387906",
    "movement_restriction_actions": "595315d69edee4ce27b389110a14b605b937da45edbf46099c41b496c2ed0111",
    "notification_log": "e3b0c44298fc1c149afbf4c8996fb92427ae41e4649b934ca495991b7852b855",
    "notification_outbox": "e3b0c44298fc1c149afbf4c8996fb92427ae41e4649b934ca495991b7852b855",
    "notification_recipients": "e3b0c44298fc1c149afbf4c8996fb92427ae41e4649b934ca495991b7852b855",
    "planner_plans": "e3b0c44298fc1c149afbf4c8996fb92427ae41e4649b934ca495991b7852b855",
    "purchase_batches": "e3f4597a5a048d75fe4caee0158eb87a7597ec126d2a6b10f27ead2bee092e2a",
    "refresh_sessions": "90133a08a0b828fded285c037d43dc1b44630fee72865f7e9edc5310dc31ed16",
    "roles": "1faa84775ea0c43720fb25aca87d239e5c5f7f708608a9dff5fd4981ae874b91",
    "screening_batches": "e3b0c44298fc1c149afbf4c8996fb92427ae41e4649b934ca495991b7852b855",
    "screening_call_reservations": "e3b0c44298fc1c149afbf4c8996fb92427ae41e4649b934ca495991b7852b855",
    "screening_content_claims": "e3b0c44298fc1c149afbf4c8996fb92427ae41e4649b934ca495991b7852b855",
    "screening_crops": "e3b0c44298fc1c149afbf4c8996fb92427ae41e4649b934ca495991b7852b855",
    "screening_daily_budgets": "e3b0c44298fc1c149afbf4c8996fb92427ae41e4649b934ca495991b7852b855",
    "screening_finding_reviews": "e3b0c44298fc1c149afbf4c8996fb92427ae41e4649b934ca495991b7852b855",
    "screening_findings": "e3b0c44298fc1c149afbf4c8996fb92427ae41e4649b934ca495991b7852b855",
    "screening_images": "e3b0c44298fc1c149afbf4c8996fb92427ae41e4649b934ca495991b7852b855",
    "screening_runs": "e3b0c44298fc1c149afbf4c8996fb92427ae41e4649b934ca495991b7852b855",
    "simulation_scenarios": "b65133314b7b297eb6ef104fc979955e45696ff00dc95774685bc35f556803bf",
    "tasks": "d83f8fa042d7b4a1934d1ca3c145ab8a94e146953d9ce78b8006a0e096e7fcbf",
    "totp_recovery_codes": "e3b0c44298fc1c149afbf4c8996fb92427ae41e4649b934ca495991b7852b855",
    "transactions": "6f781307d5ed88cbdbe3e8f76b6681d938e1360512437e536f9d414be40fbf10",
    "users": "cb0607413401d0e78cff53ce83a802af3bd904bffb2973891a5885026a993882",
    "vaccine_templates": "f3b8535250761950851a3c0730135a848f9270ebd74986502113667e4085e71a",
    "weight_records": "f0c72bfc183969fa36fe5af8911f59e3527e20aca24e54d5c47d49ee392703a9"
  },
  "model_parity": "No new upgrade operations detected.",
  "restore_and_verify_seconds": 1.107
}
Owned restore database and dump cleaned
