============================= test session starts ==============================
platform darwin -- Python 3.13.15, pytest-9.1.1, pluggy-1.6.0
rootdir: /Users/pradeepreddy/Desktop/goat-farm-management-main/backend
configfile: pyproject.toml
testpaths: tests
plugins: cov-7.1.0, asyncio-1.4.0, anyio-4.14.2
asyncio: mode=Mode.AUTO, debug=False, asyncio_default_fixture_loop_scope=session, asyncio_default_test_loop_scope=session
collected 5311 items

tests/test_account_tombstones.py .....                                   [  0%]
tests/test_adversarial.py .............................................. [  0%]
..                                                                       [  0%]
tests/test_adversarial_regressions.py ....................               [  1%]
tests/test_animal_profile_pagination.py ....                             [  1%]
tests/test_animals_bugs.py ................                              [  1%]
tests/test_animals_extended.py ......................................... [  2%]
........................................................................ [  3%]
........................................................................ [  5%]
.                                                                        [  5%]
tests/test_animals_status_husbandry.py ..............................    [  5%]
tests/test_audit_followups.py .........                                  [  5%]
tests/test_audit_remediation.py .....                                    [  6%]
tests/test_auth_bugs.py ................                                 [  6%]
tests/test_auth_extended.py ............................................ [  7%]
........................................................................ [  8%]
........................................................................ [  9%]
...................                                                      [ 10%]
tests/test_auth_gaps.py ..                                               [ 10%]
tests/test_auth_token_version_races.py ........                          [ 10%]
tests/test_backward_planner.py ............                              [ 10%]
tests/test_bakrid_advisory.py .....                                      [ 10%]
tests/test_breeding_bugs.py ..................                           [ 11%]
tests/test_breeding_extended.py ........................................ [ 11%]
........................................................................ [ 13%]
........................................................................ [ 14%]
........................................................................ [ 15%]
                                                                         [ 15%]
tests/test_breeding_gaps.py ...                                          [ 16%]
tests/test_cadence.py .............................                      [ 16%]
tests/test_calibration_curve_math.py ........                            [ 16%]
tests/test_chronology_mutation_gaps.py ...                               [ 16%]
tests/test_ci_mutation_gate.py ...........                               [ 16%]
tests/test_concurrency.py .........................                      [ 17%]
tests/test_concurrency_gaps.py ..                                        [ 17%]
tests/test_contract_drift.py .......                                     [ 17%]
tests/test_cull_price_calibration.py ...                                 [ 17%]
tests/test_daily_ops.py ................................................ [ 18%]
.......                                                                  [ 18%]
tests/test_daily_ops_api.py ..............                               [ 18%]
tests/test_dashboard_age_math.py .....                                   [ 19%]
tests/test_dashboard_permissions.py ......                               [ 19%]
tests/test_dashboard_redteam.py ....                                     [ 19%]
tests/test_database_attribution.py ..                                    [ 19%]
tests/test_database_integrity.py ...                                     [ 19%]
tests/test_decision_audit_postgres.py .....                              [ 19%]
tests/test_decision_audit_regressions.py ...................             [ 19%]
tests/test_deployment_artifacts.py ..................................... [ 20%]
........................................................................ [ 21%]
............................                                             [ 22%]
tests/test_direct_sql_writer_parity.py ..                                [ 22%]
tests/test_domain_audit_fixes.py .................................       [ 23%]
tests/test_domain_audit_migration.py .....                               [ 23%]
tests/test_domain_check_constraints.py .....                             [ 23%]
tests/test_domain_chronology.py .......                                  [ 23%]
tests/test_e2e_lifecycle_audit.py ......................                 [ 23%]
tests/test_e2e_scenario_gaps.py ................                         [ 24%]
tests/test_engine_gaps.py ......                                         [ 24%]
tests/test_feed_quantity_numeric.py ...                                  [ 24%]
tests/test_feeding_extended.py ......................................... [ 25%]
........................................................................ [ 26%]
.......................................................................  [ 27%]
tests/test_feeding_gaps.py ..                                            [ 27%]
tests/test_feeding_split_gaps.py ....                                    [ 27%]
tests/test_finance_bugs.py ..................                            [ 28%]
tests/test_finance_extended.py ss.........ss............................ [ 28%]
........................................................................ [ 30%]
........................................................................ [ 31%]
.........................................                                [ 32%]
tests/test_finance_gaps.py .....                                         [ 32%]
tests/test_finance_insurance.py .............................            [ 33%]
tests/test_health_bugs.py .....................                          [ 33%]
tests/test_health_extended.py .......................................... [ 34%]
........................................................................ [ 35%]
........................................................................ [ 36%]
.......                                                                  [ 37%]
tests/test_health_gaps.py ...                                            [ 37%]
tests/test_health_note_gaps.py ...                                       [ 37%]
tests/test_health_safety.py ............................................ [ 38%]
                                                                         [ 38%]
tests/test_idempotency.py .............................................. [ 38%]
...........                                                              [ 39%]
tests/test_idempotency_gaps.py .                                         [ 39%]
tests/test_inactive_animal_task_cleanup.py ......                        [ 39%]
tests/test_independent_domain_audit.py ...........                       [ 39%]
tests/test_independent_review_history_audit.py ....                      [ 39%]
tests/test_independent_security_ops_audit.py ......                      [ 39%]
tests/test_index_drop_parity.py ....                                     [ 39%]
tests/test_infra_recovery_hardening.py ..........                        [ 39%]
tests/test_input_bounds.py .......................................       [ 40%]
tests/test_jsonb_columns.py .........                                    [ 40%]
tests/test_jwt_rotation.py ......                                        [ 40%]
tests/test_kidding_due_pagination.py ..........                          [ 41%]
tests/test_kidding_gaps.py .....                                         [ 41%]
tests/test_kidding_husbandry.py ...................                      [ 41%]
tests/test_kidding_suffix_gaps.py .                                      [ 41%]
tests/test_lifecycle_attribution_gaps.py ...                             [ 41%]
tests/test_lifecycle_gaps.py .......                                     [ 41%]
tests/test_lock_order_hardening.py ..................................    [ 42%]
tests/test_logic.py .......................                              [ 42%]
tests/test_maintenance_progress.py ......................                [ 43%]
tests/test_metrics.py .........                                          [ 43%]
tests/test_migration_env_preflight.py .                                  [ 43%]
tests/test_monetized_cull_migration.py .                                 [ 43%]
tests/test_mutation_harness.py ......................................... [ 44%]
........                                                                 [ 44%]
tests/test_notification_delivery_integrity.py .........                  [ 44%]
tests/test_notifications.py ............................................ [ 45%]
                                                                         [ 45%]
tests/test_notifications_mutation_gaps.py ........                       [ 45%]
tests/test_online_index_recovery.py .............                        [ 45%]
tests/test_openapi_compat.py ...............                             [ 46%]
tests/test_ops.py ...................................................... [ 47%]
........................................................................ [ 48%]
..................                                                       [ 48%]
tests/test_ops_migration_integrity.py .......                            [ 48%]
tests/test_owner_overview.py ......                                      [ 48%]
tests/test_password_capacity.py ..........                               [ 49%]
tests/test_pin_capabilities_and_migration_gate.py ...................... [ 49%]
.......                                                                  [ 49%]
tests/test_planner_api.py ....................                           [ 50%]
tests/test_postgres_text_regressions.py ................................ [ 50%]
....................                                                     [ 51%]
tests/test_prefarm_idempotency_migration.py .....                        [ 51%]
tests/test_production_operations.py ..............                       [ 51%]
tests/test_purchase_batch_bulk.py ..............                         [ 51%]
tests/test_query_performance.py ..............                           [ 51%]
tests/test_ratelimit_sweep.py .......                                    [ 52%]
tests/test_rbac.py .....................                                 [ 52%]
tests/test_rbac_exhaustive.py ....                                       [ 52%]
tests/test_redteam_domain_fixes.py ......................                [ 52%]
tests/test_redteam_spine_fixes.py ..................                     [ 53%]
tests/test_retention.py ................................                 [ 53%]
tests/test_retention_mutation_gaps.py ..                                 [ 53%]
tests/test_schema_parity.py ................                             [ 54%]
tests/test_scoped_picker_lookups.py ..                                   [ 54%]
tests/test_screening.py ................................................ [ 55%]
........................................................................ [ 56%]
..............................................                           [ 57%]
tests/test_screening_clinical_integrity.py .............                 [ 57%]
tests/test_screening_live_contract.py ......                             [ 57%]
tests/test_screening_provider_gaps.py ......                             [ 57%]
tests/test_screening_raw_cleanup.py ..................                   [ 58%]
tests/test_security_events.py .............                              [ 58%]
tests/test_security_hardening.py ....................................... [ 59%]
.............................................................            [ 60%]
tests/test_security_module_gaps.py ...                                   [ 60%]
tests/test_security_mutation_gaps.py .....                               [ 60%]
tests/test_security_workflow.py .....                                    [ 60%]
tests/test_session_privacy.py ................                           [ 60%]
tests/test_settings_defaults.py .....                                    [ 61%]
tests/test_simulation_advanced.py ...................................... [ 61%]
...............                                                          [ 62%]
tests/test_simulation_api.py ........................................... [ 62%]
............                                                             [ 63%]
tests/test_simulation_audit_remediation.py ......................        [ 63%]
tests/test_simulation_deep_mutation.py ................................. [ 64%]
......................................                                   [ 64%]
tests/test_simulation_engine.py ........................................ [ 65%]
........................................................................ [ 66%]
..................................................................       [ 68%]
tests/test_simulation_explain.py ................................        [ 68%]
tests/test_simulation_finance_mutation.py ..................             [ 69%]
tests/test_simulation_financials.py .................................... [ 69%]
.............................................                            [ 70%]
tests/test_simulation_fuzz.py ..........                                 [ 70%]
tests/test_simulation_goat_domain.py .....................               [ 71%]
tests/test_simulation_integrity.py ...................                   [ 71%]
tests/test_simulation_planner.py .......................                 [ 71%]
tests/test_simulation_redteam.py ...........                             [ 72%]
tests/test_simulation_vocabulary.py ...                                  [ 72%]
tests/test_smoke.py ..                                                   [ 72%]
tests/test_strict_inputs.py ............................................ [ 73%]
...................                                                      [ 73%]
tests/test_task_visibility_parity.py ............                        [ 73%]
tests/test_tasks_bugs.py ............                                    [ 73%]
tests/test_tasks_extended.py ........................................... [ 74%]
........................................................................ [ 76%]
........................................................................ [ 77%]
...............................................................          [ 78%]
tests/test_tasks_gaps.py ..                                              [ 78%]
tests/test_team_bugs.py ..................                               [ 79%]
tests/test_team_extended.py ............................................ [ 79%]
........................................................................ [ 81%]
........................................................................ [ 82%]
........................................................................ [ 83%]
........................................................................ [ 85%]
..........                                                               [ 85%]
tests/test_tenancy_matrix.py ..............                              [ 85%]
tests/test_tenant_foreign_keys.py .....                                  [ 85%]
tests/test_tenant_history_pagination_indexes.py ..                       [ 85%]
tests/test_totp.py ....................................................  [ 86%]
tests/test_totp_rfc_gaps.py .....                                        [ 86%]
tests/test_unit_bugs.py .........                                        [ 87%]
tests/test_unit_extended.py ............................................ [ 87%]
........................................................................ [ 89%]
........................................................................ [ 90%]
........................................................................ [ 91%]
........................................................................ [ 93%]
........................................................................ [ 94%]
........................................................................ [ 96%]
........................................................................ [ 97%]
........................................................................ [ 98%]
..........................................                               [ 99%]
tests/test_worker_pin_auth.py ........................                   [100%]

- generated xml file: /Users/pradeepreddy/Desktop/goat-farm-management-main/audit_reports/independent-26-track-2026-10-04/evidence/backend-full.xml -
================================ tests coverage ================================
______________ coverage: platform darwin, python 3.13.15-final-0 _______________

Name                                      Stmts   Miss Branch BrPart  Cover
---------------------------------------------------------------------------
app/__init__.py                               0      0      0      0   100%
app/api/__init__.py                           0      0      0      0   100%
app/api/_run_limits.py                      219      7     70      9    94%
app/api/_shared.py                          168      5     62      3    97%
app/api/animals.py                          389     13    178     13    95%
app/api/auth.py                            1158    100    428     75    89%
app/api/breeding.py                         132      8     26      1    94%
app/api/buckets.py                           34      0      4      0   100%
app/api/dashboard.py                        166      0     26      0   100%
app/api/feeding.py                          100      3     16      3    95%
app/api/finance.py                          330     14    126     15    94%
app/api/health.py                           398     31    196     26    90%
app/api/kidding.py                          113      6     38      6    92%
app/api/operational_metrics.py               20      0      8      0   100%
app/api/ops_simulation.py                    41      3      4      1    91%
app/api/owner.py                             84      1     12      1    98%
app/api/planner.py                          200     27     46     10    84%
app/api/purchases.py                         95      2     26      1    98%
app/api/screening.py                        337     21    112     15    92%
app/api/simulation.py                       230      9     42      4    95%
app/api/tasks.py                            263     16     92      7    94%
app/api/team.py                             547     33    158     15    93%
app/audit.py                                 48      0      8      0   100%
app/characters.py                            13      0      4      1    94%
app/core/__init__.py                          0      0      0      0   100%
app/core/config.py                          831     57    282     40    91%
app/db.py                                    64      1     12      0    99%
app/deps.py                                 281     16    120     17    92%
app/main.py                                 669    168    156     20    72%
app/metrics.py                               53      4     18      5    82%
app/models/__init__.py                       21      0      0      0   100%
app/models/animals.py                       223      8     40      3    96%
app/models/breeding.py                       75      0      0      0   100%
app/models/constants.py                      35      0      0      0   100%
app/models/core.py                          119      1      6      1    98%
app/models/enums.py                         173      0      0      0   100%
app/models/feed_rules.py                     45      0     16      0   100%
app/models/feeding.py                        57      0      0      0   100%
app/models/finance.py                        69      0      0      0   100%
app/models/health.py                        103      0      0      0   100%
app/models/helpers.py                        39      0      6      0   100%
app/models/idempotency.py                    23      0      0      0   100%
app/models/lifecycle.py                       6      0      0      0   100%
app/models/maintenance.py                    12      0      0      0   100%
app/models/notifications.py                  51      0      0      0   100%
app/models/planner.py                        23      0      0      0   100%
app/models/purchases.py                      27      0      0      0   100%
app/models/screening.py                     169      0      0      0   100%
app/models/security_events.py                17      0      0      0   100%
app/models/simulation.py                     21      0      0      0   100%
app/models/species.py                        35      0      0      0   100%
app/models/tasks.py                          64      0      0      0   100%
app/permissions.py                           22      0      0      0   100%
app/ratelimit.py                            228     11     68     11    93%
app/schemas/__init__.py                       0      0      0      0   100%
app/schemas/animals.py                      214      5     40      5    96%
app/schemas/auth.py                         129      3      6      1    97%
app/schemas/breeding.py                      84      1      8      1    98%
app/schemas/buckets.py                       13      0      0      0   100%
app/schemas/common.py                        81      1     12      1    98%
app/schemas/dashboard.py                     82      0      0      0   100%
app/schemas/feeding.py                      107      0      4      0   100%
app/schemas/finance.py                      139      0      6      0   100%
app/schemas/health.py                       246     13     52     13    91%
app/schemas/kidding.py                       79      1      6      1    98%
app/schemas/ops.py                            8      0      0      0   100%
app/schemas/ops_simulation.py                17      0      0      0   100%
app/schemas/owner.py                         31      0      0      0   100%
app/schemas/planner.py                       47      0      0      0   100%
app/schemas/purchases.py                     69      0      8      0   100%
app/schemas/screening.py                    216      0      0      0   100%
app/schemas/simulation.py                    70      0      0      0   100%
app/schemas/summaries.py                     42      0      0      0   100%
app/schemas/tasks.py                         87      1      4      1    98%
app/schemas/team.py                          70      0      0      0   100%
app/security.py                             555     36    164     27    91%
app/seed.py                                 155      6     50      6    94%
app/services/__init__.py                     15      0      0      0   100%
app/services/_common.py                      48      2     14      3    92%
app/services/animals.py                     100      6     58      7    92%
app/services/breeding.py                    291     14    114     20    92%
app/services/cadence.py                     158      2     38      3    97%
app/services/chronology.py                   35      0     10      0   100%
app/services/dashboard.py                    86      1     22      1    98%
app/services/feeding.py                     230      7     74      9    95%
app/services/finance.py                     170      9     64     10    92%
app/services/health.py                      280      8    148     12    95%
app/services/health_rounds.py                52      6     20      6    83%
app/services/idempotency.py                 149      5     48      6    94%
app/services/kidding.py                     170     16     80     19    86%
app/services/maintenance_progress.py         44      1     18      1    97%
app/services/notifications/__init__.py        5      0      0      0   100%
app/services/notifications/hooks.py          26      2      6      1    91%
app/services/notifications/outbox.py         95     20     26      6    79%
app/services/notifications/providers.py      60     20     10      1    61%
app/services/notifications/service.py       267      6     68      7    96%
app/services/purchases.py                    68     10     34     10    80%
app/services/retention.py                   337     24     82     14    91%
app/services/screening/__init__.py           10      0      0      0   100%
app/services/screening/budget.py             48      5     14      3    87%
app/services/screening/detect.py             49      0      6      0   100%
app/services/screening/gate.py               72      4     26      4    92%
app/services/screening/images.py             88      6     16      4    90%
app/services/screening/live_contract.py     162     51     52     15    64%
app/services/screening/pipeline.py          669    108    198     28    82%
app/services/screening/providers.py         148     16     20      5    85%
app/services/screening/raw_cleanup.py       126     11     20      3    90%
app/services/screening/rotation.py           66      2     20      2    95%
app/services/screening/s3.py                206     48     60     15    74%
app/services/screening/specialists.py        73      2      6      0    97%
app/services/simulation_calibration.py      411     43    170     21    89%
app/services/tasks.py                       273     27    142     33    86%
app/simulation/__init__.py                   11      0      0      0   100%
app/simulation/assumptions.py               457     16    110     17    94%
app/simulation/backward_planner.py          197      1     32      1    99%
app/simulation/daily_ops.py                 833      9    276     14    98%
app/simulation/defaults.py                   57      1      6      1    97%
app/simulation/engine.py                    838      3    238      9    99%
app/simulation/explain.py                   256      3     98      3    98%
app/simulation/feed.py                       31      0      0      0   100%
app/simulation/finance.py                   281      6    102      6    97%
app/simulation/market.py                     46      0      4      0   100%
app/simulation/montecarlo.py                251      1     52      1    99%
app/simulation/optimization.py              113      1     46      1    99%
app/simulation/planner.py                   294      3     86      6    98%
app/simulation/results.py                   249      0      0      0   100%
app/simulation/shocks.py                     20      0      0      0   100%
app/simulation/snapshot.py                   14      0      8      0   100%
app/simulation/subsidy.py                    11      0      6      0   100%
app/simulation/vocabulary.py                 20      0      0      0   100%
app/utils.py                                 41      4      6      0    91%
app/worker/__init__.py                      116     25     28      8    76%
app/worker/__main__.py                        3      3      0      0     0%
app/worker/heartbeat.py                      23      0      0      0   100%
---------------------------------------------------------------------------
TOTAL                                     20430   1190   5548    695    92%
Coverage XML written to file ../audit_reports/independent-26-track-2026-10-04/evidence/backend-coverage.xml
Required test coverage of 92.0% reached. Total coverage: 92.31%
================= 5307 passed, 4 skipped in 2983.29s (0:49:43) =================
