(node:75337) Warning: Failed to load the ES module: /Users/pradeepreddy/Desktop/goat-farm-management-main/audit_reports/independent-26-track-2026-10-04/evidence/playwright.audit.config.ts. Make sure to set "type": "module" in the nearest package.json file or use the .mjs extension.
(Use `node --trace-warnings ...` to show where the warning was created)
/Users/pradeepreddy/Desktop/goat-farm-management-main/audit_reports/independent-26-track-2026-10-04/evidence/playwright.audit.config.ts:11
const frontend = (0, _nodeUrl.fileURLToPath)(new URL("../../../frontend/", import.meta.url));
                                                                                  ^^^^

SyntaxError: Cannot use 'import.meta' outside a module
    at wrapSafe (node:internal/modules/cjs/loader:1861:18)
    at Module._compile (node:internal/modules/cjs/loader:1903:20)
    at Object.<anonymous> (node:internal/modules/cjs/loader:2060:10)
    at Module.load (node:internal/modules/cjs/loader:1651:32)
    at Module._load (node:internal/modules/cjs/loader:1443:12)
    at wrapModuleLoad (node:internal/modules/cjs/loader:261:19)
    at Module.require (node:internal/modules/cjs/loader:1674:12)
    at require (node:internal/modules/helpers:157:16)
    at requireOrImport (/Users/pradeepreddy/Desktop/goat-farm-management-main/frontend/node_modules/.pnpm/playwright@1.62.1/node_modules/playwright/lib/common/index.js:1138:18)
    at loadUserConfig (/Users/pradeepreddy/Desktop/goat-farm-management-main/frontend/node_modules/.pnpm/playwright@1.62.1/node_modules/playwright/lib/common/index.js:1323:52)
    at loadConfig (/Users/pradeepreddy/Desktop/goat-farm-management-main/frontend/node_modules/.pnpm/playwright@1.62.1/node_modules/playwright/lib/common/index.js:1330:28)
    at processTicksAndRejections (node:internal/process/task_queues:104:5)
    at Object.loadConfigFromFile (/Users/pradeepreddy/Desktop/goat-farm-management-main/frontend/node_modules/.pnpm/playwright@1.62.1/node_modules/playwright/lib/common/index.js:1546:10)
    at runTests (/Users/pradeepreddy/Desktop/goat-farm-management-main/frontend/node_modules/.pnpm/playwright@1.62.1/node_modules/playwright/lib/cli/testActions.js:46:18)
    at _Command.<anonymous> (/Users/pradeepreddy/Desktop/goat-farm-management-main/frontend/node_modules/.pnpm/playwright@1.62.1/node_modules/playwright/lib/program.js:55:7)
