[WebServer] (node:82019) Warning: The 'NO_COLOR' env is ignored due to the 'FORCE_COLOR' env being set.
[WebServer] (Use `node --trace-warnings ...` to show where the warning was created)
[WebServer] INFO:     Started server process [82025]
[WebServer] INFO:     Waiting for application startup.
[WebServer] 2026-10-04 15:36:38,793 INFO goatfarm [-] startup (environment=development)
[WebServer] INFO:     Application startup complete.
[WebServer] INFO:     Uvicorn running on http://127.0.0.1:8000 (Press CTRL+C to quit)
[WebServer] 2026-10-04 15:36:39,648 INFO goatfarm [9c7e046ff09540f48418b44e9564cff7] request method=GET path=/openapi.json status=200 duration_ms=649.80
[WebServer] 2026-10-04 15:36:39,831 INFO goatfarm [63ef0fb64dfb410ba65f5567ba116d53] request method=POST path=/api/auth/register status=201 duration_ms=150.35
[WebServer] 2026-10-04 15:36:39,869 INFO goatfarm [69a6c6a6d2a44e9392cc2aec10228153] request method=POST path=/api/auth/farms status=201 duration_ms=35.09

Running 100 tests using 1 worker

(node:82039) Warning: The 'NO_COLOR' env is ignored due to the 'FORCE_COLOR' env being set.
(Use `node --trace-warnings ...` to show where the warning was created)
  ✘    1 [firefox] › e2e/a11y-gate.spec.ts:68:7 › a11y gate › /dashboard (en) has no serious accessibility violations (0ms)
(node:82749) Warning: The 'NO_COLOR' env is ignored due to the 'FORCE_COLOR' env being set.
(Use `node --trace-warnings ...` to show where the warning was created)
[WebServer] 2026-10-04 15:41:39,377 INFO goatfarm [-] cadence sweep materialized duties for 21 farms
  ✘    2 [firefox] › e2e/a11y-gate.spec.ts:68:7 › a11y gate › /owner (en) has no serious accessibility violations (0ms)
(node:83401) Warning: The 'NO_COLOR' env is ignored due to the 'FORCE_COLOR' env being set.
(Use `node --trace-warnings ...` to show where the warning was created)
  ✘    3 [firefox] › e2e/a11y-gate.spec.ts:68:7 › a11y gate › /animals (en) has no serious accessibility violations (0ms)


  1) [firefox] › e2e/a11y-gate.spec.ts:68:7 › a11y gate › /dashboard (en) has no serious accessibility violations 

    TimeoutError: browserType.launch: Timeout 180000ms exceeded.
    Call log:
      - <launching> /Users/pradeepreddy/Library/Caches/ms-playwright/firefox-1538/firefox/Nightly.app/Contents/MacOS/firefox -no-remote -headless -profile /var/folders/yy/8vxx571s72vbb5jg4zt6v2fm0000gn/T/playwright_firefoxdev_profile-eFFk4V -juggler-pipe -silent
      - <launched> pid=82040
      - [pid=82040][err] *** You are running in headless mode.
      - [pid=82040][err] sandbox_extension_issue_file_to_process failed for /Users/pradeepreddy/Library/Caches/ms-playwright/firefox-1538/firefox/Nightly.app/Contents/MacOS/plugin-container.app: 1 (Operation not permitted)
      - [pid=82040][out] Crash Annotation GraphicsCriticalError: |[0][GFX1-]: RenderCompositorSWGL failed mapping default framebuffer, no dt (t=1.43958) [GFX1-]: RenderCompositorSWGL failed mapping default framebuffer, no dt


    Error Context: ../audit_reports/independent-26-track-2026-10-04/evidence/browser-firefox-artifacts/a11y-gate-a11y-gate-dashbo-8c9af-us-accessibility-violations-firefox/error-context.md

    attachment #2: trace (application/zip) ─────────────────────────────────────────────────────────
    ../audit_reports/independent-26-track-2026-10-04/evidence/browser-firefox-artifacts/a11y-gate-a11y-gate-dashbo-8c9af-us-accessibility-violations-firefox/trace.zip
    Usage:

        pnpm exec playwright show-trace ../audit_reports/independent-26-track-2026-10-04/evidence/browser-firefox-artifacts/a11y-gate-a11y-gate-dashbo-8c9af-us-accessibility-violations-firefox/trace.zip

    ────────────────────────────────────────────────────────────────────────────────────────────────

  2) [firefox] › e2e/a11y-gate.spec.ts:68:7 › a11y gate › /owner (en) has no serious accessibility violations 

    TimeoutError: browserType.launch: Timeout 180000ms exceeded.
    Call log:
      - <launching> /Users/pradeepreddy/Library/Caches/ms-playwright/firefox-1538/firefox/Nightly.app/Contents/MacOS/firefox -no-remote -headless -profile /var/folders/yy/8vxx571s72vbb5jg4zt6v2fm0000gn/T/playwright_firefoxdev_profile-5WcYqE -juggler-pipe -silent
      - <launched> pid=82750
      - [pid=82750][err] *** You are running in headless mode.
      - [pid=82750][err] sandbox_extension_issue_file_to_process failed for /Users/pradeepreddy/Library/Caches/ms-playwright/firefox-1538/firefox/Nightly.app/Contents/MacOS/plugin-container.app: 1 (Operation not permitted)
      - [pid=82750][out] Crash Annotation GraphicsCriticalError: |[0][GFX1-]: RenderCompositorSWGL failed mapping default framebuffer, no dt (t=0.361894) [GFX1-]: RenderCompositorSWGL failed mapping default framebuffer, no dt


    Error Context: ../audit_reports/independent-26-track-2026-10-04/evidence/browser-firefox-artifacts/a11y-gate-a11y-gate-owner--ff4c5-us-accessibility-violations-firefox/error-context.md

    attachment #2: trace (application/zip) ─────────────────────────────────────────────────────────
    ../audit_reports/independent-26-track-2026-10-04/evidence/browser-firefox-artifacts/a11y-gate-a11y-gate-owner--ff4c5-us-accessibility-violations-firefox/trace.zip
    Usage:

        pnpm exec playwright show-trace ../audit_reports/independent-26-track-2026-10-04/evidence/browser-firefox-artifacts/a11y-gate-a11y-gate-owner--ff4c5-us-accessibility-violations-firefox/trace.zip

    ────────────────────────────────────────────────────────────────────────────────────────────────

  2 failed
    [firefox] › e2e/a11y-gate.spec.ts:68:7 › a11y gate › /dashboard (en) has no serious accessibility violations 
    [firefox] › e2e/a11y-gate.spec.ts:68:7 › a11y gate › /owner (en) has no serious accessibility violations 
  1 interrupted
    [firefox] › e2e/a11y-gate.spec.ts:68:7 › a11y gate › /animals (en) has no serious accessibility violations 
  97 did not run
