fresh {"htmlLang":"en","stored":"en","text":"EN\nతెలుగు\n\nNo farm on this tablet\n\nA manager must set this tablet's farm once from the farm picker.\n\nSet up this tablet"}
{
  "freshWorkerLanguage": {
    "htmlLang": "en",
    "stored": "en",
    "text": "EN\nతెలుగు\n\nNo farm on this tablet\n\nA manager must set this tablet's farm once from the farm picker.\n\nSet up this tablet"
  },
  "lazyChunks": [
    "http://localhost:3000/_next/static/chunks/1ske97k1fzh5d.js"
  ],
  "cacheAfterLocale": [
    "http://localhost:3000/_next/static/chunks/2hqjnrgzfqc-h.css",
    "http://localhost:3000/_next/static/chunks/1s5adsm07muxf.css",
    "http://localhost:3000/_next/static/chunks/3d2_m1a4g3g2r.js",
    "http://localhost:3000/_next/static/chunks/1ha8zswp4rbxq.js",
    "http://localhost:3000/_next/static/chunks/2e0zyt9q2z1o1.js",
    "http://localhost:3000/_next/static/chunks/3p8jjvtlw90xd.js",
    "http://localhost:3000/_next/static/chunks/turbopack-0fwxo76ybwaky.js",
    "http://localhost:3000/_next/static/chunks/1b31lkaw4kwo8.js",
    "http://localhost:3000/_next/static/chunks/1seddpjg23xjd.js",
    "http://localhost:3000/_next/static/chunks/1-t9ol8qv5c7j.js",
    "http://localhost:3000/_next/static/chunks/12euigp7kg7dz.js",
    "http://localhost:3000/_next/static/chunks/3gfudznu2r_7b.js",
    "http://localhost:3000/_next/static/chunks/2napandqnffgg.js",
    "http://localhost:3000/_next/static/chunks/29a-rzo8fwsmj.js",
    "http://localhost:3000/_next/static/chunks/11l8tjrhwm8gy.js",
    "http://localhost:3000/_next/static/chunks/1n3g4q-2890if.js",
    "http://localhost:3000/_next/static/chunks/2rrmc23rhhh9r.js",
    "http://localhost:3000/_next/static/chunks/1cv4yb25eof-c.js",
    "http://localhost:3000/_next/static/chunks/1mhie-5cq1mv9.js",
    "http://localhost:3000/_next/static/chunks/30l0gp3rskcb1.js",
    "http://localhost:3000/_next/static/chunks/0tg1m_7hd-zr1.js",
    "http://localhost:3000/_next/static/chunks/1w8gu_pr4p49z.js",
    "http://localhost:3000/_next/static/chunks/34yuct5vlyofe.js",
    "http://localhost:3000/_next/static/chunks/2wqb8vtv_j6kc.js",
    "http://localhost:3000/_next/static/chunks/0cz1d0mv5g_q7.js",
    "http://localhost:3000/_next/static/chunks/0b7ly-0zjrh_3.js",
    "http://localhost:3000/_next/static/chunks/03ubq2kg6ivkx.js",
    "http://localhost:3000/worker",
    "http://localhost:3000/worker/login",
    "http://localhost:3000/worker/offline",
    "http://localhost:3000/manifest.webmanifest",
    "http://localhost:3000/_next/static/chunks/1ske97k1fzh5d.js",
    "http://localhost:3000/__herdly_worker_asset_state_v1__"
  ],
  "cacheAfterNavigation1": [
    "http://localhost:3000/_next/static/chunks/1w8gu_pr4p49z.js",
    "http://localhost:3000/_next/static/chunks/03ubq2kg6ivkx.js",
    "http://localhost:3000/worker",
    "http://localhost:3000/worker/offline",
    "http://localhost:3000/manifest.webmanifest",
    "http://localhost:3000/_next/static/chunks/1ske97k1fzh5d.js",
    "http://localhost:3000/_next/static/chunks/2hqjnrgzfqc-h.css",
    "http://localhost:3000/_next/static/chunks/1s5adsm07muxf.css",
    "http://localhost:3000/_next/static/chunks/3d2_m1a4g3g2r.js",
    "http://localhost:3000/_next/static/chunks/1ha8zswp4rbxq.js",
    "http://localhost:3000/_next/static/chunks/2e0zyt9q2z1o1.js",
    "http://localhost:3000/_next/static/chunks/3p8jjvtlw90xd.js",
    "http://localhost:3000/_next/static/chunks/turbopack-0fwxo76ybwaky.js",
    "http://localhost:3000/_next/static/chunks/1b31lkaw4kwo8.js",
    "http://localhost:3000/_next/static/chunks/1seddpjg23xjd.js",
    "http://localhost:3000/_next/static/chunks/1-t9ol8qv5c7j.js",
    "http://localhost:3000/_next/static/chunks/12euigp7kg7dz.js",
    "http://localhost:3000/_next/static/chunks/3gfudznu2r_7b.js",
    "http://localhost:3000/_next/static/chunks/2napandqnffgg.js",
    "http://localhost:3000/_next/static/chunks/29a-rzo8fwsmj.js",
    "http://localhost:3000/_next/static/chunks/11l8tjrhwm8gy.js",
    "http://localhost:3000/_next/static/chunks/1n3g4q-2890if.js",
    "http://localhost:3000/_next/static/chunks/2rrmc23rhhh9r.js",
    "http://localhost:3000/_next/static/chunks/1cv4yb25eof-c.js",
    "http://localhost:3000/_next/static/chunks/1mhie-5cq1mv9.js",
    "http://localhost:3000/_next/static/chunks/30l0gp3rskcb1.js",
    "http://localhost:3000/_next/static/chunks/0tg1m_7hd-zr1.js",
    "http://localhost:3000/_next/static/chunks/0b7ly-0zjrh_3.js",
    "http://localhost:3000/_next/static/chunks/34yuct5vlyofe.js",
    "http://localhost:3000/_next/static/chunks/2wqb8vtv_j6kc.js",
    "http://localhost:3000/_next/static/chunks/0cz1d0mv5g_q7.js",
    "http://localhost:3000/_next/static/media/e02f5397fa089978-s.p.44viw-yrdjpq4.woff2",
    "http://localhost:3000/worker/login",
    "http://localhost:3000/__herdly_worker_asset_state_v1__"
  ],
  "cacheAfterNavigation2": [
    "http://localhost:3000/_next/static/chunks/1w8gu_pr4p49z.js",
    "http://localhost:3000/_next/static/chunks/03ubq2kg6ivkx.js",
    "http://localhost:3000/worker",
    "http://localhost:3000/worker/offline",
    "http://localhost:3000/manifest.webmanifest",
    "http://localhost:3000/_next/static/chunks/2hqjnrgzfqc-h.css",
    "http://localhost:3000/_next/static/chunks/1s5adsm07muxf.css",
    "http://localhost:3000/_next/static/chunks/3d2_m1a4g3g2r.js",
    "http://localhost:3000/_next/static/chunks/1ha8zswp4rbxq.js",
    "http://localhost:3000/_next/static/chunks/2e0zyt9q2z1o1.js",
    "http://localhost:3000/_next/static/chunks/3p8jjvtlw90xd.js",
    "http://localhost:3000/_next/static/chunks/turbopack-0fwxo76ybwaky.js",
    "http://localhost:3000/_next/static/chunks/1b31lkaw4kwo8.js",
    "http://localhost:3000/_next/static/chunks/1seddpjg23xjd.js",
    "http://localhost:3000/_next/static/chunks/1-t9ol8qv5c7j.js",
    "http://localhost:3000/_next/static/chunks/12euigp7kg7dz.js",
    "http://localhost:3000/_next/static/chunks/3gfudznu2r_7b.js",
    "http://localhost:3000/_next/static/chunks/2napandqnffgg.js",
    "http://localhost:3000/_next/static/chunks/29a-rzo8fwsmj.js",
    "http://localhost:3000/_next/static/chunks/11l8tjrhwm8gy.js",
    "http://localhost:3000/_next/static/chunks/1n3g4q-2890if.js",
    "http://localhost:3000/_next/static/chunks/2rrmc23rhhh9r.js",
    "http://localhost:3000/_next/static/chunks/1cv4yb25eof-c.js",
    "http://localhost:3000/_next/static/chunks/1mhie-5cq1mv9.js",
    "http://localhost:3000/_next/static/chunks/30l0gp3rskcb1.js",
    "http://localhost:3000/_next/static/chunks/0tg1m_7hd-zr1.js",
    "http://localhost:3000/_next/static/chunks/0b7ly-0zjrh_3.js",
    "http://localhost:3000/_next/static/chunks/34yuct5vlyofe.js",
    "http://localhost:3000/_next/static/chunks/2wqb8vtv_j6kc.js",
    "http://localhost:3000/_next/static/chunks/0cz1d0mv5g_q7.js",
    "http://localhost:3000/worker/login",
    "http://localhost:3000/__herdly_worker_asset_state_v1__"
  ],
  "offlineReload": {
    "bodyText": "EN\nతెలుగు\n\nఈ టాబ్లెట్‌లో ఫారం లేదు\n\nఈ టాబ్లెట్ ఫారంను మేనేజర్ ఒకసారి సెట్ చేయాలి.\n\nఈ టాబ్లెట్‌ను సెటప్ చేయం",
    "htmlLang": "te",
    "busy": 0,
    "buttons": 3
  },
  "offlineLandmarks": {
    "mains": 2,
    "nestedMains": 1
  },
  "errors": [
    "http://localhost:3000/api/auth/refresh net::ERR_INTERNET_DISCONNECTED",
    "http://localhost:3000/api/auth/refresh net::ERR_INTERNET_DISCONNECTED",
    "http://localhost:3000/api/auth/refresh net::ERR_INTERNET_DISCONNECTED"
  ]
}
