{
  "violations": [
    {
      "id": "landmark-main-is-top-level",
      "impact": "moderate",
      "description": "Ensure the main landmark is at top level",
      "nodes": [
        {
          "html": "<main class=\"mx-auto max-w-3xl space-y-5 p-4\">",
          "target": [
            ".mx-auto"
          ],
          "failureSummary": "Fix any of the following:\n  The main landmark is contained in another landmark."
        }
      ]
    },
    {
      "id": "landmark-no-duplicate-main",
      "impact": "moderate",
      "description": "Ensure the document has at most one main landmark",
      "nodes": [
        {
          "html": "<main>",
          "target": [
            ".min-h-dvh > main"
          ],
          "failureSummary": "Fix any of the following:\n  Document has more than one main landmark"
        }
      ]
    },
    {
      "id": "landmark-unique",
      "impact": "moderate",
      "description": "Ensure landmarks are unique",
      "nodes": [
        {
          "html": "<main>",
          "target": [
            ".min-h-dvh > main"
          ],
          "failureSummary": "Fix any of the following:\n  The landmark must have a unique aria-label, aria-labelledby, or title to make landmarks distinguishable"
        }
      ]
    }
  ],
  "passes": 32,
  "incomplete": []
}
