✔ concurrent real Vitest mutations pass exact clean baselines and never write live source (1058.738667ms)
✔ real thrown errors, collection failures, and assertion failures in setup are infrastructure (1169.281333ms)
✔ a failing clean baseline prevents a mutant kill (401.493416ms)
✔ timeout and empty or nonexistent test selections do not count as kills (331.554625ms)
✔ stale originals, overlapping edits, invalid contexts and source drift fail before spawning (7.533417ms)
✔ the transform independently verifies exact fingerprints and keeps original bytes (4.459042ms)
✔ test/dependency changes and reused ids invalidate provenance (4.619458ms)
✔ service-worker, config, script and repository inputs invalidate coverage and resume (19.01275ms)
✔ an active campaign never credits a replacement edit under the original mutant identity (3.49125ms)
✔ manifest and coverage drift during a real baseline prevents mutation execution (828.126ms)
✔ manifest and coverage drift after real assertion failures cannot publish kills (1607.064292ms)
✔ parent binding, guard and child transform independently reject replacement edits (6.451666ms)
✔ resume retries latest error, timeout and uncovered rows and ignores historical ids (3.506417ms)
✔ true full mode executes every one of 1001 coverers and the exact baseline (6.584083ms)
✔ latest errors, timeouts and sampled kills are excluded from complete score (3.169417ms)
✔ partial coverage replaces old paths, removes deleted tests and invalidates changed source positions (0.143542ms)
{"smoke":"failed","checks":[true,false,true,true]}
✔ real V8 coverage publishes atomically and failed partial refresh preserves exact map bytes (1300.801125ms)
✔ smoke requires SURVIVED baseline and CLI exits nonzero on required failure (1330.416708ms)
✔ dry-run preserves sources/maps/results and does not start Vitest (144.717875ms)
✔ all process exits require a structured assertion receipt to be credited a kill (0.142459ms)
✔ successful smoke returns zero after actual baseline and repeated assertion kills (1780.560041ms)
✔ reverification runs all 41 coverers without dedicated tests and appends a complete receipt (7092.610417ms)
ℹ tests 22
ℹ suites 0
ℹ pass 22
ℹ fail 0
ℹ cancelled 0
ℹ skipped 0
ℹ todo 0
ℹ duration_ms 17312.976208
