( 1/32) Installing musl-dbg (1.2.6-r2)
( 2/32) Installing brotli-libs (1.2.0-r1)
( 3/32) Installing c-ares (1.34.8-r0)
( 4/32) Installing libunistring (1.4.2-r0)
( 5/32) Installing libidn2 (2.3.8-r0)
( 6/32) Installing nghttp2-libs (1.70.0-r0)
( 7/32) Installing libpsl (0.21.5-r3)
( 8/32) Installing zstd-libs (1.5.7-r2)
( 9/32) Installing libcurl (8.22.0-r0)
(10/32) Installing libelf (0.195-r0)
(11/32) Installing libbz2 (1.0.8-r6)
(12/32) Installing musl-fts (1.2.7-r7)
(13/32) Installing xz-libs (5.8.4-r0)
(14/32) Installing libdw (0.195-r0)
(15/32) Installing json-c (0.18-r1)
(16/32) Installing libdebuginfod (0.195-r0)
(17/32) Installing libexpat (2.8.5-r0)
(18/32) Installing gmp (6.3.0-r4)
(19/32) Installing mpfr4 (4.2.2-r0)
(20/32) Installing ncurses-terminfo-base (6.6_p20260516-r0)
(21/32) Installing libncursesw (6.6_p20260516-r0)
(22/32) Installing libffi (3.5.2-r1)
(23/32) Installing gdbm (1.26-r0)
(24/32) Installing mpdecimal (4.0.1-r0)
(25/32) Installing libpanelw (6.6_p20260516-r0)
(26/32) Installing readline (8.3.3-r1)
(27/32) Installing sqlite-libs (3.53.4-r0)
(28/32) Installing python3 (3.14.8-r0)
(29/32) Installing python3-pycache-pyc0 (3.14.8-r0)
(30/32) Installing pyc (3.14.8-r0)
(31/32) Installing python3-pyc (3.14.8-r0)
(32/32) Installing gdb (16.3-r4)
Executing busybox-1.37.0-r31.trigger
OK: 68.4 MiB in 50 packages
