{"versions":{"node":"24.21.0","acorn":"8.18.0","ada":"4.0.0","amaro":"1.1.11","ares":"1.34.8","brotli":"1.2.0","cldr":"48.0","icu":"78.3","llhttp":"9.4.3","merve":"1.2.2","modules":"137","napi":"10","nbytes":"0.1.4","ncrypto":"0.0.1","nghttp2":"1.70.0","nghttp3":"","ngtcp2":"","openssl":"3.5.8","simdjson":"4.6.7","simdutf":"6.4.0","sqlite":"3.53.4","tz":"2026c","undici":"7.29.1","unicode":"17.0","uv":"1.52.1","uvwasi":"0.0.23","v8":"13.6.233.17-node.53","zlib":"1.3.2.1-motley-8002e91","zstd":"1.5.7"},"next":"16.3.8"}
! Corepack is about to download https://registry.npmjs.org/pnpm/-/pnpm-9.15.9.tgz

> minimal-next-teardown-probe@ build /app/probe
> next build

▲ Next.js 16.3.8 (Turbopack)
✓ Running next.config.mjs took 102ms
Attention: Next.js now collects completely anonymous telemetry regarding usage.
This information is used to shape Next.js' roadmap and prioritize features.
You can learn more, including how to opt-out if you'd not like to participate in this anonymous program, by visiting the following URL:
https://nextjs.org/telemetry


  Creating an optimized production build ...
✓ Compiled successfully in 21.3s
  Running TypeScript ...
  Finished TypeScript in 24ms ...
  Collecting page data using 4 workers ...
  Generating static pages using 4 workers (0/3) ...
✓ Generating static pages using 4 workers (3/3) in 3.6s
  Finalizing page optimization ...

Route (app)
┌ ○ /
└ ○ /_not-found


○  (Static)  prerendered as static content

