✔ concurrent real Vitest mutations pass exact clean baselines and never write live source (1278.5195ms)
✔ real thrown errors, collection failures, and assertion failures in setup are infrastructure (1361.361375ms)
✔ a failing clean baseline prevents a mutant kill (466.390333ms)
✔ timeout and empty or nonexistent test selections do not count as kills (365.28575ms)
✔ stale originals, overlapping edits, invalid contexts and source drift fail before spawning (10.15975ms)
✔ the transform independently verifies exact fingerprints and keeps original bytes (4.62325ms)
✔ test/dependency changes and reused ids invalidate provenance (5.679708ms)
✔ service-worker, config, script and repository inputs invalidate coverage and resume (29.408791ms)
✔ an active campaign never credits a replacement edit under the original mutant identity (14.412625ms)
✔ manifest and coverage drift during a real baseline prevents mutation execution (899.111875ms)
✔ manifest and coverage drift after real assertion failures cannot publish kills (1676.001875ms)
✔ parent binding, guard and child transform independently reject replacement edits (6.231875ms)
✔ resume retries latest error, timeout and uncovered rows and ignores historical ids (3.469417ms)
✔ true full mode executes every one of 1001 coverers and the exact baseline (6.219417ms)
✔ latest errors, timeouts and sampled kills are excluded from complete score (3.034292ms)
✔ partial coverage replaces old paths, removes deleted tests and invalidates changed source positions (0.15675ms)
{"smoke":"failed","checks":[true,false,true,true]}
✔ real V8 coverage publishes atomically and failed partial refresh preserves exact map bytes (1338.892167ms)
✔ smoke requires SURVIVED baseline and CLI exits nonzero on required failure (1547.768917ms)
✔ dry-run preserves sources/maps/results and does not start Vitest (158.515708ms)
✔ all process exits require a structured assertion receipt to be credited a kill (0.10525ms)
✔ successful smoke returns zero after actual baseline and repeated assertion kills (1894.30425ms)
✔ reverification runs all 41 coverers without dedicated tests and appends a complete receipt (7191.008958ms)
ℹ tests 22
ℹ suites 0
ℹ pass 22
ℹ fail 0
ℹ cancelled 0
ℹ skipped 0
ℹ todo 0
ℹ duration_ms 18488.838875
