
 RUN  v4.1.11 /Users/pradeepreddy/Desktop/goat-farm-management-main/frontend

 ❯ src/components/screening-check-dialog.test.tsx (23 tests | 1 failed) 2648ms
     × requires the selected second photo to settle before finish, and supports explicit discard 1059ms

⎯⎯⎯⎯⎯⎯⎯ Failed Tests 1 ⎯⎯⎯⎯⎯⎯⎯

 FAIL  src/components/screening-check-dialog.test.tsx > DiseaseCheckDialog upload contracts > requires the selected second photo to settle before finish, and supports explicit discard
AssertionError: expected undefined to be defined

Ignored nodes: comments, script, style
[36m<html[39m
  [33mstyle[39m=[32m"scrollbar-gutter: stable;"[39m
[36m>[39m
  [36m<head />[39m
  [36m<body[39m
    [33mstyle[39m=[32m"overflow-y: hidden; overflow-x: hidden;"[39m
  [36m>[39m
    [36m<div[39m
      [33maria-hidden[39m=[32m"true"[39m
      [33mdata-base-ui-inert[39m=[32m""[39m
    [36m/>[39m
    [36m<div[39m
      [33mdata-base-ui-portal[39m=[32m""[39m
      [33mdata-slot[39m=[32m"dialog-portal"[39m
      [33mid[39m=[32m"_r_18_"[39m
    [36m>[39m
      [36m<div[39m
        [33maria-hidden[39m=[32m"true"[39m
        [33mdata-base-ui-inert[39m=[32m""[39m
        [33mrole[39m=[32m"presentation"[39m
        [33mstyle[39m=[32m"position: fixed; inset: 0px; user-select: none; -webkit-user-select: none;"[39m
      [36m/>[39m
      [36m<div[39m
        [33maria-hidden[39m=[32m"true"[39m
        [33mclass[39m=[32m"fixed inset-0 isolate z-50 bg-black/10 duration-100 supports-backdrop-filter:backdrop-blur-xs data-open:animate-in data-open:fade-in-0 data-closed:hidden"[39m
        [33mdata-base-ui-inert[39m=[32m""[39m
        [33mdata-open[39m=[32m""[39m
        [33mdata-slot[39m=[32m"dialog-overlay"[39m
        [33mrole[39m=[32m"presentation"[39m
        [33mstyle[39m=[32m"user-select: none; -webkit-user-select: none;"[39m
      [36m/>[39m
      [36m<span[39m
        [33maria-hidden[39m=[32m"true"[39m
        [33mdata-base-ui-focus-guard[39m=[32m""[39m
        [33mdata-base-ui-inert[39m=[32m""[39m
        [33mdata-type[39m=[32m"inside"[39m
        [33mstyle[39m=[32m"clip-path: inset(50%); overflow: hidden; white-space: nowrap; border: 0px; padding: 0px; width: 1px; height: 1px; margin: -1px; position: fixed; top: 0px; left: 0px;"[39m
        [33mtabindex[39m=[32m"0"[39m
      [36m/>[39m
      [36m<div[39m
        [33maria-describedby[39m=[32m"base-ui-_r_1a_"[39m
        [33maria-labelledby[39m=[32m"base-ui-_r_19_"[39m
        [33mclass[39m=[32m"fixed top-1/2 left-1/2 z-50 grid w-full max-w-[calc(100%-2rem)] -translate-x-1/2 -translate-y-1/2 gap-4 rounded-xl bg-popover p-4 text-sm text-popover-foreground ring-1 ring-foreground/10 duration-100 outline-none data-open:animate-in data-open:fade-in-0 data-open:zoom-in-95 data-closed:animate-out data-closed:fade-out-0 data-closed:zoom-95 data-closed:hidden max-h-[90vh] overflow-y-auto sm:max-w-2xl"[39m
        [33mdata-base-ui-focusable[39m=[32m""[39m
        [33mdata-open[39m=[32m""[39m
        [33mdata-slot[39m=[32m"dialog-content"[39m
        [33mid[39m=[32m"_r_17_"[39m
        [33mrole[39m=[32m"dialog"[39m
        [33mstyle[39m=[32m"--nested-dialogs: 0;"[39m
        [33mtabindex[39m=[32m"-1"[39m
      [36m>[39m
        [36m<div[39m
          [33mclass[39m=[32m"flex flex-col gap-2"[39m
          [33mdata-slot[39m=[32m"dialog-header"[39m
        [36m>[39m
          [36m<h2[39m
            [33mclass[39m=[32m"font-heading text-base leading-none font-medium"[39m
            [33mdata-slot[39m=[32m"dialog-title"[39m
            [33mid[39m=[32m"base-ui-_r_19_"[39m
          [36m>[39m
            [0mDisease check[0m
          [36m</h2>[39m
          [36m<p[39m
            [33mclass[39m=[32m"text-sm text-muted-foreground *:[a]:underline *:[a]:underline-offset-3 *:[a]:hover:text-foreground"[39m
            [33mdata-slot[39m=[32m"dialog-description"[39m
            [33mid[39m=[32m"base-ui-_r_1a_"[39m
          [36m>[39m
            [0mWalk the pens: pick a bucket, take photos of its goats, upload each as you go. Finish to send everything to screening.[0m
          [36m</p>[39m
        [36m</div>[39m
        [36m<div[39m
          [33mclass[39m=[32m"space-y-3"[39m
        [36m>[39m
          [36m<div[39m
            [33mclass[39m=[32m"flex items-center justify-between"[39m
          [36m>[39m
            [36m<span[39m
              [33mclass[39m=[32m"group/badge inline-flex h-5 w-fit shrink-0 items-center justify-center gap-1 overflow-hidden rounded-4xl border px-2 py-0.5 text-xs font-medium whitespace-nowrap transition-all focus-visible:border-ring focus-visible:ring-[3px] focus-visible:ring-ring/50 has-data-[icon=inline-end]:pr-1.5 has-data-[icon=inline-start]:pl-1.5 aria-invalid:border-destructive aria-invalid:ring-destructive/20 dark:aria-invalid:ring-destructive/40 [&>svg]:pointer-events-none [&>svg]:size-3! border-border text-foreground [a]:hover:bg-muted [a]:hover:text-muted-foreground"[39m
              [33mdata-slot[39m=[32m"badge"[39m
              [33mdata-variant[39m=[32m"outline"[39m
            [36m>[39m
              [0mBreeding[0m
            [36m</span>[39m
            [36m<button[39m
              [33mclass[39m=[32m"group/button inline-flex shrink-0 items-center justify-center border border-transparent bg-clip-padding font-medium whitespace-nowrap transition-all outline-none select-none focus-visible:border-ring focus-visible:ring-3 focus-visible:ring-ring/50 active:not-aria-[haspopup]:translate-y-px disabled:pointer-events-none disabled:opacity-50 aria-invalid:border-destructive aria-invalid:ring-3 aria-invalid:ring-destructive/20 dark:aria-invalid:border-destructive/50 dark:aria-invalid:ring-destructive/40 [&_svg]:pointer-events-none [&_svg]:shrink-0 hover:bg-muted hover:text-foreground aria-expanded:bg-muted aria-expanded:text-foreground dark:hover:bg-muted/50 h-9 gap-1.5 rounded-[min(var(--radius-md),12px)] px-3 text-[0.8rem] in-data-[slot=button-group]:rounded-lg has-data-[icon=inline-end]:pr-2.5 has-data-[icon=inline-start]:pl-2.5 [&_svg:not([class*='size-'])]:size-3.5"[39m
              [33mdata-slot[39m=[32m"button"[39m
              [33mtabindex[39m=[32m"0"[39m
              [33mtype[39m=[32m"button"[39m
            [36m>[39m
              [0mYour farm buckets[0m
            [36m</button>[39m
          [36m</div>[39m
          [36m<div[39m
            [33mclass[39m=[32m"flex h-40 items-center justify-center rounded-lg border border-dashed text-muted-foreground"[39m
          [36m>[39m
            [36m<svg[39m
              [33maria-hidden[39m=[32m"true"[39m
              [33mclass[39m=[32m"lucide lucide-camera mr-2"[39m
              [33mfill[39m=[32m"none"[39m
              [33mheight[39m=[32m"24"[39m
              [33mstroke[39m=[32m"currentColor"[39m
              [33mstroke-linecap[39m=[32m"round"[39m
              [33mstroke-linejoin[39m=[32m"round"[39m
              [33mstroke-width[39m=[32m"2"[39m
              [33mviewBox[39m=[32m"0 0 24 24"[39m
              [33mwidth[39m=[32m"24"[39m
              [33mxmlns[39m=[32m"http://www.w3.org/2000/svg"[39m
            [36m>[39m
              [36m<path[39m
                [33md[39m=[32m"M13.997 4a2 2 0 0 1 1.76 1.05l.486.9A2 2 0 0 0 18.003 7H20a2 2 0 0 1 2 2v9a2 2 0 0 1-2 2H4a2 2 0 0 1-2-2V9a2 2 0 0 1 2-2h1.997a2 ...
 ❯ src/components/screening-check-dialog.test.tsx:626:46
    624|     choose();
    625|     await user.click(screen.getByRole("button", { name: /upload photo/…
    626|     await waitFor(() => expect(secondSignal).toBeDefined());
       |                                              ^
    627|     expect(finish).toBeDisabled();
    628|     fireEvent.click(finish);
 ❯ runWithExpensiveErrorDiagnosticsDisabled node_modules/.pnpm/@testing-library+dom@10.4.1/node_modules/@testing-library/dom/dist/config.js:47:12
 ❯ checkCallback node_modules/.pnpm/@testing-library+dom@10.4.1/node_modules/@testing-library/dom/dist/wait-for.js:124:77
 ❯ Timeout.checkRealTimersCallback node_modules/.pnpm/@testing-library+dom@10.4.1/node_modules/@testing-library/dom/dist/wait-for.js:118:16

⎯⎯⎯⎯⎯⎯⎯⎯⎯⎯⎯⎯⎯⎯⎯⎯⎯⎯⎯⎯⎯⎯⎯⎯[1/1]⎯


 Test Files  1 failed | 4 passed (5)
      Tests  1 failed | 78 passed (79)
   Start at  20:23:41
   Duration  3.65s (transform 378ms, setup 859ms, import 537ms, tests 3.86s, environment 1.39s)

