
 RUN  v4.1.11 /Users/pradeepreddy/Desktop/goat-farm-management-main/frontend

 ❯ src/test/adversarial/sw-update.test.ts (20 tests | 1 failed) 116ms
     × retains only the current and previous shell asset generations 3ms
 ❯ src/lib/permission-navigation.test.ts (11 tests | 1 failed) 5ms
     × keeps module roots and id-free sub-routes with their page state 1ms

⎯⎯⎯⎯⎯⎯⎯ Failed Tests 2 ⎯⎯⎯⎯⎯⎯⎯

 FAIL  src/lib/permission-navigation.test.ts > permittedAppPathFromList — farm switching > keeps module roots and id-free sub-routes with their page state
AssertionError: expected '/tasks?tab=overdue' to be '/tasks?tab=overdue#task-7' // Object.is equality

Expected: "/tasks?tab=overdue#task-7"
Received: "/tasks?tab=overdue"

 ❯ src/lib/permission-navigation.test.ts:107:83
    105| describe("permittedAppPathFromList — farm switching", () => {
    106|   it("keeps module roots and id-free sub-routes with their page state"…
    107|     expect(permittedAppPathFromList("/tasks?tab=overdue#task-7", ["tas…
       |                                                                                   ^
    108|       "/tasks?tab=overdue#task-7",
    109|     );

⎯⎯⎯⎯⎯⎯⎯⎯⎯⎯⎯⎯⎯⎯⎯⎯⎯⎯⎯⎯⎯⎯⎯⎯[1/2]⎯

 FAIL  src/test/adversarial/sw-update.test.ts > service worker update safety (executed) > retains only the current and previous shell asset generations
AssertionError: expected { …(3) } to deeply equal { …(2) }

- Expected
+ Received

@@ -1,6 +1,7 @@
  {
+   "build": "legacy:https://tablet.local/_next/static/build-3.js",
    "current": [
      "https://tablet.local/_next/static/build-3.js",
    ],
    "previous": [
      "https://tablet.local/_next/static/build-2.js",

 ❯ src/test/adversarial/sw-update.test.ts:244:19
    242|     expect(cached.has(`${ORIGIN}/_next/static/build-3.js`)).toBe(true);
    243|     const state = await cached.get(`${ORIGIN}/__herdly_worker_asset_st…
    244|     expect(state).toEqual({
       |                   ^
    245|       current: [`${ORIGIN}/_next/static/build-3.js`],
    246|       previous: [`${ORIGIN}/_next/static/build-2.js`],

⎯⎯⎯⎯⎯⎯⎯⎯⎯⎯⎯⎯⎯⎯⎯⎯⎯⎯⎯⎯⎯⎯⎯⎯[2/2]⎯


 Test Files  2 failed | 8 passed (10)
      Tests  2 failed | 120 passed (122)
   Start at  20:19:22
   Duration  4.12s (transform 433ms, setup 1.38s, import 682ms, tests 2.76s, environment 2.61s)

