node:internal/modules/cjs/loader:1564
  const err = new Error(message);
              ^

Error: Cannot find module '@playwright/test'
Require stack:
- /Users/pradeepreddy/Desktop/frontend/package.json
    at Module._resolveFilename (node:internal/modules/cjs/loader:1564:15)
    at wrapResolveFilename (node:internal/modules/cjs/loader:1118:27)
    at defaultResolveImplForCJSLoading (node:internal/modules/cjs/loader:1142:10)
    at resolveForCJSWithHooks (node:internal/modules/cjs/loader:1169:12)
    at Module._load (node:internal/modules/cjs/loader:1341:5)
    at wrapModuleLoad (node:internal/modules/cjs/loader:261:19)
    at Module.require (node:internal/modules/cjs/loader:1674:12)
    at require (node:internal/modules/helpers:157:16)
    at file:///Users/pradeepreddy/Desktop/goat-farm-management-main/audit_reports/independent-26-track-2026-10-04/evidence/root/firefox-launch-control.mjs:4:19
    at ModuleJob.run (node:internal/modules/esm/module_job:561:25) {
  code: 'MODULE_NOT_FOUND',
  requireStack: [ '/Users/pradeepreddy/Desktop/frontend/package.json' ]
}

Node.js v24.21.0
