2026-10-04 15:23:40,021 INFO goatfarm [084c41d006d745ff843b033d2b98515e] request method=POST path=/api/auth/register status=201 duration_ms=238.54
2026-10-04 15:23:40,022 INFO httpx [-] HTTP Request: POST http://test/api/auth/register "HTTP/1.1 201 Created"
2026-10-04 15:23:40,060 INFO goatfarm [0a817bf8a1984d64b275db7fade5a1f6] request method=GET path=/api/animals status=500 duration_ms=36.68
2026-10-04 15:23:40,060 ERROR goatfarm [0a817bf8a1984d64b275db7fade5a1f6] unhandled error on GET /api/animals
Traceback (most recent call last):
  File "/Users/pradeepreddy/Desktop/goat-farm-management-main/backend/.venv/lib/python3.13/site-packages/starlette/middleware/errors.py", line 164, in __call__
    await self.app(scope, receive, _send)
  File "/Users/pradeepreddy/Desktop/goat-farm-management-main/backend/.venv/lib/python3.13/site-packages/starlette/middleware/base.py", line 193, in __call__
    response = await self.dispatch_func(request, call_next)
               ^^^^^^^^^^^^^^^^^^^^^^^^^^^^^^^^^^^^^^^^^^^^
  File "/Users/pradeepreddy/Desktop/goat-farm-management-main/backend/app/main.py", line 1345, in request_id_middleware
    response = await call_next(request)
               ^^^^^^^^^^^^^^^^^^^^^^^^
  File "/Users/pradeepreddy/Desktop/goat-farm-management-main/backend/.venv/lib/python3.13/site-packages/starlette/middleware/base.py", line 168, in call_next
    raise app_exc from app_exc.__cause__ or app_exc.__context__
  File "/Users/pradeepreddy/Desktop/goat-farm-management-main/backend/.venv/lib/python3.13/site-packages/starlette/middleware/base.py", line 144, in coro
    await self.app(scope, receive_or_disconnect, send_no_error)
  File "/Users/pradeepreddy/Desktop/goat-farm-management-main/backend/.venv/lib/python3.13/site-packages/starlette/middleware/trustedhost.py", line 51, in __call__
    await self.app(scope, receive, send)
  File "/Users/pradeepreddy/Desktop/goat-farm-management-main/backend/.venv/lib/python3.13/site-packages/starlette/middleware/cors.py", line 88, in __call__
    await self.app(scope, receive, send)
  File "/Users/pradeepreddy/Desktop/goat-farm-management-main/backend/app/main.py", line 184, in __call__
    await self.app(scope, limited_receive, send)
  File "/Users/pradeepreddy/Desktop/goat-farm-management-main/backend/.venv/lib/python3.13/site-packages/starlette/middleware/exceptions.py", line 63, in __call__
    await wrap_app_handling_exceptions(self.app, conn)(scope, receive, send)
  File "/Users/pradeepreddy/Desktop/goat-farm-management-main/backend/.venv/lib/python3.13/site-packages/starlette/_exception_handler.py", line 53, in wrapped_app
    raise exc
  File "/Users/pradeepreddy/Desktop/goat-farm-management-main/backend/.venv/lib/python3.13/site-packages/starlette/_exception_handler.py", line 42, in wrapped_app
    await app(scope, receive, sender)
  File "/Users/pradeepreddy/Desktop/goat-farm-management-main/backend/.venv/lib/python3.13/site-packages/fastapi/middleware/asyncexitstack.py", line 18, in __call__
    await self.app(scope, receive, send)
  File "/Users/pradeepreddy/Desktop/goat-farm-management-main/backend/.venv/lib/python3.13/site-packages/starlette/routing.py", line 660, in __call__
    await self.middleware_stack(scope, receive, send)
  File "/Users/pradeepreddy/Desktop/goat-farm-management-main/backend/.venv/lib/python3.13/site-packages/fastapi/routing.py", line 2734, in app
    await route.handle(scope, receive, send)
  File "/Users/pradeepreddy/Desktop/goat-farm-management-main/backend/.venv/lib/python3.13/site-packages/fastapi/routing.py", line 1780, in handle
    await self.original_router.handle(scope, receive, send)
  File "/Users/pradeepreddy/Desktop/goat-farm-management-main/backend/.venv/lib/python3.13/site-packages/fastapi/routing.py", line 2789, in handle
    await included_router._handle_selected(scope, receive, send)
  File "/Users/pradeepreddy/Desktop/goat-farm-management-main/backend/.venv/lib/python3.13/site-packages/fastapi/routing.py", line 1800, in _handle_selected
    await original_route.handle(scope, receive, send)
  File "/Users/pradeepreddy/Desktop/goat-farm-management-main/backend/.venv/lib/python3.13/site-packages/fastapi/routing.py", line 1279, in handle
    await app(scope, receive, send)
  File "/Users/pradeepreddy/Desktop/goat-farm-management-main/backend/.venv/lib/python3.13/site-packages/fastapi/routing.py", line 158, in app
    await wrap_app_handling_exceptions(app, request)(scope, receive, send)
  File "/Users/pradeepreddy/Desktop/goat-farm-management-main/backend/.venv/lib/python3.13/site-packages/starlette/_exception_handler.py", line 53, in wrapped_app
    raise exc
  File "/Users/pradeepreddy/Desktop/goat-farm-management-main/backend/.venv/lib/python3.13/site-packages/starlette/_exception_handler.py", line 42, in wrapped_app
    await app(scope, receive, sender)
  File "/Users/pradeepreddy/Desktop/goat-farm-management-main/backend/.venv/lib/python3.13/site-packages/fastapi/routing.py", line 144, in app
    response = await f(request)
               ^^^^^^^^^^^^^^^^
  File "/Users/pradeepreddy/Desktop/goat-farm-management-main/backend/.venv/lib/python3.13/site-packages/fastapi/routing.py", line 481, in app
    solved_result = await solve_dependencies(
                    ^^^^^^^^^^^^^^^^^^^^^^^^^
    ...<6 lines>...
    )
    ^
  File "/Users/pradeepreddy/Desktop/goat-farm-management-main/backend/.venv/lib/python3.13/site-packages/fastapi/dependencies/utils.py", line 674, in solve_dependencies
    solved = await call(**solved_result.values)
             ^^^^^^^^^^^^^^^^^^^^^^^^^^^^^^^^^^
  File "/Users/pradeepreddy/Desktop/goat-farm-management-main/backend/app/deps.py", line 718, in current_farm
    farm_id = int(x_farm_id)
ValueError: Exceeds the limit (4300 digits) for integer string conversion: value has 5000 digits; use sys.set_int_max_str_digits() to increase the limit
2026-10-04 15:23:40,064 INFO httpx [-] HTTP Request: GET http://test/api/animals "HTTP/1.1 500 Internal Server Error"
numeric_farm_header_digits=5000 status= 500
.2026-10-04 15:23:40,338 INFO goatfarm [3f7bc811e63a43d29f005f3f797169fb] request method=POST path=/api/auth/register status=201 duration_ms=135.63
2026-10-04 15:23:40,339 INFO httpx [-] HTTP Request: POST http://test/api/auth/register "HTTP/1.1 201 Created"
2026-10-04 15:23:40,349 INFO goatfarm [d70ef24c16a249ed8a903eedefe2c910] request method=POST path=/api/auth/logout-session status=204 duration_ms=6.15
2026-10-04 15:23:40,349 INFO httpx [-] HTTP Request: POST http://test/api/auth/logout-session "HTTP/1.1 204 No Content"
2026-10-04 15:23:40,352 INFO goatfarm [0b06b21e4da545f9a9e86bc2f3dd6074] request method=GET path=/api/auth/me status=401 duration_ms=2.65
2026-10-04 15:23:40,352 INFO httpx [-] HTTP Request: GET http://test/api/auth/me "HTTP/1.1 401 Unauthorized"
logout_session_status=204 revoked_access_status=401 security_event_delta= 0
.
2 passed in 3.34s
