WARNING:cachecontrol.controller:Cache entry deserialization failed, entry ignored
WARNING:cachecontrol.controller:Cache entry deserialization failed, entry ignored
WARNING:cachecontrol.controller:Cache entry deserialization failed, entry ignored
WARNING:cachecontrol.controller:Cache entry deserialization failed, entry ignored
WARNING:cachecontrol.controller:Cache entry deserialization failed, entry ignored
WARNING:cachecontrol.controller:Cache entry deserialization failed, entry ignored
WARNING:cachecontrol.controller:Cache entry deserialization failed, entry ignored
WARNING:cachecontrol.controller:Cache entry deserialization failed, entry ignored
WARNING:cachecontrol.controller:Cache entry deserialization failed, entry ignored
WARNING:cachecontrol.controller:Cache entry deserialization failed, entry ignored
WARNING:cachecontrol.controller:Cache entry deserialization failed, entry ignored
WARNING:cachecontrol.controller:Cache entry deserialization failed, entry ignored
WARNING:cachecontrol.controller:Cache entry deserialization failed, entry ignored
WARNING:cachecontrol.controller:Cache entry deserialization failed, entry ignored
WARNING:cachecontrol.controller:Cache entry deserialization failed, entry ignored
WARNING:cachecontrol.controller:Cache entry deserialization failed, entry ignored
WARNING:cachecontrol.controller:Cache entry deserialization failed, entry ignored
WARNING:cachecontrol.controller:Cache entry deserialization failed, entry ignored
WARNING:cachecontrol.controller:Cache entry deserialization failed, entry ignored
WARNING:cachecontrol.controller:Cache entry deserialization failed, entry ignored
WARNING:cachecontrol.controller:Cache entry deserialization failed, entry ignored
WARNING:cachecontrol.controller:Cache entry deserialization failed, entry ignored
WARNING:cachecontrol.controller:Cache entry deserialization failed, entry ignored
WARNING:cachecontrol.controller:Cache entry deserialization failed, entry ignored
WARNING:cachecontrol.controller:Cache entry deserialization failed, entry ignored
WARNING:cachecontrol.controller:Cache entry deserialization failed, entry ignored
WARNING:cachecontrol.controller:Cache entry deserialization failed, entry ignored
WARNING:cachecontrol.controller:Cache entry deserialization failed, entry ignored
WARNING:cachecontrol.controller:Cache entry deserialization failed, entry ignored
WARNING:cachecontrol.controller:Cache entry deserialization failed, entry ignored
WARNING:cachecontrol.controller:Cache entry deserialization failed, entry ignored
WARNING:cachecontrol.controller:Cache entry deserialization failed, entry ignored
WARNING:cachecontrol.controller:Cache entry deserialization failed, entry ignored
WARNING:cachecontrol.controller:Cache entry deserialization failed, entry ignored
WARNING:cachecontrol.controller:Cache entry deserialization failed, entry ignored
WARNING:cachecontrol.controller:Cache entry deserialization failed, entry ignored
WARNING:cachecontrol.controller:Cache entry deserialization failed, entry ignored
WARNING:cachecontrol.controller:Cache entry deserialization failed, entry ignored
WARNING:cachecontrol.controller:Cache entry deserialization failed, entry ignored
WARNING:cachecontrol.controller:Cache entry deserialization failed, entry ignored
WARNING:cachecontrol.controller:Cache entry deserialization failed, entry ignored
WARNING:cachecontrol.controller:Cache entry deserialization failed, entry ignored
WARNING:cachecontrol.controller:Cache entry deserialization failed, entry ignored
WARNING:cachecontrol.controller:Cache entry deserialization failed, entry ignored
WARNING:cachecontrol.controller:Cache entry deserialization failed, entry ignored
WARNING:cachecontrol.controller:Cache entry deserialization failed, entry ignored
WARNING:cachecontrol.controller:Cache entry deserialization failed, entry ignored
WARNING:cachecontrol.controller:Cache entry deserialization failed, entry ignored
WARNING:cachecontrol.controller:Cache entry deserialization failed, entry ignored
WARNING:cachecontrol.controller:Cache entry deserialization failed, entry ignored
WARNING:cachecontrol.controller:Cache entry deserialization failed, entry ignored
WARNING:cachecontrol.controller:Cache entry deserialization failed, entry ignored
WARNING:cachecontrol.controller:Cache entry deserialization failed, entry ignored
WARNING:cachecontrol.controller:Cache entry deserialization failed, entry ignored
WARNING:cachecontrol.controller:Cache entry deserialization failed, entry ignored
WARNING:cachecontrol.controller:Cache entry deserialization failed, entry ignored
WARNING:cachecontrol.controller:Cache entry deserialization failed, entry ignored
WARNING:cachecontrol.controller:Cache entry deserialization failed, entry ignored
WARNING:cachecontrol.controller:Cache entry deserialization failed, entry ignored
WARNING:cachecontrol.controller:Cache entry deserialization failed, entry ignored
WARNING:cachecontrol.controller:Cache entry deserialization failed, entry ignored
WARNING:cachecontrol.controller:Cache entry deserialization failed, entry ignored
WARNING:cachecontrol.controller:Cache entry deserialization failed, entry ignored
WARNING:cachecontrol.controller:Cache entry deserialization failed, entry ignored
WARNING:cachecontrol.controller:Cache entry deserialization failed, entry ignored
WARNING:cachecontrol.controller:Cache entry deserialization failed, entry ignored
WARNING:cachecontrol.controller:Cache entry deserialization failed, entry ignored
WARNING:cachecontrol.controller:Cache entry deserialization failed, entry ignored
WARNING:cachecontrol.controller:Cache entry deserialization failed, entry ignored
WARNING:cachecontrol.controller:Cache entry deserialization failed, entry ignored
WARNING:cachecontrol.controller:Cache entry deserialization failed, entry ignored
WARNING:cachecontrol.controller:Cache entry deserialization failed, entry ignored
WARNING:cachecontrol.controller:Cache entry deserialization failed, entry ignored
WARNING:cachecontrol.controller:Cache entry deserialization failed, entry ignored
WARNING:cachecontrol.controller:Cache entry deserialization failed, entry ignored
WARNING:cachecontrol.controller:Cache entry deserialization failed, entry ignored
WARNING:cachecontrol.controller:Cache entry deserialization failed, entry ignored
WARNING:cachecontrol.controller:Cache entry deserialization failed, entry ignored
WARNING:cachecontrol.controller:Cache entry deserialization failed, entry ignored
WARNING:cachecontrol.controller:Cache entry deserialization failed, entry ignored
WARNING:cachecontrol.controller:Cache entry deserialization failed, entry ignored
WARNING:cachecontrol.controller:Cache entry deserialization failed, entry ignored
WARNING:cachecontrol.controller:Cache entry deserialization failed, entry ignored
WARNING:cachecontrol.controller:Cache entry deserialization failed, entry ignored
WARNING:cachecontrol.controller:Cache entry deserialization failed, entry ignored
WARNING:cachecontrol.controller:Cache entry deserialization failed, entry ignored
WARNING:cachecontrol.controller:Cache entry deserialization failed, entry ignored
WARNING:cachecontrol.controller:Cache entry deserialization failed, entry ignored
WARNING:cachecontrol.controller:Cache entry deserialization failed, entry ignored
WARNING:cachecontrol.controller:Cache entry deserialization failed, entry ignored
WARNING:cachecontrol.controller:Cache entry deserialization failed, entry ignored
WARNING:cachecontrol.controller:Cache entry deserialization failed, entry ignored
WARNING:cachecontrol.controller:Cache entry deserialization failed, entry ignored
WARNING:cachecontrol.controller:Cache entry deserialization failed, entry ignored
WARNING:cachecontrol.controller:Cache entry deserialization failed, entry ignored
WARNING:cachecontrol.controller:Cache entry deserialization failed, entry ignored
WARNING:cachecontrol.controller:Cache entry deserialization failed, entry ignored
WARNING:cachecontrol.controller:Cache entry deserialization failed, entry ignored
WARNING:cachecontrol.controller:Cache entry deserialization failed, entry ignored
WARNING:cachecontrol.controller:Cache entry deserialization failed, entry ignored
WARNING:cachecontrol.controller:Cache entry deserialization failed, entry ignored
WARNING:cachecontrol.controller:Cache entry deserialization failed, entry ignored
WARNING:cachecontrol.controller:Cache entry deserialization failed, entry ignored
WARNING:cachecontrol.controller:Cache entry deserialization failed, entry ignored
WARNING:cachecontrol.controller:Cache entry deserialization failed, entry ignored
WARNING:cachecontrol.controller:Cache entry deserialization failed, entry ignored
WARNING:cachecontrol.controller:Cache entry deserialization failed, entry ignored
WARNING:cachecontrol.controller:Cache entry deserialization failed, entry ignored
WARNING:cachecontrol.controller:Cache entry deserialization failed, entry ignored
WARNING:cachecontrol.controller:Cache entry deserialization failed, entry ignored
WARNING:cachecontrol.controller:Cache entry deserialization failed, entry ignored
WARNING:cachecontrol.controller:Cache entry deserialization failed, entry ignored
WARNING:cachecontrol.controller:Cache entry deserialization failed, entry ignored
WARNING:cachecontrol.controller:Cache entry deserialization failed, entry ignored
Found 13 known vulnerabilities in 1 package
Name  Version ID              Fix Versions
----- ------- --------------- ------------
pyjwt 2.13.0  PYSEC-2026-4145 2.14.0
pyjwt 2.13.0  PYSEC-2026-4146
pyjwt 2.13.0  PYSEC-2026-4149 2.14.0
pyjwt 2.13.0  PYSEC-2026-4152 2.14.0
pyjwt 2.13.0  PYSEC-2026-4144 2.14.0
pyjwt 2.13.0  PYSEC-2026-4143 2.14.0
pyjwt 2.13.0  PYSEC-2026-4148 2.14.0
pyjwt 2.13.0  PYSEC-2026-4140 2.14.0
pyjwt 2.13.0  PYSEC-2026-4141 2.15.0
pyjwt 2.13.0  PYSEC-2026-4147 2.14.0
pyjwt 2.13.0  PYSEC-2026-4151 2.14.0
pyjwt 2.13.0  PYSEC-2026-4150 2.14.0
pyjwt 2.13.0  PYSEC-2026-4142 2.14.0
