(node:51081) [DEP0169] DeprecationWarning: `url.parse()` behavior is not standardized and prone to errors that have security implications. Use the WHATWG URL API instead. CVEs are not issued for `url.parse()` vulnerabilities.
(Use `node --trace-deprecation ...` to show where the warning was created)
┌─────────────────────┬────────────────────────────────────────────────────────┐
│ critical            │ Next.js: Remote Code Execution in next/og              │
│                     │ ImageResponse                                          │
├─────────────────────┼────────────────────────────────────────────────────────┤
│ Package             │ next                                                   │
├─────────────────────┼────────────────────────────────────────────────────────┤
│ Vulnerable versions │ >=16.2.0 <16.3.6                                       │
├─────────────────────┼────────────────────────────────────────────────────────┤
│ Patched versions    │ >=16.3.6                                               │
├─────────────────────┼────────────────────────────────────────────────────────┤
│ Paths               │ . > next@16.3.3                                        │
├─────────────────────┼────────────────────────────────────────────────────────┤
│ More info           │ https://github.com/advisories/GHSA-vcvr-r3jv-pc5j      │
└─────────────────────┴────────────────────────────────────────────────────────┘
┌─────────────────────┬────────────────────────────────────────────────────────┐
│ high                │ undici vulnerable to Denial of Service via unrequested │
│                     │ WebSocket subprotocol                                  │
├─────────────────────┼────────────────────────────────────────────────────────┤
│ Package             │ undici                                                 │
├─────────────────────┼────────────────────────────────────────────────────────┤
│ Vulnerable versions │ >=8.0.0 <8.10.2                                        │
├─────────────────────┼────────────────────────────────────────────────────────┤
│ Patched versions    │ >=8.10.2                                               │
├─────────────────────┼────────────────────────────────────────────────────────┤
│ Paths               │ . > @vitest/coverage-v8@4.1.11 > vitest@4.1.11 >       │
│                     │ jsdom@30.0.1 > undici@8.10.0                           │
│                     │                                                        │
│                     │ . > jsdom@30.0.1 > undici@8.10.0                       │
│                     │                                                        │
│                     │ . > vitest@4.1.11 > jsdom@30.0.1 > undici@8.10.0       │
├─────────────────────┼────────────────────────────────────────────────────────┤
│ More info           │ https://github.com/advisories/GHSA-rfgv-xxqx-mfg5      │
└─────────────────────┴────────────────────────────────────────────────────────┘
┌─────────────────────┬────────────────────────────────────────────────────────┐
│ high                │ undici vulnerable to Denial of Service via unrequested │
│                     │ WebSocket subprotocol                                  │
├─────────────────────┼────────────────────────────────────────────────────────┤
│ Package             │ undici                                                 │
├─────────────────────┼────────────────────────────────────────────────────────┤
│ Vulnerable versions │ >=7.0.0 <7.29.1                                        │
├─────────────────────┼────────────────────────────────────────────────────────┤
│ Patched versions    │ >=7.29.1                                               │
├─────────────────────┼────────────────────────────────────────────────────────┤
│ Paths               │ . > shadcn@4.16.1 > @dotenvx/dotenvx@1.75.1 >          │
│                     │ undici@7.29.0                                          │
│                     │                                                        │
│                     │ . > shadcn@4.16.1 > undici@7.29.0                      │
├─────────────────────┼────────────────────────────────────────────────────────┤
│ More info           │ https://github.com/advisories/GHSA-rfgv-xxqx-mfg5      │
└─────────────────────┴────────────────────────────────────────────────────────┘
┌─────────────────────┬────────────────────────────────────────────────────────┐
│ high                │ undici vulnerable to TLS certificate validation bypass │
│                     │ via dropped connect options in BalancedPool            │
├─────────────────────┼────────────────────────────────────────────────────────┤
│ Package             │ undici                                                 │
├─────────────────────┼────────────────────────────────────────────────────────┤
│ Vulnerable versions │ >=8.0.0 <8.10.2                                        │
├─────────────────────┼────────────────────────────────────────────────────────┤
│ Patched versions    │ >=8.10.2                                               │
├─────────────────────┼────────────────────────────────────────────────────────┤
│ Paths               │ . > @vitest/coverage-v8@4.1.11 > vitest@4.1.11 >       │
│                     │ jsdom@30.0.1 > undici@8.10.0                           │
│                     │                                                        │
│                     │ . > jsdom@30.0.1 > undici@8.10.0                       │
│                     │                                                        │
│                     │ . > vitest@4.1.11 > jsdom@30.0.1 > undici@8.10.0       │
├─────────────────────┼────────────────────────────────────────────────────────┤
│ More info           │ https://github.com/advisories/GHSA-w293-vg96-wgc3      │
└─────────────────────┴────────────────────────────────────────────────────────┘
┌─────────────────────┬────────────────────────────────────────────────────────┐
│ high                │ undici vulnerable to TLS certificate validation bypass │
│                     │ via dropped connect options in BalancedPool            │
├─────────────────────┼────────────────────────────────────────────────────────┤
│ Package             │ undici                                                 │
├─────────────────────┼────────────────────────────────────────────────────────┤
│ Vulnerable versions │ >=7.24.1 <7.29.1                                       │
├─────────────────────┼────────────────────────────────────────────────────────┤
│ Patched versions    │ >=7.29.1                                               │
├─────────────────────┼────────────────────────────────────────────────────────┤
│ Paths               │ . > shadcn@4.16.1 > @dotenvx/dotenvx@1.75.1 >          │
│                     │ undici@7.29.0                                          │
│                     │                                                        │
│                     │ . > shadcn@4.16.1 > undici@7.29.0                      │
├─────────────────────┼────────────────────────────────────────────────────────┤
│ More info           │ https://github.com/advisories/GHSA-w293-vg96-wgc3      │
└─────────────────────┴────────────────────────────────────────────────────────┘
┌─────────────────────┬────────────────────────────────────────────────────────┐
│ high                │ undici vulnerable to cross-origin cache poisoning via  │
│                     │ missing origin isolation in interceptors               │
├─────────────────────┼────────────────────────────────────────────────────────┤
│ Package             │ undici                                                 │
├─────────────────────┼────────────────────────────────────────────────────────┤
│ Vulnerable versions │ >=8.10.0 <8.10.2                                       │
├─────────────────────┼────────────────────────────────────────────────────────┤
│ Patched versions    │ >=8.10.2                                               │
├─────────────────────┼────────────────────────────────────────────────────────┤
│ Paths               │ . > @vitest/coverage-v8@4.1.11 > vitest@4.1.11 >       │
│                     │ jsdom@30.0.1 > undici@8.10.0                           │
│                     │                                                        │
│                     │ . > jsdom@30.0.1 > undici@8.10.0                       │
│                     │                                                        │
│                     │ . > vitest@4.1.11 > jsdom@30.0.1 > undici@8.10.0       │
├─────────────────────┼────────────────────────────────────────────────────────┤
│ More info           │ https://github.com/advisories/GHSA-vp8m-p9jh-q5pm      │
└─────────────────────┴────────────────────────────────────────────────────────┘
┌─────────────────────┬────────────────────────────────────────────────────────┐
│ high                │ brace-expansion: DoS via uncontrolled recursion on     │
│                     │ nested brace groups causing stack exhaustion           │
├─────────────────────┼────────────────────────────────────────────────────────┤
│ Package             │ brace-expansion                                        │
├─────────────────────┼────────────────────────────────────────────────────────┤
│ Vulnerable versions │ <1.1.20                                                │
├─────────────────────┼────────────────────────────────────────────────────────┤
│ Patched versions    │ >=1.1.20                                               │
├─────────────────────┼────────────────────────────────────────────────────────┤
│ Paths               │ . > eslint@9.39.5 > @eslint/config-array@0.21.2 >      │
│                     │ minimatch@3.1.5 > brace-expansion@1.1.18               │
│                     │                                                        │
│                     │ . > eslint@9.39.5 > @eslint/eslintrc@3.3.6 >           │
│                     │ minimatch@3.1.5 > brace-expansion@1.1.18               │
│                     │                                                        │
│                     │ . > eslint@9.39.5 > minimatch@3.1.5 >                  │
│                     │ brace-expansion@1.1.18                                 │
│                     │                                                        │
│                     │ ... Found 73 paths, run `pnpm why brace-expansion` for │
│                     │ more information                                       │
├─────────────────────┼────────────────────────────────────────────────────────┤
│ More info           │ https://github.com/advisories/GHSA-qhr7-859c-m2p7      │
└─────────────────────┴────────────────────────────────────────────────────────┘
┌─────────────────────┬────────────────────────────────────────────────────────┐
│ high                │ brace-expansion: DoS via uncontrolled recursion on     │
│                     │ nested brace groups causing stack exhaustion           │
├─────────────────────┼────────────────────────────────────────────────────────┤
│ Package             │ brace-expansion                                        │
├─────────────────────┼────────────────────────────────────────────────────────┤
│ Vulnerable versions │ >=4.0.0 <5.0.11                                        │
├─────────────────────┼────────────────────────────────────────────────────────┤
│ Patched versions    │ >=5.0.11                                               │
├─────────────────────┼────────────────────────────────────────────────────────┤
│ Paths               │ . > eslint-config-next@16.3.0 >                        │
│                     │ eslint-import-resolver-typescript@3.10.1 >             │
│                     │ eslint-plugin-import@2.32.0 >                          │
│                     │ eslint-module-utils@2.14.0 >                           │
│                     │ @typescript-eslint/parser@8.66.0 >                     │
│                     │ @typescript-eslint/typescript-estree@8.66.0 >          │
│                     │ minimatch@10.2.6 > brace-expansion@5.0.9               │
│                     │                                                        │
│                     │ . > eslint-config-next@16.3.0 >                        │
│                     │ eslint-import-resolver-typescript@3.10.1 >             │
│                     │ eslint-plugin-import@2.32.0 >                          │
│                     │ @typescript-eslint/parser@8.66.0 >                     │
│                     │ @typescript-eslint/typescript-estree@8.66.0 >          │
│                     │ minimatch@10.2.6 > brace-expansion@5.0.9               │
│                     │                                                        │
│                     │ . > eslint-config-next@16.3.0 >                        │
│                     │ eslint-plugin-import@2.32.0 >                          │
│                     │ eslint-module-utils@2.14.0 >                           │
│                     │ @typescript-eslint/parser@8.66.0 >                     │
│                     │ @typescript-eslint/typescript-estree@8.66.0 >          │
│                     │ minimatch@10.2.6 > brace-expansion@5.0.9               │
│                     │                                                        │
│                     │ ... Found 32 paths, run `pnpm why brace-expansion` for │
│                     │ more information                                       │
├─────────────────────┼────────────────────────────────────────────────────────┤
│ More info           │ https://github.com/advisories/GHSA-qhr7-859c-m2p7      │
└─────────────────────┴────────────────────────────────────────────────────────┘
┌─────────────────────┬────────────────────────────────────────────────────────┐
│ high                │ brace-expansion: DoS via uncontrolled recursion in     │
│                     │ parseCommaParts causing stack exhaustion               │
├─────────────────────┼────────────────────────────────────────────────────────┤
│ Package             │ brace-expansion                                        │
├─────────────────────┼────────────────────────────────────────────────────────┤
│ Vulnerable versions │ <1.1.19                                                │
├─────────────────────┼────────────────────────────────────────────────────────┤
│ Patched versions    │ >=1.1.19                                               │
├─────────────────────┼────────────────────────────────────────────────────────┤
│ Paths               │ . > eslint@9.39.5 > @eslint/config-array@0.21.2 >      │
│                     │ minimatch@3.1.5 > brace-expansion@1.1.18               │
│                     │                                                        │
│                     │ . > eslint@9.39.5 > @eslint/eslintrc@3.3.6 >           │
│                     │ minimatch@3.1.5 > brace-expansion@1.1.18               │
│                     │                                                        │
│                     │ . > eslint@9.39.5 > minimatch@3.1.5 >                  │
│                     │ brace-expansion@1.1.18                                 │
│                     │                                                        │
│                     │ ... Found 73 paths, run `pnpm why brace-expansion` for │
│                     │ more information                                       │
├─────────────────────┼────────────────────────────────────────────────────────┤
│ More info           │ https://github.com/advisories/GHSA-6j4f-fj2g-mc7p      │
└─────────────────────┴────────────────────────────────────────────────────────┘
┌─────────────────────┬────────────────────────────────────────────────────────┐
│ high                │ brace-expansion: DoS via uncontrolled recursion in     │
│                     │ parseCommaParts causing stack exhaustion               │
├─────────────────────┼────────────────────────────────────────────────────────┤
│ Package             │ brace-expansion                                        │
├─────────────────────┼────────────────────────────────────────────────────────┤
│ Vulnerable versions │ >=4.0.0 <5.0.10                                        │
├─────────────────────┼────────────────────────────────────────────────────────┤
│ Patched versions    │ >=5.0.10                                               │
├─────────────────────┼────────────────────────────────────────────────────────┤
│ Paths               │ . > eslint-config-next@16.3.0 >                        │
│                     │ eslint-import-resolver-typescript@3.10.1 >             │
│                     │ eslint-plugin-import@2.32.0 >                          │
│                     │ eslint-module-utils@2.14.0 >                           │
│                     │ @typescript-eslint/parser@8.66.0 >                     │
│                     │ @typescript-eslint/typescript-estree@8.66.0 >          │
│                     │ minimatch@10.2.6 > brace-expansion@5.0.9               │
│                     │                                                        │
│                     │ . > eslint-config-next@16.3.0 >                        │
│                     │ eslint-import-resolver-typescript@3.10.1 >             │
│                     │ eslint-plugin-import@2.32.0 >                          │
│                     │ @typescript-eslint/parser@8.66.0 >                     │
│                     │ @typescript-eslint/typescript-estree@8.66.0 >          │
│                     │ minimatch@10.2.6 > brace-expansion@5.0.9               │
│                     │                                                        │
│                     │ . > eslint-config-next@16.3.0 >                        │
│                     │ eslint-plugin-import@2.32.0 >                          │
│                     │ eslint-module-utils@2.14.0 >                           │
│                     │ @typescript-eslint/parser@8.66.0 >                     │
│                     │ @typescript-eslint/typescript-estree@8.66.0 >          │
│                     │ minimatch@10.2.6 > brace-expansion@5.0.9               │
│                     │                                                        │
│                     │ ... Found 32 paths, run `pnpm why brace-expansion` for │
│                     │ more information                                       │
├─────────────────────┼────────────────────────────────────────────────────────┤
│ More info           │ https://github.com/advisories/GHSA-6j4f-fj2g-mc7p      │
└─────────────────────┴────────────────────────────────────────────────────────┘
┌─────────────────────┬────────────────────────────────────────────────────────┐
│ high                │ braces vulnerable to stack-exhaustion denial of        │
│                     │ service through deeply nested patterns                 │
├─────────────────────┼────────────────────────────────────────────────────────┤
│ Package             │ braces                                                 │
├─────────────────────┼────────────────────────────────────────────────────────┤
│ Vulnerable versions │ <=3.0.3                                                │
├─────────────────────┼────────────────────────────────────────────────────────┤
│ Patched versions    │ <0.0.0                                                 │
├─────────────────────┼────────────────────────────────────────────────────────┤
│ Paths               │ . > eslint-config-next@16.3.0 >                        │
│                     │ @next/eslint-plugin-next@16.3.0 > fast-glob@3.3.1 >    │
│                     │ micromatch@4.0.8 > braces@3.0.3                        │
│                     │                                                        │
│                     │ . > shadcn@4.16.1 > fast-glob@3.3.3 > micromatch@4.0.8 │
│                     │ > braces@3.0.3                                         │
│                     │                                                        │
│                     │ . > shadcn@4.16.1 > ts-morph@26.0.0 >                  │
│                     │ @ts-morph/common@0.27.0 > fast-glob@3.3.3 >            │
│                     │ micromatch@4.0.8 > braces@3.0.3                        │
├─────────────────────┼────────────────────────────────────────────────────────┤
│ More info           │ https://github.com/advisories/GHSA-vfj7-8cjw-p6xm      │
└─────────────────────┴────────────────────────────────────────────────────────┘
┌─────────────────────┬────────────────────────────────────────────────────────┐
│ moderate            │ undici vulnerable to Denial of Service via unhandled   │
│                     │ error in WebSocket permessage-deflate decompression    │
├─────────────────────┼────────────────────────────────────────────────────────┤
│ Package             │ undici                                                 │
├─────────────────────┼────────────────────────────────────────────────────────┤
│ Vulnerable versions │ >=8.1.0 <8.10.2                                        │
├─────────────────────┼────────────────────────────────────────────────────────┤
│ Patched versions    │ >=8.10.2                                               │
├─────────────────────┼────────────────────────────────────────────────────────┤
│ Paths               │ . > @vitest/coverage-v8@4.1.11 > vitest@4.1.11 >       │
│                     │ jsdom@30.0.1 > undici@8.10.0                           │
│                     │                                                        │
│                     │ . > jsdom@30.0.1 > undici@8.10.0                       │
│                     │                                                        │
│                     │ . > vitest@4.1.11 > jsdom@30.0.1 > undici@8.10.0       │
├─────────────────────┼────────────────────────────────────────────────────────┤
│ More info           │ https://github.com/advisories/GHSA-3wwx-pv8p-q78v      │
└─────────────────────┴────────────────────────────────────────────────────────┘
┌─────────────────────┬────────────────────────────────────────────────────────┐
│ moderate            │ undici vulnerable to Denial of Service via unhandled   │
│                     │ error in WebSocket permessage-deflate decompression    │
├─────────────────────┼────────────────────────────────────────────────────────┤
│ Package             │ undici                                                 │
├─────────────────────┼────────────────────────────────────────────────────────┤
│ Vulnerable versions │ >=7.28.0 <7.29.1                                       │
├─────────────────────┼────────────────────────────────────────────────────────┤
│ Patched versions    │ >=7.29.1                                               │
├─────────────────────┼────────────────────────────────────────────────────────┤
│ Paths               │ . > shadcn@4.16.1 > @dotenvx/dotenvx@1.75.1 >          │
│                     │ undici@7.29.0                                          │
│                     │                                                        │
│                     │ . > shadcn@4.16.1 > undici@7.29.0                      │
├─────────────────────┼────────────────────────────────────────────────────────┤
│ More info           │ https://github.com/advisories/GHSA-3wwx-pv8p-q78v      │
└─────────────────────┴────────────────────────────────────────────────────────┘
┌─────────────────────┬────────────────────────────────────────────────────────┐
│ moderate            │ ip-address: Address6.isLinkLocal() recognizes          │
│                     │ fe80::/64 rather than fe80::/10, allowing SSRF and     │
│                     │ trust-boundary bypass to on-link hosts                 │
├─────────────────────┼────────────────────────────────────────────────────────┤
│ Package             │ ip-address                                             │
├─────────────────────┼────────────────────────────────────────────────────────┤
│ Vulnerable versions │ <=10.5.0                                               │
├─────────────────────┼────────────────────────────────────────────────────────┤
│ Patched versions    │ >=10.5.1                                               │
├─────────────────────┼────────────────────────────────────────────────────────┤
│ Paths               │ . > shadcn@4.16.1 > @modelcontextprotocol/sdk@1.30.0 > │
│                     │ express-rate-limit@8.6.2 > ip-address@10.4.0           │
├─────────────────────┼────────────────────────────────────────────────────────┤
│ More info           │ https://github.com/advisories/GHSA-rpw4-54j3-4h4q      │
└─────────────────────┴────────────────────────────────────────────────────────┘
┌─────────────────────┬────────────────────────────────────────────────────────┐
│ moderate            │ ip-address: no classifier recognizes the NAT64         │
│                     │ local-use range 64:ff9b:1::/48, allowing SSRF and      │
│                     │ trust-boundary bypass                                  │
├─────────────────────┼────────────────────────────────────────────────────────┤
│ Package             │ ip-address                                             │
├─────────────────────┼────────────────────────────────────────────────────────┤
│ Vulnerable versions │ >=10.2.0 <=10.5.0                                      │
├─────────────────────┼────────────────────────────────────────────────────────┤
│ Patched versions    │ >=10.5.1                                               │
├─────────────────────┼────────────────────────────────────────────────────────┤
│ Paths               │ . > shadcn@4.16.1 > @modelcontextprotocol/sdk@1.30.0 > │
│                     │ express-rate-limit@8.6.2 > ip-address@10.4.0           │
├─────────────────────┼────────────────────────────────────────────────────────┤
│ More info           │ https://github.com/advisories/GHSA-2vr4-cq9g-pvrc      │
└─────────────────────┴────────────────────────────────────────────────────────┘
┌─────────────────────┬────────────────────────────────────────────────────────┐
│ moderate            │ markdown-it linkify: true has two quadratic paths, so  │
│                     │ a few hundred KB of markdown blocks the event loop for │
│                     │ tens of seconds                                        │
├─────────────────────┼────────────────────────────────────────────────────────┤
│ Package             │ markdown-it                                            │
├─────────────────────┼────────────────────────────────────────────────────────┤
│ Vulnerable versions │ <14.3.1                                                │
├─────────────────────┼────────────────────────────────────────────────────────┤
│ Patched versions    │ >=14.3.1                                               │
├─────────────────────┼────────────────────────────────────────────────────────┤
│ Paths               │ . > orval@8.23.0 > @orval/angular@8.23.0 >             │
│                     │ @orval/core@8.23.0 > typedoc@0.28.20 >                 │
│                     │ markdown-it@14.3.0                                     │
│                     │                                                        │
│                     │ . > orval@8.23.0 > @orval/axios@8.23.0 >               │
│                     │ @orval/core@8.23.0 > typedoc@0.28.20 >                 │
│                     │ markdown-it@14.3.0                                     │
│                     │                                                        │
│                     │ . > orval@8.23.0 > @orval/core@8.23.0 >                │
│                     │ typedoc@0.28.20 > markdown-it@14.3.0                   │
│                     │                                                        │
│                     │ ... Found 20 paths, run `pnpm why markdown-it` for     │
│                     │ more information                                       │
├─────────────────────┼────────────────────────────────────────────────────────┤
│ More info           │ https://github.com/advisories/GHSA-253c-mchw-3w2r      │
└─────────────────────┴────────────────────────────────────────────────────────┘
┌─────────────────────┬────────────────────────────────────────────────────────┐
│ moderate            │ undici vulnerable to Denial of Service via orphaned    │
│                     │ RetryHandler response body                             │
├─────────────────────┼────────────────────────────────────────────────────────┤
│ Package             │ undici                                                 │
├─────────────────────┼────────────────────────────────────────────────────────┤
│ Vulnerable versions │ >=8.0.0 <8.10.2                                        │
├─────────────────────┼────────────────────────────────────────────────────────┤
│ Patched versions    │ >=8.10.2                                               │
├─────────────────────┼────────────────────────────────────────────────────────┤
│ Paths               │ . > @vitest/coverage-v8@4.1.11 > vitest@4.1.11 >       │
│                     │ jsdom@30.0.1 > undici@8.10.0                           │
│                     │                                                        │
│                     │ . > jsdom@30.0.1 > undici@8.10.0                       │
│                     │                                                        │
│                     │ . > vitest@4.1.11 > jsdom@30.0.1 > undici@8.10.0       │
├─────────────────────┼────────────────────────────────────────────────────────┤
│ More info           │ https://github.com/advisories/GHSA-pmjh-fq2x-6v4x      │
└─────────────────────┴────────────────────────────────────────────────────────┘
┌─────────────────────┬────────────────────────────────────────────────────────┐
│ moderate            │ undici vulnerable to Denial of Service via orphaned    │
│                     │ RetryHandler response body                             │
├─────────────────────┼────────────────────────────────────────────────────────┤
│ Package             │ undici                                                 │
├─────────────────────┼────────────────────────────────────────────────────────┤
│ Vulnerable versions │ >=7.11.0 <7.29.1                                       │
├─────────────────────┼────────────────────────────────────────────────────────┤
│ Patched versions    │ >=7.29.1                                               │
├─────────────────────┼────────────────────────────────────────────────────────┤
│ Paths               │ . > shadcn@4.16.1 > @dotenvx/dotenvx@1.75.1 >          │
│                     │ undici@7.29.0                                          │
│                     │                                                        │
│                     │ . > shadcn@4.16.1 > undici@7.29.0                      │
├─────────────────────┼────────────────────────────────────────────────────────┤
│ More info           │ https://github.com/advisories/GHSA-pmjh-fq2x-6v4x      │
└─────────────────────┴────────────────────────────────────────────────────────┘
┌─────────────────────┬────────────────────────────────────────────────────────┐
│ moderate            │ undici vulnerable to Denial of Service via unbounded   │
│                     │ decompression of compressed responses                  │
├─────────────────────┼────────────────────────────────────────────────────────┤
│ Package             │ undici                                                 │
├─────────────────────┼────────────────────────────────────────────────────────┤
│ Vulnerable versions │ >=8.0.0 <8.10.2                                        │
├─────────────────────┼────────────────────────────────────────────────────────┤
│ Patched versions    │ >=8.10.2                                               │
├─────────────────────┼────────────────────────────────────────────────────────┤
│ Paths               │ . > @vitest/coverage-v8@4.1.11 > vitest@4.1.11 >       │
│                     │ jsdom@30.0.1 > undici@8.10.0                           │
│                     │                                                        │
│                     │ . > jsdom@30.0.1 > undici@8.10.0                       │
│                     │                                                        │
│                     │ . > vitest@4.1.11 > jsdom@30.0.1 > undici@8.10.0       │
├─────────────────────┼────────────────────────────────────────────────────────┤
│ More info           │ https://github.com/advisories/GHSA-3xpg-4rpp-hhhm      │
└─────────────────────┴────────────────────────────────────────────────────────┘
┌─────────────────────┬────────────────────────────────────────────────────────┐
│ moderate            │ undici vulnerable to Denial of Service via unbounded   │
│                     │ decompression of compressed responses                  │
├─────────────────────┼────────────────────────────────────────────────────────┤
│ Package             │ undici                                                 │
├─────────────────────┼────────────────────────────────────────────────────────┤
│ Vulnerable versions │ >=7.15.0 <7.29.1                                       │
├─────────────────────┼────────────────────────────────────────────────────────┤
│ Patched versions    │ >=7.29.1                                               │
├─────────────────────┼────────────────────────────────────────────────────────┤
│ Paths               │ . > shadcn@4.16.1 > @dotenvx/dotenvx@1.75.1 >          │
│                     │ undici@7.29.0                                          │
│                     │                                                        │
│                     │ . > shadcn@4.16.1 > undici@7.29.0                      │
├─────────────────────┼────────────────────────────────────────────────────────┤
│ More info           │ https://github.com/advisories/GHSA-3xpg-4rpp-hhhm      │
└─────────────────────┴────────────────────────────────────────────────────────┘
┌─────────────────────┬────────────────────────────────────────────────────────┐
│ moderate            │ undici vulnerable to cross-user cookie disclosure via  │
│                     │ Set-Cookie caching in shared caches                    │
├─────────────────────┼────────────────────────────────────────────────────────┤
│ Package             │ undici                                                 │
├─────────────────────┼────────────────────────────────────────────────────────┤
│ Vulnerable versions │ >=8.0.0 <8.10.2                                        │
├─────────────────────┼────────────────────────────────────────────────────────┤
│ Patched versions    │ >=8.10.2                                               │
├─────────────────────┼────────────────────────────────────────────────────────┤
│ Paths               │ . > @vitest/coverage-v8@4.1.11 > vitest@4.1.11 >       │
│                     │ jsdom@30.0.1 > undici@8.10.0                           │
│                     │                                                        │
│                     │ . > jsdom@30.0.1 > undici@8.10.0                       │
│                     │                                                        │
│                     │ . > vitest@4.1.11 > jsdom@30.0.1 > undici@8.10.0       │
├─────────────────────┼────────────────────────────────────────────────────────┤
│ More info           │ https://github.com/advisories/GHSA-2jfj-6hjv-fm6j      │
└─────────────────────┴────────────────────────────────────────────────────────┘
┌─────────────────────┬────────────────────────────────────────────────────────┐
│ moderate            │ undici vulnerable to cross-user cookie disclosure via  │
│                     │ Set-Cookie caching in shared caches                    │
├─────────────────────┼────────────────────────────────────────────────────────┤
│ Package             │ undici                                                 │
├─────────────────────┼────────────────────────────────────────────────────────┤
│ Vulnerable versions │ >=7.0.0 <7.29.1                                        │
├─────────────────────┼────────────────────────────────────────────────────────┤
│ Patched versions    │ >=7.29.1                                               │
├─────────────────────┼────────────────────────────────────────────────────────┤
│ Paths               │ . > shadcn@4.16.1 > @dotenvx/dotenvx@1.75.1 >          │
│                     │ undici@7.29.0                                          │
│                     │                                                        │
│                     │ . > shadcn@4.16.1 > undici@7.29.0                      │
├─────────────────────┼────────────────────────────────────────────────────────┤
│ More info           │ https://github.com/advisories/GHSA-2jfj-6hjv-fm6j      │
└─────────────────────┴────────────────────────────────────────────────────────┘
┌─────────────────────┬────────────────────────────────────────────────────────┐
│ moderate            │ undici vulnerable to Denial of Service via             │
│                     │ WebSocketStream unclean close                          │
├─────────────────────┼────────────────────────────────────────────────────────┤
│ Package             │ undici                                                 │
├─────────────────────┼────────────────────────────────────────────────────────┤
│ Vulnerable versions │ >=8.0.0 <8.10.2                                        │
├─────────────────────┼────────────────────────────────────────────────────────┤
│ Patched versions    │ >=8.10.2                                               │
├─────────────────────┼────────────────────────────────────────────────────────┤
│ Paths               │ . > @vitest/coverage-v8@4.1.11 > vitest@4.1.11 >       │
│                     │ jsdom@30.0.1 > undici@8.10.0                           │
│                     │                                                        │
│                     │ . > jsdom@30.0.1 > undici@8.10.0                       │
│                     │                                                        │
│                     │ . > vitest@4.1.11 > jsdom@30.0.1 > undici@8.10.0       │
├─────────────────────┼────────────────────────────────────────────────────────┤
│ More info           │ https://github.com/advisories/GHSA-rx4f-c7p8-82vq      │
└─────────────────────┴────────────────────────────────────────────────────────┘
┌─────────────────────┬────────────────────────────────────────────────────────┐
│ moderate            │ undici vulnerable to Denial of Service via             │
│                     │ WebSocketStream unclean close                          │
├─────────────────────┼────────────────────────────────────────────────────────┤
│ Package             │ undici                                                 │
├─────────────────────┼────────────────────────────────────────────────────────┤
│ Vulnerable versions │ >=7.0.0 <7.29.1                                        │
├─────────────────────┼────────────────────────────────────────────────────────┤
│ Patched versions    │ >=7.29.1                                               │
├─────────────────────┼────────────────────────────────────────────────────────┤
│ Paths               │ . > shadcn@4.16.1 > @dotenvx/dotenvx@1.75.1 >          │
│                     │ undici@7.29.0                                          │
│                     │                                                        │
│                     │ . > shadcn@4.16.1 > undici@7.29.0                      │
├─────────────────────┼────────────────────────────────────────────────────────┤
│ More info           │ https://github.com/advisories/GHSA-rx4f-c7p8-82vq      │
└─────────────────────┴────────────────────────────────────────────────────────┘
┌─────────────────────┬────────────────────────────────────────────────────────┐
│ moderate            │ fast-uri vulnerable to inconsistent host case          │
│                     │ normalization via percent-encoded octets               │
├─────────────────────┼────────────────────────────────────────────────────────┤
│ Package             │ fast-uri                                               │
├─────────────────────┼────────────────────────────────────────────────────────┤
│ Vulnerable versions │ >=4.0.0 <4.1.5                                         │
├─────────────────────┼────────────────────────────────────────────────────────┤
│ Patched versions    │ >=4.1.5                                                │
├─────────────────────┼────────────────────────────────────────────────────────┤
│ Paths               │ . > @hookform/resolvers@5.7.1 > ajv@8.20.0 >           │
│                     │ fast-uri@4.1.4                                         │
│                     │                                                        │
│                     │ . > @hookform/resolvers@5.7.1 > ajv-formats@2.1.1 >    │
│                     │ ajv@8.20.0 > fast-uri@4.1.4                            │
│                     │                                                        │
│                     │ . > orval@8.23.0 > @scalar/openapi-parser@0.28.11 >    │
│                     │ ajv@8.20.0 > fast-uri@4.1.4                            │
│                     │                                                        │
│                     │ ... Found 9 paths, run `pnpm why fast-uri` for more    │
│                     │ information                                            │
├─────────────────────┼────────────────────────────────────────────────────────┤
│ More info           │ https://github.com/advisories/GHSA-hrr3-gc8f-f4qj      │
└─────────────────────┴────────────────────────────────────────────────────────┘
┌─────────────────────┬────────────────────────────────────────────────────────┐
│ moderate            │ fast-uri vulnerable to mailto header injection via     │
│                     │ percent-encoded field-name desynchronization           │
├─────────────────────┼────────────────────────────────────────────────────────┤
│ Package             │ fast-uri                                               │
├─────────────────────┼────────────────────────────────────────────────────────┤
│ Vulnerable versions │ >=4.1.3 <4.1.5                                         │
├─────────────────────┼────────────────────────────────────────────────────────┤
│ Patched versions    │ >=4.1.5                                                │
├─────────────────────┼────────────────────────────────────────────────────────┤
│ Paths               │ . > @hookform/resolvers@5.7.1 > ajv@8.20.0 >           │
│                     │ fast-uri@4.1.4                                         │
│                     │                                                        │
│                     │ . > @hookform/resolvers@5.7.1 > ajv-formats@2.1.1 >    │
│                     │ ajv@8.20.0 > fast-uri@4.1.4                            │
│                     │                                                        │
│                     │ . > orval@8.23.0 > @scalar/openapi-parser@0.28.11 >    │
│                     │ ajv@8.20.0 > fast-uri@4.1.4                            │
│                     │                                                        │
│                     │ ... Found 9 paths, run `pnpm why fast-uri` for more    │
│                     │ information                                            │
├─────────────────────┼────────────────────────────────────────────────────────┤
│ More info           │ https://github.com/advisories/GHSA-jvvf-x445-j334      │
└─────────────────────┴────────────────────────────────────────────────────────┘
┌─────────────────────┬────────────────────────────────────────────────────────┐
│ moderate            │ ip-address: isInSubnet() and isHostInSubnet() compare  │
│                     │ addresses of different families as if they shared an   │
│                     │ address space, allowing an allowlist check to admit an │
│                     │ address outside its range                              │
├─────────────────────┼────────────────────────────────────────────────────────┤
│ Package             │ ip-address                                             │
├─────────────────────┼────────────────────────────────────────────────────────┤
│ Vulnerable versions │ <=10.7.0                                               │
├─────────────────────┼────────────────────────────────────────────────────────┤
│ Patched versions    │ >=10.7.1                                               │
├─────────────────────┼────────────────────────────────────────────────────────┤
│ Paths               │ . > shadcn@4.16.1 > @modelcontextprotocol/sdk@1.30.0 > │
│                     │ express-rate-limit@8.6.2 > ip-address@10.4.0           │
├─────────────────────┼────────────────────────────────────────────────────────┤
│ More info           │ https://github.com/advisories/GHSA-j6r3-76f7-8jcv      │
└─────────────────────┴────────────────────────────────────────────────────────┘
┌─────────────────────┬────────────────────────────────────────────────────────┐
│ moderate            │ ip-address: Address6 builds a parse diagnostic         │
│                     │ proportional to the input with no length bound,        │
│                     │ allowing a single long string to stall or crash the    │
│                     │ process                                                │
├─────────────────────┼────────────────────────────────────────────────────────┤
│ Package             │ ip-address                                             │
├─────────────────────┼────────────────────────────────────────────────────────┤
│ Vulnerable versions │ <=10.7.0                                               │
├─────────────────────┼────────────────────────────────────────────────────────┤
│ Patched versions    │ >=10.7.1                                               │
├─────────────────────┼────────────────────────────────────────────────────────┤
│ Paths               │ . > shadcn@4.16.1 > @modelcontextprotocol/sdk@1.30.0 > │
│                     │ express-rate-limit@8.6.2 > ip-address@10.4.0           │
├─────────────────────┼────────────────────────────────────────────────────────┤
│ More info           │ https://github.com/advisories/GHSA-h3mg-xc3c-68pw      │
└─────────────────────┴────────────────────────────────────────────────────────┘
┌─────────────────────┬────────────────────────────────────────────────────────┐
│ moderate            │ brace-expansion: Quadratic-time expansion of the       │
│                     │ `{a},b}` rewrite causes CPU denial of service          │
├─────────────────────┼────────────────────────────────────────────────────────┤
│ Package             │ brace-expansion                                        │
├─────────────────────┼────────────────────────────────────────────────────────┤
│ Vulnerable versions │ <1.1.21                                                │
├─────────────────────┼────────────────────────────────────────────────────────┤
│ Patched versions    │ >=1.1.21                                               │
├─────────────────────┼────────────────────────────────────────────────────────┤
│ Paths               │ . > eslint@9.39.5 > @eslint/config-array@0.21.2 >      │
│                     │ minimatch@3.1.5 > brace-expansion@1.1.18               │
│                     │                                                        │
│                     │ . > eslint@9.39.5 > @eslint/eslintrc@3.3.6 >           │
│                     │ minimatch@3.1.5 > brace-expansion@1.1.18               │
│                     │                                                        │
│                     │ . > eslint@9.39.5 > minimatch@3.1.5 >                  │
│                     │ brace-expansion@1.1.18                                 │
│                     │                                                        │
│                     │ ... Found 73 paths, run `pnpm why brace-expansion` for │
│                     │ more information                                       │
├─────────────────────┼────────────────────────────────────────────────────────┤
│ More info           │ https://github.com/advisories/GHSA-q2hr-2g5m-vwhr      │
└─────────────────────┴────────────────────────────────────────────────────────┘
┌─────────────────────┬────────────────────────────────────────────────────────┐
│ moderate            │ brace-expansion: Quadratic-time expansion of the       │
│                     │ `{a},b}` rewrite causes CPU denial of service          │
├─────────────────────┼────────────────────────────────────────────────────────┤
│ Package             │ brace-expansion                                        │
├─────────────────────┼────────────────────────────────────────────────────────┤
│ Vulnerable versions │ >=4.0.0 <5.0.12                                        │
├─────────────────────┼────────────────────────────────────────────────────────┤
│ Patched versions    │ >=5.0.12                                               │
├─────────────────────┼────────────────────────────────────────────────────────┤
│ Paths               │ . > eslint-config-next@16.3.0 >                        │
│                     │ eslint-import-resolver-typescript@3.10.1 >             │
│                     │ eslint-plugin-import@2.32.0 >                          │
│                     │ eslint-module-utils@2.14.0 >                           │
│                     │ @typescript-eslint/parser@8.66.0 >                     │
│                     │ @typescript-eslint/typescript-estree@8.66.0 >          │
│                     │ minimatch@10.2.6 > brace-expansion@5.0.9               │
│                     │                                                        │
│                     │ . > eslint-config-next@16.3.0 >                        │
│                     │ eslint-import-resolver-typescript@3.10.1 >             │
│                     │ eslint-plugin-import@2.32.0 >                          │
│                     │ @typescript-eslint/parser@8.66.0 >                     │
│                     │ @typescript-eslint/typescript-estree@8.66.0 >          │
│                     │ minimatch@10.2.6 > brace-expansion@5.0.9               │
│                     │                                                        │
│                     │ . > eslint-config-next@16.3.0 >                        │
│                     │ eslint-plugin-import@2.32.0 >                          │
│                     │ eslint-module-utils@2.14.0 >                           │
│                     │ @typescript-eslint/parser@8.66.0 >                     │
│                     │ @typescript-eslint/typescript-estree@8.66.0 >          │
│                     │ minimatch@10.2.6 > brace-expansion@5.0.9               │
│                     │                                                        │
│                     │ ... Found 32 paths, run `pnpm why brace-expansion` for │
│                     │ more information                                       │
├─────────────────────┼────────────────────────────────────────────────────────┤
│ More info           │ https://github.com/advisories/GHSA-q2hr-2g5m-vwhr      │
└─────────────────────┴────────────────────────────────────────────────────────┘
┌─────────────────────┬────────────────────────────────────────────────────────┐
│ low                 │ undici vulnerable to downstream response splitting via │
│                     │ retry interceptor                                      │
├─────────────────────┼────────────────────────────────────────────────────────┤
│ Package             │ undici                                                 │
├─────────────────────┼────────────────────────────────────────────────────────┤
│ Vulnerable versions │ >=8.0.0 <8.10.2                                        │
├─────────────────────┼────────────────────────────────────────────────────────┤
│ Patched versions    │ >=8.10.2                                               │
├─────────────────────┼────────────────────────────────────────────────────────┤
│ Paths               │ . > @vitest/coverage-v8@4.1.11 > vitest@4.1.11 >       │
│                     │ jsdom@30.0.1 > undici@8.10.0                           │
│                     │                                                        │
│                     │ . > jsdom@30.0.1 > undici@8.10.0                       │
│                     │                                                        │
│                     │ . > vitest@4.1.11 > jsdom@30.0.1 > undici@8.10.0       │
├─────────────────────┼────────────────────────────────────────────────────────┤
│ More info           │ https://github.com/advisories/GHSA-r53p-7pc4-xj5r      │
└─────────────────────┴────────────────────────────────────────────────────────┘
┌─────────────────────┬────────────────────────────────────────────────────────┐
│ low                 │ undici vulnerable to downstream response splitting via │
│                     │ retry interceptor                                      │
├─────────────────────┼────────────────────────────────────────────────────────┤
│ Package             │ undici                                                 │
├─────────────────────┼────────────────────────────────────────────────────────┤
│ Vulnerable versions │ >=7.0.0 <7.29.1                                        │
├─────────────────────┼────────────────────────────────────────────────────────┤
│ Patched versions    │ >=7.29.1                                               │
├─────────────────────┼────────────────────────────────────────────────────────┤
│ Paths               │ . > shadcn@4.16.1 > @dotenvx/dotenvx@1.75.1 >          │
│                     │ undici@7.29.0                                          │
│                     │                                                        │
│                     │ . > shadcn@4.16.1 > undici@7.29.0                      │
├─────────────────────┼────────────────────────────────────────────────────────┤
│ More info           │ https://github.com/advisories/GHSA-r53p-7pc4-xj5r      │
└─────────────────────┴────────────────────────────────────────────────────────┘
┌─────────────────────┬────────────────────────────────────────────────────────┐
│ low                 │ undici vulnerable to response truncation via oversized │
│                     │ chunked responses in the dump interceptor              │
├─────────────────────┼────────────────────────────────────────────────────────┤
│ Package             │ undici                                                 │
├─────────────────────┼────────────────────────────────────────────────────────┤
│ Vulnerable versions │ >=8.0.0 <8.10.2                                        │
├─────────────────────┼────────────────────────────────────────────────────────┤
│ Patched versions    │ >=8.10.2                                               │
├─────────────────────┼────────────────────────────────────────────────────────┤
│ Paths               │ . > @vitest/coverage-v8@4.1.11 > vitest@4.1.11 >       │
│                     │ jsdom@30.0.1 > undici@8.10.0                           │
│                     │                                                        │
│                     │ . > jsdom@30.0.1 > undici@8.10.0                       │
│                     │                                                        │
│                     │ . > vitest@4.1.11 > jsdom@30.0.1 > undici@8.10.0       │
├─────────────────────┼────────────────────────────────────────────────────────┤
│ More info           │ https://github.com/advisories/GHSA-2gqq-gqf2-x968      │
└─────────────────────┴────────────────────────────────────────────────────────┘
┌─────────────────────┬────────────────────────────────────────────────────────┐
│ low                 │ undici vulnerable to response truncation via oversized │
│                     │ chunked responses in the dump interceptor              │
├─────────────────────┼────────────────────────────────────────────────────────┤
│ Package             │ undici                                                 │
├─────────────────────┼────────────────────────────────────────────────────────┤
│ Vulnerable versions │ >=7.1.0 <7.29.1                                        │
├─────────────────────┼────────────────────────────────────────────────────────┤
│ Patched versions    │ >=7.29.1                                               │
├─────────────────────┼────────────────────────────────────────────────────────┤
│ Paths               │ . > shadcn@4.16.1 > @dotenvx/dotenvx@1.75.1 >          │
│                     │ undici@7.29.0                                          │
│                     │                                                        │
│                     │ . > shadcn@4.16.1 > undici@7.29.0                      │
├─────────────────────┼────────────────────────────────────────────────────────┤
│ More info           │ https://github.com/advisories/GHSA-2gqq-gqf2-x968      │
└─────────────────────┴────────────────────────────────────────────────────────┘
┌─────────────────────┬────────────────────────────────────────────────────────┐
│ low                 │ undici vulnerable to caching and replay of unsafe HTTP │
│                     │ method responses                                       │
├─────────────────────┼────────────────────────────────────────────────────────┤
│ Package             │ undici                                                 │
├─────────────────────┼────────────────────────────────────────────────────────┤
│ Vulnerable versions │ >=8.0.0 <8.10.2                                        │
├─────────────────────┼────────────────────────────────────────────────────────┤
│ Patched versions    │ >=8.10.2                                               │
├─────────────────────┼────────────────────────────────────────────────────────┤
│ Paths               │ . > @vitest/coverage-v8@4.1.11 > vitest@4.1.11 >       │
│                     │ jsdom@30.0.1 > undici@8.10.0                           │
│                     │                                                        │
│                     │ . > jsdom@30.0.1 > undici@8.10.0                       │
│                     │                                                        │
│                     │ . > vitest@4.1.11 > jsdom@30.0.1 > undici@8.10.0       │
├─────────────────────┼────────────────────────────────────────────────────────┤
│ More info           │ https://github.com/advisories/GHSA-8436-99hf-9mmv      │
└─────────────────────┴────────────────────────────────────────────────────────┘
┌─────────────────────┬────────────────────────────────────────────────────────┐
│ low                 │ undici vulnerable to caching and replay of unsafe HTTP │
│                     │ method responses                                       │
├─────────────────────┼────────────────────────────────────────────────────────┤
│ Package             │ undici                                                 │
├─────────────────────┼────────────────────────────────────────────────────────┤
│ Vulnerable versions │ >=7.0.0 <7.29.1                                        │
├─────────────────────┼────────────────────────────────────────────────────────┤
│ Patched versions    │ >=7.29.1                                               │
├─────────────────────┼────────────────────────────────────────────────────────┤
│ Paths               │ . > shadcn@4.16.1 > @dotenvx/dotenvx@1.75.1 >          │
│                     │ undici@7.29.0                                          │
│                     │                                                        │
│                     │ . > shadcn@4.16.1 > undici@7.29.0                      │
├─────────────────────┼────────────────────────────────────────────────────────┤
│ More info           │ https://github.com/advisories/GHSA-8436-99hf-9mmv      │
└─────────────────────┴────────────────────────────────────────────────────────┘
36 vulnerabilities found
Severity: 6 low | 19 moderate | 10 high | 1 critical
