mutants: 9763 total, 1218 already done/skipped, running 8545 with 12 workers
[25/8509] 0.11/s eta 1244.6min {"SURVIVED":9,"KILLED":16} rounds={"1":6,"2":7,"3":12}
[50/8484] 0.15/s eta 911.0min {"SURVIVED":11,"KILLED":39} rounds={"1":17,"2":20,"3":13}
[75/8459] 0.16/s eta 863.7min {"SURVIVED":19,"KILLED":56} rounds={"1":30,"2":20,"3":25}
[100/8434] 0.15/s eta 934.8min {"SURVIVED":38,"KILLED":62} rounds={"1":30,"2":29,"3":41}
[125/8409] 0.15/s eta 914.2min {"SURVIVED":50,"KILLED":75} rounds={"1":31,"2":42,"3":52}
[150/8384] 0.15/s eta 924.4min {"SURVIVED":55,"KILLED":95} rounds={"1":45,"2":45,"3":60}
[175/8359] 0.15/s eta 905.0min {"SURVIVED":66,"KILLED":109} rounds={"1":56,"2":49,"3":70}
[200/8334] 0.15/s eta 883.2min {"SURVIVED":78,"KILLED":122} rounds={"1":67,"2":52,"3":81}
[225/8309] 0.15/s eta 911.5min {"SURVIVED":89,"KILLED":136} rounds={"1":80,"2":52,"3":93}
[250/8284] 0.14/s eta 991.2min {"SURVIVED":106,"KILLED":144} rounds={"1":88,"2":52,"3":110}
[275/8259] 0.13/s eta 1037.0min {"SURVIVED":118,"KILLED":157} rounds={"1":98,"2":52,"3":125}
[300/8234] 0.13/s eta 1046.4min {"SURVIVED":131,"KILLED":169} rounds={"1":110,"2":52,"3":138}
[325/8209] 0.14/s eta 964.4min {"SURVIVED":132,"KILLED":193} rounds={"1":134,"2":52,"3":139}
[350/8184] 0.15/s eta 893.1min {"SURVIVED":133,"KILLED":217} rounds={"1":156,"2":54,"3":140}
[375/8159] 0.16/s eta 830.5min {"SURVIVED":143,"KILLED":232} rounds={"1":180,"2":54,"3":141}
[400/8134] 0.17/s eta 776.8min {"SURVIVED":144,"KILLED":256} rounds={"1":204,"2":55,"3":141}
[425/8109] 0.18/s eta 730.5min {"SURVIVED":144,"KILLED":281} rounds={"1":229,"2":55,"3":141}
[450/8084] 0.17/s eta 742.2min {"SURVIVED":154,"KILLED":296} rounds={"1":241,"2":58,"3":151}
[475/8059] 0.18/s eta 704.2min {"SURVIVED":154,"KILLED":321} rounds={"1":265,"2":59,"3":151}
[500/8034] 0.19/s eta 676.9min {"SURVIVED":156,"KILLED":344} rounds={"1":285,"2":63,"3":152}
[525/8009] 0.18/s eta 677.9min {"SURVIVED":161,"KILLED":364} rounds={"1":304,"2":63,"3":158}
[550/7984] 0.19/s eta 644.5min {"SURVIVED":163,"KILLED":387} rounds={"1":327,"2":63,"3":160}
[575/7959] 0.20/s eta 626.3min {"SURVIVED":167,"KILLED":408} rounds={"1":346,"2":65,"3":164}
[600/7934] 0.20/s eta 619.2min {"SURVIVED":172,"KILLED":428} rounds={"1":364,"2":66,"3":170}
[625/7909] 0.20/s eta 604.6min {"SURVIVED":180,"KILLED":445} rounds={"1":377,"2":70,"3":178}
[650/7884] 0.20/s eta 612.8min {"SURVIVED":184,"KILLED":466} rounds={"1":391,"2":77,"3":182}
[675/7859] 0.20/s eta 598.0min {"SURVIVED":192,"KILLED":483} rounds={"1":408,"2":77,"3":190}
[700/7834] 0.21/s eta 575.0min {"SURVIVED":193,"KILLED":507} rounds={"1":432,"2":77,"3":191}
[725/7809] 0.21/s eta 553.7min {"SURVIVED":195,"KILLED":530} rounds={"1":457,"2":77,"3":191}
[750/7784] 0.21/s eta 547.0min {"SURVIVED":198,"KILLED":552} rounds={"1":479,"2":77,"3":194}
[775/7759] 0.22/s eta 537.0min {"SURVIVED":203,"KILLED":572} rounds={"1":499,"2":77,"3":199}
[800/7734] 0.22/s eta 522.6min {"SURVIVED":204,"KILLED":596} rounds={"1":523,"2":77,"3":200}
[825/7709] 0.22/s eta 523.1min {"SURVIVED":215,"KILLED":610} rounds={"1":542,"2":77,"3":206}
[850/7684] 0.23/s eta 505.0min {"SURVIVED":221,"KILLED":629} rounds={"1":566,"2":77,"3":207}
[875/7659] 0.23/s eta 493.4min {"SURVIVED":230,"KILLED":643,"NO_COVERAGE":2} rounds={"1":586,"2":78,"3":209}
[900/7634] 0.23/s eta 478.1min {"SURVIVED":238,"KILLED":659,"NO_COVERAGE":3} rounds={"1":610,"2":78,"3":209}
[925/7609] 0.24/s eta 468.6min {"SURVIVED":247,"KILLED":675,"NO_COVERAGE":3} rounds={"1":628,"2":85,"3":209}
[950/7584] 0.24/s eta 457.8min {"SURVIVED":258,"KILLED":689,"NO_COVERAGE":3} rounds={"1":644,"2":93,"3":210}
[975/7559] 0.25/s eta 444.1min {"SURVIVED":267,"KILLED":705,"NO_COVERAGE":3} rounds={"1":668,"2":93,"3":211}
[1000/7534] 0.25/s eta 433.1min {"SURVIVED":272,"KILLED":716,"NO_COVERAGE":12} rounds={"1":681,"2":93,"3":214}
[1025/7509] 0.26/s eta 421.4min {"SURVIVED":277,"KILLED":736,"NO_COVERAGE":12} rounds={"1":701,"2":97,"3":215}
[1050/7484] 0.26/s eta 409.0min {"SURVIVED":278,"KILLED":760,"NO_COVERAGE":12} rounds={"1":725,"2":97,"3":216}
[1075/7459] 0.27/s eta 397.6min {"SURVIVED":280,"KILLED":783,"NO_COVERAGE":12} rounds={"1":748,"2":97,"3":218}
[1100/7434] 0.27/s eta 386.5min {"SURVIVED":280,"KILLED":807,"NO_COVERAGE":12,"TIMEOUT":1} rounds={"1":773,"2":97,"3":218}
[1125/7409] 0.26/s eta 407.3min {"SURVIVED":297,"KILLED":815,"NO_COVERAGE":12,"TIMEOUT":1} rounds={"1":781,"2":101,"3":231}
[1150/7384] 0.25/s eta 408.2min {"SURVIVED":313,"KILLED":824,"NO_COVERAGE":12,"TIMEOUT":1} rounds={"1":790,"2":113,"3":235}
[1175/7359] 0.26/s eta 399.9min {"SURVIVED":321,"KILLED":841,"NO_COVERAGE":12,"TIMEOUT":1} rounds={"1":807,"2":118,"3":238}
[1200/7334] 0.26/s eta 392.7min {"SURVIVED":323,"KILLED":864,"NO_COVERAGE":12,"TIMEOUT":1} rounds={"1":830,"2":118,"3":240}
[1225/7309] 0.26/s eta 384.9min {"SURVIVED":326,"KILLED":885,"NO_COVERAGE":13,"TIMEOUT":1} rounds={"1":849,"2":120,"3":243}
[1250/7284] 0.25/s eta 396.6min {"SURVIVED":336,"KILLED":900,"NO_COVERAGE":13,"TIMEOUT":1} rounds={"1":856,"2":133,"3":248}
[1275/7259] 0.25/s eta 392.9min {"SURVIVED":349,"KILLED":912,"NO_COVERAGE":13,"TIMEOUT":1} rounds={"1":873,"2":140,"3":249}
[1300/7234] 0.25/s eta 394.3min {"SURVIVED":361,"KILLED":925,"NO_COVERAGE":13,"TIMEOUT":1} rounds={"1":884,"2":154,"3":249}
[1325/7209] 0.25/s eta 395.4min {"SURVIVED":371,"KILLED":940,"NO_COVERAGE":13,"TIMEOUT":1} rounds={"1":893,"2":170,"3":249}
[1350/7184] 0.25/s eta 390.8min {"SURVIVED":378,"KILLED":958,"NO_COVERAGE":13,"TIMEOUT":1} rounds={"1":911,"2":177,"3":249}
[1375/7159] 0.25/s eta 387.9min {"SURVIVED":381,"KILLED":980,"NO_COVERAGE":13,"TIMEOUT":1} rounds={"1":927,"2":186,"3":249}
[1400/7134] 0.25/s eta 383.4min {"SURVIVED":385,"KILLED":1001,"NO_COVERAGE":13,"TIMEOUT":1} rounds={"1":946,"2":192,"3":249}
[1425/7109] 0.25/s eta 382.9min {"SURVIVED":392,"KILLED":1019,"NO_COVERAGE":13,"TIMEOUT":1} rounds={"1":957,"2":206,"3":249}
[1450/7084] 0.24/s eta 383.9min {"SURVIVED":398,"KILLED":1038,"NO_COVERAGE":13,"TIMEOUT":1} rounds={"1":970,"2":218,"3":249}
[1475/7059] 0.24/s eta 385.1min {"SURVIVED":409,"KILLED":1052,"NO_COVERAGE":13,"TIMEOUT":1} rounds={"1":979,"2":234,"3":249}
[1500/7034] 0.24/s eta 385.4min {"SURVIVED":418,"KILLED":1068,"NO_COVERAGE":13,"TIMEOUT":1} rounds={"1":990,"2":248,"3":249}
[1525/7009] 0.24/s eta 382.3min {"SURVIVED":423,"KILLED":1088,"NO_COVERAGE":13,"TIMEOUT":1} rounds={"1":1005,"2":258,"3":249}
[1550/6984] 0.24/s eta 380.7min {"SURVIVED":427,"KILLED":1109,"NO_COVERAGE":13,"TIMEOUT":1} rounds={"1":1018,"2":270,"3":249}
[1575/6959] 0.24/s eta 380.9min {"SURVIVED":429,"KILLED":1132,"NO_COVERAGE":13,"TIMEOUT":1} rounds={"1":1030,"2":283,"3":249}
[1600/6934] 0.24/s eta 377.9min {"SURVIVED":435,"KILLED":1151,"NO_COVERAGE":13,"TIMEOUT":1} rounds={"1":1043,"2":295,"3":249}
[1625/6909] 0.23/s eta 376.6min {"SURVIVED":439,"KILLED":1172,"NO_COVERAGE":13,"TIMEOUT":1} rounds={"1":1054,"2":309,"3":249}
[1650/6884] 0.23/s eta 373.2min {"SURVIVED":440,"KILLED":1196,"NO_COVERAGE":13,"TIMEOUT":1} rounds={"1":1072,"2":316,"3":249}
[1675/6859] 0.23/s eta 367.9min {"SURVIVED":443,"KILLED":1218,"NO_COVERAGE":13,"TIMEOUT":1} rounds={"1":1093,"2":320,"3":249}
[1700/6834] 0.23/s eta 365.9min {"SURVIVED":444,"KILLED":1242,"NO_COVERAGE":13,"TIMEOUT":1} rounds={"1":1114,"2":324,"3":249}
[1725/6809] 0.23/s eta 368.9min {"SURVIVED":444,"KILLED":1267,"NO_COVERAGE":13,"TIMEOUT":1} rounds={"1":1123,"2":340,"3":249}
[1750/6784] 0.23/s eta 366.1min {"SURVIVED":445,"KILLED":1291,"NO_COVERAGE":13,"TIMEOUT":1} rounds={"1":1128,"2":360,"3":249}
[1775/6759] 0.23/s eta 364.6min {"SURVIVED":447,"KILLED":1314,"NO_COVERAGE":13,"TIMEOUT":1} rounds={"1":1134,"2":379,"3":249}
[1800/6734] 0.22/s eta 367.9min {"SURVIVED":450,"KILLED":1336,"NO_COVERAGE":13,"TIMEOUT":1} rounds={"1":1138,"2":400,"3":249}
[1825/6709] 0.22/s eta 370.1min {"SURVIVED":453,"KILLED":1357,"NO_COVERAGE":14,"TIMEOUT":1} rounds={"1":1145,"2":417,"3":249}
[1850/6684] 0.22/s eta 368.8min {"SURVIVED":456,"KILLED":1379,"NO_COVERAGE":14,"TIMEOUT":1} rounds={"1":1151,"2":436,"3":249}
[1875/6659] 0.22/s eta 370.2min {"SURVIVED":461,"KILLED":1399,"NO_COVERAGE":14,"TIMEOUT":1} rounds={"1":1155,"2":457,"3":249}
[1900/6634] 0.21/s eta 373.6min {"SURVIVED":465,"KILLED":1420,"NO_COVERAGE":14,"TIMEOUT":1} rounds={"1":1158,"2":479,"3":249}
[1925/6609] 0.21/s eta 374.3min {"SURVIVED":465,"KILLED":1445,"NO_COVERAGE":14,"TIMEOUT":1} rounds={"1":1165,"2":497,"3":249}
[1950/6584] 0.21/s eta 375.4min {"SURVIVED":468,"KILLED":1467,"NO_COVERAGE":14,"TIMEOUT":1} rounds={"1":1170,"2":517,"3":249}
[1975/6559] 0.20/s eta 378.2min {"SURVIVED":471,"KILLED":1489,"NO_COVERAGE":14,"TIMEOUT":1} rounds={"1":1175,"2":537,"3":249}
[2000/6534] 0.20/s eta 379.0min {"SURVIVED":476,"KILLED":1509,"NO_COVERAGE":14,"TIMEOUT":1} rounds={"1":1180,"2":557,"3":249}
[2025/6509] 0.20/s eta 380.2min {"SURVIVED":480,"KILLED":1530,"NO_COVERAGE":14,"TIMEOUT":1} rounds={"1":1186,"2":576,"3":249}
[2050/6484] 0.20/s eta 378.2min {"SURVIVED":487,"KILLED":1548,"NO_COVERAGE":14,"TIMEOUT":1} rounds={"1":1190,"2":597,"3":249}
[2075/6459] 0.19/s eta 380.5min {"SURVIVED":494,"KILLED":1566,"NO_COVERAGE":14,"TIMEOUT":1} rounds={"1":1190,"2":622,"3":249}
[2100/6434] 0.19/s eta 379.5min {"SURVIVED":500,"KILLED":1585,"NO_COVERAGE":14,"TIMEOUT":1} rounds={"1":1199,"2":638,"3":249}
[2125/6409] 0.19/s eta 379.4min {"SURVIVED":502,"KILLED":1608,"NO_COVERAGE":14,"TIMEOUT":1} rounds={"1":1205,"2":657,"3":249}
[2150/6384] 0.19/s eta 376.2min {"SURVIVED":502,"KILLED":1633,"NO_COVERAGE":14,"TIMEOUT":1} rounds={"1":1211,"2":676,"3":249}
[2175/6359] 0.19/s eta 368.9min {"SURVIVED":505,"KILLED":1655,"NO_COVERAGE":14,"TIMEOUT":1} rounds={"1":1220,"2":692,"3":249}
[2200/6334] 0.19/s eta 361.6min {"SURVIVED":512,"KILLED":1673,"NO_COVERAGE":14,"TIMEOUT":1} rounds={"1":1236,"2":701,"3":249}
[2225/6309] 0.19/s eta 354.8min {"SURVIVED":512,"KILLED":1698,"NO_COVERAGE":14,"TIMEOUT":1} rounds={"1":1252,"2":710,"3":249}
[2250/6284] 0.19/s eta 349.4min {"SURVIVED":517,"KILLED":1718,"NO_COVERAGE":14,"TIMEOUT":1} rounds={"1":1264,"2":723,"3":249}
[2275/6259] 0.19/s eta 343.5min {"SURVIVED":520,"KILLED":1740,"NO_COVERAGE":14,"TIMEOUT":1} rounds={"1":1276,"2":736,"3":249}
[2300/6234] 0.19/s eta 337.7min {"SURVIVED":522,"KILLED":1763,"NO_COVERAGE":14,"TIMEOUT":1} rounds={"1":1284,"2":753,"3":249}
[2325/6209] 0.19/s eta 332.1min {"SURVIVED":524,"KILLED":1786,"NO_COVERAGE":14,"TIMEOUT":1} rounds={"1":1292,"2":770,"3":249}
[2350/6184] 0.20/s eta 326.6min {"SURVIVED":527,"KILLED":1808,"NO_COVERAGE":14,"TIMEOUT":1} rounds={"1":1299,"2":788,"3":249}
[2375/6159] 0.20/s eta 320.4min {"SURVIVED":529,"KILLED":1831,"NO_COVERAGE":14,"TIMEOUT":1} rounds={"1":1313,"2":799,"3":249}
[2400/6134] 0.20/s eta 313.8min {"SURVIVED":532,"KILLED":1852,"NO_COVERAGE":15,"TIMEOUT":1} rounds={"1":1334,"2":802,"3":249}
[2425/6109] 0.20/s eta 308.2min {"SURVIVED":535,"KILLED":1874,"NO_COVERAGE":15,"TIMEOUT":1} rounds={"1":1349,"2":812,"3":249}
[2450/6084] 0.20/s eta 303.3min {"SURVIVED":543,"KILLED":1891,"NO_COVERAGE":15,"TIMEOUT":1} rounds={"1":1358,"2":828,"3":249}
[2475/6059] 0.20/s eta 298.2min {"SURVIVED":552,"KILLED":1907,"NO_COVERAGE":15,"TIMEOUT":1} rounds={"1":1366,"2":845,"3":249}
[2500/6034] 0.20/s eta 291.9min {"SURVIVED":558,"KILLED":1926,"NO_COVERAGE":15,"TIMEOUT":1} rounds={"1":1381,"2":855,"3":249}
[2525/6009] 0.20/s eta 285.4min {"SURVIVED":568,"KILLED":1941,"NO_COVERAGE":15,"TIMEOUT":1} rounds={"1":1396,"2":865,"3":249}
[2550/5984] 0.20/s eta 279.5min {"SURVIVED":579,"KILLED":1955,"NO_COVERAGE":15,"TIMEOUT":1} rounds={"1":1408,"2":878,"3":249}
[2575/5959] 0.21/s eta 273.3min {"SURVIVED":586,"KILLED":1973,"NO_COVERAGE":15,"TIMEOUT":1} rounds={"1":1425,"2":886,"3":249}
[2600/5934] 0.21/s eta 267.5min {"SURVIVED":592,"KILLED":1992,"NO_COVERAGE":15,"TIMEOUT":1} rounds={"1":1437,"2":899,"3":249}
[2625/5909] 0.21/s eta 261.9min {"SURVIVED":604,"KILLED":2005,"NO_COVERAGE":15,"TIMEOUT":1} rounds={"1":1443,"2":918,"3":249}
[2650/5884] 0.21/s eta 256.3min {"SURVIVED":613,"KILLED":2021,"NO_COVERAGE":15,"TIMEOUT":1} rounds={"1":1453,"2":933,"3":249}
[2675/5859] 0.21/s eta 250.6min {"SURVIVED":622,"KILLED":2037,"NO_COVERAGE":15,"TIMEOUT":1} rounds={"1":1464,"2":947,"3":249}
[2700/5834] 0.21/s eta 245.0min {"SURVIVED":631,"KILLED":2053,"NO_COVERAGE":15,"TIMEOUT":1} rounds={"1":1478,"2":958,"3":249}
[2725/5809] 0.21/s eta 239.5min {"SURVIVED":637,"KILLED":2072,"NO_COVERAGE":15,"TIMEOUT":1} rounds={"1":1492,"2":969,"3":249}
[2750/5784] 0.22/s eta 234.0min {"SURVIVED":644,"KILLED":2090,"NO_COVERAGE":15,"TIMEOUT":1} rounds={"1":1507,"2":979,"3":249}
[2775/5759] 0.22/s eta 228.9min {"SURVIVED":661,"KILLED":2098,"NO_COVERAGE":15,"TIMEOUT":1} rounds={"1":1510,"2":1001,"3":249}
[2800/5734] 0.22/s eta 223.6min {"SURVIVED":670,"KILLED":2114,"NO_COVERAGE":15,"TIMEOUT":1} rounds={"1":1521,"2":1015,"3":249}
[2825/5709] 0.22/s eta 218.4min {"SURVIVED":677,"KILLED":2132,"NO_COVERAGE":15,"TIMEOUT":1} rounds={"1":1536,"2":1025,"3":249}
[2850/5684] 0.22/s eta 213.5min {"SURVIVED":681,"KILLED":2152,"NO_COVERAGE":16,"TIMEOUT":1} rounds={"1":1550,"2":1035,"3":249}
[2875/5659] 0.22/s eta 208.5min {"SURVIVED":682,"KILLED":2176,"NO_COVERAGE":16,"TIMEOUT":1} rounds={"1":1566,"2":1044,"3":249}
[2900/5634] 0.22/s eta 203.6min {"SURVIVED":686,"KILLED":2197,"NO_COVERAGE":16,"TIMEOUT":1} rounds={"1":1578,"2":1057,"3":249}
[2925/5609] 0.22/s eta 198.8min {"SURVIVED":689,"KILLED":2219,"NO_COVERAGE":16,"TIMEOUT":1} rounds={"1":1592,"2":1068,"3":249}
[2950/5584] 0.23/s eta 194.2min {"SURVIVED":697,"KILLED":2236,"NO_COVERAGE":16,"TIMEOUT":1} rounds={"1":1602,"2":1083,"3":249}
[2975/5559] 0.23/s eta 189.4min {"SURVIVED":698,"KILLED":2260,"NO_COVERAGE":16,"TIMEOUT":1} rounds={"1":1622,"2":1088,"3":249}
[3000/5534] 0.23/s eta 185.3min {"SURVIVED":701,"KILLED":2282,"NO_COVERAGE":16,"TIMEOUT":1} rounds={"1":1630,"2":1105,"3":249}
[3025/5509] 0.23/s eta 181.6min {"SURVIVED":711,"KILLED":2297,"NO_COVERAGE":16,"TIMEOUT":1} rounds={"1":1635,"2":1125,"3":249}
[3050/5484] 0.23/s eta 177.1min {"SURVIVED":715,"KILLED":2318,"NO_COVERAGE":16,"TIMEOUT":1} rounds={"1":1646,"2":1139,"3":249}
[3075/5459] 0.23/s eta 172.8min {"SURVIVED":715,"KILLED":2343,"NO_COVERAGE":16,"TIMEOUT":1} rounds={"1":1658,"2":1152,"3":249}
[3100/5434] 0.23/s eta 169.3min {"SURVIVED":724,"KILLED":2359,"NO_COVERAGE":16,"TIMEOUT":1} rounds={"1":1659,"2":1176,"3":249}
[3125/5409] 0.23/s eta 165.3min {"SURVIVED":726,"KILLED":2382,"NO_COVERAGE":16,"TIMEOUT":1} rounds={"1":1668,"2":1192,"3":249}
[3150/5384] 0.23/s eta 161.4min {"SURVIVED":734,"KILLED":2399,"NO_COVERAGE":16,"TIMEOUT":1} rounds={"1":1669,"2":1216,"3":249}
[3175/5359] 0.23/s eta 157.5min {"SURVIVED":735,"KILLED":2423,"NO_COVERAGE":16,"TIMEOUT":1} rounds={"1":1670,"2":1240,"3":249}
[3200/5334] 0.23/s eta 153.4min {"SURVIVED":739,"KILLED":2444,"NO_COVERAGE":16,"TIMEOUT":1} rounds={"1":1676,"2":1259,"3":249}
[3225/5309] 0.23/s eta 149.1min {"SURVIVED":744,"KILLED":2464,"NO_COVERAGE":16,"TIMEOUT":1} rounds={"1":1686,"2":1274,"3":249}
[3250/5284] 0.23/s eta 144.7min {"SURVIVED":759,"KILLED":2474,"NO_COVERAGE":16,"TIMEOUT":1} rounds={"1":1694,"2":1291,"3":249}
[3275/5259] 0.24/s eta 140.1min {"SURVIVED":781,"KILLED":2477,"NO_COVERAGE":16,"TIMEOUT":1} rounds={"1":1707,"2":1303,"3":249}
[3300/5234] 0.24/s eta 135.6min {"SURVIVED":798,"KILLED":2485,"NO_COVERAGE":16,"TIMEOUT":1} rounds={"1":1732,"2":1303,"3":249}
[3325/5209] 0.24/s eta 131.2min {"SURVIVED":809,"KILLED":2499,"NO_COVERAGE":16,"TIMEOUT":1} rounds={"1":1751,"2":1309,"3":249}
[3350/5184] 0.24/s eta 127.0min {"SURVIVED":816,"KILLED":2517,"NO_COVERAGE":16,"TIMEOUT":1} rounds={"1":1769,"2":1316,"3":249}
[3375/5159] 0.24/s eta 122.7min {"SURVIVED":822,"KILLED":2536,"NO_COVERAGE":16,"TIMEOUT":1} rounds={"1":1788,"2":1322,"3":249}
[3400/5134] 0.24/s eta 118.5min {"SURVIVED":833,"KILLED":2550,"NO_COVERAGE":16,"TIMEOUT":1} rounds={"1":1802,"2":1333,"3":249}
[3425/5109] 0.25/s eta 114.4min {"SURVIVED":840,"KILLED":2568,"NO_COVERAGE":16,"TIMEOUT":1} rounds={"1":1818,"2":1342,"3":249}
[3450/5084] 0.25/s eta 111.0min {"SURVIVED":842,"KILLED":2591,"NO_COVERAGE":16,"TIMEOUT":1} rounds={"1":1830,"2":1355,"3":249}
[3475/5059] 0.25/s eta 107.7min {"SURVIVED":850,"KILLED":2608,"NO_COVERAGE":16,"TIMEOUT":1} rounds={"1":1834,"2":1376,"3":249}
[3500/5034] 0.25/s eta 104.1min {"SURVIVED":852,"KILLED":2631,"NO_COVERAGE":16,"TIMEOUT":1} rounds={"1":1839,"2":1396,"3":249}
[3525/5009] 0.25/s eta 100.4min {"SURVIVED":858,"KILLED":2650,"NO_COVERAGE":16,"TIMEOUT":1} rounds={"1":1852,"2":1408,"3":249}
[3550/4984] 0.25/s eta 96.8min {"SURVIVED":863,"KILLED":2670,"NO_COVERAGE":16,"TIMEOUT":1} rounds={"1":1868,"2":1417,"3":249}
[3575/4959] 0.25/s eta 93.2min {"SURVIVED":868,"KILLED":2690,"NO_COVERAGE":16,"TIMEOUT":1} rounds={"1":1884,"2":1426,"3":249}
[3600/4934] 0.25/s eta 89.6min {"SURVIVED":874,"KILLED":2709,"NO_COVERAGE":16,"TIMEOUT":1} rounds={"1":1898,"2":1437,"3":249}
[3625/4909] 0.25/s eta 86.4min {"SURVIVED":882,"KILLED":2726,"NO_COVERAGE":16,"TIMEOUT":1} rounds={"1":1902,"2":1458,"3":249}
[3650/4884] 0.25/s eta 83.0min {"SURVIVED":885,"KILLED":2748,"NO_COVERAGE":16,"TIMEOUT":1} rounds={"1":1912,"2":1473,"3":249}
[3675/4859] 0.25/s eta 79.7min {"SURVIVED":891,"KILLED":2767,"NO_COVERAGE":16,"TIMEOUT":1} rounds={"1":1919,"2":1491,"3":249}
[3700/4834] 0.25/s eta 76.8min {"SURVIVED":904,"KILLED":2779,"NO_COVERAGE":16,"TIMEOUT":1} rounds={"1":1924,"2":1511,"3":249}
[3725/4809] 0.24/s eta 74.1min {"SURVIVED":909,"KILLED":2799,"NO_COVERAGE":16,"TIMEOUT":1} rounds={"1":1927,"2":1533,"3":249}
[3750/4784] 0.24/s eta 71.1min {"SURVIVED":915,"KILLED":2818,"NO_COVERAGE":16,"TIMEOUT":1} rounds={"1":1938,"2":1547,"3":249}
[3775/4759] 0.24/s eta 68.3min {"SURVIVED":921,"KILLED":2837,"NO_COVERAGE":16,"TIMEOUT":1} rounds={"1":1945,"2":1565,"3":249}
[3800/4734] 0.24/s eta 65.0min {"SURVIVED":922,"KILLED":2861,"NO_COVERAGE":16,"TIMEOUT":1} rounds={"1":1960,"2":1575,"3":249}
[3825/4709] 0.24/s eta 61.8min {"SURVIVED":925,"KILLED":2883,"NO_COVERAGE":16,"TIMEOUT":1} rounds={"1":1973,"2":1587,"3":249}
[3850/4684] 0.24/s eta 58.4min {"SURVIVED":927,"KILLED":2906,"NO_COVERAGE":16,"TIMEOUT":1} rounds={"1":1993,"2":1592,"3":249}
[3875/4659] 0.24/s eta 55.4min {"SURVIVED":930,"KILLED":2928,"NO_COVERAGE":16,"TIMEOUT":1} rounds={"1":2000,"2":1610,"3":249}
[3900/4634] 0.23/s eta 52.3min {"SURVIVED":936,"KILLED":2946,"NO_COVERAGE":17,"TIMEOUT":1} rounds={"1":2011,"2":1623,"3":249}
[3925/4609] 0.23/s eta 49.0min {"SURVIVED":943,"KILLED":2963,"NO_COVERAGE":18,"TIMEOUT":1} rounds={"1":2019,"2":1639,"3":249}
[3950/4584] 0.23/s eta 45.7min {"SURVIVED":949,"KILLED":2982,"NO_COVERAGE":18,"TIMEOUT":1} rounds={"1":2027,"2":1656,"3":249}
[3975/4559] 0.23/s eta 42.3min {"SURVIVED":949,"KILLED":3007,"NO_COVERAGE":18,"TIMEOUT":1} rounds={"1":2043,"2":1665,"3":249}
[4000/4534] 0.23/s eta 38.9min {"SURVIVED":949,"KILLED":3032,"NO_COVERAGE":18,"TIMEOUT":1} rounds={"1":2055,"2":1678,"3":249}
[4025/4509] 0.23/s eta 35.7min {"SURVIVED":952,"KILLED":3054,"NO_COVERAGE":18,"TIMEOUT":1} rounds={"1":2058,"2":1700,"3":249}
[4050/4484] 0.22/s eta 32.2min {"SURVIVED":953,"KILLED":3078,"NO_COVERAGE":18,"TIMEOUT":1} rounds={"1":2068,"2":1715,"3":249}
[4075/4459] 0.22/s eta 28.7min {"SURVIVED":954,"KILLED":3102,"NO_COVERAGE":18,"TIMEOUT":1} rounds={"1":2075,"2":1733,"3":249}
[4100/4434] 0.22/s eta 24.9min {"SURVIVED":959,"KILLED":3122,"NO_COVERAGE":18,"TIMEOUT":1} rounds={"1":2093,"2":1740,"3":249}
[4125/4409] 0.22/s eta 21.2min {"SURVIVED":965,"KILLED":3141,"NO_COVERAGE":18,"TIMEOUT":1} rounds={"1":2105,"2":1753,"3":249}
[4150/4384] 0.22/s eta 17.5min {"SURVIVED":965,"KILLED":3166,"NO_COVERAGE":18,"TIMEOUT":1} rounds={"1":2127,"2":1756,"3":249}
[4175/4359] 0.22/s eta 13.8min {"SURVIVED":965,"KILLED":3191,"NO_COVERAGE":18,"TIMEOUT":1} rounds={"1":2135,"2":1773,"3":249}
[4200/4334] 0.22/s eta 10.1min {"SURVIVED":971,"KILLED":3210,"NO_COVERAGE":18,"TIMEOUT":1} rounds={"1":2135,"2":1798,"3":249}
[4225/4309] 0.22/s eta 6.4min {"SURVIVED":974,"KILLED":3232,"NO_COVERAGE":18,"TIMEOUT":1} rounds={"1":2143,"2":1815,"3":249}
[4250/4284] 0.22/s eta 2.6min {"SURVIVED":981,"KILLED":3250,"NO_COVERAGE":18,"TIMEOUT":1} rounds={"1":2147,"2":1836,"3":249}
[4267/4267] 0.22/s eta 0.0min {"SURVIVED":988,"KILLED":3260,"NO_COVERAGE":18,"TIMEOUT":1} rounds={"1":2149,"2":1851,"3":249}
[4275/4259] 0.22/s eta -1.2min {"SURVIVED":988,"KILLED":3268,"NO_COVERAGE":18,"TIMEOUT":1} rounds={"1":2150,"2":1858,"3":249}
[4300/4234] 0.22/s eta -5.0min {"SURVIVED":991,"KILLED":3290,"NO_COVERAGE":18,"TIMEOUT":1} rounds={"1":2169,"2":1864,"3":249}
[4325/4209] 0.22/s eta -8.8min {"SURVIVED":998,"KILLED":3308,"NO_COVERAGE":18,"TIMEOUT":1} rounds={"1":2181,"2":1877,"3":249}
[4350/4184] 0.22/s eta -12.6min {"SURVIVED":1001,"KILLED":3330,"NO_COVERAGE":18,"TIMEOUT":1} rounds={"1":2202,"2":1881,"3":249}
[4375/4159] 0.22/s eta -16.3min {"SURVIVED":1012,"KILLED":3344,"NO_COVERAGE":18,"TIMEOUT":1} rounds={"1":2214,"2":1894,"3":249}
[4400/4134] 0.22/s eta -20.1min {"SURVIVED":1016,"KILLED":3365,"NO_COVERAGE":18,"TIMEOUT":1} rounds={"1":2221,"2":1912,"3":249}
[4425/4109] 0.22/s eta -23.8min {"SURVIVED":1021,"KILLED":3385,"NO_COVERAGE":18,"TIMEOUT":1} rounds={"1":2226,"2":1932,"3":249}
[4450/4084] 0.22/s eta -27.5min {"SURVIVED":1022,"KILLED":3409,"NO_COVERAGE":18,"TIMEOUT":1} rounds={"1":2239,"2":1944,"3":249}
[4475/4059] 0.22/s eta -31.3min {"SURVIVED":1023,"KILLED":3433,"NO_COVERAGE":18,"TIMEOUT":1} rounds={"1":2249,"2":1959,"3":249}
[4500/4034] 0.22/s eta -34.9min {"SURVIVED":1024,"KILLED":3457,"NO_COVERAGE":18,"TIMEOUT":1} rounds={"1":2261,"2":1972,"3":249}
[4525/4009] 0.22/s eta -38.6min {"SURVIVED":1028,"KILLED":3478,"NO_COVERAGE":18,"TIMEOUT":1} rounds={"1":2268,"2":1990,"3":249}
[4550/3984] 0.22/s eta -42.2min {"SURVIVED":1031,"KILLED":3500,"NO_COVERAGE":18,"TIMEOUT":1} rounds={"1":2285,"2":1998,"3":249}
[4575/3959] 0.22/s eta -45.8min {"SURVIVED":1034,"KILLED":3522,"NO_COVERAGE":18,"TIMEOUT":1} rounds={"1":2300,"2":2008,"3":249}
[4600/3934] 0.22/s eta -49.5min {"SURVIVED":1037,"KILLED":3543,"NO_COVERAGE":19,"TIMEOUT":1} rounds={"1":2303,"2":2029,"3":249}
[4625/3909] 0.22/s eta -53.1min {"SURVIVED":1043,"KILLED":3562,"NO_COVERAGE":19,"TIMEOUT":1} rounds={"1":2310,"2":2047,"3":249}
[4650/3884] 0.22/s eta -56.8min {"SURVIVED":1052,"KILLED":3578,"NO_COVERAGE":19,"TIMEOUT":1} rounds={"1":2317,"2":2065,"3":249}
[4675/3859] 0.23/s eta -60.3min {"SURVIVED":1067,"KILLED":3587,"NO_COVERAGE":20,"TIMEOUT":1} rounds={"1":2326,"2":2080,"3":249}
[4700/3834] 0.23/s eta -63.7min {"SURVIVED":1082,"KILLED":3597,"NO_COVERAGE":20,"TIMEOUT":1} rounds={"1":2334,"2":2097,"3":249}
[4725/3809] 0.23/s eta -67.2min {"SURVIVED":1099,"KILLED":3605,"NO_COVERAGE":20,"TIMEOUT":1} rounds={"1":2337,"2":2119,"3":249}
[4750/3784] 0.23/s eta -70.6min {"SURVIVED":1116,"KILLED":3613,"NO_COVERAGE":20,"TIMEOUT":1} rounds={"1":2340,"2":2141,"3":249}
[4775/3759] 0.23/s eta -73.9min {"SURVIVED":1124,"KILLED":3630,"NO_COVERAGE":20,"TIMEOUT":1} rounds={"1":2354,"2":2152,"3":249}
[4800/3734] 0.23/s eta -77.3min {"SURVIVED":1136,"KILLED":3643,"NO_COVERAGE":20,"TIMEOUT":1} rounds={"1":2366,"2":2165,"3":249}
[4825/3709] 0.23/s eta -80.6min {"SURVIVED":1147,"KILLED":3657,"NO_COVERAGE":20,"TIMEOUT":1} rounds={"1":2376,"2":2180,"3":249}
[4850/3684] 0.23/s eta -83.8min {"SURVIVED":1157,"KILLED":3672,"NO_COVERAGE":20,"TIMEOUT":1} rounds={"1":2389,"2":2192,"3":249}
[4875/3659] 0.23/s eta -87.1min {"SURVIVED":1167,"KILLED":3687,"NO_COVERAGE":20,"TIMEOUT":1} rounds={"1":2400,"2":2206,"3":249}
[4900/3634] 0.23/s eta -90.3min {"SURVIVED":1186,"KILLED":3693,"NO_COVERAGE":20,"TIMEOUT":1} rounds={"1":2404,"2":2227,"3":249}
[4925/3609] 0.23/s eta -93.6min {"SURVIVED":1203,"KILLED":3701,"NO_COVERAGE":20,"TIMEOUT":1} rounds={"1":2411,"2":2245,"3":249}
[4950/3584] 0.24/s eta -96.7min {"SURVIVED":1220,"KILLED":3709,"NO_COVERAGE":20,"TIMEOUT":1} rounds={"1":2423,"2":2258,"3":249}
[4975/3559] 0.24/s eta -99.8min {"SURVIVED":1234,"KILLED":3720,"NO_COVERAGE":20,"TIMEOUT":1} rounds={"1":2445,"2":2261,"3":249}
[5000/3534] 0.24/s eta -102.8min {"SURVIVED":1251,"KILLED":3728,"NO_COVERAGE":20,"TIMEOUT":1} rounds={"1":2468,"2":2263,"3":249}
[5025/3509] 0.24/s eta -105.8min {"SURVIVED":1265,"KILLED":3739,"NO_COVERAGE":20,"TIMEOUT":1} rounds={"1":2493,"2":2263,"3":249}
[5050/3484] 0.24/s eta -108.9min {"SURVIVED":1265,"KILLED":3764,"NO_COVERAGE":20,"TIMEOUT":1} rounds={"1":2518,"2":2263,"3":249}
[5075/3459] 0.24/s eta -112.1min {"SURVIVED":1266,"KILLED":3788,"NO_COVERAGE":20,"TIMEOUT":1} rounds={"1":2528,"2":2278,"3":249}
[5100/3434] 0.24/s eta -115.3min {"SURVIVED":1269,"KILLED":3810,"NO_COVERAGE":20,"TIMEOUT":1} rounds={"1":2542,"2":2289,"3":249}
[5125/3409] 0.24/s eta -118.3min {"SURVIVED":1273,"KILLED":3831,"NO_COVERAGE":20,"TIMEOUT":1} rounds={"1":2558,"2":2298,"3":249}
[5150/3384] 0.24/s eta -121.4min {"SURVIVED":1275,"KILLED":3854,"NO_COVERAGE":20,"TIMEOUT":1} rounds={"1":2573,"2":2308,"3":249}
[5175/3359] 0.24/s eta -124.5min {"SURVIVED":1280,"KILLED":3874,"NO_COVERAGE":20,"TIMEOUT":1} rounds={"1":2587,"2":2319,"3":249}
[5200/3334] 0.24/s eta -127.5min {"SURVIVED":1284,"KILLED":3895,"NO_COVERAGE":20,"TIMEOUT":1} rounds={"1":2594,"2":2337,"3":249}
[5225/3309] 0.24/s eta -130.6min {"SURVIVED":1288,"KILLED":3916,"NO_COVERAGE":20,"TIMEOUT":1} rounds={"1":2610,"2":2346,"3":249}
[5250/3284] 0.25/s eta -133.6min {"SURVIVED":1290,"KILLED":3939,"NO_COVERAGE":20,"TIMEOUT":1} rounds={"1":2625,"2":2356,"3":249}
[5275/3259] 0.25/s eta -136.8min {"SURVIVED":1302,"KILLED":3952,"NO_COVERAGE":20,"TIMEOUT":1} rounds={"1":2628,"2":2378,"3":249}
[5300/3234] 0.25/s eta -139.9min {"SURVIVED":1306,"KILLED":3973,"NO_COVERAGE":20,"TIMEOUT":1} rounds={"1":2632,"2":2399,"3":249}
[5325/3209] 0.25/s eta -143.1min {"SURVIVED":1309,"KILLED":3995,"NO_COVERAGE":20,"TIMEOUT":1} rounds={"1":2636,"2":2420,"3":249}
[5350/3184] 0.25/s eta -146.2min {"SURVIVED":1321,"KILLED":4008,"NO_COVERAGE":20,"TIMEOUT":1} rounds={"1":2641,"2":2440,"3":249}
[5375/3159] 0.25/s eta -149.2min {"SURVIVED":1325,"KILLED":4029,"NO_COVERAGE":20,"TIMEOUT":1} rounds={"1":2654,"2":2452,"3":249}
[5400/3134] 0.25/s eta -152.3min {"SURVIVED":1334,"KILLED":4045,"NO_COVERAGE":20,"TIMEOUT":1} rounds={"1":2658,"2":2473,"3":249}
[5425/3109] 0.25/s eta -155.2min {"SURVIVED":1338,"KILLED":4066,"NO_COVERAGE":20,"TIMEOUT":1} rounds={"1":2669,"2":2487,"3":249}
[5450/3084] 0.25/s eta -158.1min {"SURVIVED":1339,"KILLED":4090,"NO_COVERAGE":20,"TIMEOUT":1} rounds={"1":2683,"2":2498,"3":249}
[5475/3059] 0.25/s eta -161.1min {"SURVIVED":1350,"KILLED":4104,"NO_COVERAGE":20,"TIMEOUT":1} rounds={"1":2691,"2":2515,"3":249}
[5500/3034] 0.25/s eta -164.0min {"SURVIVED":1355,"KILLED":4124,"NO_COVERAGE":20,"TIMEOUT":1} rounds={"1":2706,"2":2525,"3":249}
[5525/3009] 0.25/s eta -166.9min {"SURVIVED":1359,"KILLED":4145,"NO_COVERAGE":20,"TIMEOUT":1} rounds={"1":2719,"2":2537,"3":249}
[5550/2984] 0.25/s eta -169.8min {"SURVIVED":1364,"KILLED":4165,"NO_COVERAGE":20,"TIMEOUT":1} rounds={"1":2725,"2":2556,"3":249}
[5575/2959] 0.25/s eta -172.7min {"SURVIVED":1375,"KILLED":4179,"NO_COVERAGE":20,"TIMEOUT":1} rounds={"1":2735,"2":2571,"3":249}
[5600/2934] 0.25/s eta -175.7min {"SURVIVED":1400,"KILLED":4179,"NO_COVERAGE":20,"TIMEOUT":1} rounds={"1":2735,"2":2596,"3":249}
[5625/2909] 0.25/s eta -178.5min {"SURVIVED":1406,"KILLED":4198,"NO_COVERAGE":20,"TIMEOUT":1} rounds={"1":2742,"2":2614,"3":249}
[5650/2884] 0.25/s eta -181.1min {"SURVIVED":1413,"KILLED":4216,"NO_COVERAGE":20,"TIMEOUT":1} rounds={"1":2751,"2":2630,"3":249}
[5675/2859] 0.26/s eta -183.7min {"SURVIVED":1421,"KILLED":4233,"NO_COVERAGE":20,"TIMEOUT":1} rounds={"1":2751,"2":2655,"3":249}
[5700/2834] 0.26/s eta -186.2min {"SURVIVED":1425,"KILLED":4254,"NO_COVERAGE":20,"TIMEOUT":1} rounds={"1":2758,"2":2673,"3":249}
[5725/2809] 0.26/s eta -188.7min {"SURVIVED":1436,"KILLED":4268,"NO_COVERAGE":20,"TIMEOUT":1} rounds={"1":2779,"2":2677,"3":249}
[5750/2784] 0.26/s eta -191.2min {"SURVIVED":1447,"KILLED":4282,"NO_COVERAGE":20,"TIMEOUT":1} rounds={"1":2804,"2":2677,"3":249}
[5775/2759] 0.26/s eta -193.7min {"SURVIVED":1461,"KILLED":4293,"NO_COVERAGE":20,"TIMEOUT":1} rounds={"1":2829,"2":2677,"3":249}
[5800/2734] 0.26/s eta -196.1min {"SURVIVED":1471,"KILLED":4308,"NO_COVERAGE":20,"TIMEOUT":1} rounds={"1":2854,"2":2677,"3":249}
[5825/2709] 0.26/s eta -198.5min {"SURVIVED":1489,"KILLED":4315,"NO_COVERAGE":20,"TIMEOUT":1} rounds={"1":2879,"2":2677,"3":249}
[5850/2684] 0.26/s eta -200.9min {"SURVIVED":1505,"KILLED":4324,"NO_COVERAGE":20,"TIMEOUT":1} rounds={"1":2904,"2":2677,"3":249}
[5875/2659] 0.26/s eta -203.2min {"SURVIVED":1521,"KILLED":4333,"NO_COVERAGE":20,"TIMEOUT":1} rounds={"1":2929,"2":2677,"3":249}
[5900/2634] 0.26/s eta -207.6min {"SURVIVED":1536,"KILLED":4341,"NO_COVERAGE":22,"TIMEOUT":1} rounds={"1":2950,"2":2679,"3":249}
[5925/2609] 0.26/s eta -212.1min {"SURVIVED":1538,"KILLED":4363,"NO_COVERAGE":23,"TIMEOUT":1} rounds={"1":2952,"2":2701,"3":249}
[5950/2584] 0.26/s eta -219.0min {"SURVIVED":1540,"KILLED":4386,"NO_COVERAGE":23,"TIMEOUT":1} rounds={"1":2961,"2":2717,"3":249}
[5975/2559] 0.25/s eta -223.9min {"SURVIVED":1541,"KILLED":4410,"NO_COVERAGE":23,"TIMEOUT":1} rounds={"1":2971,"2":2732,"3":249}
[6000/2534] 0.25/s eta -229.6min {"SURVIVED":1541,"KILLED":4435,"NO_COVERAGE":23,"TIMEOUT":1} rounds={"1":2978,"2":2750,"3":249}
[6025/2509] 0.25/s eta -235.0min {"SURVIVED":1546,"KILLED":4455,"NO_COVERAGE":23,"TIMEOUT":1} rounds={"1":2979,"2":2774,"3":249}
[6050/2484] 0.25/s eta -239.7min {"SURVIVED":1551,"KILLED":4475,"NO_COVERAGE":23,"TIMEOUT":1} rounds={"1":2979,"2":2799,"3":249}
[6075/2459] 0.25/s eta -243.4min {"SURVIVED":1555,"KILLED":4495,"NO_COVERAGE":24,"TIMEOUT":1} rounds={"1":2986,"2":2816,"3":249}
[6100/2434] 0.25/s eta -247.1min {"SURVIVED":1558,"KILLED":4517,"NO_COVERAGE":24,"TIMEOUT":1} rounds={"1":2998,"2":2829,"3":249}
[6125/2409] 0.24/s eta -256.3min {"SURVIVED":1569,"KILLED":4531,"NO_COVERAGE":24,"TIMEOUT":1} rounds={"1":2998,"2":2854,"3":249}
[6150/2384] 0.24/s eta -261.5min {"SURVIVED":1577,"KILLED":4548,"NO_COVERAGE":24,"TIMEOUT":1} rounds={"1":3004,"2":2873,"3":249}
[6175/2359] 0.24/s eta -266.3min {"SURVIVED":1587,"KILLED":4563,"NO_COVERAGE":24,"TIMEOUT":1} rounds={"1":3014,"2":2888,"3":249}
[6200/2334] 0.24/s eta -273.9min {"SURVIVED":1593,"KILLED":4582,"NO_COVERAGE":24,"TIMEOUT":1} rounds={"1":3014,"2":2913,"3":249}
[6225/2309] 0.23/s eta -280.7min {"SURVIVED":1611,"KILLED":4589,"NO_COVERAGE":24,"TIMEOUT":1} rounds={"1":3016,"2":2936,"3":249}
[6250/2284] 0.23/s eta -287.8min {"SURVIVED":1612,"KILLED":4613,"NO_COVERAGE":24,"TIMEOUT":1} rounds={"1":3017,"2":2960,"3":249}
[6275/2259] 0.23/s eta -295.0min {"SURVIVED":1612,"KILLED":4638,"NO_COVERAGE":24,"TIMEOUT":1} rounds={"1":3020,"2":2982,"3":249}
[6300/2234] 0.23/s eta -299.4min {"SURVIVED":1612,"KILLED":4663,"NO_COVERAGE":24,"TIMEOUT":1} rounds={"1":3033,"2":2994,"3":249}
[6325/2209] 0.22/s eta -305.7min {"SURVIVED":1612,"KILLED":4688,"NO_COVERAGE":24,"TIMEOUT":1} rounds={"1":3033,"2":3019,"3":249}
[6350/2184] 0.22/s eta -311.8min {"SURVIVED":1612,"KILLED":4713,"NO_COVERAGE":24,"TIMEOUT":1} rounds={"1":3040,"2":3037,"3":249}
[6375/2159] 0.22/s eta -316.7min {"SURVIVED":1612,"KILLED":4738,"NO_COVERAGE":24,"TIMEOUT":1} rounds={"1":3047,"2":3055,"3":249}
[6400/2134] 0.22/s eta -319.9min {"SURVIVED":1612,"KILLED":4763,"NO_COVERAGE":24,"TIMEOUT":1} rounds={"1":3072,"2":3055,"3":249}
[6425/2109] 0.22/s eta -323.2min {"SURVIVED":1612,"KILLED":4788,"NO_COVERAGE":24,"TIMEOUT":1} rounds={"1":3090,"2":3062,"3":249}
[6450/2084] 0.22/s eta -326.1min {"SURVIVED":1612,"KILLED":4813,"NO_COVERAGE":24,"TIMEOUT":1} rounds={"1":3114,"2":3063,"3":249}
[6475/2059] 0.22/s eta -331.3min {"SURVIVED":1617,"KILLED":4833,"NO_COVERAGE":24,"TIMEOUT":1} rounds={"1":3124,"2":3078,"3":249}
[6500/2034] 0.22/s eta -337.7min {"SURVIVED":1621,"KILLED":4854,"NO_COVERAGE":24,"TIMEOUT":1} rounds={"1":3124,"2":3103,"3":249}
[6525/2009] 0.22/s eta -342.4min {"SURVIVED":1623,"KILLED":4874,"NO_COVERAGE":27,"TIMEOUT":1} rounds={"1":3132,"2":3117,"3":249}
[6550/1984] 0.22/s eta -346.5min {"SURVIVED":1623,"KILLED":4899,"NO_COVERAGE":27,"TIMEOUT":1} rounds={"1":3146,"2":3128,"3":249}
[6575/1959] 0.22/s eta -350.7min {"SURVIVED":1635,"KILLED":4912,"NO_COVERAGE":27,"TIMEOUT":1} rounds={"1":3159,"2":3140,"3":249}
[6600/1934] 0.22/s eta -358.2min {"SURVIVED":1643,"KILLED":4929,"NO_COVERAGE":27,"TIMEOUT":1} rounds={"1":3164,"2":3160,"3":249}
[6625/1909] 0.22/s eta -363.7min {"SURVIVED":1649,"KILLED":4944,"NO_COVERAGE":27,"TIMEOUT":5} rounds={"1":3175,"2":3174,"3":249}
[6650/1884] 0.22/s eta -369.3min {"SURVIVED":1657,"KILLED":4961,"NO_COVERAGE":27,"TIMEOUT":5} rounds={"1":3183,"2":3191,"3":249}
[6675/1859] 0.21/s eta -375.7min {"SURVIVED":1663,"KILLED":4980,"NO_COVERAGE":27,"TIMEOUT":5} rounds={"1":3192,"2":3207,"3":249}
[6700/1834] 0.21/s eta -381.7min {"SURVIVED":1681,"KILLED":4987,"NO_COVERAGE":27,"TIMEOUT":5} rounds={"1":3196,"2":3228,"3":249}
[6725/1809] 0.21/s eta -387.7min {"SURVIVED":1689,"KILLED":5004,"NO_COVERAGE":27,"TIMEOUT":5} rounds={"1":3200,"2":3249,"3":249}
[6750/1784] 0.21/s eta -394.7min {"SURVIVED":1692,"KILLED":5026,"NO_COVERAGE":27,"TIMEOUT":5} rounds={"1":3204,"2":3270,"3":249}
[6775/1759] 0.21/s eta -401.2min {"SURVIVED":1692,"KILLED":5051,"NO_COVERAGE":27,"TIMEOUT":5} rounds={"1":3211,"2":3288,"3":249}
[6800/1734] 0.21/s eta -407.3min {"SURVIVED":1696,"KILLED":5072,"NO_COVERAGE":27,"TIMEOUT":5} rounds={"1":3215,"2":3309,"3":249}
[6825/1709] 0.21/s eta -414.2min {"SURVIVED":1697,"KILLED":5096,"NO_COVERAGE":27,"TIMEOUT":5} rounds={"1":3221,"2":3328,"3":249}
[6850/1684] 0.21/s eta -418.6min {"SURVIVED":1697,"KILLED":5121,"NO_COVERAGE":27,"TIMEOUT":5} rounds={"1":3234,"2":3340,"3":249}
[6875/1659] 0.20/s eta -424.1min {"SURVIVED":1702,"KILLED":5141,"NO_COVERAGE":27,"TIMEOUT":5} rounds={"1":3243,"2":3356,"3":249}
[6900/1634] 0.21/s eta -427.8min {"SURVIVED":1715,"KILLED":5153,"NO_COVERAGE":27,"TIMEOUT":5} rounds={"1":3263,"2":3361,"3":249}
[6925/1609] 0.20/s eta -432.9min {"SURVIVED":1722,"KILLED":5171,"NO_COVERAGE":27,"TIMEOUT":5} rounds={"1":3283,"2":3366,"3":249}
[6950/1584] 0.20/s eta -436.9min {"SURVIVED":1729,"KILLED":5189,"NO_COVERAGE":27,"TIMEOUT":5} rounds={"1":3296,"2":3378,"3":249}
[6975/1559] 0.20/s eta -442.7min {"SURVIVED":1737,"KILLED":5206,"NO_COVERAGE":27,"TIMEOUT":5} rounds={"1":3299,"2":3400,"3":249}
[7000/1534] 0.20/s eta -446.7min {"SURVIVED":1742,"KILLED":5226,"NO_COVERAGE":27,"TIMEOUT":5} rounds={"1":3313,"2":3411,"3":249}
[7025/1509] 0.20/s eta -453.2min {"SURVIVED":1746,"KILLED":5247,"NO_COVERAGE":27,"TIMEOUT":5} rounds={"1":3317,"2":3432,"3":249}
[7050/1484] 0.20/s eta -460.3min {"SURVIVED":1750,"KILLED":5268,"NO_COVERAGE":27,"TIMEOUT":5} rounds={"1":3324,"2":3450,"3":249}
[7075/1459] 0.20/s eta -465.6min {"SURVIVED":1750,"KILLED":5293,"NO_COVERAGE":27,"TIMEOUT":5} rounds={"1":3335,"2":3464,"3":249}
[7100/1434] 0.20/s eta -473.6min {"SURVIVED":1752,"KILLED":5316,"NO_COVERAGE":27,"TIMEOUT":5} rounds={"1":3335,"2":3489,"3":249}
[7125/1409] 0.20/s eta -481.1min {"SURVIVED":1752,"KILLED":5341,"NO_COVERAGE":27,"TIMEOUT":5} rounds={"1":3335,"2":3514,"3":249}
[7150/1384] 0.20/s eta -488.6min {"SURVIVED":1753,"KILLED":5365,"NO_COVERAGE":27,"TIMEOUT":5} rounds={"1":3337,"2":3537,"3":249}
[7175/1359] 0.20/s eta -496.3min {"SURVIVED":1754,"KILLED":5389,"NO_COVERAGE":27,"TIMEOUT":5} rounds={"1":3340,"2":3559,"3":249}
[7200/1334] 0.19/s eta -504.0min {"SURVIVED":1754,"KILLED":5414,"NO_COVERAGE":27,"TIMEOUT":5} rounds={"1":3343,"2":3581,"3":249}
[7225/1309] 0.19/s eta -511.5min {"SURVIVED":1755,"KILLED":5438,"NO_COVERAGE":27,"TIMEOUT":5} rounds={"1":3353,"2":3596,"3":249}
[7250/1284] 0.19/s eta -519.8min {"SURVIVED":1757,"KILLED":5461,"NO_COVERAGE":27,"TIMEOUT":5} rounds={"1":3359,"2":3615,"3":249}
[7275/1259] 0.19/s eta -529.2min {"SURVIVED":1768,"KILLED":5475,"NO_COVERAGE":27,"TIMEOUT":5} rounds={"1":3360,"2":3639,"3":249}
[7300/1234] 0.19/s eta -539.7min {"SURVIVED":1774,"KILLED":5494,"NO_COVERAGE":27,"TIMEOUT":5} rounds={"1":3360,"2":3664,"3":249}
[7325/1209] 0.19/s eta -548.9min {"SURVIVED":1777,"KILLED":5516,"NO_COVERAGE":27,"TIMEOUT":5} rounds={"1":3363,"2":3686,"3":249}
[7350/1184] 0.18/s eta -558.3min {"SURVIVED":1783,"KILLED":5535,"NO_COVERAGE":27,"TIMEOUT":5} rounds={"1":3364,"2":3710,"3":249}
[7375/1159] 0.18/s eta -567.7min {"SURVIVED":1792,"KILLED":5551,"NO_COVERAGE":27,"TIMEOUT":5} rounds={"1":3364,"2":3735,"3":249}
[7400/1134] 0.18/s eta -572.7min {"SURVIVED":1801,"KILLED":5567,"NO_COVERAGE":27,"TIMEOUT":5} rounds={"1":3378,"2":3746,"3":249}
[7425/1109] 0.18/s eta -578.5min {"SURVIVED":1806,"KILLED":5587,"NO_COVERAGE":27,"TIMEOUT":5} rounds={"1":3392,"2":3757,"3":249}
[7450/1084] 0.18/s eta -583.8min {"SURVIVED":1813,"KILLED":5605,"NO_COVERAGE":27,"TIMEOUT":5} rounds={"1":3410,"2":3764,"3":249}
[7475/1059] 0.18/s eta -590.1min {"SURVIVED":1821,"KILLED":5622,"NO_COVERAGE":27,"TIMEOUT":5} rounds={"1":3421,"2":3778,"3":249}
[7500/1034] 0.18/s eta -595.9min {"SURVIVED":1827,"KILLED":5641,"NO_COVERAGE":27,"TIMEOUT":5} rounds={"1":3424,"2":3800,"3":249}
[7525/1009] 0.18/s eta -600.0min {"SURVIVED":1832,"KILLED":5661,"NO_COVERAGE":27,"TIMEOUT":5} rounds={"1":3429,"2":3820,"3":249}
[7550/984] 0.18/s eta -604.2min {"SURVIVED":1835,"KILLED":5683,"NO_COVERAGE":27,"TIMEOUT":5} rounds={"1":3429,"2":3845,"3":249}
[7575/959] 0.18/s eta -608.5min {"SURVIVED":1839,"KILLED":5704,"NO_COVERAGE":27,"TIMEOUT":5} rounds={"1":3429,"2":3870,"3":249}
[7600/934] 0.18/s eta -612.9min {"SURVIVED":1841,"KILLED":5727,"NO_COVERAGE":27,"TIMEOUT":5} rounds={"1":3429,"2":3895,"3":249}
[7625/909] 0.18/s eta -616.8min {"SURVIVED":1844,"KILLED":5749,"NO_COVERAGE":27,"TIMEOUT":5} rounds={"1":3434,"2":3915,"3":249}
[7650/884] 0.18/s eta -620.9min {"SURVIVED":1846,"KILLED":5772,"NO_COVERAGE":27,"TIMEOUT":5} rounds={"1":3437,"2":3937,"3":249}
[7675/859] 0.18/s eta -624.7min {"SURVIVED":1851,"KILLED":5792,"NO_COVERAGE":27,"TIMEOUT":5} rounds={"1":3444,"2":3955,"3":249}
[7700/834] 0.18/s eta -628.8min {"SURVIVED":1860,"KILLED":5808,"NO_COVERAGE":27,"TIMEOUT":5} rounds={"1":3448,"2":3976,"3":249}
[7725/809] 0.18/s eta -632.7min {"SURVIVED":1863,"KILLED":5830,"NO_COVERAGE":27,"TIMEOUT":5} rounds={"1":3454,"2":3995,"3":249}
[7750/784] 0.18/s eta -636.5min {"SURVIVED":1865,"KILLED":5853,"NO_COVERAGE":27,"TIMEOUT":5} rounds={"1":3462,"2":4012,"3":249}
[7775/759] 0.18/s eta -640.7min {"SURVIVED":1874,"KILLED":5869,"NO_COVERAGE":27,"TIMEOUT":5} rounds={"1":3464,"2":4035,"3":249}
[7800/734] 0.18/s eta -643.8min {"SURVIVED":1880,"KILLED":5887,"NO_COVERAGE":28,"TIMEOUT":5} rounds={"1":3477,"2":4046,"3":249}
[7825/709] 0.18/s eta -647.5min {"SURVIVED":1887,"KILLED":5905,"NO_COVERAGE":28,"TIMEOUT":5} rounds={"1":3485,"2":4063,"3":249}
[7850/684] 0.18/s eta -651.5min {"SURVIVED":1888,"KILLED":5928,"NO_COVERAGE":29,"TIMEOUT":5} rounds={"1":3487,"2":4085,"3":249}
[7875/659] 0.18/s eta -655.1min {"SURVIVED":1894,"KILLED":5947,"NO_COVERAGE":29,"TIMEOUT":5} rounds={"1":3494,"2":4103,"3":249}
[7900/634] 0.18/s eta -659.2min {"SURVIVED":1900,"KILLED":5966,"NO_COVERAGE":29,"TIMEOUT":5} rounds={"1":3497,"2":4125,"3":249}
[7925/609] 0.18/s eta -663.0min {"SURVIVED":1904,"KILLED":5987,"NO_COVERAGE":29,"TIMEOUT":5} rounds={"1":3503,"2":4144,"3":249}
[7950/584] 0.18/s eta -665.9min {"SURVIVED":1915,"KILLED":6001,"NO_COVERAGE":29,"TIMEOUT":5} rounds={"1":3522,"2":4150,"3":249}
[7975/559] 0.18/s eta -668.5min {"SURVIVED":1927,"KILLED":6014,"NO_COVERAGE":29,"TIMEOUT":5} rounds={"1":3543,"2":4154,"3":249}
[8000/534] 0.19/s eta -671.1min {"SURVIVED":1939,"KILLED":6027,"NO_COVERAGE":29,"TIMEOUT":5} rounds={"1":3564,"2":4158,"3":249}
[8025/509] 0.19/s eta -674.9min {"SURVIVED":1944,"KILLED":6047,"NO_COVERAGE":29,"TIMEOUT":5} rounds={"1":3568,"2":4179,"3":249}
[8050/484] 0.19/s eta -678.6min {"SURVIVED":1948,"KILLED":6068,"NO_COVERAGE":29,"TIMEOUT":5} rounds={"1":3571,"2":4201,"3":249}
[8075/459] 0.19/s eta -682.3min {"SURVIVED":1953,"KILLED":6088,"NO_COVERAGE":29,"TIMEOUT":5} rounds={"1":3575,"2":4222,"3":249}
[8100/434] 0.19/s eta -685.8min {"SURVIVED":1959,"KILLED":6107,"NO_COVERAGE":29,"TIMEOUT":5} rounds={"1":3584,"2":4238,"3":249}
[8125/409] 0.19/s eta -689.6min {"SURVIVED":1969,"KILLED":6122,"NO_COVERAGE":29,"TIMEOUT":5} rounds={"1":3590,"2":4257,"3":249}
[8150/384] 0.19/s eta -692.9min {"SURVIVED":1973,"KILLED":6143,"NO_COVERAGE":29,"TIMEOUT":5} rounds={"1":3600,"2":4272,"3":249}
[8175/359] 0.19/s eta -696.3min {"SURVIVED":1975,"KILLED":6166,"NO_COVERAGE":29,"TIMEOUT":5} rounds={"1":3612,"2":4285,"3":249}
[8200/334] 0.19/s eta -699.2min {"SURVIVED":1980,"KILLED":6186,"NO_COVERAGE":29,"TIMEOUT":5} rounds={"1":3626,"2":4296,"3":249}
[8225/309] 0.19/s eta -701.9min {"SURVIVED":1982,"KILLED":6209,"NO_COVERAGE":29,"TIMEOUT":5} rounds={"1":3648,"2":4299,"3":249}
[8250/284] 0.19/s eta -704.5min {"SURVIVED":1990,"KILLED":6224,"NO_COVERAGE":31,"TIMEOUT":5} rounds={"1":3662,"2":4308,"3":249}
[8275/259] 0.19/s eta -707.2min {"SURVIVED":1992,"KILLED":6247,"NO_COVERAGE":31,"TIMEOUT":5} rounds={"1":3680,"2":4315,"3":249}
[8300/234] 0.19/s eta -710.1min {"SURVIVED":1995,"KILLED":6269,"NO_COVERAGE":31,"TIMEOUT":5} rounds={"1":3695,"2":4325,"3":249}
[8325/209] 0.19/s eta -712.9min {"SURVIVED":2003,"KILLED":6286,"NO_COVERAGE":31,"TIMEOUT":5} rounds={"1":3702,"2":4343,"3":249}
[8350/184] 0.19/s eta -715.6min {"SURVIVED":2005,"KILLED":6309,"NO_COVERAGE":31,"TIMEOUT":5} rounds={"1":3724,"2":4346,"3":249}
[8375/159] 0.19/s eta -718.1min {"SURVIVED":2009,"KILLED":6326,"NO_COVERAGE":35,"TIMEOUT":5} rounds={"1":3742,"2":4349,"3":249}
[8400/134] 0.19/s eta -720.3min {"SURVIVED":2009,"KILLED":6326,"NO_COVERAGE":60,"TIMEOUT":5} rounds={"1":3742,"2":4349,"3":249}
[8425/109] 0.19/s eta -722.7min {"SURVIVED":2024,"KILLED":6335,"NO_COVERAGE":61,"TIMEOUT":5} rounds={"1":3765,"2":4350,"3":249}
[8450/84] 0.19/s eta -725.0min {"SURVIVED":2034,"KILLED":6350,"NO_COVERAGE":61,"TIMEOUT":5} rounds={"1":3790,"2":4350,"3":249}
[8475/59] 0.19/s eta -727.4min {"SURVIVED":2046,"KILLED":6363,"NO_COVERAGE":61,"TIMEOUT":5} rounds={"1":3815,"2":4350,"3":249}
[8500/34] 0.19/s eta -729.7min {"SURVIVED":2059,"KILLED":6375,"NO_COVERAGE":61,"TIMEOUT":5} rounds={"1":3840,"2":4350,"3":249}
[8525/9] 0.19/s eta -732.0min {"SURVIVED":2075,"KILLED":6384,"NO_COVERAGE":61,"TIMEOUT":5} rounds={"1":3865,"2":4350,"3":249}
campaign complete: {"SURVIVED":2082,"KILLED":6397,"NO_COVERAGE":61,"TIMEOUT":5}
