mutants: 9763 total, 100 already done/skipped, running 9663 with 16 workers
[25/9623] 0.61/s eta 260.6min {"KILLED":12,"SURVIVED":13} rounds={"1":11,"2":14}
[50/9598] 1.05/s eta 151.9min {"KILLED":19,"SURVIVED":29,"NO_COVERAGE":2} rounds={"1":34,"2":14}
[75/9573] 1.12/s eta 141.3min {"KILLED":40,"SURVIVED":33,"NO_COVERAGE":2} rounds={"1":52,"2":21}
[100/9548] 1.16/s eta 135.7min {"KILLED":65,"SURVIVED":33,"NO_COVERAGE":2} rounds={"1":76,"2":22}
[125/9523] 1.03/s eta 151.6min {"KILLED":84,"SURVIVED":39,"NO_COVERAGE":2} rounds={"1":90,"2":33}
[150/9498] 0.84/s eta 186.4min {"KILLED":96,"SURVIVED":52,"NO_COVERAGE":2} rounds={"1":92,"2":56}
[175/9473] 0.82/s eta 187.9min {"KILLED":114,"SURVIVED":59,"NO_COVERAGE":2} rounds={"1":102,"2":71}
[200/9448] 0.91/s eta 169.8min {"KILLED":137,"SURVIVED":61,"NO_COVERAGE":2} rounds={"1":125,"2":73}
[225/9423] 0.99/s eta 154.1min {"KILLED":160,"SURVIVED":63,"NO_COVERAGE":2} rounds={"1":148,"2":75}
[250/9398] 1.09/s eta 139.9min {"KILLED":182,"SURVIVED":63,"NO_COVERAGE":5} rounds={"1":167,"2":78}
[275/9373] 1.02/s eta 148.2min {"KILLED":203,"SURVIVED":67,"NO_COVERAGE":5} rounds={"1":174,"2":96}
[300/9348] 0.76/s eta 197.4min {"KILLED":219,"SURVIVED":74,"NO_COVERAGE":7} rounds={"1":178,"2":115}
[325/9323] 0.64/s eta 234.0min {"KILLED":240,"SURVIVED":78,"NO_COVERAGE":7} rounds={"1":184,"2":134}
[350/9298] 0.54/s eta 278.0min {"KILLED":258,"SURVIVED":85,"NO_COVERAGE":7} rounds={"1":184,"2":159}
[375/9273] 0.49/s eta 300.9min {"KILLED":282,"SURVIVED":86,"NO_COVERAGE":7} rounds={"1":193,"2":175}
[400/9248] 0.49/s eta 301.2min {"KILLED":306,"SURVIVED":87,"NO_COVERAGE":7} rounds={"1":213,"2":180}
[425/9223] 0.52/s eta 283.4min {"KILLED":331,"SURVIVED":87,"NO_COVERAGE":7} rounds={"1":236,"2":182}
[450/9198] 0.54/s eta 268.3min {"KILLED":356,"SURVIVED":87,"NO_COVERAGE":7} rounds={"1":261,"2":182}
[475/9173] 0.53/s eta 274.9min {"KILLED":376,"SURVIVED":90,"NO_COVERAGE":9} rounds={"1":275,"2":188,"3":3}
[500/9148] 0.54/s eta 268.8min {"KILLED":393,"SURVIVED":93,"NO_COVERAGE":14} rounds={"1":289,"2":193,"3":4}
[525/9123] 0.54/s eta 266.2min {"KILLED":414,"SURVIVED":94,"NO_COVERAGE":17} rounds={"1":307,"2":196,"3":5}
[550/9098] 0.51/s eta 279.6min {"KILLED":431,"SURVIVED":102,"NO_COVERAGE":17} rounds={"1":322,"2":198,"3":13}
[575/9073] 0.51/s eta 275.7min {"KILLED":453,"SURVIVED":105,"NO_COVERAGE":17} rounds={"1":340,"2":202,"3":16}
[600/9048] 0.52/s eta 269.0min {"KILLED":476,"SURVIVED":107,"NO_COVERAGE":17} rounds={"1":363,"2":202,"3":18}
[625/9023] 0.53/s eta 265.7min {"KILLED":500,"SURVIVED":108,"NO_COVERAGE":17} rounds={"1":387,"2":202,"3":19}
[650/8998] 0.53/s eta 262.2min {"KILLED":524,"SURVIVED":109,"NO_COVERAGE":17} rounds={"1":411,"2":202,"3":20}
[675/8973] 0.54/s eta 256.6min {"KILLED":536,"SURVIVED":122,"NO_COVERAGE":17} rounds={"1":423,"2":213,"3":22}
[700/8948] 0.55/s eta 249.3min {"KILLED":549,"SURVIVED":134,"NO_COVERAGE":17} rounds={"1":436,"2":220,"3":27}
[725/8923] 0.57/s eta 241.4min {"KILLED":561,"SURVIVED":147,"NO_COVERAGE":17} rounds={"1":448,"2":231,"3":29}
[750/8898] 0.58/s eta 233.9min {"KILLED":565,"SURVIVED":166,"NO_COVERAGE":19} rounds={"1":452,"2":250,"3":29}
[775/8873] 0.60/s eta 225.5min {"KILLED":579,"SURVIVED":170,"NO_COVERAGE":26} rounds={"1":466,"2":254,"3":29}
[800/8848] 0.62/s eta 217.8min {"KILLED":600,"SURVIVED":174,"NO_COVERAGE":26} rounds={"1":487,"2":258,"3":29}
[825/8823] 0.57/s eta 234.7min {"KILLED":617,"SURVIVED":175,"NO_COVERAGE":27,"TIMEOUT":6} rounds={"1":507,"2":261,"3":30}
[850/8798] 0.49/s eta 273.0min {"KILLED":617,"SURVIVED":181,"NO_COVERAGE":27,"TIMEOUT":25} rounds={"1":526,"2":261,"3":36}
[875/8773] 0.44/s eta 295.9min {"KILLED":617,"SURVIVED":181,"NO_COVERAGE":27,"TIMEOUT":50} rounds={"1":551,"2":261,"3":36}
