EEEE
==================================== ERRORS ====================================
_____________ ERROR at setup of test_sale_dob_can_follow_purchase ______________
'test_sale_dob_can_follow_purchase' requested an async fixture '_clean_tables' with autouse=True, with no plugin or hook that handled it. This is an error, as pytest does not natively support it.
See: https://docs.pytest.org/en/stable/deprecations.html#sync-test-depending-on-async-fixture
________ ERROR at setup of test_cost_numerator_is_truncated_at_real_cap ________

cls = <class '_pytest.runner.CallInfo'>
func = <function call_and_report.<locals>.<lambda> at 0x10e639620>
when = 'setup'
reraise = (<class '_pytest.outcomes.Exit'>, <class 'KeyboardInterrupt'>)

    @classmethod
    def from_call(
        cls,
        func: Callable[[], TResult],
        when: Literal["collect", "setup", "call", "teardown"],
        reraise: type[BaseException] | tuple[type[BaseException], ...] | None = None,
    ) -> CallInfo[TResult]:
        """Call func, wrapping the result in a CallInfo.
    
        :param func:
            The function to call. Called without arguments.
        :type func: Callable[[], _pytest.runner.TResult]
        :param when:
            The phase in which the function is called.
        :param reraise:
            Exception or exceptions that shall propagate if raised by the
            function, instead of being wrapped in the CallInfo.
        """
        excinfo = None
        instant = timing.Instant()
        try:
>           result: TResult | None = func()
                                     ^^^^^^

.venv/lib/python3.13/site-packages/_pytest/runner.py:361: 
_ _ _ _ _ _ _ _ _ _ _ _ _ _ _ _ _ _ _ _ _ _ _ _ _ _ _ _ _ _ _ _ _ _ _ _ _ _ _ _ 
.venv/lib/python3.13/site-packages/_pytest/runner.py:250: in <lambda>
    lambda: runtest_hook(item=item, **kwds),
            ^^^^^^^^^^^^^^^^^^^^^^^^^^^^^^^
.venv/lib/python3.13/site-packages/pluggy/_hooks.py:512: in __call__
    return self._hookexec(self.name, self._hookimpls.copy(), kwargs, firstresult)
           ^^^^^^^^^^^^^^^^^^^^^^^^^^^^^^^^^^^^^^^^^^^^^^^^^^^^^^^^^^^^^^^^^^^^^^
.venv/lib/python3.13/site-packages/pluggy/_manager.py:120: in _hookexec
    return self._inner_hookexec(hook_name, methods, kwargs, firstresult)
           ^^^^^^^^^^^^^^^^^^^^^^^^^^^^^^^^^^^^^^^^^^^^^^^^^^^^^^^^^^^^^
.venv/lib/python3.13/site-packages/_pytest/logging.py:858: in pytest_runtest_setup
    yield
.venv/lib/python3.13/site-packages/_pytest/capture.py:895: in pytest_runtest_setup
    return (yield)
            ^^^^^
.venv/lib/python3.13/site-packages/_pytest/runner.py:170: in pytest_runtest_setup
    item.session._setupstate.setup(item)
.venv/lib/python3.13/site-packages/_pytest/runner.py:536: in setup
    col.setup()
.venv/lib/python3.13/site-packages/_pytest/python.py:1710: in setup
    self._request._fillfixtures()
.venv/lib/python3.13/site-packages/_pytest/fixtures.py:806: in _fillfixtures
    item.funcargs[argname] = self.getfixturevalue(argname)
                             ^^^^^^^^^^^^^^^^^^^^^^^^^^^^^
.venv/lib/python3.13/site-packages/_pytest/fixtures.py:630: in getfixturevalue
    fixturedef = self._get_active_fixturedef(argname)
                 ^^^^^^^^^^^^^^^^^^^^^^^^^^^^^^^^^^^^
.venv/lib/python3.13/site-packages/_pytest/fixtures.py:726: in _get_active_fixturedef
    fixturedef.execute(request=subrequest)
_ _ _ _ _ _ _ _ _ _ _ _ _ _ _ _ _ _ _ _ _ _ _ _ _ _ _ _ _ _ _ _ _ _ _ _ _ _ _ _ 

self = <FixtureDef argname='_clean_tables' scope='function' baseid=''>
request = <SubRequest '_clean_tables' for <Function test_cost_numerator_is_truncated_at_real_cap>>

    def execute(self, request: SubRequest) -> FixtureValue:
        """Return the value of this fixture, executing it if not cached."""
        # Ensure that the dependent fixtures requested by this fixture are loaded.
        # This needs to be done before checking if we have a cached value, since
        # if a dependent fixture has their cache invalidated, e.g. due to
        # parametrization, they finalize themselves and fixtures depending on it
        # (which will likely include this fixture) setting `self.cached_result = None`.
        # See #4871
        requested_fixtures_that_should_finalize_us = []
        for argname in self.argnames:
            fixturedef = request._get_active_fixturedef(argname)
            # Saves requested fixtures in a list so we later can add our finalizer
            # to them, ensuring that if a requested fixture gets torn down we get torn
            # down first. This is generally handled by SetupState, but still currently
            # needed when this fixture is not parametrized but depends on a parametrized
            # fixture.
            requested_fixtures_that_should_finalize_us.append(fixturedef)
    
        # Check for (and return) cached value/exception.
        if self.cached_result is not None:
            request_cache_key = self.cache_key(request)
            cache_key = self.cached_result[1]
            try:
                # Attempt to make a normal == check: this might fail for objects
                # which do not implement the standard comparison (like numpy arrays -- #6497).
                cache_hit = bool(request_cache_key == cache_key)
            except (ValueError, RuntimeError):
                # If the comparison raises, use 'is' as fallback.
                cache_hit = request_cache_key is cache_key
    
            if cache_hit:
                if self.cached_result[2] is not None:
                    exc, exc_tb = self.cached_result[2]
                    raise exc.with_traceback(exc_tb)
                else:
                    return self.cached_result[0]
            # We have a previous but differently parametrized fixture instance
            # so we need to tear it down before creating a new one.
            self.finish(request)
            assert self.cached_result is None
    
        # Add finalizer to requested fixtures we saved previously.
        # We make sure to do this after checking for cached value to avoid
        # adding our finalizer multiple times. (#12135)
        finalizer = functools.partial(self.finish, request=request)
        for parent_fixture in requested_fixtures_that_should_finalize_us:
            parent_fixture.addfinalizer(finalizer)
    
        # Register the pytest_fixture_post_finalizer as the first finalizer,
        # which is executed last.
>       assert not self._finalizers
               ^^^^^^^^^^^^^^^^^^^^
E       AssertionError

.venv/lib/python3.13/site-packages/_pytest/fixtures.py:1221: AssertionError
_ ERROR at setup of test_flagged_without_observations_has_no_reviewable_finding _

cls = <class '_pytest.runner.CallInfo'>
func = <function call_and_report.<locals>.<lambda> at 0x10e587920>
when = 'setup'
reraise = (<class '_pytest.outcomes.Exit'>, <class 'KeyboardInterrupt'>)

    @classmethod
    def from_call(
        cls,
        func: Callable[[], TResult],
        when: Literal["collect", "setup", "call", "teardown"],
        reraise: type[BaseException] | tuple[type[BaseException], ...] | None = None,
    ) -> CallInfo[TResult]:
        """Call func, wrapping the result in a CallInfo.
    
        :param func:
            The function to call. Called without arguments.
        :type func: Callable[[], _pytest.runner.TResult]
        :param when:
            The phase in which the function is called.
        :param reraise:
            Exception or exceptions that shall propagate if raised by the
            function, instead of being wrapped in the CallInfo.
        """
        excinfo = None
        instant = timing.Instant()
        try:
>           result: TResult | None = func()
                                     ^^^^^^

.venv/lib/python3.13/site-packages/_pytest/runner.py:361: 
_ _ _ _ _ _ _ _ _ _ _ _ _ _ _ _ _ _ _ _ _ _ _ _ _ _ _ _ _ _ _ _ _ _ _ _ _ _ _ _ 
.venv/lib/python3.13/site-packages/_pytest/runner.py:250: in <lambda>
    lambda: runtest_hook(item=item, **kwds),
            ^^^^^^^^^^^^^^^^^^^^^^^^^^^^^^^
.venv/lib/python3.13/site-packages/pluggy/_hooks.py:512: in __call__
    return self._hookexec(self.name, self._hookimpls.copy(), kwargs, firstresult)
           ^^^^^^^^^^^^^^^^^^^^^^^^^^^^^^^^^^^^^^^^^^^^^^^^^^^^^^^^^^^^^^^^^^^^^^
.venv/lib/python3.13/site-packages/pluggy/_manager.py:120: in _hookexec
    return self._inner_hookexec(hook_name, methods, kwargs, firstresult)
           ^^^^^^^^^^^^^^^^^^^^^^^^^^^^^^^^^^^^^^^^^^^^^^^^^^^^^^^^^^^^^
.venv/lib/python3.13/site-packages/_pytest/logging.py:858: in pytest_runtest_setup
    yield
.venv/lib/python3.13/site-packages/_pytest/capture.py:895: in pytest_runtest_setup
    return (yield)
            ^^^^^
.venv/lib/python3.13/site-packages/_pytest/runner.py:170: in pytest_runtest_setup
    item.session._setupstate.setup(item)
.venv/lib/python3.13/site-packages/_pytest/runner.py:536: in setup
    col.setup()
.venv/lib/python3.13/site-packages/_pytest/python.py:1710: in setup
    self._request._fillfixtures()
.venv/lib/python3.13/site-packages/_pytest/fixtures.py:806: in _fillfixtures
    item.funcargs[argname] = self.getfixturevalue(argname)
                             ^^^^^^^^^^^^^^^^^^^^^^^^^^^^^
.venv/lib/python3.13/site-packages/_pytest/fixtures.py:630: in getfixturevalue
    fixturedef = self._get_active_fixturedef(argname)
                 ^^^^^^^^^^^^^^^^^^^^^^^^^^^^^^^^^^^^
.venv/lib/python3.13/site-packages/_pytest/fixtures.py:726: in _get_active_fixturedef
    fixturedef.execute(request=subrequest)
_ _ _ _ _ _ _ _ _ _ _ _ _ _ _ _ _ _ _ _ _ _ _ _ _ _ _ _ _ _ _ _ _ _ _ _ _ _ _ _ 

self = <FixtureDef argname='_clean_tables' scope='function' baseid=''>
request = <SubRequest '_clean_tables' for <Function test_flagged_without_observations_has_no_reviewable_finding>>

    def execute(self, request: SubRequest) -> FixtureValue:
        """Return the value of this fixture, executing it if not cached."""
        # Ensure that the dependent fixtures requested by this fixture are loaded.
        # This needs to be done before checking if we have a cached value, since
        # if a dependent fixture has their cache invalidated, e.g. due to
        # parametrization, they finalize themselves and fixtures depending on it
        # (which will likely include this fixture) setting `self.cached_result = None`.
        # See #4871
        requested_fixtures_that_should_finalize_us = []
        for argname in self.argnames:
            fixturedef = request._get_active_fixturedef(argname)
            # Saves requested fixtures in a list so we later can add our finalizer
            # to them, ensuring that if a requested fixture gets torn down we get torn
            # down first. This is generally handled by SetupState, but still currently
            # needed when this fixture is not parametrized but depends on a parametrized
            # fixture.
            requested_fixtures_that_should_finalize_us.append(fixturedef)
    
        # Check for (and return) cached value/exception.
        if self.cached_result is not None:
            request_cache_key = self.cache_key(request)
            cache_key = self.cached_result[1]
            try:
                # Attempt to make a normal == check: this might fail for objects
                # which do not implement the standard comparison (like numpy arrays -- #6497).
                cache_hit = bool(request_cache_key == cache_key)
            except (ValueError, RuntimeError):
                # If the comparison raises, use 'is' as fallback.
                cache_hit = request_cache_key is cache_key
    
            if cache_hit:
                if self.cached_result[2] is not None:
                    exc, exc_tb = self.cached_result[2]
                    raise exc.with_traceback(exc_tb)
                else:
                    return self.cached_result[0]
            # We have a previous but differently parametrized fixture instance
            # so we need to tear it down before creating a new one.
            self.finish(request)
            assert self.cached_result is None
    
        # Add finalizer to requested fixtures we saved previously.
        # We make sure to do this after checking for cached value to avoid
        # adding our finalizer multiple times. (#12135)
        finalizer = functools.partial(self.finish, request=request)
        for parent_fixture in requested_fixtures_that_should_finalize_us:
            parent_fixture.addfinalizer(finalizer)
    
        # Register the pytest_fixture_post_finalizer as the first finalizer,
        # which is executed last.
>       assert not self._finalizers
               ^^^^^^^^^^^^^^^^^^^^
E       AssertionError

.venv/lib/python3.13/site-packages/_pytest/fixtures.py:1221: AssertionError
___________ ERROR at setup of test_first_local_day_dispense_rejected ___________

cls = <class '_pytest.runner.CallInfo'>
func = <function call_and_report.<locals>.<lambda> at 0x10e63b060>
when = 'setup'
reraise = (<class '_pytest.outcomes.Exit'>, <class 'KeyboardInterrupt'>)

    @classmethod
    def from_call(
        cls,
        func: Callable[[], TResult],
        when: Literal["collect", "setup", "call", "teardown"],
        reraise: type[BaseException] | tuple[type[BaseException], ...] | None = None,
    ) -> CallInfo[TResult]:
        """Call func, wrapping the result in a CallInfo.
    
        :param func:
            The function to call. Called without arguments.
        :type func: Callable[[], _pytest.runner.TResult]
        :param when:
            The phase in which the function is called.
        :param reraise:
            Exception or exceptions that shall propagate if raised by the
            function, instead of being wrapped in the CallInfo.
        """
        excinfo = None
        instant = timing.Instant()
        try:
>           result: TResult | None = func()
                                     ^^^^^^

.venv/lib/python3.13/site-packages/_pytest/runner.py:361: 
_ _ _ _ _ _ _ _ _ _ _ _ _ _ _ _ _ _ _ _ _ _ _ _ _ _ _ _ _ _ _ _ _ _ _ _ _ _ _ _ 
.venv/lib/python3.13/site-packages/_pytest/runner.py:250: in <lambda>
    lambda: runtest_hook(item=item, **kwds),
            ^^^^^^^^^^^^^^^^^^^^^^^^^^^^^^^
.venv/lib/python3.13/site-packages/pluggy/_hooks.py:512: in __call__
    return self._hookexec(self.name, self._hookimpls.copy(), kwargs, firstresult)
           ^^^^^^^^^^^^^^^^^^^^^^^^^^^^^^^^^^^^^^^^^^^^^^^^^^^^^^^^^^^^^^^^^^^^^^
.venv/lib/python3.13/site-packages/pluggy/_manager.py:120: in _hookexec
    return self._inner_hookexec(hook_name, methods, kwargs, firstresult)
           ^^^^^^^^^^^^^^^^^^^^^^^^^^^^^^^^^^^^^^^^^^^^^^^^^^^^^^^^^^^^^
.venv/lib/python3.13/site-packages/_pytest/logging.py:858: in pytest_runtest_setup
    yield
.venv/lib/python3.13/site-packages/_pytest/capture.py:895: in pytest_runtest_setup
    return (yield)
            ^^^^^
.venv/lib/python3.13/site-packages/_pytest/runner.py:170: in pytest_runtest_setup
    item.session._setupstate.setup(item)
.venv/lib/python3.13/site-packages/_pytest/runner.py:536: in setup
    col.setup()
.venv/lib/python3.13/site-packages/_pytest/python.py:1710: in setup
    self._request._fillfixtures()
.venv/lib/python3.13/site-packages/_pytest/fixtures.py:806: in _fillfixtures
    item.funcargs[argname] = self.getfixturevalue(argname)
                             ^^^^^^^^^^^^^^^^^^^^^^^^^^^^^
.venv/lib/python3.13/site-packages/_pytest/fixtures.py:630: in getfixturevalue
    fixturedef = self._get_active_fixturedef(argname)
                 ^^^^^^^^^^^^^^^^^^^^^^^^^^^^^^^^^^^^
.venv/lib/python3.13/site-packages/_pytest/fixtures.py:726: in _get_active_fixturedef
    fixturedef.execute(request=subrequest)
_ _ _ _ _ _ _ _ _ _ _ _ _ _ _ _ _ _ _ _ _ _ _ _ _ _ _ _ _ _ _ _ _ _ _ _ _ _ _ _ 

self = <FixtureDef argname='_clean_tables' scope='function' baseid=''>
request = <SubRequest '_clean_tables' for <Function test_first_local_day_dispense_rejected>>

    def execute(self, request: SubRequest) -> FixtureValue:
        """Return the value of this fixture, executing it if not cached."""
        # Ensure that the dependent fixtures requested by this fixture are loaded.
        # This needs to be done before checking if we have a cached value, since
        # if a dependent fixture has their cache invalidated, e.g. due to
        # parametrization, they finalize themselves and fixtures depending on it
        # (which will likely include this fixture) setting `self.cached_result = None`.
        # See #4871
        requested_fixtures_that_should_finalize_us = []
        for argname in self.argnames:
            fixturedef = request._get_active_fixturedef(argname)
            # Saves requested fixtures in a list so we later can add our finalizer
            # to them, ensuring that if a requested fixture gets torn down we get torn
            # down first. This is generally handled by SetupState, but still currently
            # needed when this fixture is not parametrized but depends on a parametrized
            # fixture.
            requested_fixtures_that_should_finalize_us.append(fixturedef)
    
        # Check for (and return) cached value/exception.
        if self.cached_result is not None:
            request_cache_key = self.cache_key(request)
            cache_key = self.cached_result[1]
            try:
                # Attempt to make a normal == check: this might fail for objects
                # which do not implement the standard comparison (like numpy arrays -- #6497).
                cache_hit = bool(request_cache_key == cache_key)
            except (ValueError, RuntimeError):
                # If the comparison raises, use 'is' as fallback.
                cache_hit = request_cache_key is cache_key
    
            if cache_hit:
                if self.cached_result[2] is not None:
                    exc, exc_tb = self.cached_result[2]
                    raise exc.with_traceback(exc_tb)
                else:
                    return self.cached_result[0]
            # We have a previous but differently parametrized fixture instance
            # so we need to tear it down before creating a new one.
            self.finish(request)
            assert self.cached_result is None
    
        # Add finalizer to requested fixtures we saved previously.
        # We make sure to do this after checking for cached value to avoid
        # adding our finalizer multiple times. (#12135)
        finalizer = functools.partial(self.finish, request=request)
        for parent_fixture in requested_fixtures_that_should_finalize_us:
            parent_fixture.addfinalizer(finalizer)
    
        # Register the pytest_fixture_post_finalizer as the first finalizer,
        # which is executed last.
>       assert not self._finalizers
               ^^^^^^^^^^^^^^^^^^^^
E       AssertionError

.venv/lib/python3.13/site-packages/_pytest/fixtures.py:1221: AssertionError
=========================== short test summary info ============================
ERROR ../audit_reports/independent-26-track-2026-10-04/evidence/domain/test_domain_probes.py::test_sale_dob_can_follow_purchase
ERROR ../audit_reports/independent-26-track-2026-10-04/evidence/domain/test_domain_probes.py::test_cost_numerator_is_truncated_at_real_cap
ERROR ../audit_reports/independent-26-track-2026-10-04/evidence/domain/test_domain_probes.py::test_flagged_without_observations_has_no_reviewable_finding
ERROR ../audit_reports/independent-26-track-2026-10-04/evidence/domain/test_domain_probes.py::test_first_local_day_dispense_rejected
4 errors in 5.93s
