2026-10-04 15:20:23,258 INFO goatfarm [227047545df14e70a8f58abb28d5bc6e] request method=POST path=/api/auth/register status=201 duration_ms=289.11
2026-10-04 15:20:23,259 INFO httpx [-] HTTP Request: POST http://test/api/auth/register "HTTP/1.1 201 Created"
2026-10-04 15:20:23,304 INFO goatfarm [0609851251224d4992714c0bf328075a] request method=POST path=/api/auth/farms status=201 duration_ms=43.60
2026-10-04 15:20:23,304 INFO httpx [-] HTTP Request: POST http://test/api/auth/farms "HTTP/1.1 201 Created"
2026-10-04 15:20:23,363 INFO goatfarm [517290c75b8c48cfb91981afe5b3f293] request method=POST path=/api/animals status=201 duration_ms=57.82
2026-10-04 15:20:23,363 INFO httpx [-] HTTP Request: POST http://test/api/animals "HTTP/1.1 201 Created"
2026-10-04 15:20:23,401 INFO goatfarm [7bb7e9e008b7471980c98d05f4cd770b] request method=POST path=/api/animals/1/status status=200 duration_ms=37.02
2026-10-04 15:20:23,402 INFO httpx [-] HTTP Request: POST http://test/api/animals/1/status "HTTP/1.1 200 OK"
DOB_CHRONOLOGY {"id": 1, "purchase_date": "2024-10-05", "estimated_dob": "2025-10-05", "status": "SOLD", "sale_price": 1000.0}
.2026-10-04 15:20:23,808 INFO goatfarm [5db6e28d11f947a59d93d24fe635f8c4] request method=POST path=/api/auth/register status=201 duration_ms=171.30
2026-10-04 15:20:23,809 INFO httpx [-] HTTP Request: POST http://test/api/auth/register "HTTP/1.1 201 Created"
2026-10-04 15:20:23,832 INFO goatfarm [16ee07b4953c408b95b90c7c4bb4e3cc] request method=POST path=/api/auth/farms status=201 duration_ms=23.26
2026-10-04 15:20:23,833 INFO httpx [-] HTTP Request: POST http://test/api/auth/farms "HTTP/1.1 201 Created"
2026-10-04 15:20:24,481 INFO goatfarm [62b9fd4c5d004f05bf4705750a14459c] request method=GET path=/api/simulation/calibration status=200 duration_ms=318.25
2026-10-04 15:20:24,483 INFO httpx [-] HTTP Request: GET http://test/api/simulation/calibration?lookback_months=12 "HTTP/1.1 200 OK"
COST_TRUNCATION {"recorded_other_expense": 60000, "returned_misc_per_month": 2000.0, "cost_evidence": {}, "warnings": ["No active animals were found; herd counts were calibrated to zero.", "Cost calibration used the 20,000 most recent ledger rows (ledger history actually reaches back to 2026-04-08).", "Recurring costs were averaged over the 6 month(s) of ledger history that exist, not the 12 month(s) requested.", "No sufficient farm evidence for: costs, feed, growth, mortality, reproduction, sales; preset values remain.", "8 calibrated input(s) have low confidence; review them before lending or investment decisions."]}
.2026-10-04 15:20:24,871 INFO goatfarm [affe518fc6864cf99dd824a0c37a1e85] request method=POST path=/api/auth/register status=201 duration_ms=163.36
2026-10-04 15:20:24,872 INFO httpx [-] HTTP Request: POST http://test/api/auth/register "HTTP/1.1 201 Created"
2026-10-04 15:20:24,893 INFO goatfarm [c9eff8155d1141cab25d45ea30f175a3] request method=POST path=/api/auth/farms status=201 duration_ms=20.83
2026-10-04 15:20:24,894 INFO httpx [-] HTTP Request: POST http://test/api/auth/farms "HTTP/1.1 201 Created"
EMPTY_FLAG {"image_status": "FLAGGED", "finding_count": 0, "cycle_flagged": 1}
.2026-10-04 15:20:25,386 INFO goatfarm [d2f22392f11e4de39c61574d6858f948] request method=POST path=/api/auth/register status=201 duration_ms=166.96
2026-10-04 15:20:25,387 INFO httpx [-] HTTP Request: POST http://test/api/auth/register "HTTP/1.1 201 Created"
2026-10-04 15:20:25,416 INFO goatfarm [678b7fd52874455382fa0db4e78e2ffb] request method=POST path=/api/auth/farms status=201 duration_ms=28.71
2026-10-04 15:20:25,417 INFO httpx [-] HTTP Request: POST http://test/api/auth/farms "HTTP/1.1 201 Created"
2026-10-04 15:20:25,531 INFO goatfarm [d6c7d4fe52434ba089321943e8f063c7] request method=POST path=/api/feeding/dispense status=422 duration_ms=103.02
2026-10-04 15:20:25,532 INFO httpx [-] HTTP Request: POST http://test/api/feeding/dispense "HTTP/1.1 422 Unprocessable Entity"
DISPENSE_TIMEZONE {"created_utc": "2026-10-04T00:30:00", "farm_local_date": "2026-10-03", "timezone": "America/Phoenix", "response": {"detail": "Dispensing date cannot be before the farm was created.", "code": "VALIDATION_ERROR"}}
.
4 passed in 8.23s
