ATTACHED service_worker
ATTACHED service_worker
ATTACHED service_worker
WORKER ["DIAGNOSTIC BEFORE SCRIPT"]
WORKER ["DIAGNOSTIC BEFORE SCRIPT"]
WORKER ["DIAGNOSTIC BEFORE SCRIPT"]
ATTACHED service_worker
WORKER ["DIAGNOSTIC BEFORE SCRIPT"]
WORKER ["fetch:start","/worker"]
WORKER ["fetch:start","/worker/login"]
WORKER ["fetch:start","/worker/offline"]
WORKER ["fetch:start","/manifest.webmanifest"]
WORKER ["fetch:headers","/worker",200]
WORKER ["fetch:headers","/worker/login",200]
WORKER ["fetch:headers","/worker/offline",200]
WORKER ["fetch:body","/worker"]
WORKER ["fetch:body","/worker/login"]
WORKER ["fetch:body","/worker/offline"]
WORKER ["fetch:headers","/manifest.webmanifest",200]
WORKER ["fetch:body","/manifest.webmanifest"]
WORKER ["text:start","http://localhost:3000/worker"]
WORKER ["text:done","http://localhost:3000/worker",20947]
WORKER ["text:start","http://localhost:3000/worker/login"]
WORKER ["text:done","http://localhost:3000/worker/login",21450]
WORKER ["text:start","http://localhost:3000/worker/offline"]
WORKER ["text:done","http://localhost:3000/worker/offline",21454]
final {
  registrations: [ { installing: undefined, active: 'activated' } ],
  cacheKeys: [ { name: 'herdly-worker-v3', urls: [Array] } ]
}
