Name                                      Stmts   Miss Branch BrPart  Cover
---------------------------------------------------------------------------
app/__init__.py                               0      0      0      0   100%
app/api/__init__.py                           0      0      0      0   100%
app/api/_run_limits.py                      219      7     70      9    94%
app/api/_shared.py                          168      5     62      3    97%
app/api/animals.py                          389     13    178     13    95%
app/api/auth.py                            1126    104    410     73    88%
app/api/breeding.py                         132      8     26      1    94%
app/api/buckets.py                           34      0      4      0   100%
app/api/dashboard.py                        166      0     26      0   100%
app/api/feeding.py                          100      3     16      3    95%
app/api/finance.py                          333     14    126     15    94%
app/api/health.py                           396     32    194     27    89%
app/api/kidding.py                          113      6     38      6    92%
app/api/operational_metrics.py               20      0      8      0   100%
app/api/ops_simulation.py                    41      3      4      1    91%
app/api/owner.py                             84      1     12      1    98%
app/api/planner.py                          199     27     46     10    84%
app/api/purchases.py                         95      2     26      1    98%
app/api/screening.py                        282     16     86     12    92%
app/api/simulation.py                       230      9     42      4    95%
app/api/tasks.py                            247     16     82      6    93%
app/api/team.py                             547     33    158     15    93%
app/audit.py                                  7      0      0      0   100%
app/characters.py                            13      0      4      1    94%
app/core/__init__.py                          0      0      0      0   100%
app/core/config.py                          800     54    268     39    91%
app/db.py                                    64      1     12      0    99%
app/deps.py                                 279     16    118     17    92%
app/main.py                                 533    129    124     14    73%
app/metrics.py                               53      4     18      5    82%
app/models/__init__.py                       20      0      0      0   100%
app/models/animals.py                       223      8     40      3    96%
app/models/breeding.py                       75      0      0      0   100%
app/models/constants.py                      35      0      0      0   100%
app/models/core.py                          114      1      6      1    98%
app/models/enums.py                         173      0      0      0   100%
app/models/feed_rules.py                     45      0     16      0   100%
app/models/feeding.py                        57      0      0      0   100%
app/models/finance.py                        69      0      0      0   100%
app/models/health.py                        103      0      0      0   100%
app/models/helpers.py                        39      0      6      0   100%
app/models/idempotency.py                    23      0      0      0   100%
app/models/lifecycle.py                       6      0      0      0   100%
app/models/maintenance.py                    12      0      0      0   100%
app/models/notifications.py                  51      0      0      0   100%
app/models/planner.py                        23      0      0      0   100%
app/models/purchases.py                      27      0      0      0   100%
app/models/screening.py                     140      0      0      0   100%
app/models/simulation.py                     21      0      0      0   100%
app/models/species.py                        35      0      0      0   100%
app/models/tasks.py                          63      0      0      0   100%
app/permissions.py                           22      0      0      0   100%
app/ratelimit.py                            228     11     68     11    93%
app/schemas/__init__.py                       0      0      0      0   100%
app/schemas/animals.py                      214      5     40      5    96%
app/schemas/auth.py                         129      3      6      1    97%
app/schemas/breeding.py                      84      1      8      1    98%
app/schemas/buckets.py                       13      0      0      0   100%
app/schemas/common.py                        90      0     16      0   100%
app/schemas/dashboard.py                     82      0      0      0   100%
app/schemas/feeding.py                      104      0      4      0   100%
app/schemas/finance.py                      139      0      6      0   100%
app/schemas/health.py                       246     13     52     13    91%
app/schemas/kidding.py                       79      1      6      1    98%
app/schemas/ops.py                            8      0      0      0   100%
app/schemas/ops_simulation.py                17      0      0      0   100%
app/schemas/owner.py                         31      0      0      0   100%
app/schemas/planner.py                       47      0      0      0   100%
app/schemas/purchases.py                     69      0      8      0   100%
app/schemas/screening.py                    202      0      0      0   100%
app/schemas/simulation.py                    70      0      0      0   100%
app/schemas/summaries.py                     42      0      0      0   100%
app/schemas/tasks.py                         87      1      4      1    98%
app/schemas/team.py                          70      0      0      0   100%
app/security.py                             555     36    164     27    91%
app/seed.py                                 151      6     50      6    94%
app/services/__init__.py                     15      0      0      0   100%
app/services/_common.py                      48      2     14      3    92%
app/services/animals.py                     100      6     58      7    92%
app/services/breeding.py                    291     14    114     20    92%
app/services/cadence.py                     147      2     36      3    97%
app/services/chronology.py                   35      0     10      0   100%
app/services/dashboard.py                    86      1     22      1    98%
app/services/feeding.py                     218      7     68      9    94%
app/services/finance.py                     170      9     64     10    92%
app/services/health.py                      280      8    148     12    95%
app/services/health_rounds.py                52      6     20      6    83%
app/services/idempotency.py                 149      5     48      6    94%
app/services/kidding.py                     170     16     80     19    86%
app/services/maintenance_progress.py         44      1     18      1    97%
app/services/notifications/__init__.py        5      0      0      0   100%
app/services/notifications/hooks.py          26      2      6      1    91%
app/services/notifications/outbox.py         77     14     26      4    81%
app/services/notifications/providers.py      60     20     10      1    61%
app/services/notifications/service.py       205      3     60      4    97%
app/services/purchases.py                    68     10     34     10    80%
app/services/retention.py                    83      2     16      2    96%
app/services/screening/__init__.py           10      0      0      0   100%
app/services/screening/budget.py             45      5     12      3    86%
app/services/screening/detect.py             49      0      6      0   100%
app/services/screening/gate.py               72      4     26      4    92%
app/services/screening/images.py             88      6     16      4    90%
app/services/screening/pipeline.py          580     92    162     21    83%
app/services/screening/providers.py         148     16     20      5    85%
app/services/screening/rotation.py           66      2     20      2    95%
app/services/screening/s3.py                161     61     38     11    58%
app/services/screening/specialists.py        73      2      6      0    97%
app/services/simulation_calibration.py      407     43    170     21    89%
app/services/tasks.py                       273     27    142     33    86%
app/simulation/__init__.py                   11      0      0      0   100%
app/simulation/assumptions.py               457     16    110     17    94%
app/simulation/backward_planner.py          197      1     32      1    99%
app/simulation/daily_ops.py                 833      9    276     14    98%
app/simulation/defaults.py                   57      1      6      1    97%
app/simulation/engine.py                    839      3    238      9    99%
app/simulation/explain.py                   256      3     98      3    98%
app/simulation/feed.py                       31      0      0      0   100%
app/simulation/finance.py                   276      6    102      6    97%
app/simulation/market.py                     46      0      4      0   100%
app/simulation/montecarlo.py                251      1     52      1    99%
app/simulation/optimization.py              113      1     46      1    99%
app/simulation/planner.py                   294      3     86      6    98%
app/simulation/results.py                   249      0      0      0   100%
app/simulation/shocks.py                     20      0      0      0   100%
app/simulation/snapshot.py                   14      0      8      0   100%
app/simulation/subsidy.py                    11      0      6      0   100%
app/simulation/vocabulary.py                 20      0      0      0   100%
app/utils.py                                 41      4      6      0    91%
app/worker/__init__.py                      116     25     28      8    76%
app/worker/__main__.py                        3      3      0      0     0%
app/worker/heartbeat.py                      23      0      0      0   100%
---------------------------------------------------------------------------
TOTAL                                     19262   1051   5226    636    93%
