{"part": 1, "database": "herdly_final_3ddc15959503_test", "expected_collected": 2564, "command": ["/Users/pradeepreddy/Desktop/goat-farm-management-main/backend/.venv/bin/python", "-m", "coverage", "run", "--branch", "--source=app", "-m", "pytest", "-q", "--junitxml=/tmp/herdly-be-final-split/part-1.xml", "tests/test_adversarial.py", "tests/test_animal_profile_pagination.py", "tests/test_audit08_simulation_concurrency.py", "tests/test_audit_remediation.py", "tests/test_auth_gaps.py", "tests/test_auth_token_version_races.py", "tests/test_backward_planner.py", "tests/test_breeding_bugs.py", "tests/test_cadence.py", "tests/test_calibration_curve_math.py", "tests/test_cull_price_calibration.py", "tests/test_dashboard_age_math.py", "tests/test_dashboard_redteam.py", "tests/test_decision_audit_regressions.py", "tests/test_deployment_artifacts.py", "tests/test_domain_audit_migration.py", "tests/test_e2e_lifecycle_audit.py", "tests/test_e2e_scenario_gaps.py", "tests/test_engine_gaps.py", "tests/test_feeding_extended.py", "tests/test_feeding_gaps.py", "tests/test_final_evidence_20261003.py", "tests/test_finance_extended.py", "tests/test_finance_gaps.py", "tests/test_health_bugs.py", "tests/test_health_extended.py", "tests/test_health_gaps.py", "tests/test_idempotency.py", "tests/test_idempotency_gaps.py", "tests/test_index_drop_parity.py", "tests/test_input_bounds.py", "tests/test_jwt_rotation.py", "tests/test_kidding_due_pagination.py", "tests/test_kidding_suffix_gaps.py", "tests/test_lifecycle_attribution_gaps.py", "tests/test_lifecycle_gaps.py", "tests/test_lock_order_hardening.py", "tests/test_logic.py", "tests/test_metrics.py", "tests/test_mutation_harness_20261003.py", "tests/test_online_index_recovery.py", "tests/test_platform_ops_20261003.py", "tests/test_prefarm_idempotency_migration.py", "tests/test_ratelimit_sweep.py", "tests/test_redteam_domain_fixes.py", "tests/test_redteam_spine_fixes.py", "tests/test_retention.py", "tests/test_schema_parity.py", "tests/test_scoped_picker_lookups.py", "tests/test_screening.py", "tests/test_screening_provider_gaps.py", "tests/test_security_hardening.py", "tests/test_security_mutation_gaps.py", "tests/test_security_workflow.py", "tests/test_simulation_api.py", "tests/test_simulation_explain.py", "tests/test_simulation_fuzz.py", "tests/test_simulation_goat_domain.py", "tests/test_simulation_redteam.py", "tests/test_simulation_vocabulary.py", "tests/test_strict_inputs.py", "tests/test_task_visibility_parity.py", "tests/test_tasks_gaps.py", "tests/test_team_bugs.py", "tests/test_tenancy_matrix.py", "tests/test_tenant_foreign_keys.py", "tests/test_totp.py", "tests/test_unit_extended.py"]}
........................................................................ [  2%]
........................................................................ [  5%]
........................................................................ [  8%]
........................................................................ [ 11%]
........................................................................ [ 14%]
........................................................................ [ 16%]
........................................................................ [ 19%]
........................................................................ [ 22%]
..ss.........ss......................................................... [ 25%]
........................................................................ [ 28%]
........................................................................ [ 30%]
........................................................................ [ 33%]
........................................................................ [ 36%]
........................................................................ [ 39%]
........................................................................ [ 42%]
........................................................................ [ 44%]
........................................................................ [ 47%]
........................................................................ [ 50%]
........................................................................ [ 53%]
........................................................................ [ 56%]
........................................................................ [ 58%]
........................................................................ [ 61%]
........................................................................ [ 64%]
........................................................................ [ 67%]
........................................................................ [ 70%]
........................................................................ [ 73%]
........................................................................ [ 75%]
........................................................................ [ 78%]
........................................................................ [ 81%]
........................................................................ [ 84%]
........................................................................ [ 87%]
........................................................................ [ 89%]
........................................................................ [ 92%]
........................................................................ [ 95%]
........................................................................ [ 98%]
............................................                             [100%]
2560 passed, 4 skipped in 1157.55s (0:19:17)
