{"part": 2, "database": "herdly_final_19d302d009bc_test", "expected_collected": 2564, "command": ["/Users/pradeepreddy/Desktop/goat-farm-management-main/backend/.venv/bin/python", "-m", "coverage", "run", "--branch", "--source=app", "-m", "pytest", "-q", "--junitxml=/tmp/herdly-be-final-split/part-2.xml", "tests/test_account_tombstones.py", "tests/test_animals_bugs.py", "tests/test_animals_extended.py", "tests/test_animals_status_husbandry.py", "tests/test_audit04_data_layer_remediation.py", "tests/test_audit_followups.py", "tests/test_auth_bugs.py", "tests/test_auth_extended.py", "tests/test_bakrid_advisory.py", "tests/test_breeding_extended.py", "tests/test_breeding_gaps.py", "tests/test_chronology_mutation_gaps.py", "tests/test_clinical_quality_20261003.py", "tests/test_concurrency.py", "tests/test_concurrency_gaps.py", "tests/test_contract_drift.py", "tests/test_daily_ops.py", "tests/test_daily_ops_api.py", "tests/test_dashboard_permissions.py", "tests/test_decision_audit_postgres.py", "tests/test_domain_audit_fixes.py", "tests/test_domain_check_constraints.py", "tests/test_domain_chronology.py", "tests/test_feed_quantity_numeric.py", "tests/test_feeding_split_gaps.py", "tests/test_finance_bugs.py", "tests/test_finance_insurance.py", "tests/test_health_note_gaps.py", "tests/test_health_safety.py", "tests/test_inactive_animal_task_cleanup.py", "tests/test_jsonb_columns.py", "tests/test_kidding_gaps.py", "tests/test_kidding_husbandry.py", "tests/test_maintenance_progress_20261003.py", "tests/test_monetized_cull_migration.py", "tests/test_notification_quality_20261003.py", "tests/test_notifications.py", "tests/test_notifications_mutation_gaps.py", "tests/test_ops.py", "tests/test_ops_migration_integrity.py", "tests/test_owner_overview.py", "tests/test_password_capacity.py", "tests/test_planner_api.py", "tests/test_platform_security_20261003.py", "tests/test_postgres_text_regressions.py", "tests/test_purchase_batch_bulk.py", "tests/test_query_performance.py", "tests/test_rbac.py", "tests/test_rbac_exhaustive.py", "tests/test_redteam_remediation_2026_09_04.py", "tests/test_retention_mutation_gaps.py", "tests/test_security_events.py", "tests/test_security_module_gaps.py", "tests/test_settings_defaults.py", "tests/test_simulation_advanced.py", "tests/test_simulation_audit_remediation.py", "tests/test_simulation_deep_mutation.py", "tests/test_simulation_engine.py", "tests/test_simulation_finance_mutation.py", "tests/test_simulation_financials.py", "tests/test_simulation_planner.py", "tests/test_smoke.py", "tests/test_tasks_bugs.py", "tests/test_tasks_extended.py", "tests/test_team_extended.py", "tests/test_tenant_history_pagination_indexes.py", "tests/test_totp_rfc_gaps.py", "tests/test_unit_bugs.py", "tests/test_worker_pin_auth.py"]}
........................................................................ [  2%]
........................................................................ [  5%]
........................................................................ [  8%]
........................................................................ [ 11%]
........................................................................ [ 14%]
........................................................................ [ 16%]
........................................................................ [ 19%]
........................................................................ [ 22%]
........................................................................ [ 25%]
........................................................................ [ 28%]
........................................................................ [ 30%]
........................................................................ [ 33%]
........................................................................ [ 36%]
........................................................................ [ 39%]
........................................................................ [ 42%]
........................................................................ [ 44%]
........................................................................ [ 47%]
........................................................................ [ 50%]
........................................................................ [ 53%]
........................................................................ [ 56%]
........................................................................ [ 58%]
........................................................................ [ 61%]
........................................................................ [ 64%]
........................................................................ [ 67%]
........................................................................ [ 70%]
........................................................................ [ 73%]
........................................................................ [ 75%]
........................................................................ [ 78%]
........................................................................ [ 81%]
........................................................................ [ 84%]
........................................................................ [ 87%]
........................................................................ [ 89%]
........................................................................ [ 92%]
........................................................................ [ 95%]
........................................................................ [ 98%]
............................................                             [100%]
2564 passed in 1362.43s (0:22:42)
