DEPRECATED: The legacy builder is deprecated and will be removed in a future release.
            Install the buildx component to build images with BuildKit:
            https://docs.docker.com/go/buildx/

Sending build context to Docker daemon  213.9MB
Step 1/21 : FROM python:3.13-slim@sha256:3dd7cc108ec1493442514f5c2a871af6af0ec31d768ff6e378a93340c3b3db5f
 ---> 3dd7cc108ec1
Step 2/21 : ENV PYTHONDONTWRITEBYTECODE=1     PYTHONUNBUFFERED=1     UV_COMPILE_BYTECODE=1     UV_LINK_MODE=copy     PATH="/app/.venv/bin:$PATH"     GOATFARM_JWT_PRIVATE_KEY_PATH=/app/keys/jwt_private.pem     GOATFARM_JWT_PUBLIC_KEY_PATH=/app/keys/jwt_public.pem
 ---> Using cache
 ---> 6b5a51bb22f5
Step 3/21 : WORKDIR /app
 ---> Using cache
 ---> 765f2024a78d
Step 4/21 : COPY docker/debian-security-packages.json docker/fetch_debian_security_packages.py /tmp/security-fixes/
 ---> a300676eb328
Step 5/21 : RUN python /tmp/security-fixes/fetch_debian_security_packages.py         /tmp/security-fixes/debian-security-packages.json /tmp/security-debs --package libpcre2-8-0     && dpkg -i /tmp/security-debs/*.deb     && rm -rf /tmp/security-fixes /tmp/security-debs
 ---> Running in 63b96696ffea
(Reading database ... 5657 files and directories currently installed.)
Preparing to unpack .../libpcre2-8-0_10.46-1~deb13u3_arm64.deb ...
Unpacking libpcre2-8-0:arm64 (10.46-1~deb13u3) over (10.46-1~deb13u2) ...
Setting up libpcre2-8-0:arm64 (10.46-1~deb13u3) ...
Processing triggers for libc-bin (2.41-12+deb13u4) ...
 ---> Removed intermediate container 63b96696ffea
 ---> 7513baa9d6b6
Step 6/21 : COPY backend/pyproject.toml backend/uv.lock ./
 ---> 832fb340503f
Step 7/21 : COPY backend/pins/uv.txt ./pins/uv.txt
 ---> 626b6d647247
Step 8/21 : RUN pip install --no-cache-dir --require-hashes -r pins/uv.txt     && uv sync --locked --no-dev --no-install-project --no-cache     && groupadd --system --gid 10001 goatfarm     && useradd --system --uid 10001 --gid goatfarm goatfarm     && install -d -o goatfarm -g goatfarm -m 0700 /app/keys
 ---> Running in eb1f273d0c02
Collecting uv==0.12.1 (from -r pins/uv.txt (line 11))
  Downloading uv-0.12.1-py3-none-manylinux_2_17_aarch64.manylinux2014_aarch64.musllinux_1_1_aarch64.whl (21.3 MB)
     ━━━━━━━━━━━━━━━━━━━━━━━━━━━━━━━━━━━━━━━━ 21.3/21.3 MB 5.0 MB/s  0:00:04
Installing collected packages: uv
Successfully installed uv-0.12.1
[91mWARNING: Running pip as the 'root' user can result in broken permissions and conflicting behaviour with the system package manager, possibly rendering your system unusable. It is recommended to use a virtual environment instead: https://pip.pypa.io/warnings/venv. Use the --root-user-action option if you know what you are doing and want to suppress this warning.
[0m[91mUsing CPython 3.13.16 interpreter at: /usr/local/bin/python3
Creating virtual environment at: .venv
[0m[91mResolved 62 packages in 0.63ms
[0m[91mDownloading cryptography (4.5MiB)
[0m[91mDownloading pydantic-core (1.9MiB)
[0m[91mDownloading sqlalchemy (3.1MiB)
[0m[91mDownloading uvloop (4.1MiB)
[0m[91mDownloading asyncpg (3.3MiB)
[0m[91mDownloading pillow (6.0MiB)
[0m[91mDownloading botocore (13.5MiB)
[0m[91m Downloaded pydantic-core
[0m[91m Downloaded sqlalchemy
[0m[91m Downloaded asyncpg
[0m[91m Downloaded uvloop
[0m[91m Downloaded cryptography
[0m[91m Downloaded pillow
[0m[91m Downloaded botocore
[0m[91mPrepared 44 packages in 7.15s
[0m[91mInstalled 44 packages in 128ms
[0m[91mBytecode compiled 1365 files in 376ms
 + alembic==1.19.0
 + annotated-doc==0.0.5
 + annotated-types==0.8.0
 + anyio==4.14.2
 + argon2-cffi==25.1.0
 + argon2-cffi-bindings==25.1.0
 + asyncpg==0.31.0
 + boto3==1.40[0m[91m.11
 + botocore==1.40.76
 + certifi==2026.7.22
 + cffi==2.1.1
 + click==8.4.2
 + cryptography==50.0.0
 + fastapi==0.141.1
 + greenlet==3.5.4
 + h11==0.16.0
 + httpcore==1.0.9
 + httptools==0.8.0
 + httpx==0.28.1
 + idna==3.18
 + jmespath==1.1.0
 + mako==1.4.1
 + markupsafe==3.0[0m[91m.3
 + pillow==12.3.0
 +[0m[91m prometheus-client==0.[0m[91m26[0m[91m.0
 +[0m[91m pycparser==3.0[0m[91m
 + pydantic==2.13.4
 + pydantic-core[0m[91m==2.46.4
[0m[91m + pydantic-settings[0m[91m==2.14.2[0m[91m
 + [0m[91mpyjwt==2.15.1
[0m[91m + python-dateutil[0m[91m==2.9[0m[91m.0.post0[0m[91m
 + [0m[91mpython-dotenv==1.2[0m[91m.2
 + [0m[91mpyyaml==6.0[0m[91m.3
 + [0m[91ms3transfer==0.13[0m[91m.1
 +[0m[91m six==1.[0m[91m17.0
 [0m[91m+ sqlalchemy==[0m[91m2.0.51
 +[0m[91m starlette==1.4.1
 + typing-extensions==4.16.0
 + typing-inspection==[0m[91m0.4.2
 + urllib3[0m[91m==2.8.0
 [0m[91m+ uvicorn==0[0m[91m.52.1
 [0m[91m+ uvloop[0m[91m==0.22.[0m[91m1
 + [0m[91mwatchfiles==1.[0m[91m2.0
 + websockets[0m[91m==17.0.1
[0m[91museradd warning: goatfarm's uid 10001 is greater than SYS_UID_MAX 999
[0m ---> Removed intermediate container eb1f273d0c02
 ---> 19fe12386e34
Step 9/21 : COPY backend/app ./app
 ---> db04a0951c61
Step 10/21 : COPY backend/alembic ./alembic
 ---> 5b8243d39841
Step 11/21 : COPY backend/alembic.ini ./
 ---> 9d2c1e93aa07
Step 12/21 : COPY backend/scripts/healthcheck.py ./healthcheck.py
 ---> c9977ca3db9c
Step 13/21 : COPY backend/scripts/screening_worker_healthcheck.py ./screening_worker_healthcheck.py
 ---> 61e04aa3fa9f
Step 14/21 : COPY backend/scripts/compose_env_guard.py ./scripts/compose_env_guard.py
 ---> 502ee1c5c62d
Step 15/21 : COPY backend/scripts/rekey_totp_secrets.py ./scripts/rekey_totp_secrets.py
 ---> 4913422e1c5d
Step 16/21 : COPY backend/scripts/totp_breakglass.py ./scripts/totp_breakglass.py
 ---> a85c2b6484a9
Step 17/21 : RUN rm -rf /usr/local/lib/python3.13/site-packages/pip         /usr/local/lib/python3.13/site-packages/pip-*.dist-info     && rm -f /usr/local/bin/pip /usr/local/bin/pip3 /usr/local/bin/pip3.13         /usr/local/bin/uv /usr/local/bin/uvx
 ---> Running in affb9b43c3bd
 ---> Removed intermediate container affb9b43c3bd
 ---> 947fb6300b9f
Step 18/21 : USER goatfarm
 ---> Running in 00e76b3e9f0e
 ---> Removed intermediate container 00e76b3e9f0e
 ---> 37fb4e28fb09
Step 19/21 : EXPOSE 8000
 ---> Running in d1a864c65b38
 ---> Removed intermediate container d1a864c65b38
 ---> 0f41bd6fe755
Step 20/21 : HEALTHCHECK --interval=30s --timeout=5s --start-period=15s     CMD python healthcheck.py
 ---> Running in 22082d59e481
 ---> Removed intermediate container 22082d59e481
 ---> 8b153023ee3b
Step 21/21 : CMD ["uvicorn", "app.main:app", "--host", "0.0.0.0", "--port", "8000", "--workers", "1", "--timeout-graceful-shutdown", "30", "--no-proxy-headers", "--no-server-header"]
 ---> Running in 7c72bc562065
 ---> Removed intermediate container 7c72bc562065
 ---> 5cdea4e63f4b
Successfully built 5cdea4e63f4b
Successfully tagged goatfarm-fix29-backend:104
