# This file was autogenerated by uv via the following command:
#    uv export --frozen --extra dev --no-emit-project --format requirements.txt --output-file ../audit_reports/remediation-29-findings-2026-10-04/ops/backend-frozen-requirements.txt
alembic==1.19.0 \
    --hash=sha256:6487c612fc719dcfa22b17d2dd5b2b458929641e6aa2f0b65b135727f5e6d501 \
    --hash=sha256:cf839d3849116aab3cc047e09c6968b9bd6b2fde61b6bb7c1e97352fe5503580
    # via goatfarm-backend
annotated-doc==0.0.5 \
    --hash=sha256:117bac03a25ede5df5440e855b32d556049ca169ead221505badf432fed4b101 \
    --hash=sha256:c7e58ce09192557605d8bbd92836d7e1d520ac9580096042c0bfd197efacf1bb
    # via fastapi
annotated-types==0.8.0 \
    --hash=sha256:13b2beaad985e05e2d6407ee4c4f35590b11f8d693a258a561055cac8f64cab7 \
    --hash=sha256:f072f4d804ea359e4eaf198b1af7a8b0943881a87f31bb764f8bf219bb9419e0
    # via pydantic
anyio==4.14.2 \
    --hash=sha256:9f505dda5ac9f0c8309b5e8bd445a8c2bf7246f3ce950121e45ea15bc41d1494 \
    --hash=sha256:cfa139f3ed1a23ee8f88a145ddb5ac7605b8bbfd8592baacd7ce3d8bb4313c7f
    # via
    #   httpx
    #   starlette
    #   watchfiles
argon2-cffi==25.1.0 \
    --hash=sha256:694ae5cc8a42f4c4e2bf2ca0e64e51e23a040c6a517a85074683d3959e1346c1 \
    --hash=sha256:fdc8b074db390fccb6eb4a3604ae7231f219aa669a2652e0f20e16ba513d5741
    # via goatfarm-backend
argon2-cffi-bindings==25.1.0 \
    --hash=sha256:1db89609c06afa1a214a69a462ea741cf735b29a57530478c06eb81dd403de99 \
    --hash=sha256:1e021e87faa76ae0d413b619fe2b65ab9a037f24c60a1e6cc43457ae20de6dc6 \
    --hash=sha256:2630b6240b495dfab90aebe159ff784d08ea999aa4b0d17efa734055a07d2f44 \
    --hash=sha256:3c6702abc36bf3ccba3f802b799505def420a1b7039862014a65db3205967f5a \
    --hash=sha256:3d3f05610594151994ca9ccb3c771115bdb4daef161976a266f0dd8aa9996b8f \
    --hash=sha256:473bcb5f82924b1becbb637b63303ec8d10e84c8d241119419897a26116515d2 \
    --hash=sha256:7aef0c91e2c0fbca6fc68e7555aa60ef7008a739cbe045541e438373bc54d2b0 \
    --hash=sha256:84a461d4d84ae1295871329b346a97f68eade8c53b6ed9a7ca2d7467f3c8ff6f \
    --hash=sha256:87c33a52407e4c41f3b70a9c2d3f6056d88b10dad7695be708c5021673f55623 \
    --hash=sha256:8b8efee945193e667a396cbc7b4fb7d357297d6234d30a489905d96caabde56b \
    --hash=sha256:a1c70058c6ab1e352304ac7e3b52554daadacd8d453c1752e547c76e9c99ac44 \
    --hash=sha256:a98cd7d17e9f7ce244c0803cad3c23a7d379c301ba618a5fa76a67d116618b98 \
    --hash=sha256:aecba1723ae35330a008418a91ea6cfcedf6d31e5fbaa056a166462ff066d500 \
    --hash=sha256:b0fdbcf513833809c882823f98dc2f931cf659d9a1429616ac3adebb49f5db94 \
    --hash=sha256:b55aec3565b65f56455eebc9b9f34130440404f27fe21c3b375bf1ea4d8fbae6 \
    --hash=sha256:b957f3e6ea4d55d820e40ff76f450952807013d361a65d7f28acc0acbf29229d \
    --hash=sha256:ba92837e4a9aa6a508c8d2d7883ed5a8f6c308c89a4790e1e447a220deb79a85 \
    --hash=sha256:c4f9665de60b1b0e99bcd6be4f17d90339698ce954cfd8d9cf4f91c995165a92 \
    --hash=sha256:c87b72589133f0346a1cb8d5ecca4b933e3c9b64656c9d175270a000e73b288d \
    --hash=sha256:d3e924cfc503018a714f94a49a149fdc0b644eaead5d1f089330399134fa028a \
    --hash=sha256:e2fd3bfbff3c5d74fef31a722f729bf93500910db650c925c2d6ef879a7e51cb
    # via argon2-cffi
ast-serialize==0.8.0 \
    --hash=sha256:0485a25ef519c62e749ee3c1ad8070e591b380d67226349eb5a70b228dc1ac4a \
    --hash=sha256:057769b5921336eb2d9124f2a731b42ed05ffdac559b840dbdf6f3937cf153dc \
    --hash=sha256:1f9caa63fad8241257ae401b5ff0a64026c6adb36b8e86cbe8782d9ea505daf6 \
    --hash=sha256:252f883290d1cdb728eb7fe1d9a7221b88af5a329aae0bc91ddee4dafb820331 \
    --hash=sha256:2880350b13d3eae69a0d70bc1fb6c9bfaca4dbd0e20ba8cd1aa483080b56ff06 \
    --hash=sha256:293cc1c5bfa741f8e3fbe8175b9c07beee487c9a6fdbb25a5acad9f1df2d30a9 \
    --hash=sha256:2d39a56282cfcc0d8eeea37267c754be59c98d48505c23b1dae5c6011f3813dd \
    --hash=sha256:2efa40b068197d5efb62655b43baadb842ed71c4958cccd3e8b86a35726f0119 \
    --hash=sha256:31883542dd6c94d178f5db3d32fbd69c5eb88b3a7c018e7ac8cc0c45195ddbed \
    --hash=sha256:3926fa117b5e65019853a2969966d11c7175af377a3425991f3fe73784412405 \
    --hash=sha256:39e92ff8e8cb45947fe9007174b2950e1fb098e6abd00266a13cd3bcf6675068 \
    --hash=sha256:3a8660fe66667b76a6e9dccd1d33e66b229fde3b308db991c041609226c005b6 \
    --hash=sha256:3ccebbed24f1281062d5852353c72c47502955926cfcb8345ffb3a44d87ff3d3 \
    --hash=sha256:3d822605fa7bb326ef868d25fafced7fc660fa46d9b90c02ea86d5e2f5d325f7 \
    --hash=sha256:40a57b73731be45da4fa41430c4d5dc94a24b3a4faba7b9e069978c0402064ea \
    --hash=sha256:43dd6d596879bb1cb8a12cc9dae7bb10090a39a35883026c24f82488a195619a \
    --hash=sha256:485f1113af805e9e170b95ef993ca3fbd4f89c04bab25c58b4fc632d854801ab \
    --hash=sha256:4c38b915511e32bc718c49dbce98ff9af36bac0ad6a604f58000cd5e3aecdba7 \
    --hash=sha256:4ca7e6fd1ad845d1cc649dc2ecd499db2f8f46af5bf8da7b70dd858774cc038b \
    --hash=sha256:5075b9da3ef807eda752502446dfecea3b381c4900b7e27a5d5f4f899eb39951 \
    --hash=sha256:54f95b486018d262bcb387a9afd96f0da74508b442762b80c769454a6fbb3ee3 \
    --hash=sha256:6102f2f985c2e542be85cd857678ec9356fefa792b93cadfadd31139f5696f27 \
    --hash=sha256:6479d9722a4cd21b578f5478074c41e6169f04811996ec881655560f703a5bba \
    --hash=sha256:6c37c43e4004dfb42d321ddedc569dc17ff4259296f3af577c9ea46a809bc010 \
    --hash=sha256:6f18048fe9f6dd266bd577cdec48bdcecb74faaa01fe941324435483b013ed2a \
    --hash=sha256:77308ae6c5cf5264cc0f01a7c556ec77a9e68eb1f61b093534d698139fdc3b14 \
    --hash=sha256:861794565b06337005c1447ef23103a3d5a627d08bdc827870d00d0b28ef5f51 \
    --hash=sha256:86b8a1e6d90467345356098b040150e82fbc26d24a7a202224b13dc1f6264ca0 \
    --hash=sha256:8c9d537f59e936392cfd3597789d1390304dd659efc3c486ce7f40fb6b8a9f53 \
    --hash=sha256:8d53a23f27e1ed3a36b2d26fd2a1a6228c8e85a1ed62ff7cdb44bd610769f20a \
    --hash=sha256:9118ad3e369727060b2696fc4078f250ecffca4248ba87f537f55cea9f9dce06 \
    --hash=sha256:96abc072ad29db8d02194afd47d68987322622787daceae82398d7b69f3ba2e6 \
    --hash=sha256:9830ff7e764f74d9eefb01170c61a9f0fd2c027dac5fcb72e064decd57d56371 \
    --hash=sha256:9a2ef9cf12f2de4f1028c42c1dd7d775255e0fb3e5bb48896c97e35ef52366fe \
    --hash=sha256:9d187197d234aa45d6cfa2b096be5f666e8cc2e7eb3722d0ab8926293cf5720c \
    --hash=sha256:9da7330f3e235bf7da89b8d39205c6350fc0c08a85379743f2df9fff87d6d980 \
    --hash=sha256:a02cbed7d8bfdcdee88edaac12bd50d53d9953aaa2e1852ef078625be5f1c0b5 \
    --hash=sha256:a63bed264e818cd83eec11feed0f50aa162542b91132ef58afebc857182763a5 \
    --hash=sha256:ab0f9a59f7d63d0d441b56b9a818b273705264352d5115cfee12e940e816d958 \
    --hash=sha256:ac4f0a83c55a9b782f79ad55a5247b7db123c1db405959791c2ef886e9710c9f \
    --hash=sha256:b2a5978662fd4db463dfb4b974d2b10ac6430b98f5333aabc7051909df3561d0 \
    --hash=sha256:bd84d60bca7079e741be4ac5dbe237751a59d7f6f9f0126b11880d63822cbe16 \
    --hash=sha256:c85d8d18db5b2dfcb3b7e38a4d600ca35504c0ed8a6f75cd1c811e4ffe248a15 \
    --hash=sha256:d8b3c8eee4c1baef9d4e84d2a59a805501617127be42615cb48970b15b0892b6 \
    --hash=sha256:db1b957291bca08c7e72f43a12357b2948e20775d970e3fc3dac0aa3160ab725 \
    --hash=sha256:ddd3b61f45c132da66c5476b281891e08c1fd87fbdabe8a6973e1622efc85f06 \
    --hash=sha256:e0910c3442a75216dde0f102d854ba2aaa71d2482e0ee213630b9bf29584fba3 \
    --hash=sha256:e1bd223df0f6c96b396975fa604cb33bce53d9b4a0185490be4c4a289f7c9c87 \
    --hash=sha256:e7266307e5fba39836edb79def8608887af48820508bff3c5f2941e1e04d1534 \
    --hash=sha256:e94f9121d13fa36cbf21314783c77d05ae3a0868decd18cf5233fdcc6de49ac8 \
    --hash=sha256:f0190a33d7f97c65e9069f7a7f40499eea6b5cbe260c558378109caf20ce934b \
    --hash=sha256:f3186969ee66a9863b00acc6523ace44c56974eecb348a7ea4b228d9f0b80e19 \
    --hash=sha256:f359df4bd921918af8bebd142a376c77511d7151cc8ba852760b587b5a4a54f3 \
    --hash=sha256:f7cc5f10386994c0f4844f1e6d6a97127e9b478660eb6dec2b257644f0acab64 \
    --hash=sha256:fa70ed4dea0bb18b30a1789c77baa701d0ef30c474f2ccabdea61e25623a8827 \
    --hash=sha256:fdc0d5b18ff8fb364e87923e47c0a91d0d69dbcaeaa274591f7fd26892cc3a3a \
    --hash=sha256:ffa5e7cb08f96fed9121f77b224151e41caf88feab9d652bb46c78202b6fbeda
    # via mypy
asyncpg==0.31.0 \
    --hash=sha256:04d19392716af6b029411a0264d92093b6e5e8285ae97a39957b9a9c14ea72be \
    --hash=sha256:0bfbcc5b7ffcd9b75ab1558f00db2ae07db9c80637ad1b2469c43df79d7a5ae2 \
    --hash=sha256:18c83b03bc0d1b23e6230f5bf8d4f217dc9bc08644ce0502a9d91dc9e634a9c7 \
    --hash=sha256:19857a358fc811d82227449b7ca40afb46e75b33eb8897240c3839dd8b744218 \
    --hash=sha256:1b41f1afb1033f2b44f3234993b15096ddc9cd71b21a42dbd87fc6a57b43d65d \
    --hash=sha256:22bc525ebbdc24d1261ecbf6f504998244d4e3be1721784b5f64664d61fbe602 \
    --hash=sha256:334dec28cf20d7f5bb9e45b39546ddf247f8042a690bff9b9573d00086e69cb5 \
    --hash=sha256:3b1fbcb0e396a5ca435a8826a87e5c2c2cc0c8c68eb6fadf82168056b0e53a8c \
    --hash=sha256:54a64f91839ba59008eccf7aad2e93d6e3de688d796f35803235ea1c4898ae1e \
    --hash=sha256:6d11b198111a72f47154fa03b85799f9be63701e068b43f84ac25da0bda9cb31 \
    --hash=sha256:8df714dba348efcc162d2adf02d213e5fab1bd9f557e1305633e851a61814a7a \
    --hash=sha256:9322b563e2661a52e3cdbc93eed3be7748b289f792e0011cb2720d278b366ce2 \
    --hash=sha256:98cc158c53f46de7bb677fd20c417e264fc02b36d901cc2a43bd6cb0dc6dbfd2 \
    --hash=sha256:ba5f8886e850882ff2c2ace5732300e99193823e8107e2c53ef01c1ebfa1e85d \
    --hash=sha256:bd4107bb7cdd0e9e65fae66a62afd3a249663b844fa34d479f6d5b3bef9c04c3 \
    --hash=sha256:bdb957706da132e982cc6856bb2f7b740603472b54c3ebc77fe60ea3e57e1bd2 \
    --hash=sha256:bef056aa502ee34204c161c72ca1f3c274917596877f825968368b2c33f585f4 \
    --hash=sha256:c0e0822b1038dc7253b337b0f3f676cadc4ac31b126c5d42691c39691962e403 \
    --hash=sha256:c204fab1b91e08b0f47e90a75d1b3c62174dab21f670ad6c5d0f243a228f015b \
    --hash=sha256:c989386c83940bfbd787180f2b1519415e2d3d6277a70d9d0f0145ac73500735 \
    --hash=sha256:cea3a0b2a14f95834cee29432e4ddc399b95700eb1d51bbc5bfee8f31fa07b2b \
    --hash=sha256:dc5f2fa9916f292e5c5c8b2ac2813763bcd7f58e130055b4ad8a0531314201ab \
    --hash=sha256:e009abc333464ff18b8f6fd146addffd9aaf63e79aa3bb40ab7a4c332d0c5e9e \
    --hash=sha256:f6b56b91bb0ffc328c4e3ed113136cddd9deefdf5f79ab448598b9772831df44 \
    --hash=sha256:f890de5e1e4f7e14023619399a471ce4b71f5418cd67a51853b9910fdfa73696
    # via
    #   asyncpg-stubs
    #   goatfarm-backend
asyncpg-stubs==0.31.3 \
    --hash=sha256:1ca28026dd36808363ece589fc3cd047f2ef1d431b18d8dd6bd9a36d539de26e \
    --hash=sha256:37968e766d1e63a4993084ee1ed897e49a6c06a031767b2a3473b4ab81618b38
    # via goatfarm-backend
boto3==1.40.11 \
    --hash=sha256:0c03da130467d51c6b940d19be295c56314e14ce0f0464cc86145e98d3c9e983 \
    --hash=sha256:9d2d211d9cb3efc9a2b2ceec3c510b4e62e389618fd5c871e74d2cbca4561ff5
    # via goatfarm-backend
botocore==1.40.76 \
    --hash=sha256:2b16024d68b29b973005adfb5039adfe9099ebe772d40a90ca89f2e165c495dc \
    --hash=sha256:fe425d386e48ac64c81cbb4a7181688d813df2e2b4c78b95ebe833c9e868c6f4
    # via
    #   boto3
    #   s3transfer
certifi==2026.7.22 \
    --hash=sha256:62f22742b58a1a33014a2b6b706588a8d7e2a88ae7bd1a6ebe8c992928483775 \
    --hash=sha256:741e2c3b351ddf169a738da9f2c048608ff7f2c5cc02f1ebc6b118bb090d5d55
    # via
    #   httpcore
    #   httpx
cffi==2.1.1 \
    --hash=sha256:06c72bb76605a4b0cd0aad6930b69d4baf7dd5d806cfc409b824191099700e66 \
    --hash=sha256:0beceaabe56af686895136a2de78db54ecd8e4046b236b8fd6d6cb61389e9bf2 \
    --hash=sha256:19ee6127ee34de7d83ce3d371ebc5ed91addbdcc39f9ab15ce4eb35a4e534971 \
    --hash=sha256:1a18a57b58cfb21fc28d72e876acf10eaed67a1ed96226f92af4df681d571c4c \
    --hash=sha256:1aa5645c30469b09530c4ebca77ebf8f17618293c58f8549cb1a543a50236e7d \
    --hash=sha256:246fa40ce8645a614ff682e0b70f37134e460eaf93a775e0cbe3cca585a67a80 \
    --hash=sha256:25792eac27877609e7bb06d42ff88278a6624fff2ba9bbb523c09616b117e80f \
    --hash=sha256:27350daa11d4f10c540e6e89dada4c54feb7256ad03e9a4dc075ebad7ba360d1 \
    --hash=sha256:28907ab9bfb6aa13184cfc17c6b8e1023c5ab6fd7076d8c20a35e59fe04f8f29 \
    --hash=sha256:2ae64be792b8966f2c69538199728b290e34726562896df1e5dc8ffd8d8188e8 \
    --hash=sha256:31348097ff5bbe827ccc41795d4dd099d9f0625e7def00ee653c137a490c2a6c \
    --hash=sha256:3222ba5d678f80a030e6afbcc33dc1ae5cb45facabb61cee2c7016b8432fde48 \
    --hash=sha256:334644fbac4eff73d985a17a91226df55d0f394160c4cfb880e084c8f7161cac \
    --hash=sha256:363e05fa78e15116c3c32c210ee36884fd6b9afa6d440e47112c3bd511d64cb6 \
    --hash=sha256:42a494cee34437f05546455144f2b5d9ac09b1face62bcfce597d2e521066688 \
    --hash=sha256:456a61fa52d579ebf9df2e9552ead5129855dbaff6c1e5a9b1bc408809bdc062 \
    --hash=sha256:471cee653ae88de62096552e6d24ccb4a5adb8c8c9f10b5054d0122c15bf2779 \
    --hash=sha256:49cbc70e6542d4ccccb936558d1064a8012541e78f821f955cff24e357776c94 \
    --hash=sha256:4be96343e422f2dfcd12ab5c9f5aebe03f82f737c6bffeca6830b3875cb44aab \
    --hash=sha256:4f42141fc14250de6dde5ee7ea4432be017252d91f19c5ad043c084cea629cac \
    --hash=sha256:507a24c282e0f42f8ed737cf048572cbf580468da5555764a8331735e9c736b6 \
    --hash=sha256:51b31d1c98274844cfd7838ce00bfc27c7423a4dc00fc0772fc3331c2cc90676 \
    --hash=sha256:58acb8ab8e295e6c5ea12f888cbb13cf21511ef2a3303a23f4325c29d17fe5c1 \
    --hash=sha256:5c58fe613dc5e5336357eff555824a314d8e43282600435c8d1cb6a7a2fedd13 \
    --hash=sha256:5e7cecbaadb83884793e05828cee59b210b24583b9c7425d0ba6a754fe22eb4e \
    --hash=sha256:616f097f2fe415bc92a247f02e11f634e1f9e9a83d327e3c915c15089c87869e \
    --hash=sha256:63bbfd5ded17c4840ac07cd8f1c21ba9d9708141f840b324f422f41b207e3973 \
    --hash=sha256:64faea20f4e2613363a1a9b9c7dd73058f3ecd00133a511e72ad7c511658f527 \
    --hash=sha256:661c298b4821edebead0c91edd2b00374d67ad7c5a1f7a91d4442633b79d6a72 \
    --hash=sha256:6a8dddef476fab96d066d578fc88526767b836ab5ab21754e1d5bf3879c31c7c \
    --hash=sha256:770de9db11e84213beec501cfcaa013b019820ca881e03344dea5844f7876d94 \
    --hash=sha256:7750c6449dff7864bb9bb27ddfb0267756189201a3afc911d82b3caacd70dfc3 \
    --hash=sha256:7da0c5eff80f0197f3b3d1232ec5a682a9325f4ae9016a78f5f5ca35f9ced1f5 \
    --hash=sha256:7dbb61fe3a7699468030f71bbe5f8a0e326a151daa91beb11a6fc1f980c55e1c \
    --hash=sha256:8ef53b2de9bcb9197d31854256575d59dbac0cba72ac627bb291ef5eceb74be4 \
    --hash=sha256:937c0052c05a31ca1daf18de3158eed4dbfcb9cc107adbea227728d647be701e \
    --hash=sha256:9d2055050ea716bd38b7f7f1579c275386646b4894c155a3e2f3cd62ed41b7c6 \
    --hash=sha256:a2d7755bef5a12ed488f4ef1f1b69ee9191d7396083b755a5d2295f6edb4768b \
    --hash=sha256:a4f00aa42f75d6e4595e8866e748cc1705adc0cddfeb2ca86d0d03993d63ba03 \
    --hash=sha256:a730a083190634c65cca36ba5f489531576ebd79bcd5c8e172130f6453127231 \
    --hash=sha256:a931079504ecc49efed7744c476a5c343a92fabf66dec2db95edb1b2fdc770e2 \
    --hash=sha256:aa9511c62d14da7aacc9b4bf51f3f697a621e83b2d6919008243c3aad168eea3 \
    --hash=sha256:ab36d55f9ed2d067327667c2fea18dda018eb628dd6347aa01dda6cf1f5d3836 \
    --hash=sha256:ad2c86c495b899d862ea0f4b42891b8713a3bd45dd4105c7fd51c2a72f39f3a5 \
    --hash=sha256:aeae0e330c9f6acd681f647d46cefd30c29f93e3392882e792e82080c9691399 \
    --hash=sha256:b0431303acaea1089ad4b3e9ce4e6518193def1118d4073ca848635ee4ea2e96 \
    --hash=sha256:b5bdfd1c873d4e093aabc0ca84c4ca6dbc4f752afb5c86f146d9742580c9da2e \
    --hash=sha256:c26608d2222fb1e94487e4a387d85f13eb55d5ed725cb25a0c589ac4ee60e7bc \
    --hash=sha256:cc572dace3f60ef98d7b12ff411d20f5362feb31a0439eab0085bbfd349982d7 \
    --hash=sha256:d18e5ac0f2f03f4f518d3e23db0f0cad7faa1da8620e9c09461d443bbf6e6692 \
    --hash=sha256:d28630f5854ab07ab1fd4aba756de52326c82e6be15d414b12793f1975048b54 \
    --hash=sha256:d9c275eaacd24aa73f94ffd6de08fc3f932424d8b6c376f4bed7cde376fe7bc3 \
    --hash=sha256:da0e573f9f97159390c89d9f1a9e41908b66d408cc5b58d08cf3847d844c531b \
    --hash=sha256:dd31f52ea1086513bb9df30f8fcee9b8918323ae067a3d5b78bc826a000712be \
    --hash=sha256:dddad92b554513a31f272570678ba307fb9f618f05e3d4a5eacafff9eae03e1d \
    --hash=sha256:df423d40ee8654634421812bc3b196da3f9bd7d32929da813f8394c4348a5358 \
    --hash=sha256:e0bcb7e0f677f543555d2adff3bf19c05f66cdb4796e5ff602442ab2fe3c4ef7 \
    --hash=sha256:e2d65b31f36619cda3999b78b2aa9632e76b78448e7a56fc4240824200e7c4fc \
    --hash=sha256:e6e8cff14d6fb0be70a09c0bdc58096f501952d04624ebf867e0e56da2df8960 \
    --hash=sha256:f16c709686a78c727bbbf059f92b0bf41c6fc60deec706d2dc19f529175a6125 \
    --hash=sha256:f24fb43132a4c6b4cb4eb029492919b2db645be6808d738f244fd146c03c32cb \
    --hash=sha256:fb92203a88b3d3053034db775110081c49d28be6551923805e039924093761e4 \
    --hash=sha256:fcd22650c908d7b7da162bbfaab594a1227a15d1643a98c68b122ac642fa2264
    # via
    #   argon2-cffi-bindings
    #   cryptography
click==8.4.2 \
    --hash=sha256:9a6cea6e60b17ebe0a44c5cc636d94f09bd66142c1cd7d8b4cd731c4917a15f6 \
    --hash=sha256:e6f9f66136c816745b9d65817da91d61d957fb16e02e4dcd0552553c5a197b76
    # via uvicorn
colorama==0.4.6 ; sys_platform == 'win32' \
    --hash=sha256:08695f5cb7ed6e0531a20572697297273c47b8cae5a63ffc6d6ed5c201be6e44 \
    --hash=sha256:4f1d9991f5acc0ca119f9d443620b77f9d6b33703e51011c16baf57afb285fc6
    # via
    #   click
    #   pytest
coverage==7.15.4 \
    --hash=sha256:050467a7983b8e2fe7dd41a78bb30c3e7f8c0b8cafda14b1c46f8b5e3cf2dd3c \
    --hash=sha256:050f66a08805acb5b8a23c6d4a517b1ecf82c08e81ed0e4bd727df065e5c6624 \
    --hash=sha256:0548198fff07ccf4faf469520bce1c2eceb1ce3e62891921138dec10907f9d00 \
    --hash=sha256:05e491d4f3165d62d4f5c8fd48dfeabf2ae8f42cbbd484319af33ea851b78982 \
    --hash=sha256:07545711d4f0f32852a18f18ad11f76f0109909d09e78b9008b4cfc67e829429 \
    --hash=sha256:12b59c90084e3234fb11184886bf4a40f4f16a8c8f867be2e087b81f8e8868d4 \
    --hash=sha256:141fae2cabf5569b782c10afc4c850ce10f618c13f8db54765cba99cc839da1f \
    --hash=sha256:150089274bdc9f940628552cb92844e0223c987f1902ab8efe9f45a2ec758d88 \
    --hash=sha256:1587fb771d1ccceef708fdde1e5af8c7ed24b486b61d13a321acb7d8145390aa \
    --hash=sha256:1c9bf40ebef178a45192c75c4964760bb261b0e6ad725da5fc4c93f674f19753 \
    --hash=sha256:1cd685005cd2c4200adfc14cf39a603b9320efab3f18a8f7f156d20c9cc3345f \
    --hash=sha256:1f4f826d70f772ab8b0c052329580d7fe8b8abd191e4ce0c8f81aec6614665d3 \
    --hash=sha256:226c66e80ec0598d3b9b4874123df167ccca342aca8714f77cac6829688ee09c \
    --hash=sha256:2413074a5ecbb61a01a7888fc72db0ca324d13588c5b38bc0dd8564cdcdfea26 \
    --hash=sha256:288bde2a2d7ab6b6c2d7252fcde8b524387f2d970bdba9658fc6f8bbcaef0f9b \
    --hash=sha256:2c9872e4d9dc5d3cf616bf4b382f5a00359305a5be666a3dd0b5cdb4e49597f9 \
    --hash=sha256:2e179f19bfe1d31f8eeeaa12990194d761c4f62f0759661000bca6cd8729f40b \
    --hash=sha256:2ff8f5e9b8f7a94f0c11c45631eee103dbcb7d63274edd12c56efe1be690b3b4 \
    --hash=sha256:337399ad2c93b3acd2a937627dae8b3e86b66707cd3d3e856347999aadf1ef8d \
    --hash=sha256:349062d66f00b40fa2c1c222438bad25fabf755631b5d82937fe985c8008615c \
    --hash=sha256:39ece820e29e0a2ba34b3ecb3be83c27e997eed8926f2ba6fe7ce7a0bda5843b \
    --hash=sha256:3a54f5a0d85050c73a38f6793090ee83974531e67fe5e57a1da9bee11398aa5e \
    --hash=sha256:3d6f4955b73b5445271379a59e3792b0d978f42d4a01e0cf7a67d9c33a3bb0a5 \
    --hash=sha256:3da9e92d1c551fd7563833e9ade686efb0c4b7363ab7681a94283958c950bf5e \
    --hash=sha256:3fc9e047706fb4a9abb54f719d3aa643e80e5bb3818182c40aee01ac0f0247ba \
    --hash=sha256:3ff205ab5e3ecc670f6a4dd19d9cbf12ede53dd41cfc1e15716ec961ea6d314e \
    --hash=sha256:4256ced708e598e05209bc1a8ab4074e04a51dba4c62fb45926a229af675ace7 \
    --hash=sha256:43619d04c3671792d2c4706ae8bf45e265dc87bbd4078189ef8b847ea1e74be2 \
    --hash=sha256:460115e32ee40566476db5048f9bec1e842c127ad8e6f8be745aad3ac9cbc839 \
    --hash=sha256:46822e9b6ff1c6a72b518c162c44a8f45a61a1d609c51084bf5b16c023c5037b \
    --hash=sha256:474223409d88eb20d2d6a0d37ea60e8647a65a90cc008dc1f0410af5f64f1e0d \
    --hash=sha256:4a4bf917c9953f57c957be31c1cd504e3bd2f34d4a352b9d391a3025336f6768 \
    --hash=sha256:4e6f6f632b7b2f714bf7a1346e8f97b650ee71f3c298aaad42a2ab60f0f07645 \
    --hash=sha256:5172326e861a38b48b48befca15e0f477a26b283337a33a739c8fed229934e36 \
    --hash=sha256:5669c8378ebde86f5def7a25d29586631b58acc27ffde04399f678f3dfc6e082 \
    --hash=sha256:5a325e815318638aed1655d9c06e6d7c2d3d46c09231ce988070428a8762d734 \
    --hash=sha256:68be5e1de60ff13c9095bbec0e5a7fa45b33b101752215b91345ea1f61c4a278 \
    --hash=sha256:6e0a8a5083b096487d6cfced94cdd514d8f5db6f113610fb36c0620edb1028cf \
    --hash=sha256:770e9325ab5ea6d56f77e59b29ecfe0ac20b57a82a601876f90494a4dda0386f \
    --hash=sha256:7bbd7d6418e0dab31a206af5203bd43ae36edb8e7fba1940b055d3e9249290d7 \
    --hash=sha256:7c922735321eef3f87c280a3d39afff6b646723a2880b862cda4ac7a093b8aa8 \
    --hash=sha256:7d1abebdb047729e852b9c77a00497dfbeb11eb3a117e037d7dbc3ac8e5f5c54 \
    --hash=sha256:7f2f62ae3cd189dd2e13aece758c57b3eecbd27be070dbd4cbd10936049e5dbf \
    --hash=sha256:81294c7e6ab30c5f74c0353b11b2fd6320e72d9bee6ac73b357caa8b916323a5 \
    --hash=sha256:8af623e5cd92080acddd02b38f2f406a2c3a0893c38950b211890361448fbf26 \
    --hash=sha256:8b4f1c3a69ca580f3fbd6b2046915f536d7f586874f25c1bb23add2a3c88d50f \
    --hash=sha256:8bc16bb47b7679670eceff71d78bfb7d6e5b143f6c2cd117487ec7c75e0d4b78 \
    --hash=sha256:8df457da2249d3c75ca2e5e835d59c725abfe92d27fdff6cd99eed85b51d5e9a \
    --hash=sha256:93a3a0b662abcc10c73a47cbc72cd60f63618d6989fb2d1286e50eacd974f303 \
    --hash=sha256:964730a1e9de9c0cf11be6a1a3c79ce419c34882842abd256086ba4698705e84 \
    --hash=sha256:96e257121228ec5cd2bb919276e94ac11074471bc37d68dbae0e8308cce15fff \
    --hash=sha256:9e71e7bc71c686a123347ae47a0de33a175e797a85bb57b791492adf4eec8ed8 \
    --hash=sha256:a0865421cfdc53654b342d515e5a233187590882d20b95752150e53f65460017 \
    --hash=sha256:a58a94fed5da6997d258e8f7668c1e195fbd04a691d781b7558f1e468f9e68bc \
    --hash=sha256:a9447978a92f405d301123cfd39ff49895490efb769a758fe2734c7f631bf8ce \
    --hash=sha256:ac41cc14bebda0dbfb0628036b7f75706935c95bcc07fefe9a0f93614aa60a57 \
    --hash=sha256:be619439dbcd31a2eab10b32de9fff62c26ed4bab69dc32b8363fdaaa0882809 \
    --hash=sha256:c38efe30fd74e5c19e9433f11fb1f5dc9c6522770971b7c6145bbaa413dc8800 \
    --hash=sha256:c65a9e0dfc6143491879da4e13b5e30f8be192055de508d737fb14601edbd22c \
    --hash=sha256:c705b28feb2775dc82a25f1d473a370bc37ff93f5177f4e29ce2425f560f6921 \
    --hash=sha256:c7dbc748ac8a1e3e59a2b28bea47675e6e778081dbbf081bde0d75def2fcbe1d \
    --hash=sha256:cbde877ef9dd7baf272b9bfef2b8a25edd45d9170fc326951dd20eb480335e85 \
    --hash=sha256:d003b7a5708ddad5c206c79607a6b92abb6fc13c57d99d8a4468cc03a2941ced \
    --hash=sha256:d12b33a3a50a1676b7784dc8d00a0c6d66a9f2add4b85a041c19b6a7e53ef23c \
    --hash=sha256:d28a4a899354d0ea6214cc59b4fa19eefbce1b9ff1688ab579acf49e894bd3fb \
    --hash=sha256:d80f974b20782d9612c8b4c9beeca867074c7cf4079d1419843fa25a26428b25 \
    --hash=sha256:d9df165544774574ee004b953023d1bebada1894a80b1052a43d798b0f676e67 \
    --hash=sha256:def597967dafc2e8d97c9097ea453c464e0bb8ed38f193a43070f10dc623bb6d \
    --hash=sha256:e101dbb4b9b72f0cddd8cdc8c9c5b47f456766f5e0ac82dbfb75e5c55409b78a \
    --hash=sha256:ebd5a6d8466ff30836572f3ba2cae8a5e8f85029b1c6d5e2ed338dc472a5166a \
    --hash=sha256:f0204ed122758782970526057093f448051a39db9d810d4e344bb87a3546f425 \
    --hash=sha256:f21b56dcace11dfe013014201f577dcd592b2a9b72182d930361b47cf6f73f25 \
    --hash=sha256:f41c17c4668a655ce96d090d8d5ffdc24ef64b5a02f9753884d08483e8a4a41a \
    --hash=sha256:f9de0a24a4079b53e523b5c5e2c5945ec251ab486652659955187cf255a259bc \
    --hash=sha256:ff97a14362eef486483ed44042ca2027ea257df6ff768e62358ee0c9776925ac \
    --hash=sha256:ffb3c2aacea411cc7e1d27712490c11108e2de1d39019ae32915493a59a8b9ed \
    --hash=sha256:ffb58d7eff5b7f6ecc6fa21d6288ab7f968a212cb67d682c269c09b9eba3b66f
    # via pytest-cov
cryptography==50.0.0 \
    --hash=sha256:031e2d5dd4bb9caa3ca9c82e5a197fd8ae680232cee62603d1a813f3f07e3d03 \
    --hash=sha256:06a32a980526a6ab9a4b9bf8f7385800791e2bb960903cb6b530e4817509a3b7 \
    --hash=sha256:07949c449a1abcf60d1ee6e88956d89404c7df3c8258f46589e912988e551987 \
    --hash=sha256:105110f43a471dbd0060b9c9516cb8a6a79233631a04cc2ba16f28323ac6e025 \
    --hash=sha256:11b74db56cdbe3cdee6e3f6982ecb70334fa10dce99ed58bf7894aaaa3b2a037 \
    --hash=sha256:12b9c6996425c76ea6c457ace4f3073e715b8c545add07cd1a8f3a4f90691269 \
    --hash=sha256:1489e263a8048bb8b6a8bac662eb2d402ea5d2b7b4699b72f385f1e2772db105 \
    --hash=sha256:19736989797678c6af1e55cd49055cdbcb55d8f6b5583ac5335f933aba9101dc \
    --hash=sha256:1b4a266766514614f8aa60416e71f2fc6e575d36e7bdc90f644fadb2f4b75b95 \
    --hash=sha256:2a8183b489dc1f7f80f135780fadc1108f14b31b8a40411c7a5b17425f65f28b \
    --hash=sha256:37fdb0d0111f1e2ff07139dfb79f1b49531f8e213c46f1163dd7642979b58c47 \
    --hash=sha256:3f5735ffe4996d28b809371756219f5354864902a3b9e7c0b9ee87041209fc9c \
    --hash=sha256:49e7d93abdbd2990caced757e5fade25302f719c3c8fb6e6fff2dde98999fc41 \
    --hash=sha256:65c2c3add92b45fd0709db8594536aea39c2a67af0e27ffcf049c498501140b7 \
    --hash=sha256:6ba6a53445bd3cfa809ef3ef5f1589aa6ba08784a1d962bf47d0940e871dab1c \
    --hash=sha256:6e7d61120573a7f2cd94cc095f9e81f6967c61ccdf194285aa143ecec8e0b708 \
    --hash=sha256:7cec5b856506da6defb290f30c9ee687d5f5e8cb0bd3f6459dde43b0b4fa40ef \
    --hash=sha256:80b63928fa35083b33966ce1efb70e5b9607181e49dcd1c22c8c005e319f667f \
    --hash=sha256:82148ec5bddac30b51a5b3c1945075f896fa022cb93f8e4a01e9f6ee95292c5f \
    --hash=sha256:828743d939e9629bc267b8e2d08d8bb67cd4319c771a33d4b18b22dd8fb7440a \
    --hash=sha256:8d89f3976b10b4ce31118de72329025f70d2c6ead14a8217c5514dd2c6d5a78f \
    --hash=sha256:900131fafd8aead39ac7dd3a7e833be754c17a95cfd91221636949fe4eb0aa8a \
    --hash=sha256:910e1d2668e7de9648f2bcee30e180db2a6b15c30f887d7c4c93ddf96e3992e3 \
    --hash=sha256:9aa87839c383bdbab6ef865787a1fb877af8dd03464c4400322726feaaadfc6d \
    --hash=sha256:a1b30560f2acc95aa8b2e06e716a13dbfc97314747b80d9707e307f77b40d6b3 \
    --hash=sha256:a91296cb61e8df6f86d0c19cc4068228da256bf59bf86049fbd821084565327f \
    --hash=sha256:b42a28c1844fd9de8f3f7d540e36b66f3a9c83fceac7170ebc7a6a19edd9dcae \
    --hash=sha256:bd1c592e4d5974f0d08d4888e432157adba757c66da0246918e43677fafa2d30 \
    --hash=sha256:c87f62a3d3b9888ed0fdde100ec06aa61ca9cd44bad9057d1dff9a516b5f5bb9 \
    --hash=sha256:ccdc4a71a4dabae05de219404f9f4abc38e3b58422177ff93d0da05967dafa07 \
    --hash=sha256:d24fead1d4d076e1bfb006dcec392074a3cd8d7b4fc8a595aa64073b2b7a96ba \
    --hash=sha256:d58c3db7cd6eed54e6c06744db55456b65ebd7492ddeae9c1e93cfca7aa857d3 \
    --hash=sha256:d764dcf130c428ef66786f866dd750f53182bc608813489915e9fc106bb0c82f \
    --hash=sha256:df2a58a472f332225671c35b0a830208b86d004f82baa8530fa3782c85646533 \
    --hash=sha256:e722f16708d854fe924790e051061f6704a472c3bac347b6fd88033ea8dd0dc5 \
    --hash=sha256:ecfed7367f965a0328cfbdd70da860f15441f002f613185668c6e6ebf5a0ac11 \
    --hash=sha256:eeac2acb5a20ed25e0ad6d1df9891a520b78b404266b6d11778f25d5d691a6c9 \
    --hash=sha256:f59e38625469987d7ef6d495323c55e7db6c212eaf6112267e0d3b565a2e9c9f \
    --hash=sha256:f89831ef99dd7dd169ab06d63a831adb9e20a87aac6d380266bbda5823349169 \
    --hash=sha256:fd9192b7b70c573d7f214eb1ae35e00d359f6f5e4b27c7e21e30de1fc6204645
    # via goatfarm-backend
fastapi==0.141.1 \
    --hash=sha256:bfb91aa2d334c61cb35ba9a116fc123b3d3df31640b801cf57a7a78ec3f603b3 \
    --hash=sha256:e8822fc40db1e1858054d7a949a888695bc9bdce70139178e33bd2871a453ca1
    # via goatfarm-backend
greenlet==3.5.4 \
    --hash=sha256:0232ae1de90a8e07867bb127d7a6ba2301e859145489f25cda8a6096dabe1d20 \
    --hash=sha256:07bd44616608d873d06735b63ef1a88191d6ca57c8d291d6559c71bc14c0893c \
    --hash=sha256:08fc36de8442d5c3e95b044550dbea9bf144d31ec0cc58e36fb241cb6ef6a994 \
    --hash=sha256:0fa53040b78b578120eecdc0265e3f1051487cc425d11a2b7c761daadf4feaa8 \
    --hash=sha256:123aa379c962ed5fe90a880327e0c3066124ac64ec99e12a238be9fd8eb3db3d \
    --hash=sha256:12cda9122e03341f1cb6b8207a19d7a9d375e52f1b4e9243918375f40fd7b4b9 \
    --hash=sha256:178111881dd7a6c946471fda85485ec796e1043c2b939f694b096e2ecf986809 \
    --hash=sha256:1833637f17d5e7472548a48575c394fe39f1b1890d676d162d86593610f44d8c \
    --hash=sha256:1f17e362d78e37559e0506c5a7d066bdd45073c36a0127a543e8a0df27242ff3 \
    --hash=sha256:24e61b88cb7e1b1d794b32a10cc346ac779681d6d74ff137a3e0a444d2bf1f02 \
    --hash=sha256:27d3f00718634d4520a3a150154ac5da36f257869d41321953375b90bfbbc72c \
    --hash=sha256:2a924f15d17957e252a810acefcb5942f5ca712298e8b6fcaed9a307d357522c \
    --hash=sha256:2ffbc533e0eaf8e80d8471411646ab88fe58f641d508c0b02b24494479f4d9ec \
    --hash=sha256:305f69e6c4523d7f6979ed001cff4e5853c063e5da04880296603aa0227e544c \
    --hash=sha256:3529a8a933582ad19e224792cac7372489526576b75b4c124e8e4f29948f4861 \
    --hash=sha256:39169a11d87a6a263afda3e9a27d1df16d0f919d40a4837cc73986c9884c0dd8 \
    --hash=sha256:394de08dad5ffcb1f50c2159d93e398d9d2da3ed437645eaa54771fa720db9f0 \
    --hash=sha256:3ef964f56dfcb6f9bbef2a190d9126795eac408716aeae47b5e7c73c32aafca9 \
    --hash=sha256:41ddab54e4b238f4a6c323f39b4e59e176affd5a94d461a9fb7583dac74240a3 \
    --hash=sha256:58023945f421093de5e6fa108c0985a8659d43f49e0216da25099369a121bcbd \
    --hash=sha256:60e0bc961d367df506660e9ac0177a76bc6d81305300704b0977d1634f76efe2 \
    --hash=sha256:73b37afe369021423ea53dd3123e04bffa7e93ac64429b9f50835b2e4fcae7cf \
    --hash=sha256:7c1303791d603080cac6fc3b34df51c3b75b723739c282c8029e48a0d241672f \
    --hash=sha256:7e8afa5eac028f8140ceafe5ceec66e6aa127ddcb21452d2a564dcd2900b5f22 \
    --hash=sha256:870d730fec833f5a06906a32596cc099b9161594642a92a520b7a88911c95356 \
    --hash=sha256:91c26423753b92caf41ab3f98fd547d7374d4d9fc2d85be041886c1579d9255e \
    --hash=sha256:99e8f8c4ebc4fd80aa26c1280ae9ad43a0976e786349703a181cf0bae60413e5 \
    --hash=sha256:9c53ff01a5c53a40f2c16820ebc56d7c61a77f5fbe009dadd96292d5682f80f8 \
    --hash=sha256:9f1467de1bb767f75db0aa34c195e3a496d8d1278c796e70c24ce205d3e99cde \
    --hash=sha256:adf2244d7f69409925a8f22ed22cc5f93cdfe5c9dc87ff3476be2c2aaae61a05 \
    --hash=sha256:b3dabe3e2809013052c68bdf0b7fa5f5f2859c43a80803131ad61af9cabd7867 \
    --hash=sha256:bae2728e1897aa8df8cb1af38cd48b3a743aefe29372de7b8b7a9f532501e69f \
    --hash=sha256:bd3d1145f603b2db19feb9078c2e6855eb7c67e15580c010ed815cee519b86fd \
    --hash=sha256:c883d61f2282d72c767a14936641b3efcbde9d82f1080712aaea0b1d3126cb88 \
    --hash=sha256:ca5726c0b08ca35ae873557266a78b2c3f3b2b7d7401aa5ff886c2045dd0111c \
    --hash=sha256:cbd60b5763c6543c1827e48faaf14ea9bfbad245f52b1a4d76a2a2d8884c6c66 \
    --hash=sha256:cd320d998cbaa032932830448e39abf3c6a12901295e386e8114db926e10cffb \
    --hash=sha256:cef589bc65fae02d10bca2ac341191c5b33acc2967892ebf4fcbd10eabb7a74c \
    --hash=sha256:d83ae0e32d14957ab7170785a20f582635c8474deab1bfbb552b17e769a6ce25 \
    --hash=sha256:d84d993f6e575c950d91a23c1345d18fe1a4310d447bf630849d7809196b52f0 \
    --hash=sha256:d92df08dd65fede97fc37aad36c2e9dcda3b31c467f8e0c2c096456cb818e927 \
    --hash=sha256:dfc41ae893d9ceaf22c824f2153a88b30651b20e8758c2cd9ac143f23640563c \
    --hash=sha256:ec5ff0d1878df6af3bf9b638a5a92a7d5693291de77c91bff10fa48519c604ef \
    --hash=sha256:ecca4d80d55a01ad6b23b33262662956149fbb7b2c6be2910f1705921958cbf3 \
    --hash=sha256:ed17e5f3420360d5b459de8462efb52060399a5326a613d4cde31cef63ef95da \
    --hash=sha256:ee032b91fd8ec29ec6c4cea2b8c561b178435134bd0752c7334b94e9c736c132 \
    --hash=sha256:f00f910f0e7b35416c63b23ad78b769aeccfc1775f712b43c4ee525624a2eef7 \
    --hash=sha256:f260930bbbbcf9caee661211235a5111c86dfe5832fdf6ae4570da1e0995320f \
    --hash=sha256:f680e549edb3eaf21eea4e7fe101e15ec180c74b7879ab46adc080f22d4015d2 \
    --hash=sha256:f908898d6fa484ce4b6f447ce70ea99b52c503fee419e53cf74d60a16bc9e667
    # via sqlalchemy
h11==0.16.0 \
    --hash=sha256:4e35b956cf45792e4caa5885e69fba00bdbc6ffafbfa020300e549b208ee5ff1 \
    --hash=sha256:63cf8bbe7522de3bf65932fda1d9c2772064ffb3dae62d55932da54b31cb6c86
    # via
    #   httpcore
    #   uvicorn
httpcore==1.0.9 \
    --hash=sha256:2d400746a40668fc9dec9810239072b40b4484b640a8c38fd654a024c7a1bf55 \
    --hash=sha256:6e34463af53fd2ab5d807f399a9b45ea31c3dfa2276f15a2c3f00afff6e176e8
    # via httpx
httptools==0.8.0 \
    --hash=sha256:0770728beb05094c809b98e814edff5fef69d26ad7d21185f2f6d5884a0ba683 \
    --hash=sha256:159e9ab5f701ccd42e555a12f1ad8ff69702910fc1c996cf2bb66e5fcb7a231b \
    --hash=sha256:19d1ee275bb59ba2643ba9a3a1e51cc0c788caf2b8df506368e03f56fdd08527 \
    --hash=sha256:2a021c3a8e65cc125390d72f59b968afca3bdcaff25bd67965e0a055a14946ca \
    --hash=sha256:2c032fa028f46871ec7e1fc59fc15e8023eab3e6bbe6ece786a1611719a5d081 \
    --hash=sha256:2d689918c15a013c65ef52d9fd495d766893ab831a2c8d89f2ac5940a5df847c \
    --hash=sha256:384c17174464c8e873398b7af24f0b1f44d992c820328413951a625323155d77 \
    --hash=sha256:48774d39cbb70e2b1f71f88852a3087ae1d3a1eb80482bb48c13067ab080c14f \
    --hash=sha256:614ceea8ea606848bece2338ac03b3ce5324bcb4be8dc7d377ed708012fa4db8 \
    --hash=sha256:6a43c9dd399758ccc0531acb0a3c4a6c299ee893ee9400e9c893b7bdcfae0681 \
    --hash=sha256:6b2a32f18d97e16e90827d7a819ffa8dbd8cc245fc4e1fa9d1095b54ef4bd999 \
    --hash=sha256:7685df791fad561384bfb139e77fde27a1ffd93134e016f95a0db424ffbf77b1 \
    --hash=sha256:88bdd940f2b5d487b4d032c6afa5489a7dc4694410d43de3c38c4fb3af0dc45d \
    --hash=sha256:88eead8ec8680a9f146c655bc88445a325bd7921cfd8194c7337e9467282427d \
    --hash=sha256:a3b7387147361c3fd47a0bde763c5c91b5b4cd4dc9989b8ece84ff436c99843b \
    --hash=sha256:c4a9f1707e4823d54dfec6c33fa3697d302aed536ed352a7ebb5a061ddb869d0 \
    --hash=sha256:d76ad7b951387e3632c8716a9bb03ac5b45c5f16119aa409db0459520887944e \
    --hash=sha256:de1ed58a974e75d56560acc7e7fed01a454994429456f65209789992e41f2568 \
    --hash=sha256:de242a49b5d18e0a8776e654e9f6bf6d89f3875a5c35b425a0e7ce940feb3fd6 \
    --hash=sha256:e93c227b595c6926c1acee96891dd9da4be338cfbe82e5cd3bb9d8dd7dc4ac0b \
    --hash=sha256:eb3028cca2fc0a6d720e52ef61d8ebb62fcbfeb1de56874546d858d3f25a26b7 \
    --hash=sha256:f256d6ce930c52ca1cb2a960b7da03548c454e7d28b06059ad41bfe789036ce0
    # via uvicorn
httpx==0.28.1 \
    --hash=sha256:75e98c5f16b0f35b567856f597f06ff2270a374470a5c2392242528e3e3e42fc \
    --hash=sha256:d909fcccc110f8c7faf814ca82a9a4d816bc5a6dbfea25d6591d6985b8ba59ad
    # via goatfarm-backend
idna==3.18 \
    --hash=sha256:7f952cbe720b688055e3f87de14f5c3e5fdaa8bc3928985c4077ca689de849a2 \
    --hash=sha256:ffb385a7e039654cef1ab9ef32c6fafe283c0c0467bba1d9029738ce4a14a848
    # via
    #   anyio
    #   httpx
iniconfig==2.3.0 \
    --hash=sha256:c76315c77db068650d49c5b56314774a7804df16fee4402c1f19d6d15d8c4730 \
    --hash=sha256:f631c04d2c48c52b84d0d0549c99ff3859c98df65b3101406327ecc7d53fbf12
    # via pytest
jmespath==1.1.0 \
    --hash=sha256:472c87d80f36026ae83c6ddd0f1d05d4e510134ed462851fd5f754c8c3cbb88d \
    --hash=sha256:a5663118de4908c91729bea0acadca56526eb2698e83de10cd116ae0f4e97c64
    # via
    #   boto3
    #   botocore
librt==0.15.0 ; platform_python_implementation != 'PyPy' \
    --hash=sha256:077471b3182db4e17c36ae91555f36a4d2c00080b267f749bcad34a478a9a302 \
    --hash=sha256:0a15cb554761247d84a3ec0cbdf4078d70725384f0e4662c0fa3b26266eb60ad \
    --hash=sha256:0da0d94cb802f32a0524653e7201f2cef72d5f700a5407678f5290483d4fcd08 \
    --hash=sha256:0f0ee3644d951f31055ad07d77d92520e84505dd7a432cc4cd501dd70ee06785 \
    --hash=sha256:1256589e0b0adb31751d685a68bce29d73407ddf4ef05d4188f49d5dcf9566d9 \
    --hash=sha256:1cd3b721f24c206398b9e26da3c3a9c011e6e89d06f318ba8ebefc30f1003890 \
    --hash=sha256:2067ff438048cead9d223ca5675bae2a25e520a7c3e6c1498bf9c6892d22caab \
    --hash=sha256:22d6263b9d39d7bbb286fa791945646e3218f1be2d693e36fb630f1d0e59cd13 \
    --hash=sha256:234d8d394721fa0d786af15ebf1f3fb7f3ed82fd1cd0cde45c2f247b5d4281d2 \
    --hash=sha256:291bf73caf78b9e88d6fae9bfd693207ff7d832e2fdbe2cf8e746bc13f5f892b \
    --hash=sha256:2cfd1a81a648806e6a7717be4cc4d1bb392fa229752bf8444ba365e381e984d6 \
    --hash=sha256:2fde98cf1fc4bac144ce23c2c4c017b924ba714509ea9334977b0b27050c837d \
    --hash=sha256:32896a0af72508ea979e0acb4e4c04cbeeae04938167950d535c83c45597167d \
    --hash=sha256:3722a099730704c9a3d70c879fc0f51daec25fe5f1555672d97bc595abeafb95 \
    --hash=sha256:38c0c7d4b6fc06c3324b3f9162c8391bfc4fd9dde53afe1033ce7edb48d5a714 \
    --hash=sha256:39ffd14646190c454f0d86e0d256b33f00a87a26ab410e619773b841d0e41416 \
    --hash=sha256:3de789c82752730f94782a5ee518baf9c05edf85733aeaf73bb6e518755cdf54 \
    --hash=sha256:3e79f05e4a08b4d880342673312bbc895b56df7765605796f15902eb5367d3ae \
    --hash=sha256:3ff5893a2c23d886aa9ce786de5ac6ddc74aeeaf90743682b74d920e117d2e28 \
    --hash=sha256:411ca4d1b905b860ceba7570dd6717a71dedaddcc4b0f77ece710aa41ee11f8d \
    --hash=sha256:4a6369168d371207339b1e50d4532b06a7121586141f82599505a3f315751d47 \
    --hash=sha256:4bbcc257e3babea20a91715c361b24554ec4e8f51aa578568afc230799fe1a19 \
    --hash=sha256:4e66cbe84437497d951b799d3e1551291b6fb3d643820a7014b3655d57a59162 \
    --hash=sha256:4e6ee93fc3cf848dcbf0cce2eca73d8e7dcd0cc2b6df3a529d57750b30a4c55c \
    --hash=sha256:55456ea87d8df21808446d03817be2f65e20391c1c615d9187440dff28cd08dc \
    --hash=sha256:5563302a8359bc2295bb7084d1a8ed1519df96afb30eb2aa4e0bff7b54228988 \
    --hash=sha256:5a86a5a08c2235316bdb359d5dbb6ce0abfca7fac06363103e2c5af571d92f95 \
    --hash=sha256:5d2a91724463bfed4f573cd7a9fdc856d2e230d0c0e5a61416a93481dccd8605 \
    --hash=sha256:64b0c8c35aa4c4ed79896359f3e0b285cbe4e610042106500da4811c322cc108 \
    --hash=sha256:6912fa5e635d74529ac7cdb1bdf6ca3af4453da8d1edbe0110ee1cb4ad407ebf \
    --hash=sha256:6c0eb900c0e91f4aebe680845242e614f1864edfd44106380d0752ac29522bf8 \
    --hash=sha256:6d15a29033c57490cfe2069097c6fc4049e4e65ffbb749be7dc453b7c4c68965 \
    --hash=sha256:6d28a05796b99f749bf8794f17ba9ba1612d0076b802e9cfc62c554634e9ce3b \
    --hash=sha256:6d5225ef8801e4ea5e482fa9b5dfb891dd9ef6f6d870f1f25d449ca2c70ac218 \
    --hash=sha256:713bd7df21170b982e729e46870f31d6b437bd1a9b4648cffb529bd3c2ec5c4b \
    --hash=sha256:7220697efaa6e5348fc3d18ee7f8563d4bfecd9872b37ffb915bfc1d08840622 \
    --hash=sha256:779a6e7c894737e5983e7790a9c78c4000c30e23c9aada08081bdbea53b0fa60 \
    --hash=sha256:8443e38dcfcfdbcf5add5118c623efd788d65ac2e25756d6251a54a06a4d0aca \
    --hash=sha256:84d244b00604d17df3fc7736c327892d6bba66181254aa4087be807b6c342bdc \
    --hash=sha256:856f743ae607f2c1380eccb566c0038a9fb3eabf0fc2be2704d76d9f73557239 \
    --hash=sha256:86a21a7bd3fe3a419512ef424cc1c020f6771d0b29cfddff36d1635a855e63f0 \
    --hash=sha256:8b2fdd7ead3c995c37940a790690660d0ca006c302db26cc51933f6766866fc3 \
    --hash=sha256:8b62076030baa2d8b1501a46bf0e19c27a489aa90671c55665bff7887f7660b0 \
    --hash=sha256:8e11699ed745931c395acd3621b07062e0f840efa6935aad87a64ed0995f0915 \
    --hash=sha256:92bfed8deec93df30286b9fe9e3b1dd17329cc076a192b4ee5ec223841d54953 \
    --hash=sha256:96bb17dbe8bab3c0954fbebfc69ed395599de75b6bbc35e3270a878e15d4dd65 \
    --hash=sha256:a417149c0cba4d50b61e992e5a15e69eaf96746609b461cc4ed168aeef6b79dd \
    --hash=sha256:a56a1d4f859a82ca5b99fc4b82c9b027b15e3c455c5cd99e7d0719f27bb20b6c \
    --hash=sha256:a6cd22c9da0d866558e46a041f1cc0c2bbb26b61b137b2347fa834c332e1d101 \
    --hash=sha256:aa1f1995789dca3698bc550aaceb09a51bd5df0a057ff84ff15296cd1975b801 \
    --hash=sha256:b30e600e8f337b9bd7f39b86d9fdfedc73cc46e3d0f745931a23a234220bb7e2 \
    --hash=sha256:b845b8d48088fad0cadc84be4b8fda63203be7e9237b71015b3925443c1f35ab \
    --hash=sha256:b87d67e33afaf265262f2a66db578284b88ee2e6fcd224579cb5c15518677ad8 \
    --hash=sha256:c16d15ee371643ab48dc8248a3e680ebbeca573a13af2c3dd0c985b142d77162 \
    --hash=sha256:c434e072557ade9cbc642d052c89d031efe47d5c9614523619d0d74a02378e81 \
    --hash=sha256:c47318cd3a61401452de11282242937e3e057c4fd3dbaf601e269d0928a06c0a \
    --hash=sha256:c7eec6a42018bc1d45763b1c162d3d2bf7c3b9a1b0ed30d3e91dcba390efefcc \
    --hash=sha256:d00d20d1818e82a07a0ee0aa89a98b17ed7916b92441090b683719cb20a59b6d \
    --hash=sha256:d2813ba2503764f0450680c533d13df7cff9b49df1411062eded5f67db4195b9 \
    --hash=sha256:d2c05c729b589e734c09578bf5964be48a911765484840d017bbc84f49d4c4ad \
    --hash=sha256:d4c7bacb70930f3d0a56f4ecf1be474a1f0d941b01dd73b756f3c256d42cb879 \
    --hash=sha256:d8363d7accb0286ac3a0e633f396e93800dafb8150494505daf9515bbda591f3 \
    --hash=sha256:d8bc24219b24c0af375718942ab75e3544b2763085f40f965be4326734ae8328 \
    --hash=sha256:d8edcf6f550e918dca779c069b9e156385c60b406f99fc7641f32c52f7193659 \
    --hash=sha256:da7a94d6a3411f579d72aa3e3bc5fbca7ed4549f3dbd7e5de3aa567333374285 \
    --hash=sha256:db13ca398005abcbe538deda87b686d9bd08b7001cf40c4c06b444960ae10a26 \
    --hash=sha256:dbab647e88d90b3167b91efe7091e248653688ed4337e4f90907a722c7361bb9 \
    --hash=sha256:dbd605739f228912dc49027cb764456b9757750bdc2b6b7773164db7096c6fd1 \
    --hash=sha256:e0b5deec9a8664eb722c797241970fd4aa1894d25fda36a1ddac0f7407606bd6 \
    --hash=sha256:e3b461183c5fa7681b48560f91515f53a953122fb30c71e07abc67d7ddf58c38 \
    --hash=sha256:e56b6a368529bed262da40ce13f8fef590db0479819cca84f16a1f01ac356d0b \
    --hash=sha256:e8c9a650a188e38bac005048cbe6342e81407782944d01934540ab75e417df21 \
    --hash=sha256:ec3ba415afaf951f6951b1dd16d3c8e4f540065fc382d7e70b823a79567ca374 \
    --hash=sha256:ec4b19788f835711a2072f9dbe6b03b3bf32ed1f0fb30cf399bdd59d9f0c33fa \
    --hash=sha256:f395a4a9a03ac062dbe9a9f82e0c720502e590a38feee6a757bc82e9c63afbd8 \
    --hash=sha256:f42b74a53e5f26a0ba0007411a7455b66c67ce4022a39cc1f56fc4efd65bcbab \
    --hash=sha256:f54598964d357b1c5ab77cf5d92f21e598fe0e23cdbe9618480807f81b4eba15 \
    --hash=sha256:f5de7feedc56337a088eb15cd9fafa9938367362221d8cc62c642b7f94821993 \
    --hash=sha256:fa60887537e1d0cd2d9982269d33a709bf54b195cd2b9364fc0a758022af5bd9
    # via mypy
mako==1.4.1 \
    --hash=sha256:a359d9a94a541213958742b2698d0a7757bb83551767bc468a74b9905aba9617 \
    --hash=sha256:d7904710b662996425a21627710c4777c45053146942cf8a7aebf757c92b8c27
    # via alembic
markupsafe==3.0.3 \
    --hash=sha256:0eb9ff8191e8498cca014656ae6b8d61f39da5f95b488805da4bb029cccbfbaf \
    --hash=sha256:1085e7fbddd3be5f89cc898938f42c0b3c711fdcb37d75221de2666af647c175 \
    --hash=sha256:116bb52f642a37c115f517494ea5feb03889e04df47eeff5b130b1808ce7c219 \
    --hash=sha256:12c63dfb4a98206f045aa9563db46507995f7ef6d83b2f68eda65c307c6829eb \
    --hash=sha256:133a43e73a802c5562be9bbcd03d090aa5a1fe899db609c29e8c8d815c5f6de6 \
    --hash=sha256:1353ef0c1b138e1907ae78e2f6c63ff67501122006b0f9abad68fda5f4ffc6ab \
    --hash=sha256:1b4b79e8ebf6b55351f0d91fe80f893b4743f104bff22e90697db1590e47a218 \
    --hash=sha256:1b52b4fb9df4eb9ae465f8d0c228a00624de2334f216f178a995ccdcf82c4634 \
    --hash=sha256:218551f6df4868a8d527e3062d0fb968682fe92054e89978594c28e642c43a73 \
    --hash=sha256:2713baf880df847f2bece4230d4d094280f4e67b1e813eec43b4c0e144a34ffe \
    --hash=sha256:32001d6a8fc98c8cb5c947787c5d08b0a50663d139f1305bac5885d98d9b40fa \
    --hash=sha256:3524b778fe5cfb3452a09d31e7b5adefeea8c5be1d43c4f810ba09f2ceb29d37 \
    --hash=sha256:457a69a9577064c05a97c41f4e65148652db078a3a509039e64d3467b9e7ef97 \
    --hash=sha256:4e885a3d1efa2eadc93c894a21770e4bc67899e3543680313b09f139e149ab19 \
    --hash=sha256:4faffd047e07c38848ce017e8725090413cd80cbc23d86e55c587bf979e579c9 \
    --hash=sha256:509fa21c6deb7a7a273d629cf5ec029bc209d1a51178615ddf718f5918992ab9 \
    --hash=sha256:5678211cb9333a6468fb8d8be0305520aa073f50d17f089b5b4b477ea6e67fdc \
    --hash=sha256:5a7d5dc5140555cf21a6fefbdbf8723f06fcd2f63ef108f2854de715e4422cb4 \
    --hash=sha256:69c0b73548bc525c8cb9a251cddf1931d1db4d2258e9599c28c07ef3580ef354 \
    --hash=sha256:722695808f4b6457b320fdc131280796bdceb04ab50fe1795cd540799ebe1698 \
    --hash=sha256:729586769a26dbceff69f7a7dbbf59ab6572b99d94576a5592625d5b411576b9 \
    --hash=sha256:795e7751525cae078558e679d646ae45574b47ed6e7771863fcc079a6171a0fc \
    --hash=sha256:7e68f88e5b8799aa49c85cd116c932a1ac15caaa3f5db09087854d218359e485 \
    --hash=sha256:8485f406a96febb5140bfeca44a73e3ce5116b2501ac54fe953e488fb1d03b12 \
    --hash=sha256:8709b08f4a89aa7586de0aadc8da56180242ee0ada3999749b183aa23df95025 \
    --hash=sha256:8f71bc33915be5186016f675cd83a1e08523649b0e33efdb898db577ef5bb009 \
    --hash=sha256:915c04ba3851909ce68ccc2b8e2cd691618c4dc4c4232fb7982bca3f41fd8c3d \
    --hash=sha256:9a1abfdc021a164803f4d485104931fb8f8c1efd55bc6b748d2f5774e78b62c5 \
    --hash=sha256:9b79b7a16f7fedff2495d684f2b59b0457c3b493778c9eed31111be64d58279f \
    --hash=sha256:a4afe79fb3de0b7097d81da19090f4df4f8d3a2b3adaa8764138aac2e44f3af1 \
    --hash=sha256:ad2cf8aa28b8c020ab2fc8287b0f823d0a7d8630784c31e9ee5edea20f406287 \
    --hash=sha256:b8512a91625c9b3da6f127803b166b629725e68af71f8184ae7e7d54686a56d6 \
    --hash=sha256:bdc919ead48f234740ad807933cdf545180bfbe9342c2bb451556db2ed958581 \
    --hash=sha256:bdd37121970bfd8be76c5fb069c7751683bdf373db1ed6c010162b2a130248ed \
    --hash=sha256:c47a551199eb8eb2121d4f0f15ae0f923d31350ab9280078d1e5f12b249e0026 \
    --hash=sha256:ccfcd093f13f0f0b7fdd0f198b90053bf7b2f02a3927a30e63f3ccc9df56b676 \
    --hash=sha256:e1cf1972137e83c5d4c136c43ced9ac51d0e124706ee1c8aa8532c1287fa8795 \
    --hash=sha256:e56b7d45a839a697b5eb268c82a71bd8c7f6c94d6fd50c3d577fa39a9f1409f5 \
    --hash=sha256:e8afc3f2ccfa24215f8cb28dcf43f0113ac3c37c2f0f0806d8c70e4228c5cf4d \
    --hash=sha256:eaa9599de571d72e2daf60164784109f19978b327a3910d3e9de8c97b5b70cfe \
    --hash=sha256:ec15a59cf5af7be74194f7ab02d0f59a62bdcf1a537677ce67a2537c9b87fcda \
    --hash=sha256:f190daf01f13c72eac4efd5c430a8de82489d9cff23c364c3ea822545032993e \
    --hash=sha256:f34c41761022dd093b4b6896d4810782ffbabe30f2d443ff5f083e0cbbb8c737 \
    --hash=sha256:f3e98bb3798ead92273dc0e5fd0f31ade220f59a266ffd8a4f6065e0a3ce0523 \
    --hash=sha256:fed51ac40f757d41b7c48425901843666a6677e3e8eb0abcff09e4ba6e664f50
    # via mako
mypy==2.3.0 \
    --hash=sha256:094af99f92638aa92852326188b85a89e50f4a472f44827c03362228482f0762 \
    --hash=sha256:0b025a93cffb9781d231f232be07a17912f35f10a313c24f301c81e842870654 \
    --hash=sha256:1c6c6bf687b17f90dbfcad95b960d32eaa0154c00da45f03ab50bf8952e047fe \
    --hash=sha256:37fa4de896a84e2dc9200d91e614c22563b43d1a266789d4bbac7b22ebe6192b \
    --hash=sha256:3dd0bed92c4bdec57c42505b96416fb9e6a5aa7be84d2809bcd5f2ecec2860d7 \
    --hash=sha256:4359424140d985192c778c1ce2c114a10c1ca58a381ed79cfa70d37df94b299f \
    --hash=sha256:465965d41cd9a2726694e983e8ce7113259327bec798115d1e1dfa2a52fb666e \
    --hash=sha256:691fdc37132b1ae628d834f672e74de83462d9fb4aff621835767fb43a8dd373 \
    --hash=sha256:6b1cdb579446b60432432b2b2403a6201b4b475a004d7f488511c9ba177c9e88 \
    --hash=sha256:7247eb2824f996722a949530183394921ca71deb9680052a338cf53cff7925c2 \
    --hash=sha256:75b0984bb3cbd76bb5c9291a8671f7ae66ca3b51c7584c358fc2e923259f0757 \
    --hash=sha256:7da939dd335cfd2ad788bdfd081c9f4e47634ab995e5a45eb15fd1e5bc052f8b \
    --hash=sha256:91ad22a52ae2c7e621c2f67c94d5a17f66b3209a4cff5cf8a573579835c69e97 \
    --hash=sha256:944c665d984157cb96a679dfb7a4a81dd1d36b24b9c284b699514e6e626b82d4 \
    --hash=sha256:99ac767cc5d3b64c8d0ae226ead10c96694f94e4e7da1668642225dcd4e75aac \
    --hash=sha256:adebc76aab4f3495a88b41d48aa4aff0c03f2822501da76625afcca5975f19e5 \
    --hash=sha256:aec15d465d477558fd842757b487849007311cf3897849cdda0e3162ac0ac556 \
    --hash=sha256:b352b7e49f5e6576009e8df730e1ff4f915cb565b851b396d2ffe2f5a6f5da88 \
    --hash=sha256:d78fcf900b59cb7e82cb7e3a235e31b462d9333d92285bd1e4952d355b8ffba1 \
    --hash=sha256:de121747278144fc9ae7caa2e978cf5df12aebc82933182f5b3b86081a30baef \
    --hash=sha256:de6d2c484742a4d7b0ed6d07b143375624d3b899c5749c7b3c947f56261f48a6 \
    --hash=sha256:ea317b060ce83e26050f8f9e4d7d6bf44ed7597c8ff9990bccffbb9d1d8522db \
    --hash=sha256:f1b3a98dfd21058bc759bb3337d5d1f61d0fdf9f3cf9c00f4291790fb5427bff \
    --hash=sha256:f4ed18f111bfe2d599bca7468e7f9251042c1c2118f762c8de2766a56d773c60
    # via goatfarm-backend
mypy-extensions==1.1.0 \
    --hash=sha256:1be4cccdb0f2482337c4743e60421de3a356cd97508abadd57d47403e94f5505 \
    --hash=sha256:52e68efc3284861e772bbcd66823fde5ae21fd2fdb51c62a211403730b916558
    # via mypy
packaging==26.3 \
    --hash=sha256:94edc256424af38762eb31306eed28beb9f0efc50a8837492c9d6fd6004aed79 \
    --hash=sha256:d7193f7c8e4e93f444fde0262bf90af30e16fa0ad0ad44cb553c87339b23cd1c
    # via pytest
pathspec==1.1.1 \
    --hash=sha256:17db5ecd524104a120e173814c90367a96a98d07c45b2e10c2f3919fff91bf5a \
    --hash=sha256:a00ce642f577bf7f473932318056212bc4f8bfdf53128c78bbd5af0b9b20b189
    # via mypy
pillow==12.3.0 \
    --hash=sha256:06ff022112bc9cbf83b60f8e028d94ad87b60621706487e65f673de61610ab59 \
    --hash=sha256:0740a512dc522224c77d9aa5a8d70d8b7d73fb91f2c21125d8d025d3b8990e45 \
    --hash=sha256:0847a763afefb695bc912d7c131e7e0632d4edc1d8698f58ddabec8e46b8b6d3 \
    --hash=sha256:0feb2e9d6ad6c9e3c06effe9d00f3f1e618a6643273576b016f591e9315a7139 \
    --hash=sha256:1182d52bc2d5e5d7d0949503aa7e36d12f42205dc287e4883f407b1988820d39 \
    --hash=sha256:164b31cd1a0490ab6efae01aa5df49da7061be0af1b30e035b6e9a1bfe34ee6e \
    --hash=sha256:1657923d2d45afb66526e5b933e5b3052e6bdea196c90d3abb2424e18c77dae8 \
    --hash=sha256:186941b6aef820ad110fb01fb06eb925374dc3a21b17e37ec9a53b250c6fe2d1 \
    --hash=sha256:1cca606cd25738df4ed873d5ad46bbdb3d83b5cbca291f6b4ff13a4df6b0bbe8 \
    --hash=sha256:21900ce7ba264168cd50defae43cd75d25c833ad4ad6e73ffc5596d12e25ac89 \
    --hash=sha256:23aceaa007d6172b02c277f0cd359c79492bbb14f7072b4ede9fbcaf20648130 \
    --hash=sha256:24870b09b224f7ae3c39ed07d10e819d06f8720bc551847b1d623832b5b0e28d \
    --hash=sha256:251bf95b67017e27b13d82f5b326234ca62d70f9cf4c2b9032de2358a3b12c7b \
    --hash=sha256:28ce87c5ab450a9dd970b52e5aca5fe63ed432d18a2eaddd1979a00a1ba24ace \
    --hash=sha256:30f2aa603c41533cc25c05acd0da21636e84a315768feb631c937177db558931 \
    --hash=sha256:3b8182a766685eaa002637e28b4ec8d6b18819a0c71f579bf0dbaa5830297cce \
    --hash=sha256:3edce1d53195db527e0191f84b71d02022de0540bf43a16ed734ed7537b07385 \
    --hash=sha256:446c34dcc4324b084a53b705127dc15717b22c5e140ae0a3c38349d4efec071e \
    --hash=sha256:4998562bf62a445225f22e07c896bb04b35b1b1f2eb6d760584c9c51d7a5f78c \
    --hash=sha256:4b0a7fe987b14c31ebda6083f74f22b561fd3739bc0ac51e019622e3d72668c7 \
    --hash=sha256:4e8c2a84d977f50b9daed6eeaf3baef67d00d5d74d932288f02cb94518ee3ace \
    --hash=sha256:53aa02d20d10c3d814d536aa4e5ac9b84ca0ff5a88377963b085ad6822f93e64 \
    --hash=sha256:571b9fcb07b97ef3a492028fb3d2dc0993ca23a06138b0315286566d29ef718a \
    --hash=sha256:57b3d78c95ba9059768b10e28b813002261d3f3dfc55cc48b0c988f625175827 \
    --hash=sha256:5afb51d599ea772b8365ae807ae557f18bccfe46ab261fd1c2a9ed700fc6eb17 \
    --hash=sha256:6b02afb9b97f65fbca5f31db6a2a3ba21aa93030225f150fa3f249717e938fb4 \
    --hash=sha256:71d6097b330eea8fd15097780c8e89cb1a8ce7838669f48c5bacd6f663dd4701 \
    --hash=sha256:756c768d0c9c2955feb7a56c37ea24aea2e369f8d36a88da270b6a9f19e62b5e \
    --hash=sha256:7a743ff716f746fc19a9557f60dab1600d4613255f8a7aeb3cdde4db7eb15a66 \
    --hash=sha256:8728f216dcdb6e6d555cf971cb34076139ad74b31fc2c14da4fafc741c5f6217 \
    --hash=sha256:877c3f311ff35410f690861c4409e7ccbf0cd2f878e50628a28e5a0bb689e658 \
    --hash=sha256:8cd2f7bdda092d99c9fc2fb7391354f306d01443d22785d0cbfafa2e2c8bb418 \
    --hash=sha256:962864dc93511324d51ddbb5b9f8731bf71675b93ca612a07441896f4688fb8c \
    --hash=sha256:9cf95fe4d0f84c82d282745d9bb08ad9f926efa00be4697e767b814ce40d4330 \
    --hash=sha256:9e881fca225083806662a5c43d627d215f258ff43c890f831966c7d7ba9c7402 \
    --hash=sha256:a45650e8ce7fafffd731db8550230db6b0d306d181a90b67d3e6bca2f1990930 \
    --hash=sha256:a876864214e136f0eb367788dbd7df045f4806801518e2cfe9e13229cfe06d8f \
    --hash=sha256:ae26d61dfa7a47befdc7572b521024e8745f3d809bd95ca9505a7bba9ef849ec \
    --hash=sha256:af8d94b0db561cf68b88a267c5c44b49e134f525d0dc2cb7ed413a66bc23559a \
    --hash=sha256:b629de27fda84b42cde7edef0d85f13b958b47f6e9bbcbba9b673c562a89bd8b \
    --hash=sha256:ba54cfebe86920a559a7c4d6b9050791c20513650a1952ebe3368c7dc70306f8 \
    --hash=sha256:bf16ba1b4d0b6b7c8e534936632270cf70eb00dbe09005bc345b2677b726855c \
    --hash=sha256:cf1845d02ad822a369a49f2bb9345b1614744267682e7a03527dc3bf6eea1777 \
    --hash=sha256:d69141514cc30b774ceea5e3ed3a6635c8d8a96edf664689b890f4089111fb35 \
    --hash=sha256:dc624f6bc473dacdf7ef7eb8678d0d08edf15cd94fad6ae5c7d6cc67a4e4902f \
    --hash=sha256:e158cb00350dc278f3b91551101aa7d12415a66ebf2c91d8d5ac14e56ddd3ad0 \
    --hash=sha256:e795b7eb908249c4e43c7c99fac7c2c75dab0c43566e37db472a355f63693d71 \
    --hash=sha256:e91206ee562682b51b98ef4b26a6ef48fd84e15fd4c4bc5ec768eb641d206838 \
    --hash=sha256:e9871b1ffbfa9656b60aeee92ed5136a5742696006fa322b29ea3d8da0ecc9cf \
    --hash=sha256:e9aeb04d6aef139de265b29683e119b638208f88cf73cdd1658aa07221165321 \
    --hash=sha256:f13c32a3abd6079a66d9526e18dad9b6d280384d49d7c54040cd57b6424041d9 \
    --hash=sha256:f7401aebd7f581d7f83a439d87d474999317ee099218e5ad25d125290990ba65 \
    --hash=sha256:fa4ecea169a355be7a3ade2c783e2ed12f0e40d2c5621cda8b3297faf7fbb9f5 \
    --hash=sha256:fdafc9cce40277e0f7a0feabce0ee50dd2fa1800f3b38015e51296b5e814048d \
    --hash=sha256:fe3cca2e4e8a592be0f269a1ca4835c25199d9f3ce815c8491048f785b0a0198
    # via goatfarm-backend
pluggy==1.6.0 \
    --hash=sha256:7dcc130b76258d33b90f61b658791dede3486c3e6bfb003ee5c9bfb396dd22f3 \
    --hash=sha256:e920276dd6813095e9377c0bc5566d94c932c33b27a3e3945d8389c374dd4746
    # via
    #   pytest
    #   pytest-cov
prometheus-client==0.26.0 \
    --hash=sha256:04a91bcf94e2cf74a44a1a874d651a2e853ed354b6e822f3b7487751465d5c2b \
    --hash=sha256:fa93d06737aa02bacd05794768508bb97d2fbee28cb3bca04eaae92f0ca953d6
    # via goatfarm-backend
pycparser==3.0 ; implementation_name != 'PyPy' \
    --hash=sha256:600f49d217304a5902ac3c37e1281c9fe94e4d0489de643a9504c5cdfdfc6b29 \
    --hash=sha256:b727414169a36b7d524c1c3e31839a521725078d7b2ff038656844266160a992
    # via cffi
pydantic==2.13.4 \
    --hash=sha256:45a282cde31d808236fd7ea9d919b128653c8b38b393d1c4ab335c62924d9aba \
    --hash=sha256:c40756b57adaa8b1efeeced5c196f3f3b7c435f90e84ea7f443901bec8099ef6
    # via
    #   fastapi
    #   goatfarm-backend
    #   pydantic-settings
pydantic-core==2.46.4 \
    --hash=sha256:0186750b482eefa11d7f435892b09c5c606193ef3375bcf94aa00ae6bfb66262 \
    --hash=sha256:0cbe8b01f948de4286c74cdd6c667aceb38f5c1e26f0693b3983d9d74887c65e \
    --hash=sha256:184c081504d17f1c1066e430e117142b2c77d9448a97f7b65c6ac9fd9aee238d \
    --hash=sha256:1a7dd0b3ee80d90150e3495a3a13ac34dbcbfd4f012996a6a1d8900e91b5c0fb \
    --hash=sha256:2108ba5c1c1eca18030634489dc544844144ee36357f2f9f780b93e7ddbb44b5 \
    --hash=sha256:23ace664830ee0bfe014a0c7bc248b1f7f25ed7ad103852c317624a1083af462 \
    --hash=sha256:2412e734dcb48da14d4e4006b82b46b74f2518b8a26ee7e58c6844a6cd6d03c4 \
    --hash=sha256:29c61fc04a3d840155ff08e475a04809278972fe6aef51e2720554e96367e34b \
    --hash=sha256:372429a130e469c9cd698925ce5fc50940b7a1336b0d82038e63d5bbc4edc519 \
    --hash=sha256:3bf92c5d0e00fefaab325a4d27828fe6b6e2a21848686b5b60d2d9eeb09d76c6 \
    --hash=sha256:3ecbc122d18468d06ca279dc26a8c2e2d5acb10943bb35e36ae92096dc3b5565 \
    --hash=sha256:3fb702cd90b0446a3a1c5e470bfa0dd23c0233b676a9099ddcc964fa6ca13898 \
    --hash=sha256:428e04521a40150c85216fc8b85e8d39fece235a9cf5e383761238c7fa9b96fb \
    --hash=sha256:4fcbe087dbc2068af7eda3aa87634eba216dbda64d1ae73c8684b621d33f6596 \
    --hash=sha256:5855698a4856556d86e8e6cd8434bc3ac0314ee8e12089ae0e143f64c6256e4e \
    --hash=sha256:5a4330cdbc57162e4b3aa303f588ba752257694c9c9be3e7ebb11b4aca659b5d \
    --hash=sha256:5d5902252db0d3cedf8d4a1bc68f70eeb430f7e4c7104c8c476753519b423008 \
    --hash=sha256:617d7e2ca7dcb8c5cf6bcb8c59b8832c94b36196bbf1cbd1bfb56ed341905edd \
    --hash=sha256:62f875393d7f270851f20523dd2e29f082bcc82292d66db2b64ea71f64b6e1c1 \
    --hash=sha256:633147d34cf4550417f12e2b1a0383973bdf5cdfde212cb09e9a581cf10820be \
    --hash=sha256:6b3ace8194b0e5204818c92802dcdca7fc6d88aabbb799d7c795540d9cd6d292 \
    --hash=sha256:7027560ee92211647d0d34e3f7cd6f50da56399d26a9c8ad0da286d3869a53f3 \
    --hash=sha256:7283d57845ecf5a163403eb0702dfc220cc4fbdd18919cb5ccea4f95ee1cdab4 \
    --hash=sha256:7a5f930472650a82629163023e630d160863fce524c616f4e5186e5de9d9a49b \
    --hash=sha256:811ff8e9c313ab425368bcbb36e5c4ebd7108c2bbf4e4089cfbb0b01eff63fac \
    --hash=sha256:82cf5301172168103724d49a1444d3378cb20cdee30b116a1bd6031236298a5d \
    --hash=sha256:85bb3611ff1802f3ee7fdd7dbff26b56f343fb432d57a4728fdd49b6ef35e2f4 \
    --hash=sha256:8daafc69c93ee8a0204506a3b6b30f586ef54028f52aeeeb5c4cfc5184fd5914 \
    --hash=sha256:9551187363ffc0de2a00b2e47c25aeaeb1020b69b668762966df15fc5659dd5a \
    --hash=sha256:97e7cf2be5c77b7d1a9713a05605d49460d02c6078d38d8bef3cbe323c548424 \
    --hash=sha256:9d56801be94b86a9da183e5f3766e6310752b99ff647e38b09a9500d88e46e76 \
    --hash=sha256:9fa8ae11da9e2b3126c6426f147e0fba88d96d65921799bb30c6abd1cb2c97fb \
    --hash=sha256:af8244b2bef6aaad6d92cda81372de7f8c8d36c9f0c3ea36e827c60e7d9467a0 \
    --hash=sha256:b8458003118a712e66286df6a707db01c52c0f52f7db8e4a38f0da1d3b94fc4e \
    --hash=sha256:bfec22eab3c8cc2ceec0248aec886624116dc079afa027ecc8ad4a7e62010f8a \
    --hash=sha256:c1b3f518abeca3aa13c712fd202306e145abf59a18b094a6bafb2d2bbf59192c \
    --hash=sha256:c50f2528cf200c5eed56faf3f4e22fcd5f38c157a8b78576e6ba3168ec35f000 \
    --hash=sha256:c94f0688e7b8d0a67abf40e57a7eaaecd17cc9586706a31b76c031f63df052b4 \
    --hash=sha256:cbaf13819775b7f769bf4a1f066cb6df7a28d4480081a589828ef190226881cd \
    --hash=sha256:cd2213145bcc2ba85884d0ac63d222fece9209678f77b9b4d76f054c561adb28 \
    --hash=sha256:ce5c1d2a8b27468f433ca974829c44060b8097eedc39933e3c206a90ee49c4a9 \
    --hash=sha256:e739fee756ba1010f8bcccb534252e85a35fe45ae92c295a06059ce58b74ccd3 \
    --hash=sha256:e846ae7835bf0703ae43f534ab79a867146dadd59dc9ca5c8b53d5c8f7c9ef02 \
    --hash=sha256:f027324c56cd5406ca49c124b0db10e56c69064fec039acc571c29020cc87c76 \
    --hash=sha256:f99626688942fb746e545232e7726926f3be91b5975f8b55327665fafda991c7 \
    --hash=sha256:fc3e9034a63de20e15e8ade85358bc6efc614008cab72898b4b4952bea0509ff
    # via pydantic
pydantic-settings==2.14.2 \
    --hash=sha256:a20c97b37910b6550d5ea50fbcc2d4187defe58cd57070b73863d069419c9440 \
    --hash=sha256:c19dd64b19097f1de80184f0cc7b0272a13ae6e170cbf240a3e27e381ed14a5f
    # via goatfarm-backend
pygments==2.20.0 \
    --hash=sha256:6757cd03768053ff99f3039c1a36d6c0aa0b263438fcab17520b30a303a82b5f \
    --hash=sha256:81a9e26dd42fd28a23a2d169d86d7ac03b46e2f8b59ed4698fb4785f946d0176
    # via pytest
pyjwt==2.15.1 \
    --hash=sha256:42d59d631f7768a1028a64c7ff581a9bf7519804daf91fc5b6c56e30eec5e193 \
    --hash=sha256:4f259e80cdfb6b3fc18a7de51fd1ef9ec79652f25019bae68975ca2468a34df8
    # via goatfarm-backend
pytest==9.1.1 \
    --hash=sha256:1088fbde8f2b49d95a549a195707afa7a76a3ce9bcadc26b6d71f0ffda5fe313 \
    --hash=sha256:37a86b45efb9a47a61a36449063e8e18d0cab3161329fc099eb21783169c4f0c
    # via
    #   goatfarm-backend
    #   pytest-asyncio
    #   pytest-cov
pytest-asyncio==1.4.0 \
    --hash=sha256:933ca923a23075a87fb7070c0ec272a6848489824d887c85c812670932835aa1 \
    --hash=sha256:c6c0d2259945122819f171a32ecea2c349ead889ee28176caaf492143424be42
    # via goatfarm-backend
pytest-cov==7.1.0 \
    --hash=sha256:30674f2b5f6351aa09702a9c8c364f6a01c27aae0c1366ae8016160d1efc56b2 \
    --hash=sha256:a0461110b7865f9a271aa1b51e516c9a95de9d696734a2f71e3e78f46e1d4678
    # via goatfarm-backend
python-dateutil==2.9.0.post0 \
    --hash=sha256:37dd54208da7e1cd875388217d5e00ebd4179249f90fb72437e91a35459a0ad3 \
    --hash=sha256:a8b2bc7bffae282281c8140a97d3aa9c14da0b136dfe83f850eea9a5f7470427
    # via botocore
python-dotenv==1.2.2 \
    --hash=sha256:1d8214789a24de455a8b8bd8ae6fe3c6b69a5e3d64aa8a8e5d68e694bbcb285a \
    --hash=sha256:2c371a91fbd7ba082c2c1dc1f8bf89ca22564a087c2c287cd9b662adde799cf3
    # via
    #   goatfarm-backend
    #   pydantic-settings
    #   uvicorn
pyyaml==6.0.3 \
    --hash=sha256:00c4bdeba853cc34e7dd471f16b4114f4162dc03e6b7afcc2128711f0eca823c \
    --hash=sha256:02893d100e99e03eda1c8fd5c441d8c60103fd175728e23e431db1b589cf5ab3 \
    --hash=sha256:0f29edc409a6392443abf94b9cf89ce99889a1dd5376d94316ae5145dfedd5d6 \
    --hash=sha256:16249ee61e95f858e83976573de0f5b2893b3677ba71c9dd36b9cf8be9ac6d65 \
    --hash=sha256:2283a07e2c21a2aa78d9c4442724ec1eb15f5e42a723b99cb3d822d48f5f7ad1 \
    --hash=sha256:34d5fcd24b8445fadc33f9cf348c1047101756fd760b4dacb5c3e99755703310 \
    --hash=sha256:4a2e8cebe2ff6ab7d1050ecd59c25d4c8bd7e6f400f5f82b96557ac0abafd0ac \
    --hash=sha256:4ad1906908f2f5ae4e5a8ddfce73c320c2a1429ec52eafd27138b7f1cbe341c9 \
    --hash=sha256:501a031947e3a9025ed4405a168e6ef5ae3126c59f90ce0cd6f2bfc477be31b7 \
    --hash=sha256:5190d403f121660ce8d1d2c1bb2ef1bd05b5f68533fc5c2ea899bd15f4399b35 \
    --hash=sha256:5498cd1645aa724a7c71c8f378eb29ebe23da2fc0d7a08071d89469bf1d2defb \
    --hash=sha256:66e1674c3ef6f541c35191caae2d429b967b99e02040f5ba928632d9a7f0f065 \
    --hash=sha256:6adc77889b628398debc7b65c073bcb99c4a0237b248cacaf3fe8a557563ef6c \
    --hash=sha256:79005a0d97d5ddabfeeea4cf676af11e647e41d81c9a7722a193022accdb6b7c \
    --hash=sha256:7c6610def4f163542a622a73fb39f534f8c101d690126992300bf3207eab9764 \
    --hash=sha256:8d1fab6bb153a416f9aeb4b8763bc0f22a5586065f86f7664fc23339fc1c1fac \
    --hash=sha256:8da9669d359f02c0b91ccc01cac4a67f16afec0dac22c2ad09f46bee0697eba8 \
    --hash=sha256:93dda82c9c22deb0a405ea4dc5f2d0cda384168e466364dec6255b293923b2f3 \
    --hash=sha256:a33284e20b78bd4a18c8c2282d549d10bc8408a2a7ff57653c0cf0b9be0afce5 \
    --hash=sha256:a80cb027f6b349846a3bf6d73b5e95e782175e52f22108cfa17876aaeff93702 \
    --hash=sha256:b3bc83488de33889877a0f2543ade9f70c67d66d9ebb4ac959502e12de895788 \
    --hash=sha256:c1ff362665ae507275af2853520967820d9124984e0f7466736aea23d8611fba \
    --hash=sha256:c458b6d084f9b935061bc36216e8a69a7e293a2f1e68bf956dcd9e6cbcd143f5 \
    --hash=sha256:d0eae10f8159e8fdad514efdc92d74fd8d682c933a6dd088030f3834bc8e6b26 \
    --hash=sha256:d76623373421df22fb4cf8817020cbb7ef15c725b9d5e45f17e189bfc384190f \
    --hash=sha256:ebc55a14a21cb14062aa4162f906cd962b28e2e9ea38f9b4391244cd8de4ae0b \
    --hash=sha256:eda16858a3cab07b80edaf74336ece1f986ba330fdb8ee0d6c0d68fe82bc96be \
    --hash=sha256:ee2922902c45ae8ccada2c5b501ab86c36525b883eff4255313a253a3160861c \
    --hash=sha256:f7057c9a337546edc7973c0d3ba84ddcdf0daa14533c2065749c9075001090e6
    # via uvicorn
ruff==0.16.1 \
    --hash=sha256:07bf434b1c95f4e093be4532068ef4fcf00924eb2ade8796075980902d6fd54a \
    --hash=sha256:09b05e8b90c2cb06ad63464350e7a45e8e44a2dfe52072ebfba6666ca8d3f596 \
    --hash=sha256:24e9c631573cbca9d20f1283f8f479b2afa4a8503504822bd71a293889f16743 \
    --hash=sha256:26e9ca5c9bc3971f20d3cf18a957f52ffd6a5f6564ff15c4912a144dcac22494 \
    --hash=sha256:30affbcedf59ad5703d9c91f82266e02b47739f797e1a7b6e158e5526a6dae38 \
    --hash=sha256:39897739f112253ee4fdd2e8aa9a4f9ded99fb2be367d5f31dfa4ded6025584c \
    --hash=sha256:4d5f2ed10f8242d83fc08d521301089364e3375375705356f20c0e31606ef3ef \
    --hash=sha256:58edb313b88f0c5460a26adf5f39a37a3be789494a15e3e411e35fa78b89f9a0 \
    --hash=sha256:67e1e1e3fa4f0c82f0e36d4cd61e661f6e7a6196cb1aa92fe0828fa7b8f257cd \
    --hash=sha256:82ae3c0c0d74daf17b968a10b7b3bb3ef297ab7de0c1f749646b25e690ccb150 \
    --hash=sha256:a4665b309891f83f3e3c25447935f1213e9abbd4b5640af7a1f2def9f8d413c1 \
    --hash=sha256:b0d1e1393b7648079e13669de1c1f4fde06d4583e84d8fd5c1551e0a77a2aa75 \
    --hash=sha256:b41bdd48fb420987a9b5212e4957c26ad4abce401fa9ea9d4d85843727945f4f \
    --hash=sha256:d31765e131295b8445caf301e3e8a85b34d1b9b211b4109b7ba457888b051806 \
    --hash=sha256:dbaadaac38c70239f056d306b7476f246b0bf000fa6b3876402acbf5b227eaf8 \
    --hash=sha256:e0d4c20532fca4f7fa609369161d968dd28f65d83dabbd61d8e9c7edbf7001f6 \
    --hash=sha256:fde5a99e2f97479af66edd6622c6d5a2a7592c77cf4153d9e4428f5eeb55b60c \
    --hash=sha256:fedad7c801dabd3fb9741d76aca39246e6ddd9ca446a015875207bf19f1e6bc7
    # via goatfarm-backend
s3transfer==0.13.1 \
    --hash=sha256:a981aa7429be23fe6dfc13e80e4020057cbab622b08c0315288758d67cabc724 \
    --hash=sha256:c3fdba22ba1bd367922f27ec8032d6a1cf5f10c934fb5d68cf60fd5a23d936cf
    # via boto3
six==1.17.0 \
    --hash=sha256:4721f391ed90541fddacab5acf947aa0d3dc7d27b2e1e8eda2be8970586c3274 \
    --hash=sha256:ff70335d468e7eb6ec65b95b99d3a2836546063f63acc5171de367e834932a81
    # via python-dateutil
sqlalchemy==2.0.51 \
    --hash=sha256:0378d055e9e8cd6ce4d8dff683bdd3d7d413533c4ee51d67a2b1e0f9eacc0f23 \
    --hash=sha256:08a204d8b5638717c26a24df18fcf40af45a6b22e35b70b1d62f0113c2e278e8 \
    --hash=sha256:0c2c62877097e1a0db401fba5cb4debee33265e5b2a55c4ccb489c02c53b4f72 \
    --hash=sha256:0f053118c30e53161857a953e4de667d90e274980dccbe5dd3829bbbeece72a5 \
    --hash=sha256:0f6bcad487aee1c638d707235682fc96f741de00663619881ab235400d03289e \
    --hash=sha256:159bb6ba32059f57ad7375a8f50d844dd2f19d14954ecf820cd33e20debd46b2 \
    --hash=sha256:1bed1ee8b01da6088210aa9412023326fb98a599ba502e6118308601dcbef77f \
    --hash=sha256:39a76529db6305693d8d4affa58ad5b5e2e18edd62daea628b29b97930b3513d \
    --hash=sha256:4004ada0aafe8ae1991b2cd1d99c6d9146126e123bd6f883c260d974aa012e54 \
    --hash=sha256:483b11bd46bf35fc14c52faf338b04300c9e6ce554bce9b11be85bfec3bc3195 \
    --hash=sha256:6e46fc36029eff666391e0531e5387b62ce6c4f1d8e50b3fb3099eaca1b42522 \
    --hash=sha256:6ea306caaae6bd5afd0a46050003c88f6bf33227377a49298c498c3cb88ff491 \
    --hash=sha256:72ca54c952107ba5cd58854b67a5a6268631289d21651a1235396f3b98b47400 \
    --hash=sha256:7c2056838b6685b72fdb36c99996cf862753461a62f2e84f4196371d3b2d6a07 \
    --hash=sha256:7c6b36ed71f41942bdcd2ad2522be46bfce09d5705be5640ecf19bbc7660e4b7 \
    --hash=sha256:804dccd8a4a6242c4e30ad961e540e18a588f6527202f2d6791b01845d59fdc9 \
    --hash=sha256:9161cfc9efce70d1715f47d6ff40f79c6778c00d53be4fbc09d70301e4b83ba7 \
    --hash=sha256:96747bfbadb055466e5b46d572618170046b45ce5a4879167f50d70a5319a499 \
    --hash=sha256:b3e693d15533a45cd5906f0589f9c35090bef6ef45bf1e8195c424aa0ae06a8d \
    --hash=sha256:b93ab07b5292dbe7e6b8da89475275e7042744283921344b56105f3eeb0f828b \
    --hash=sha256:bb024d8b621d0be75f4f44ecc7c950450026e76d66dc8f791bb5331d7fed59d5 \
    --hash=sha256:c45a496d6bc05dec41dcd4c3a2b183723f47473255c159cd80b503c8f246424d \
    --hash=sha256:e5ea1a213be1fcd5e49d9904c3b9939211ded90bc2a64e93f4c01963474285de
    # via
    #   alembic
    #   goatfarm-backend
starlette==1.4.1 \
    --hash=sha256:7d078e0fbefae0d2cecfb80a799d6fb84b1c0c6acd4f14ac79d17d0e7ec27f19 \
    --hash=sha256:b7332de6e9375593a29ba9eee1e6ecfeb3eb2043e2e19a13b4b71da73ff35540
    # via fastapi
types-pyyaml==6.0.12.20260906 \
    --hash=sha256:bca893ff0d51df5c9053137d5d0e6ccd36e939a196356f1d5c16372422f5137b \
    --hash=sha256:f59c1cc05010b833d2d72287bbaa72610106b28d42d89a907313117faba85212
    # via goatfarm-backend
typing-extensions==4.16.0 \
    --hash=sha256:481caa481374e813c1b176ada14e97f1f67a4539ce9cfeb3f350d78d6370c2e8 \
    --hash=sha256:dc983d19a509c94dba722ee6abd33940f7c05a89e243c47e907eb4db6f1a43e5
    # via
    #   alembic
    #   asyncpg-stubs
    #   fastapi
    #   mypy
    #   pydantic
    #   pydantic-core
    #   sqlalchemy
    #   typing-inspection
typing-inspection==0.4.2 \
    --hash=sha256:4ed1cacbdc298c220f1bd249ed5287caa16f34d44ef4e9c3d0cbad5b521545e7 \
    --hash=sha256:ba561c48a67c5958007083d386c3295464928b01faa735ab8547c5692e87f464
    # via
    #   fastapi
    #   pydantic
    #   pydantic-settings
urllib3==2.8.0 \
    --hash=sha256:0cf3cae568d36aa9576b28dfb35f11328f1cb974ca7647d9475ebb86c75ac6e3 \
    --hash=sha256:63bf2ead4c879426ebf22ef2a781eeb4aa3b4ae798a0435506f8687fd5bb9b63
    # via botocore
uvicorn==0.52.1 \
    --hash=sha256:112ec661814189acbccd3f7b86460147cc065fc92c0821afa78918780e4354dd \
    --hash=sha256:e4403f9d93188cf9d1088e9f40e3acd12630e2df8675316704379a7fc20fff6a
    # via goatfarm-backend
uvloop==0.22.1 ; platform_python_implementation != 'PyPy' and sys_platform != 'cygwin' and sys_platform != 'win32' \
    --hash=sha256:0530a5fbad9c9e4ee3f2b33b148c6a64d47bbad8000ea63704fa8260f4cf728e \
    --hash=sha256:1cdf5192ab3e674ca26da2eada35b288d2fa49fdd0f357a19f0e7c4e7d5077c8 \
    --hash=sha256:1f38ec5e3f18c8a10ded09742f7fb8de0108796eb673f30ce7762ce1b8550cad \
    --hash=sha256:297c27d8003520596236bdb2335e6b3f649480bd09e00d1e3a99144b691d2a35 \
    --hash=sha256:37554f70528f60cad66945b885eb01f1bb514f132d92b6eeed1c90fd54ed6289 \
    --hash=sha256:3879b88423ec7e97cd4eba2a443aa26ed4e59b45e6b76aabf13fe2f27023a142 \
    --hash=sha256:4baa86acedf1d62115c1dc6ad1e17134476688f08c6efd8a2ab076e815665c74 \
    --hash=sha256:561577354eb94200d75aca23fbde86ee11be36b00e52a4eaf8f50fb0c86b7705 \
    --hash=sha256:6c84bae345b9147082b17371e3dd5d42775bddce91f885499017f4607fdaf39f \
    --hash=sha256:6cde23eeda1a25c75b2e07d39970f3374105d5eafbaab2a4482be82f272d5a5e \
    --hash=sha256:6e2ea3d6190a2968f4a14a23019d3b16870dd2190cd69c8180f7c632d21de68d \
    --hash=sha256:93f617675b2d03af4e72a5333ef89450dfaa5321303ede6e67ba9c9d26878079 \
    --hash=sha256:b31dc2fccbd42adc73bc4e7cdbae4fc5086cf378979e53ca5d0301838c5682c6 \
    --hash=sha256:b76324e2dc033a0b2f435f33eb88ff9913c156ef78e153fb210e03c13da746b3 \
    --hash=sha256:b91328c72635f6f9e0282e4a57da7470c7350ab1c9f48546c0f2866205349d21 \
    --hash=sha256:badb4d8e58ee08dad957002027830d5c3b06aea446a6a3744483c2b3b745345c \
    --hash=sha256:bc5ef13bbc10b5335792360623cc378d52d7e62c2de64660616478c32cd0598e \
    --hash=sha256:c1955d5a1dd43198244d47664a5858082a3239766a839b2102a269aaff7a4e25 \
    --hash=sha256:daf620c2995d193449393d6c62131b3fbd40a63bf7b307a1527856ace637fe88
    # via uvicorn
watchfiles==1.2.0 \
    --hash=sha256:01859b11fd9fbca670f4d5da00fbac282cfea9bd67a2125d8b2833a3b5617ea9 \
    --hash=sha256:01ea8d66f0693b9b60a6541c8d10263091ca9a9060d242f3c1f3143f9aad2c98 \
    --hash=sha256:054dc20fd2e3132b4c3883b4a00d72fd6e1f56fdaf89fccd12e8057d74cd74d7 \
    --hash=sha256:0a105bc2283f67e8fbec74253ec2d94925de92ed72c0393f1206bf326b7b7b69 \
    --hash=sha256:0a37faaed405c67e28e6be45a1fa4f206ef5a2860f27c237db9fa30704c38242 \
    --hash=sha256:0c4997d4e4a55f0d02b6cde327322daf3a0400e5df6c6b15948994bf72497925 \
    --hash=sha256:0cb4d80e212f116474a545c21c912b445f16bb0cef9e6a73a498164223e14e2f \
    --hash=sha256:0e831a271c035d89789cffc386b6aa1375f39f1cd25eb7ca0997e4970d152fc5 \
    --hash=sha256:10d86db20695afe7997ac9e1717637d6714a8d0220458c33f3d2061f54cec427 \
    --hash=sha256:1bc6195825b7dcd217968bb1f801a60fd4c16e8eeab5bedc7fe917d7d5995ab4 \
    --hash=sha256:20aa0e708b920bde876a4aa82dc7dd6ebea228a63a67cda6632c2fc87b787efa \
    --hash=sha256:23282a321c8baf9b3a3c4afff673f9fe65eb7fdc2338d765ccad9d3d1916a5ba \
    --hash=sha256:2b37d10b5a63bd4d87e18472d80fa525bd670586fae62e5dd580452764879b65 \
    --hash=sha256:3416ff151bb6b5a8d8d11664974fbef4d9305b9b2957839ab5a270468fd8df30 \
    --hash=sha256:3651aa7058595e9cfb75d35dd5ada2bf9f48a5b8a0f3562821d3e210c507e077 \
    --hash=sha256:37a6721cdf3f65dbb13aa9503510ccb4451603ac837e44d265d7992a597e1374 \
    --hash=sha256:43d818978d06062d9b22c4fab2ebe44cf5213d42dc8e62bda8c2760cfa2eeb33 \
    --hash=sha256:4429f3b105524a10b72c3a819b091c495d2811d419c1e1e8df773a5a5974f831 \
    --hash=sha256:4543579a9bdb0c9560039b4ffddbdb39545707659fbc430ce4c10f3f68d557f9 \
    --hash=sha256:4c887eba18b7945ac73067a8b4a66f21cd46c2539b2bc68588f7be6c7eb6d26b \
    --hash=sha256:4e4ff8e37f99cf1da89e255e07c9c4b37c214038c4283707bdec308cb1b0ea1f \
    --hash=sha256:4f34e26a19f91f710c08e0183429f0d1d15df734e6bc78c31e77b9ea9c433658 \
    --hash=sha256:5327989a465505f05cfe06f04fa9d0c2fd5432bb243e10e6f012b1bdca3c8579 \
    --hash=sha256:63ac26eefbf4af1741247d6fb68b11c49a25b2f7413fbd318a83a12aaa9cf666 \
    --hash=sha256:71283b39fd17e5408eb123bd37aeecfd9d54c81fc184421943208aadb879d103 \
    --hash=sha256:71cd71740ed2c15211ebb237ced4e39a1cdf6f80566e5fe95428da1626f4fde6 \
    --hash=sha256:7a7ce236284f002a156f70add88efe5c70879cccbb658be0822c54b1306fc09d \
    --hash=sha256:7ba0480b9a74af058f43b337e937a451e109295c420916d68ad24e3dc02f5e44 \
    --hash=sha256:8520a4ab0e37f770afc34459c4f8f7019e153f9124dc101c15538365875d1ab2 \
    --hash=sha256:86bc13c25a8d1fcd70b51d0ce7c9b65e90de5666fcbfd3e34957cc73ee19aeb5 \
    --hash=sha256:8f200104103feb097de4cab8fe4f5dd18a2026934c7dea98c55a2f5fd6d5a33b \
    --hash=sha256:922c0e019fe68b3ae392965a766b02a71ba1168c932cebc3733cd52c5fe5b377 \
    --hash=sha256:9649193aa27bd9ff2e80ff29bfaa93085496c7a3a377592823cc58b77ee88add \
    --hash=sha256:9f04b092229ad2c50126dd3c922c8822e51e605993764a33058d4a791ab42281 \
    --hash=sha256:a0f27f01bee51861392bb6b7c4fdb290b27d1eb194e9e28788d68102a0e898d9 \
    --hash=sha256:a204794696ffb8f9b10fba6f7cb5216d42f3b2b71860ccac6b6e42f5f10973b0 \
    --hash=sha256:ae99b14c5f21e026e0e9d96f40e07d8570ebee6cafd9d8fc318354606daa7a28 \
    --hash=sha256:b141a4891c995a039cd89e9a49e62df1dc8a559a5d1a6e4c7106d16c12777a55 \
    --hash=sha256:b4e77f6a55f858504069abd35d336a637555c09bca453dde1ee1e5ada8a6a1fb \
    --hash=sha256:b718bf356bbc15e559bd8ef41782b573b8ae0e3f177ab244b440568d7ea02cfb \
    --hash=sha256:b8c8358484d5fa12ef34f05b7f4168eaf1932f408725ff6d023c33ec17bd79d4 \
    --hash=sha256:b974946a10af379d425e2eef5b62f5c6ebeaccf91d45eaad6f5b27ecd4f91aa0 \
    --hash=sha256:b9909cc2b48468b575eefa944919e1fe8a36c5849d5c7c168f80a8c1db69398e \
    --hash=sha256:b9f732dc58b2dbe69e464ccf8fff7a03b0dd0be439da4c0720d3558527d3d6b4 \
    --hash=sha256:bb7e52ecf68ba46d22df23467b87cffeb2146908aa523ebfe803019618cfda06 \
    --hash=sha256:c0db965c5f79aa49fe672d297cf1febc5ad149b658594944f49a54a2b96270a7 \
    --hash=sha256:c525543d91961c6955b2636b308569e84a1d1c5f5f2932041ab9ef46422f43e3 \
    --hash=sha256:c5c19526f4e54a00f2666a6c0e9e40d582c09e865055ea7378bf0009aab857b3 \
    --hash=sha256:c995fba777f1ea992f090f9236e9284cf7a5d1a0130dd5a3d82c598cacd76838 \
    --hash=sha256:ca148d73dea36c9763aaa351e4d7a51780ec1584217c45276f4fe8239c768b71 \
    --hash=sha256:cee9d5efd929efdac5f7e58f72b3376f676b64050a91c5b99a7094c5b2317488 \
    --hash=sha256:d413349d565dab74297f2a63e84a097936be69bf8f3b3801f27f380e32040f44 \
    --hash=sha256:d4a4b147f5dca2a5d325a06a832fb43f345751adfbc63204aec30e0d9ca965a2 \
    --hash=sha256:d73a585accffa5ae39c17264c36ec3166d2fad7000c780f5ef83b2722afb9dd2 \
    --hash=sha256:e140ed30ebde76796b686e67c182cff10ea2fbab186fafd1560f74bb5a473a6e \
    --hash=sha256:eb283ee99e21ad6443c8cdb06ac5b34b1308c329cbdf03fa02b445363714c799 \
    --hash=sha256:ecb47f183a8025b2aa18b546725c3657e542112ae9c0613a2af79b4fa8d04ad7 \
    --hash=sha256:f22943b7770483f6ea0721c6b11d022947a98eb0acae14694de034f4d0d38925 \
    --hash=sha256:f28b2725eb8cce327b9b3ab02415c853011dc55c95832fe90de6bc56f5315f72 \
    --hash=sha256:f88af53d6ddaf72179ef613ddc905e6f4785f712b49b80b3bef9f3525e6194b4 \
    --hash=sha256:faea288b6f0ab1902ef08f4ca6de005dccf856c4e0c4f21b8c5fce02d90a1b08 \
    --hash=sha256:fff610d7bb2256a317bb1e96f0d7862c7aa8076733ee5df0fd41bbe76a24a4f4
    # via uvicorn
websockets==17.0.1 \
    --hash=sha256:02ed63bf26dda9fa27df730a41f6664586c4ee05972c8fb667ce1725b3fd13d3 \
    --hash=sha256:10b1587c599fa0f2c89154587c80e0fda98ade6c9fa8c0260a2823fb1800b685 \
    --hash=sha256:17ac37716c0244e82c9e384c41653c090b1864c6610224ca3857e7f7b58fce10 \
    --hash=sha256:18ded646ce98cdd3c0235825b3252f1df55765ba49b616bb10282f758667b4d0 \
    --hash=sha256:1b363bfd72a52c0658a3154a4cff219f15a474b35a235057d38853bf151acce7 \
    --hash=sha256:1df81d174c1561292de9e40b141cafc04f69077272f6c352afe1d743e20810df \
    --hash=sha256:20a92f78ac8250984ed459faa9ca48c285adbfc0038ddc3fdac6046990a9c9ed \
    --hash=sha256:22bd00f8bae2bccdb5dbe41e20f58ba44ca9fff0b4b561aaf39099c35da762ed \
    --hash=sha256:2503c7e2a5049a12d5dac917a46d5d52591283a766165b8176bb167560421b38 \
    --hash=sha256:28012a54510fe8301bb893ef143cec30a2780a2d3bc20b7bbdf4379d7a63945d \
    --hash=sha256:2a855b6dfe21c4d3420be265ae031829ba8ba0be0ea350d9f7c3ef30ae63ebe2 \
    --hash=sha256:2abb1ba0a5133b7d2ef3c1c9f4b0c1e8a101012dce0b594ab2b2888d9a64820e \
    --hash=sha256:2bc14b481e05e331811108daa1aeb41a5e237a5564ef2f02ec5a356a0f102f78 \
    --hash=sha256:409d93efcaa14f7a99592c5baaef5ec6ca94fba0f5aec1a86f693977c69c9c1c \
    --hash=sha256:4d1d99db29b5444e3982f1ce2ba8a833508ad44b2f1fbd0bd99e81d825c0b461 \
    --hash=sha256:4d41c0a1d47a478bc432b3b9068097bee1ce0c5b19327ea6f75c2ab34ab1f2fb \
    --hash=sha256:53b90c00bc6201ab6695c7ff51a04d0e425514c37515e9eeecd2c1b978ac6c0e \
    --hash=sha256:54cdcaa56f5d3eafd57058f0fa4a3de93a310b43a3c4699f06efc4c0bd054a5a \
    --hash=sha256:55b12e47dcee83673a40d07686cfb6f9d6dfc285976ade9463f61d2bef3fad22 \
    --hash=sha256:57d2ee9b24b404ce75f3814f92073c0ed88106c950148d2427fe8d25ca254d1f \
    --hash=sha256:599b03beb77633bffc095334338fad79cafc2b01fbd58953838130a9ae967d7b \
    --hash=sha256:5baa9bc0dfbae8c507e51c8cf1b6d4628086f7a87bbd3a9952bd5f035451f1cc \
    --hash=sha256:5f33a649bfcb8312524173cc4bbafa7dbb236e18eee9aa31a1d324ca0ddda28c \
    --hash=sha256:6a434e59962a4fb9016bea327e1d14d6cd67670ecfb8942b4f4a0c24036634ce \
    --hash=sha256:6fd88365da261c53d3e943fb37e0d0721b9cde119f6b2e3fc84369b6ab234d63 \
    --hash=sha256:7002d5f9e1c3ddd991cdfdbfee18cc8c8b196b2445022892badacd6cb338bbbc \
    --hash=sha256:72d7f2a5aeb4e82daa4ee18f125b4277f427033359be5c745ad709608446cc2c \
    --hash=sha256:733e3cc7171fa1b899edbe725ef9382d0e960657dc1fd933f3281ae910c01dab \
    --hash=sha256:734d20364dc2cfe03674883cafcf580b6e431c5ce42b476312b9285310230cf9 \
    --hash=sha256:759adeb5b0c5775b563254ec63b5b79089fc0045b479143a0b1b8c0ebaae1253 \
    --hash=sha256:810cb3fb5fa6e447216f4e82d9a85cb8aed0929ae3538153ddfe8a6e3121a58d \
    --hash=sha256:81ce19c6046ace11da7001781be7317bb1dc389f399af4b2ed962190f76f9add \
    --hash=sha256:846a4a8b0833e3cad57523d9e3bd50ec8ea05ab9d06c582f82a1340ba096af5f \
    --hash=sha256:872273e629ca7e3d35f16a2dc6ede84e1d5c831e616b8277de6e4f83114e7c58 \
    --hash=sha256:884af729b8ab50486acd94d9768c2b60914bf39b579ebba0a5cb73bfdfd61fd2 \
    --hash=sha256:8c07f145d0b9e90cbd96035f31fb79199aef4da1872854e36ebeb258e3d57594 \
    --hash=sha256:8e387adb0c692c6b5571bdeafc8ac9d1901ea30f10309134780b16ecd35e6605 \
    --hash=sha256:90246fa9e6cb192a778ce6ce024057ec54317a894db7899c922dcdc1f4cbf6a5 \
    --hash=sha256:90973a3a00f23afdfd1c9b06fb84289bf0220f247ef8a62501a1967c7af54f7b \
    --hash=sha256:9493314a99e599163c854fb5900ad7f7ea38c5cb9d9103aa30b3c6b8181c01fa \
    --hash=sha256:9f7747d3daa41a11f25f7cca5dc988fc51da97b311bed4c9d843860f79779283 \
    --hash=sha256:a60fa1a25cca1bcc2bf87b8d6be37a741f0a3239fb5e9cfb7a37173b68ffcf87 \
    --hash=sha256:aadc298969ad229d8e3029fc5cc751fdad286696230f9cf014e90ff9cd8e6ea0 \
    --hash=sha256:ab56439c9f74c52770690c7b2f616b3bf775cb3920453ee355ac765c032d8bbf \
    --hash=sha256:ab9f962a5b64a5c3c845d556b7dc4e6fb683f7b67179f8205e814bb2e0213ffe \
    --hash=sha256:b3ff0ad440ad52dda64138f16895f66403f40192365e39b1010e889f289746b0 \
    --hash=sha256:bb31f42ea095ea826463c770829aa188a86c9a5c976b1467cbbf583c811de833 \
    --hash=sha256:bd1470d2c53fe53269bf5619da7725d30dd9b9693f1689f7a85eab8dea734442 \
    --hash=sha256:c1bec5d6a19f5fbe87e4940739cfc65e7bb53d8b353e1029b8037a1653b321bc \
    --hash=sha256:c1c118a6b0e25bfc9a6802075d748fa6321714ffbdf3c88d29d9a0e3c7386c75 \
    --hash=sha256:c395bda8e7d8f51a02e80261fb57127979e5c472675d9a96b2860619ad47da48 \
    --hash=sha256:c6be9cba65c65cc76dfa3d4619e359ff02a4476c74e179b215236c11a0b32345 \
    --hash=sha256:cddc675ec31bca65473321f9a9794e488b43b3b8de5d02c8ef4810c5d5792163 \
    --hash=sha256:d7d72843691f50b91127c50688df10cb72ec6f4c4b1d7e2c11ab33b16acf8e51 \
    --hash=sha256:dbfae8e75b342e31fc6fd1a8bbb393b7cbb91d6cfd581650300a94381e7b7e2b \
    --hash=sha256:e8208f2729cba030ff872a92064c97584eeb9502f53d32a05a0f05d5a17ca6c6 \
    --hash=sha256:e98ec9ec61cce5bc4b8b218322ad090b0994eb060bb04da704c62ef0a3d864e6 \
    --hash=sha256:eab6de8a98b9a7772cf686d00b4de439fc7efb8ab05ae106ef227291d06f87c5 \
    --hash=sha256:efe0ae052a8d023b87198921e8a7ce1dc7768816bcd2fbc20df171ac73a04891 \
    --hash=sha256:f11a398d8170b7ac5000baf7f258dcda579ef3ea744e0cc6a165e0dfbc0d3198 \
    --hash=sha256:f3fd9a1f87f8f0f3f8e9f9bd0195f7516562d13f5b178db8c5784d1f60b60bed \
    --hash=sha256:f991247276797d0c61ab7770bc9791eadc16f683b4d83517f624932adc1a8bab
    # via uvicorn
