DEPRECATED: The legacy builder is deprecated and will be removed in a future release.
            Install the buildx component to build images with BuildKit:
            https://docs.docker.com/go/buildx/

Sending build context to Docker daemon  213.9MB
Step 1/19 : FROM python:3.13-slim@sha256:3dd7cc108ec1493442514f5c2a871af6af0ec31d768ff6e378a93340c3b3db5f
3.13-slim: Pulling from library/python
8ca6b81b20b1: Pulling fs layer
824667651933: Pulling fs layer
8cd4cf3fa73d: Pulling fs layer
8ca6b81b20b1: Download complete
824667651933: Download complete
8cd4cf3fa73d: Download complete
824667651933: Pull complete
cb9252d28ac5: Download complete
85f556815a7b: Download complete
8ca6b81b20b1: Pull complete
8cd4cf3fa73d: Pull complete
Digest: sha256:3dd7cc108ec1493442514f5c2a871af6af0ec31d768ff6e378a93340c3b3db5f
Status: Downloaded newer image for python:3.13-slim@sha256:3dd7cc108ec1493442514f5c2a871af6af0ec31d768ff6e378a93340c3b3db5f
 ---> 3dd7cc108ec1
Step 2/19 : ENV PYTHONDONTWRITEBYTECODE=1     PYTHONUNBUFFERED=1     UV_COMPILE_BYTECODE=1     UV_LINK_MODE=copy     PATH="/app/.venv/bin:$PATH"     GOATFARM_JWT_PRIVATE_KEY_PATH=/app/keys/jwt_private.pem     GOATFARM_JWT_PUBLIC_KEY_PATH=/app/keys/jwt_public.pem
 ---> Running in 356b7fb3dbac
 ---> Removed intermediate container 356b7fb3dbac
 ---> 6a228d8022ce
Step 3/19 : WORKDIR /app
 ---> Running in 3431453707a0
 ---> Removed intermediate container 3431453707a0
 ---> be0acf6ab0e6
Step 4/19 : COPY backend/pyproject.toml backend/uv.lock ./
 ---> 1484d62ade89
Step 5/19 : COPY backend/pins/uv.txt ./pins/uv.txt
 ---> 31cf53ee62c7
Step 6/19 : RUN pip install --no-cache-dir --require-hashes -r pins/uv.txt     && uv sync --locked --no-dev --no-install-project --no-cache     && groupadd --system --gid 10001 goatfarm     && useradd --system --uid 10001 --gid goatfarm goatfarm     && install -d -o goatfarm -g goatfarm -m 0700 /app/keys
 ---> Running in f6fd7720d5a8
Collecting uv==0.12.1 (from -r pins/uv.txt (line 11))
  Downloading uv-0.12.1-py3-none-manylinux_2_17_aarch64.manylinux2014_aarch64.musllinux_1_1_aarch64.whl (21.3 MB)
     ━━━━━━━━━━━━━━━━━━━━━━━━━━━━━━━━━━━━━━━━ 21.3/21.3 MB 3.4 MB/s  0:00:06
Installing collected packages: uv
Successfully installed uv-0.12.1
[91mWARNING: Running pip as the 'root' user can result in broken permissions and conflicting behaviour with the system package manager, possibly rendering your system unusable. It is recommended to use a virtual environment instead: https://pip.pypa.io/warnings/venv. Use the --root-user-action option if you know what you are doing and want to suppress this warning.
[0m[91mUsing CPython 3.13.16 interpreter at: /usr/local/bin/python3
[0m[91mCreating virtual environment at: .venv
[0m[91mResolved 62 packages in 0.87ms
[0m[91mDownloading botocore (13.5MiB)
[0m[91mDownloading pillow (6.0MiB)
[0m[91mDownloading uvloop (4.1MiB)
[0m[91mDownloading cryptography (4.5MiB)
Downloading asyncpg (3.3MiB)
Downloading sqlalchemy (3.1MiB)
Downloading pydantic-core (1.9MiB)
[0m[91m Downloaded pydantic-core
[0m[91m Downloaded sqlalchemy
[0m[91m Downloaded asyncpg
[0m[91m Downloaded uvloop
[0m[91m Downloaded cryptography
[0m[91m Downloaded pillow
[0m[91m Downloaded botocore
[0m[91mPrepared 44 packages in 7.23s
[0m[91mInstalled 44 packages in 106ms
[0m[91mBytecode compiled 1365 files in 334ms
 + alembic==1.19.0
 + annotated-doc==0.0.5
 + annotated-types==0.8.0
 + anyio==4.14.2
 + argon2-cffi==25.1.0
 + argon2-cffi-bindings==25.1.0
 + asyncpg==0.31.0
 + boto3==1.40.11
 + botocore==1.40.76
 + certifi==2026.7.22
 + cffi==2.1.1
 + click==8.4.2
 + cryptography==50.0.0
 + fastapi==0.141.1
 + greenlet==3.5.4
 + [0m[91mh11==0.16.0
 + httpcore==1.0.9
 + httptools==0.8.0
 + httpx==0.28.1
 + idna==3.18
 + jmespath==1.1.0
 + mako==1.4.1
 + markupsafe==3.0.3
 + pillow==12.3.0
 + prometheus-client==0.26.0
 + pycparser==3.0
 +[0m[91m pydantic==2.13.[0m[91m4
 + pydantic-core[0m[91m==2.46.4
 + pydantic-settings==2.14.2
 + pyjwt==2[0m[91m.15.1
 + python-dateutil[0m[91m==2.9[0m[91m.0.post[0m[91m0
 [0m[91m+ [0m[91mpython-dotenv==1[0m[91m.2.2[0m[91m
 +[0m[91m pyyaml[0m[91m==6.[0m[91m0.3[0m[91m
 + s3transfer==0.13.1
 + six==1.17.0
 + sqlalchemy==2.0.51
 + starlette==1.4.1
 + typing-extensions==4.16.0
 + typing-inspection[0m[91m==0.4.2
 + urllib3==2.8.0
 + uvicorn==0.52.1
 + uvloop==0.22[0m[91m.1
 + watchfiles[0m[91m==1.2.0
 + websockets==17.0.1
[0m[91museradd warning: goatfarm's uid 10001 is greater than SYS_UID_MAX 999
[0m ---> Removed intermediate container f6fd7720d5a8
 ---> 3b94aad5c781
Step 7/19 : COPY backend/app ./app
 ---> b70cdf9c3263
Step 8/19 : COPY backend/alembic ./alembic
 ---> 5c556941f1df
Step 9/19 : COPY backend/alembic.ini ./
 ---> 968e1685ddec
Step 10/19 : COPY backend/scripts/healthcheck.py ./healthcheck.py
 ---> b6b7301bc40c
Step 11/19 : COPY backend/scripts/screening_worker_healthcheck.py ./screening_worker_healthcheck.py
 ---> 65b566940df8
Step 12/19 : COPY backend/scripts/compose_env_guard.py ./scripts/compose_env_guard.py
 ---> 9b5e5eb16687
Step 13/19 : COPY backend/scripts/rekey_totp_secrets.py ./scripts/rekey_totp_secrets.py
 ---> f3eaeb691760
Step 14/19 : COPY backend/scripts/totp_breakglass.py ./scripts/totp_breakglass.py
 ---> 7523a42eb0de
Step 15/19 : RUN rm -rf /usr/local/lib/python3.13/site-packages/pip         /usr/local/lib/python3.13/site-packages/pip-*.dist-info     && rm -f /usr/local/bin/pip /usr/local/bin/pip3 /usr/local/bin/pip3.13         /usr/local/bin/uv /usr/local/bin/uvx
 ---> Running in 03d826c76e6c
 ---> Removed intermediate container 03d826c76e6c
 ---> c55f3bf74839
Step 16/19 : USER goatfarm
 ---> Running in 5356fc75e5d3
 ---> Removed intermediate container 5356fc75e5d3
 ---> ab0dc5bdc7c2
Step 17/19 : EXPOSE 8000
 ---> Running in a15e0304a931
 ---> Removed intermediate container a15e0304a931
 ---> ddf2f0eb7bcf
Step 18/19 : HEALTHCHECK --interval=30s --timeout=5s --start-period=15s     CMD python healthcheck.py
 ---> Running in 2dbb361c0ff2
 ---> Removed intermediate container 2dbb361c0ff2
 ---> 683422d89393
Step 19/19 : CMD ["uvicorn", "app.main:app", "--host", "0.0.0.0", "--port", "8000", "--workers", "1", "--timeout-graceful-shutdown", "30", "--no-proxy-headers", "--no-server-header"]
 ---> Running in c338b9685ac8
 ---> Removed intermediate container c338b9685ac8
 ---> d960bebf610a
Successfully built d960bebf610a
Successfully tagged goatfarm-fix29-backend:104
