DEPRECATED: The legacy builder is deprecated and will be removed in a future release.
            Install the buildx component to build images with BuildKit:
            https://docs.docker.com/go/buildx/

Sending build context to Docker daemon  213.9MB
Step 1/21 : FROM python:3.13-slim@sha256:3dd7cc108ec1493442514f5c2a871af6af0ec31d768ff6e378a93340c3b3db5f
3.13-slim: Pulling from library/python
49ae429f6151: Pulling fs layer
b14f2539d39c: Pulling fs layer
6b37362b3da7: Pulling fs layer
7e7563f2ddb6: Pulling fs layer
b14f2539d39c: Download complete
7e7563f2ddb6: Download complete
49ae429f6151: Download complete
3d7514e137f6: Download complete
3322f296845f: Download complete
6b37362b3da7: Download complete
49ae429f6151: Pull complete
6b37362b3da7: Pull complete
7e7563f2ddb6: Pull complete
b14f2539d39c: Pull complete
Digest: sha256:3dd7cc108ec1493442514f5c2a871af6af0ec31d768ff6e378a93340c3b3db5f
Status: Image is up to date for python:3.13-slim@sha256:3dd7cc108ec1493442514f5c2a871af6af0ec31d768ff6e378a93340c3b3db5f
 ---> 3dd7cc108ec1
Step 2/21 : ENV PYTHONDONTWRITEBYTECODE=1     PYTHONUNBUFFERED=1     UV_COMPILE_BYTECODE=1     UV_LINK_MODE=copy     PATH="/app/.venv/bin:$PATH"     GOATFARM_JWT_PRIVATE_KEY_PATH=/app/keys/jwt_private.pem     GOATFARM_JWT_PUBLIC_KEY_PATH=/app/keys/jwt_public.pem
 ---> Running in f2aae35cce3d
 ---> Removed intermediate container f2aae35cce3d
 ---> 0ae8bb4c5e7e
Step 3/21 : WORKDIR /app
 ---> Running in 9506e993267b
 ---> Removed intermediate container 9506e993267b
 ---> 8684507a227d
Step 4/21 : COPY docker/debian-security-packages.json docker/fetch_debian_security_packages.py /tmp/security-fixes/
failed to get destination image "sha256:8684507a227d91c25f7dc0c6ee0b557c5d35e09d66696f8277c2f1b2cd82f103": image with reference sha256:8684507a227d91c25f7dc0c6ee0b557c5d35e09d66696f8277c2f1b2cd82f103 was found but does not provide the specified platform (linux/amd64)
