DEPRECATED: The legacy builder is deprecated and will be removed in a future release.
            Install the buildx component to build images with BuildKit:
            https://docs.docker.com/go/buildx/

Sending build context to Docker daemon  213.9MB
Step 1/21 : FROM python:3.13-slim@sha256:b92e6b9bb1ea9d826e9956fd8d30bf18bc384c130231d74fdf0ba3460c290b0b
3.13-slim: Pulling from library/python
Digest: sha256:b92e6b9bb1ea9d826e9956fd8d30bf18bc384c130231d74fdf0ba3460c290b0b
Status: Downloaded newer image for python:3.13-slim@sha256:b92e6b9bb1ea9d826e9956fd8d30bf18bc384c130231d74fdf0ba3460c290b0b
 ---> b92e6b9bb1ea
Step 2/21 : ENV PYTHONDONTWRITEBYTECODE=1     PYTHONUNBUFFERED=1     UV_COMPILE_BYTECODE=1     UV_LINK_MODE=copy     PATH="/app/.venv/bin:$PATH"     GOATFARM_JWT_PRIVATE_KEY_PATH=/app/keys/jwt_private.pem     GOATFARM_JWT_PUBLIC_KEY_PATH=/app/keys/jwt_public.pem
 ---> [Warning] The requested image's platform (linux/amd64) does not match the detected host platform (linux/arm64/v8) and no specific platform was requested
 ---> Running in 969f9d25f303
 ---> Removed intermediate container 969f9d25f303
 ---> e632754ddc44
Step 3/21 : WORKDIR /app
 ---> [Warning] The requested image's platform (linux/amd64) does not match the detected host platform (linux/arm64/v8) and no specific platform was requested
 ---> Running in b4dd9dbbe5dc
 ---> Removed intermediate container b4dd9dbbe5dc
 ---> 88ba7cd55244
Step 4/21 : COPY docker/debian-security-packages.json docker/fetch_debian_security_packages.py /tmp/security-fixes/
 ---> f0cbccfd7b7c
Step 5/21 : RUN python /tmp/security-fixes/fetch_debian_security_packages.py         /tmp/security-fixes/debian-security-packages.json /tmp/security-debs --package libpcre2-8-0     && dpkg -i /tmp/security-debs/*.deb     && rm -rf /tmp/security-fixes /tmp/security-debs
 ---> [Warning] The requested image's platform (linux/amd64) does not match the detected host platform (linux/arm64/v8) and no specific platform was requested
 ---> Running in 65af716466c7
(Reading database ... 5660 files and directories currently installed.)
Preparing to unpack .../libpcre2-8-0_10.46-1~deb13u3_amd64.deb ...
Unpacking libpcre2-8-0:amd64 (10.46-1~deb13u3) over (10.46-1~deb13u2) ...
Setting up libpcre2-8-0:amd64 (10.46-1~deb13u3) ...
Processing triggers for libc-bin (2.41-12+deb13u4) ...
 ---> Removed intermediate container 65af716466c7
 ---> 05a8d28fb535
Step 6/21 : COPY backend/pyproject.toml backend/uv.lock ./
 ---> f7c514c39f75
Step 7/21 : COPY backend/pins/uv.txt ./pins/uv.txt
 ---> d9c5806b32c4
Step 8/21 : RUN pip install --no-cache-dir --require-hashes -r pins/uv.txt     && uv sync --locked --no-dev --no-install-project --no-cache     && groupadd --system --gid 10001 goatfarm     && useradd --system --uid 10001 --gid goatfarm goatfarm     && install -d -o goatfarm -g goatfarm -m 0700 /app/keys
 ---> [Warning] The requested image's platform (linux/amd64) does not match the detected host platform (linux/arm64/v8) and no specific platform was requested
 ---> Running in e2d34ceba70b
Collecting uv==0.12.1 (from -r pins/uv.txt (line 11))
  Downloading uv-0.12.1-py3-none-manylinux_2_17_x86_64.manylinux2014_x86_64.whl (22.4 MB)
     ━━━━━━━━━━━━━━━━━━━━━━━━━━━━━━━━━━━━━━━━ 22.4/22.4 MB 27.9 MB/s  0:00:00
Installing collected packages: uv
Successfully installed uv-0.12.1
[91mWARNING: Running pip as the 'root' user can result in broken permissions and conflicting behaviour with the system package manager, possibly rendering your system unusable. It is recommended to use a virtual environment instead: https://pip.pypa.io/warnings/venv. Use the --root-user-action option if you know what you are doing and want to suppress this warning.
[0m[91m<jemalloc>: MADV_DONTNEED does not work (memset will be used instead)
<jemalloc>: (This is the expected behaviour if you are running under QEMU)
[0m[91mUsing [0m[91mCPython [0m[91m3.13.16[0m[91m interpreter at: [0m[91m/usr/local/bin/python3
[0m[91mCreating virtual environment at: .venv
[0m[91mResolved 62 packages in 25ms
[0m[91mDownloading asyncpg (3.4MiB)
[0m[91mDownloading pydantic-core (2.0MiB)
[0m[91mDownloading uvloop (4.2MiB)
[0m[91mDownloading cryptography (4.5MiB)
[0m[91mDownloading pillow (6.6MiB)
[0m[91mDownloading sqlalchemy (3.1MiB)
[0m[91mDownloading botocore (13.5MiB)
[0m[91m Downloaded pydantic-core
[0m[91m Downloaded asyncpg
[0m[91m Downloaded pillow
[0m[91m Downloaded uvloop
[0m[91m Downloaded cryptography
[0m[91m Downloaded sqlalchemy
[0m[91m Downloaded botocore
[0m[91mPrepared 44 packages in 4.34s
[0m[91mInstalled 44 packages in 343ms
[0m[91mBytecode compiled 1365 files in 6.95s
[0m[91m + alembic[0m[91m==1.19.0
 + annotated-doc==0.0.[0m[91m5
 [0m[91m+ annotated-types[0m[91m==0.8.[0m[91m0
 + anyio==4.14.2[0m[91m
[0m[91m + argon2-cffi==25.1.0
 + argon2-cffi-bindings==25.1.0
 + asyncpg==0.31.0
[0m[91m + boto3==1.40.11
 + [0m[91mbotocore==1.[0m[91m40.76
[0m[91m [0m[91m+ certifi==2026.7.22
 [0m[91m+ cffi==2[0m[91m.1.1
 + click[0m[91m==8.4.2
 + cryptography==50.0.0
 [0m[91m+ fastapi[0m[91m==0[0m[91m.141.[0m[91m1
 + greenlet==3.5.4
 + h11==0.[0m[91m16.0[0m[91m
 + httpcore==1.0.9
 [0m[91m+ httptools==0.8.0
 + [0m[91mhttpx==0.28.1
 + idna==3.18
 +[0m[91m jmespath==1.1.0
 + mako==[0m[91m1.4.1
 + markupsafe==3.0.[0m[91m3
 + pillow==12.3.0
 + prometheus-client==0.26.[0m[91m0
 [0m[91m+ pycparser==3.0[0m[91m
 + pydantic==2.13.4
 [0m[91m+ pydantic-core[0m[91m==2.46.4
 + pydantic-settings==2.14.2
[0m[91m [0m[91m+[0m[91m pyjwt[0m[91m==2.15.1
[0m[91m + python-dateutil==2.9.0.post0
[0m[91m + python-dotenv==1.2.2
 + pyyaml==6.0.3
 + [0m[91ms3transfer[0m[91m==0.13.1[0m[91m
 + six==1.17.0[0m[91m
 + sqlalchemy==2.0.51
 [0m[91m+[0m[91m starlette==1.4.1
 + typing-extensions==4.16.0
 + [0m[91mtyping-inspection==[0m[91m0.4.2
 + urllib3==2.[0m[91m8.0
 + uvicorn==0.52.1[0m[91m
 + [0m[91muvloop==0.22.1
 [0m[91m+ watchfiles==1.2.0
 [0m[91m+ websockets==17.0.1
[0m[91museradd warning: goatfarm's uid 10001 is greater than SYS_UID_MAX 999
[0m ---> Removed intermediate container e2d34ceba70b
 ---> c79c06c8be36
Step 9/21 : COPY backend/app ./app
 ---> a487714d7e67
Step 10/21 : COPY backend/alembic ./alembic
 ---> c61cdef17897
Step 11/21 : COPY backend/alembic.ini ./
 ---> 71d334e1110d
Step 12/21 : COPY backend/scripts/healthcheck.py ./healthcheck.py
 ---> 37c9fbf1d2d6
Step 13/21 : COPY backend/scripts/screening_worker_healthcheck.py ./screening_worker_healthcheck.py
 ---> 2f56513f9835
Step 14/21 : COPY backend/scripts/compose_env_guard.py ./scripts/compose_env_guard.py
 ---> d32745d75178
Step 15/21 : COPY backend/scripts/rekey_totp_secrets.py ./scripts/rekey_totp_secrets.py
 ---> b77e04478b41
Step 16/21 : COPY backend/scripts/totp_breakglass.py ./scripts/totp_breakglass.py
 ---> debb609d2381
Step 17/21 : RUN rm -rf /usr/local/lib/python3.13/site-packages/pip         /usr/local/lib/python3.13/site-packages/pip-*.dist-info     && rm -f /usr/local/bin/pip /usr/local/bin/pip3 /usr/local/bin/pip3.13         /usr/local/bin/uv /usr/local/bin/uvx
 ---> [Warning] The requested image's platform (linux/amd64) does not match the detected host platform (linux/arm64/v8) and no specific platform was requested
 ---> Running in 89c7e6f3e6b4
 ---> Removed intermediate container 89c7e6f3e6b4
 ---> f9fc45b08851
Step 18/21 : USER goatfarm
 ---> [Warning] The requested image's platform (linux/amd64) does not match the detected host platform (linux/arm64/v8) and no specific platform was requested
 ---> Running in 90d621bfcd93
 ---> Removed intermediate container 90d621bfcd93
 ---> e148269abbe1
Step 19/21 : EXPOSE 8000
 ---> [Warning] The requested image's platform (linux/amd64) does not match the detected host platform (linux/arm64/v8) and no specific platform was requested
 ---> Running in dbf6beec12f3
 ---> Removed intermediate container dbf6beec12f3
 ---> 04ca287e7b90
Step 20/21 : HEALTHCHECK --interval=30s --timeout=5s --start-period=15s     CMD python healthcheck.py
 ---> [Warning] The requested image's platform (linux/amd64) does not match the detected host platform (linux/arm64/v8) and no specific platform was requested
 ---> Running in 8e1e732fba84
 ---> Removed intermediate container 8e1e732fba84
 ---> 43a08c785512
Step 21/21 : CMD ["uvicorn", "app.main:app", "--host", "0.0.0.0", "--port", "8000", "--workers", "1", "--timeout-graceful-shutdown", "30", "--no-proxy-headers", "--no-server-header"]
 ---> [Warning] The requested image's platform (linux/amd64) does not match the detected host platform (linux/arm64/v8) and no specific platform was requested
 ---> Running in c1a5afdc43d4
 ---> Removed intermediate container c1a5afdc43d4
 ---> dc68b800a2e9
Successfully built dc68b800a2e9
Successfully tagged goatfarm-fix29-backend:104-amd64
