libpcre2-8-0:
  Installed: 10.46-1~deb13u2
  Candidate: 10.46-1~deb13u3
  Version table:
     10.46-1~deb13u3 500
        500 http://deb.debian.org/debian-security trixie-security/main arm64 Packages
 *** 10.46-1~deb13u2 500
        500 http://deb.debian.org/debian trixie/main arm64 Packages
        100 /var/lib/dpkg/status
libssl3t64:
  Installed: 3.5.7-1~deb13u2
  Candidate: 3.5.7-1~deb13u3
  Version table:
     3.5.7-1~deb13u3 500
        500 http://deb.debian.org/debian-security trixie-security/main arm64 Packages
 *** 3.5.7-1~deb13u2 500
        500 http://deb.debian.org/debian trixie/main arm64 Packages
        100 /var/lib/dpkg/status
openssl:
  Installed: 3.5.7-1~deb13u2
  Candidate: 3.5.7-1~deb13u3
  Version table:
     3.5.7-1~deb13u3 500
        500 http://deb.debian.org/debian-security trixie-security/main arm64 Packages
 *** 3.5.7-1~deb13u2 500
        500 http://deb.debian.org/debian trixie/main arm64 Packages
        100 /var/lib/dpkg/status
openssl-provider-legacy:
  Installed: 3.5.7-1~deb13u2
  Candidate: 3.5.7-1~deb13u3
  Version table:
     3.5.7-1~deb13u3 500
        500 http://deb.debian.org/debian-security trixie-security/main arm64 Packages
 *** 3.5.7-1~deb13u2 500
        500 http://deb.debian.org/debian trixie/main arm64 Packages
        100 /var/lib/dpkg/status
'http://deb.debian.org/debian-security/pool/updates/main/o/openssl/libssl3t64_3.5.7-1%7edeb13u3_arm64.deb' libssl3t64_3.5.7-1~deb13u3_arm64.deb 2770200 SHA256:d0681293a160392186c6ef85a165e40603d1628a099936137d24d391bd591f97
'http://deb.debian.org/debian-security/pool/updates/main/o/openssl/openssl_3.5.7-1%7edeb13u3_arm64.deb' openssl_3.5.7-1~deb13u3_arm64.deb 1472692 SHA256:68f226057a7a1c1f23e2ffde0075ea16e27e646d829c8d3c63414c49b839c258
'http://deb.debian.org/debian-security/pool/updates/main/o/openssl/openssl-provider-legacy_3.5.7-1%7edeb13u3_arm64.deb' openssl-provider-legacy_3.5.7-1~deb13u3_arm64.deb 313896 SHA256:dae4ab96be3a1fc8fd490bbeb3938ecd102d360555d4af8ee2728b42ce9f1059
'http://deb.debian.org/debian-security/pool/updates/main/p/pcre2/libpcre2-8-0_10.46-1%7edeb13u3_arm64.deb' libpcre2-8-0_10.46-1~deb13u3_arm64.deb 262648 SHA256:1a02b7129990690ea095fd35d7ace6853742923d158019e1fb4ef27efd2c51a7
