DEPRECATED: The legacy builder is deprecated and will be removed in a future release.
            Install the buildx component to build images with BuildKit:
            https://docs.docker.com/go/buildx/

Sending build context to Docker daemon  4.547MB
Step 1/25 : FROM node:24-alpine@sha256:50c8e8ca1d27439048670df5883f32d57cf81cff6233222c893fd0d9884cbd81 AS deps
 ---> 50c8e8ca1d27
Step 2/25 : WORKDIR /app
 ---> Using cache
 ---> f62904fde0cd
Step 3/25 : RUN corepack enable
 ---> Running in 7f33ed944a9f
 ---> Removed intermediate container 7f33ed944a9f
 ---> b82c75dc4464
Step 4/25 : COPY package.json pnpm-lock.yaml ./
 ---> 0d06fd7379b8
Step 5/25 : COPY patches/ ./patches/
 ---> fceb0c5fb295
Step 6/25 : RUN pnpm install --frozen-lockfile
 ---> Running in 38da626a4314
[91m! Corepack is about to download https://registry.npmjs.org/pnpm/-/pnpm-9.15.9.tgz
[0m[91m(node:1) [DEP0169] DeprecationWarning: `url.parse()` behavior is not standardized and prone to errors that have security implications. Use the WHATWG URL API instead. CVEs are not issued for `url.parse()` vulnerabilities.
(Use `node --trace-deprecation ...` to show where the warning was created)
[0mLockfile is up to date, resolution step is skipped
Progress: resolved 1, reused 0, downloaded 0, added 0
Packages: +786
++++++++++++++++++++++++++++++++++++++++++++++++++++++++++++++++++++++++++++++++

   ╭──────────────────────────────────────────────────────────────────╮
   │                                                                  │
   │                Update available! 9.15.9 → 12.9.1.                │
   │   Changelog: https://github.com/pnpm/pnpm/releases/tag/v12.9.1   │
   │            Run "corepack use pnpm@12.9.1" to update.             │
   │                                                                  │
   ╰──────────────────────────────────────────────────────────────────╯

Progress: resolved 786, reused 0, downloaded 81, added 81
Progress: resolved 786, reused 0, downloaded 142, added 142
Progress: resolved 786, reused 0, downloaded 194, added 194
Progress: resolved 786, reused 0, downloaded 284, added 284
Progress: resolved 786, reused 0, downloaded 483, added 483
Progress: resolved 786, reused 0, downloaded 627, added 627
Progress: resolved 786, reused 0, downloaded 781, added 780
Progress: resolved 786, reused 0, downloaded 783, added 783
Progress: resolved 786, reused 0, downloaded 785, added 785
Progress: resolved 786, reused 0, downloaded 786, added 786, done
.../node_modules/msw postinstall$ node -e "import('./config/scripts/postinstall.js').catch(() => void 0)"
.../node_modules/unrs-resolver postinstall$ node postinstall.js
.../esbuild@0.28.1/node_modules/esbuild postinstall$ node install.js
.../node_modules/msw postinstall: Done
.../node_modules/unrs-resolver postinstall: Done
.../esbuild@0.28.1/node_modules/esbuild postinstall: Done

dependencies:
+ @base-ui/react 1.7.0
+ @hookform/resolvers 5.7.1
+ @tanstack/react-query 5.101.4
+ class-variance-authority 0.7.1
+ clsx 2.1.1
+ lucide-react 1.28.0
+ next 16.3.8
+ next-themes 0.4.6
+ react 19.2.8
+ react-dom 19.2.8
+ react-hook-form 7.84.0
+ sharp 0.35.4
+ sonner 2.0.7
+ tailwind-merge 3.6.0
+ tw-animate-css 1.4.0
+ zod 4.4.3

devDependencies:
+ @axe-core/playwright 4.13.0
+ @playwright/test 1.62.1
+ @tailwindcss/postcss 4.3.3
+ @testing-library/jest-dom 7.0.0
+ @testing-library/react 16.3.2
+ @testing-library/user-event 14.6.3
+ @types/node 24.19.0
+ @types/react 19.2.18
+ @types/react-dom 19.2.4
+ @vitejs/plugin-react 6.0.5
+ @vitest/coverage-v8 4.1.11
+ eslint 9.39.5
+ eslint-config-next 16.3.8
+ fake-indexeddb 6.2.5
+ jsdom 30.0.1
+ msw 2.15.0
+ orval 8.23.0
+ shadcn 4.16.1
+ tailwindcss 4.3.3
+ typescript 5.9.3
+ vitest 4.1.11

Done in 9.5s using pnpm v9.15.9
 ---> Removed intermediate container 38da626a4314
 ---> 79ab0d42ed10
Step 7/25 : FROM node:24-alpine@sha256:50c8e8ca1d27439048670df5883f32d57cf81cff6233222c893fd0d9884cbd81 AS builder
 ---> 50c8e8ca1d27
Step 8/25 : WORKDIR /app
 ---> Using cache
 ---> f62904fde0cd
Step 9/25 : ARG BACKEND_URL=http://backend:8000
 ---> Using cache
 ---> 24bdafbae934
Step 10/25 : ENV BACKEND_URL=${BACKEND_URL}
 ---> Using cache
 ---> a074f97e152c
Step 11/25 : COPY --from=deps /app/node_modules ./node_modules
 ---> 009d5d8bc8d4
Step 12/25 : COPY . .
 ---> a48ede1f554b
Step 13/25 : RUN corepack enable && pnpm build
 ---> Running in 916b0fd1215c
[91m! Corepack is about to download https://registry.npmjs.org/pnpm/-/pnpm-9.15.9.tgz
[0m
> frontend@0.1.0 build /app
> next build

▲ Next.js 16.3.8 (Turbopack)
✓ Running next.config.ts took 27ms
Attention: Next.js now collects completely anonymous telemetry regarding usage.
This information is used to shape Next.js' roadmap and prioritize features.
You can learn more, including how to opt-out if you'd not like to participate in this anonymous program, by visiting the following URL:
https://nextjs.org/telemetry


  Creating an optimized production build ...
✓ Compiled successfully in 3.8s
  Running TypeScript ...
  Finished TypeScript in 6.3s ...
  Collecting page data using 5 workers ...
  Generating static pages using 5 workers (0/4) ...
  Generating static pages using 5 workers (1/4) 
  Generating static pages using 5 workers (2/4) 
  Generating static pages using 5 workers (3/4) 
✓ Generating static pages using 5 workers (4/4) in 72ms
  Finalizing page optimization ...

Route (app)
┌ ƒ /
├ ƒ /_not-found
├ ƒ /animals
├ ƒ /animals/[id]
├ ƒ /animals/new
├ ○ /apple-icon.png
├ ƒ /breeding
├ ƒ /breeding/[id]/ultrasound
├ ƒ /buckets
├ ƒ /dashboard
├ ƒ /farm-select
├ ƒ /feeding
├ ƒ /feeding/inventory
├ ƒ /feeding/recipes
├ ƒ /finance
├ ƒ /finance/insurance
├ ƒ /health
├ ƒ /health/new
├ ƒ /health/schedule/[animalId]
├ ƒ /healthz
├ ○ /icon.svg
├ ƒ /kidding
├ ƒ /kidding/new
├ ƒ /login
├ ○ /manifest.webmanifest
├ ƒ /no-access
├ ƒ /ops-simulation
├ ƒ /owner
├ ƒ /planner
├ ƒ /purchases
├ ƒ /register
├ ƒ /reports
├ ƒ /screening
├ ƒ /simulation
├ ƒ /tasks
├ ƒ /team
├ ƒ /worker
├ ƒ /worker/login
└ ƒ /worker/offline


ƒ Proxy (Middleware)

○  (Static)   prerendered as static content
ƒ  (Dynamic)  server-rendered on demand

 ---> Removed intermediate container 916b0fd1215c
 ---> 5c800e966c08
Step 14/25 : FROM node:24-alpine@sha256:50c8e8ca1d27439048670df5883f32d57cf81cff6233222c893fd0d9884cbd81 AS runner
 ---> 50c8e8ca1d27
Step 15/25 : WORKDIR /app
 ---> Using cache
 ---> f62904fde0cd
Step 16/25 : ENV NODE_ENV=production     HOSTNAME=0.0.0.0     PORT=3000
 ---> Running in 4027fbe96c6f
 ---> Removed intermediate container 4027fbe96c6f
 ---> 24b51f9d8af1
Step 17/25 : RUN rm -rf /usr/local/lib/node_modules/npm     && rm -f /usr/local/bin/npm /usr/local/bin/npx
 ---> Running in 7f5f7c728aba
 ---> Removed intermediate container 7f5f7c728aba
 ---> b042996b2821
Step 18/25 : RUN addgroup -S -g 10001 nextjs     && adduser -S -u 10001 -G nextjs nextjs
 ---> Running in f419053ff877
 ---> Removed intermediate container f419053ff877
 ---> eabc8ce4bcab
Step 19/25 : COPY --from=builder --chown=nextjs:nextjs /app/.next/standalone ./
 ---> 32c6c64fd735
Step 20/25 : COPY --from=builder --chown=nextjs:nextjs /app/.next/static ./.next/static
 ---> b3f4833373b4
Step 21/25 : COPY --from=builder --chown=nextjs:nextjs /app/public ./public
 ---> f862f5d576a1
Step 22/25 : USER nextjs
 ---> Running in cf5a7ffd4747
 ---> Removed intermediate container cf5a7ffd4747
 ---> 04b4c0ab3859
Step 23/25 : EXPOSE 3000
 ---> Running in bcc61a46fd56
 ---> Removed intermediate container bcc61a46fd56
 ---> 0ae24b187d56
Step 24/25 : HEALTHCHECK --interval=30s --timeout=5s --start-period=15s     CMD wget --quiet --tries=1 --spider http://127.0.0.1:3000/healthz || exit 1
 ---> Running in c957eb200274
 ---> Removed intermediate container c957eb200274
 ---> 02be6518cf5a
Step 25/25 : CMD ["node", "server.js"]
 ---> Running in 7ba56a1ef36e
 ---> Removed intermediate container 7ba56a1ef36e
 ---> 25a2d73eef82
Successfully built 25a2d73eef82
Successfully tagged goatfarm-fix29-frontend:104
