DEPRECATED: The legacy builder is deprecated and will be removed in a future release.
            Install the buildx component to build images with BuildKit:
            https://docs.docker.com/go/buildx/

Sending build context to Docker daemon  4.548MB
Step 1/25 : FROM node:24-alpine@sha256:83f1c388c31fb2e51f7cbd4dea949b96260798c98f206e8e4696bc93bd964e3a AS deps
24-alpine: Pulling from library/node
7ce7dcbafb7f: Pulling fs layer
e2de96513ba9: Pulling fs layer
02f40d53b06f: Pulling fs layer
3c504d5a797b: Pulling fs layer
7ce7dcbafb7f: Download complete
02f40d53b06f: Download complete
e2de96513ba9: Download complete
e2de96513ba9: Pull complete
3c504d5a797b: Download complete
02f40d53b06f: Pull complete
3c504d5a797b: Pull complete
7ce7dcbafb7f: Pull complete
Digest: sha256:83f1c388c31fb2e51f7cbd4dea949b96260798c98f206e8e4696bc93bd964e3a
Status: Downloaded newer image for node:24-alpine@sha256:83f1c388c31fb2e51f7cbd4dea949b96260798c98f206e8e4696bc93bd964e3a
 ---> 83f1c388c31f
Step 2/25 : WORKDIR /app
 ---> [Warning] The requested image's platform (linux/amd64) does not match the detected host platform (linux/arm64/v8) and no specific platform was requested
 ---> Running in 7b4838a62f26
 ---> Removed intermediate container 7b4838a62f26
 ---> 0c941dc147b0
Step 3/25 : RUN corepack enable
 ---> [Warning] The requested image's platform (linux/amd64) does not match the detected host platform (linux/arm64/v8) and no specific platform was requested
 ---> Running in d978cd7e1414
 ---> Removed intermediate container d978cd7e1414
 ---> 3d580fc007d2
Step 4/25 : COPY package.json pnpm-lock.yaml ./
 ---> f543e828ffe5
Step 5/25 : COPY patches/ ./patches/
 ---> 3064522a5927
Step 6/25 : RUN pnpm install --frozen-lockfile
 ---> [Warning] The requested image's platform (linux/amd64) does not match the detected host platform (linux/arm64/v8) and no specific platform was requested
 ---> Running in 674d2a41842c
[91m! Corepack is about to download https://registry.npmjs.org/pnpm/-/pnpm-9.15.9.tgz
[0m[91m(node:1) [DEP0169] DeprecationWarning: `url.parse()` behavior is not standardized and prone to errors that have security implications. Use the WHATWG URL API instead. CVEs are not issued for `url.parse()` vulnerabilities.
(Use `node --trace-deprecation ...` to show where the warning was created)
[0mLockfile is up to date, resolution step is skipped
Progress: resolved 1, reused 0, downloaded 0, added 0
Packages: +786
++++++++++++++++++++++++++++++++++++++++++++++++++++++++++++++++++++++++++++++++
Progress: resolved 786, reused 0, downloaded 0, added 0

   ╭──────────────────────────────────────────────────────────────────╮
   │                                                                  │
   │                Update available! 9.15.9 → 12.9.1.                │
   │   Changelog: https://github.com/pnpm/pnpm/releases/tag/v12.9.1   │
   │            Run "corepack use pnpm@12.9.1" to update.             │
   │                                                                  │
   ╰──────────────────────────────────────────────────────────────────╯

Progress: resolved 786, reused 0, downloaded 1, added 0
Progress: resolved 786, reused 0, downloaded 21, added 10
Progress: resolved 786, reused 0, downloaded 36, added 28
Progress: resolved 786, reused 0, downloaded 41, added 28
Progress: resolved 786, reused 0, downloaded 62, added 54
Progress: resolved 786, reused 0, downloaded 76, added 72
Progress: resolved 786, reused 0, downloaded 88, added 80
Progress: resolved 786, reused 0, downloaded 98, added 92
Progress: resolved 786, reused 0, downloaded 113, added 103
Progress: resolved 786, reused 0, downloaded 127, added 120
Progress: resolved 786, reused 0, downloaded 138, added 130
Progress: resolved 786, reused 0, downloaded 149, added 139
Progress: resolved 786, reused 0, downloaded 188, added 183
Progress: resolved 786, reused 0, downloaded 229, added 226
Progress: resolved 786, reused 0, downloaded 259, added 251
Progress: resolved 786, reused 0, downloaded 337, added 330
Progress: resolved 786, reused 0, downloaded 420, added 408
Progress: resolved 786, reused 0, downloaded 497, added 493
Progress: resolved 786, reused 0, downloaded 567, added 559
Progress: resolved 786, reused 0, downloaded 670, added 660
Progress: resolved 786, reused 0, downloaded 768, added 766
Progress: resolved 786, reused 0, downloaded 786, added 786, done
.../node_modules/unrs-resolver postinstall$ node postinstall.js
.../node_modules/msw postinstall$ node -e "import('./config/scripts/postinstall.js').catch(() => void 0)"
.../esbuild@0.28.1/node_modules/esbuild postinstall$ node install.js
.../node_modules/msw postinstall: Done
.../node_modules/unrs-resolver postinstall: Done
.../esbuild@0.28.1/node_modules/esbuild postinstall: Done

dependencies:
+ @base-ui/react 1.7.0
+ @hookform/resolvers 5.7.1
+ @tanstack/react-query 5.101.4
+ class-variance-authority 0.7.1
+ clsx 2.1.1
+ lucide-react 1.28.0
+ next 16.3.8
+ next-themes 0.4.6
+ react 19.2.8
+ react-dom 19.2.8
+ react-hook-form 7.84.0
+ sharp 0.35.4
+ sonner 2.0.7
+ tailwind-merge 3.6.0
+ tw-animate-css 1.4.0
+ zod 4.4.3

devDependencies:
+ @axe-core/playwright 4.13.0
+ @playwright/test 1.62.1
+ @tailwindcss/postcss 4.3.3
+ @testing-library/jest-dom 7.0.0
+ @testing-library/react 16.3.2
+ @testing-library/user-event 14.6.3
+ @types/node 24.19.0
+ @types/react 19.2.18
+ @types/react-dom 19.2.4
+ @vitejs/plugin-react 6.0.5
+ @vitest/coverage-v8 4.1.11
+ eslint 9.39.5
+ eslint-config-next 16.3.8
+ fake-indexeddb 6.2.5
+ jsdom 30.0.1
+ msw 2.15.0
+ orval 8.23.0
+ shadcn 4.16.1
+ tailwindcss 4.3.3
+ typescript 5.9.3
+ vitest 4.1.11

Done in 35s using pnpm v9.15.9
 ---> Removed intermediate container 674d2a41842c
 ---> 4be01af983b5
Step 7/25 : FROM node:24-alpine@sha256:83f1c388c31fb2e51f7cbd4dea949b96260798c98f206e8e4696bc93bd964e3a AS builder
 ---> 83f1c388c31f
Step 8/25 : WORKDIR /app
 ---> Using cache
 ---> 0c941dc147b0
Step 9/25 : ARG BACKEND_URL=http://backend:8000
 ---> [Warning] The requested image's platform (linux/amd64) does not match the detected host platform (linux/arm64/v8) and no specific platform was requested
 ---> Running in a1663c2b8dfd
 ---> Removed intermediate container a1663c2b8dfd
 ---> db1294774922
Step 10/25 : ENV BACKEND_URL=${BACKEND_URL}
 ---> [Warning] The requested image's platform (linux/amd64) does not match the detected host platform (linux/arm64/v8) and no specific platform was requested
 ---> Running in 2b5081aa6e4b
 ---> Removed intermediate container 2b5081aa6e4b
 ---> 77442c697aad
Step 11/25 : COPY --from=deps /app/node_modules ./node_modules
 ---> 0c163aaafe14
Step 12/25 : COPY . .
 ---> be94e1d95837
Step 13/25 : RUN corepack enable && pnpm build
 ---> [Warning] The requested image's platform (linux/amd64) does not match the detected host platform (linux/arm64/v8) and no specific platform was requested
 ---> Running in bd2422b15564
[91m! Corepack is about to download https://registry.npmjs.org/pnpm/-/pnpm-9.15.9.tgz
[0m
> frontend@0.1.0 build /app
> next build

▲ Next.js 16.3.8 (Turbopack)
✓ Running next.config.ts took 893ms
Attention: Next.js now collects completely anonymous telemetry regarding usage.
This information is used to shape Next.js' roadmap and prioritize features.
You can learn more, including how to opt-out if you'd not like to participate in this anonymous program, by visiting the following URL:
https://nextjs.org/telemetry


  Creating an optimized production build ...
✓ Compiled successfully in 65s
  Running TypeScript ...
  Finished TypeScript in 2.7min ...
  Collecting page data using 5 workers ...
  Generating static pages using 5 workers (0/4) ...
  Generating static pages using 5 workers (1/4) 
  Generating static pages using 5 workers (2/4) 
  Generating static pages using 5 workers (3/4) 
✓ Generating static pages using 5 workers (4/4) in 1341ms
  Finalizing page optimization ...

Route (app)
┌ ƒ /
├ ƒ /_not-found
├ ƒ /animals
├ ƒ /animals/[id]
├ ƒ /animals/new
├ ○ /apple-icon.png
├ ƒ /breeding
├ ƒ /breeding/[id]/ultrasound
├ ƒ /buckets
├ ƒ /dashboard
├ ƒ /farm-select
├ ƒ /feeding
├ ƒ /feeding/inventory
├ ƒ /feeding/recipes
├ ƒ /finance
├ ƒ /finance/insurance
├ ƒ /health
├ ƒ /health/new
├ ƒ /health/schedule/[animalId]
├ ƒ /healthz
├ ○ /icon.svg
├ ƒ /kidding
├ ƒ /kidding/new
├ ƒ /login
├ ○ /manifest.webmanifest
├ ƒ /no-access
├ ƒ /ops-simulation
├ ƒ /owner
├ ƒ /planner
├ ƒ /purchases
├ ƒ /register
├ ƒ /reports
├ ƒ /screening
├ ƒ /simulation
├ ƒ /tasks
├ ƒ /team
├ ƒ /worker
├ ƒ /worker/login
└ ƒ /worker/offline


ƒ Proxy (Middleware)

○  (Static)   prerendered as static content
ƒ  (Dynamic)  server-rendered on demand

[91mAssertion failed: errno == EEXIST (../deps/uv/src/unix/linux.c: uv__io_poll: 1427)
[0m ELIFECYCLE  Command failed.
The command '/bin/sh -c corepack enable && pnpm build' returned a non-zero code: 137
