DEPRECATED: The legacy builder is deprecated and will be removed in a future release.
            Install the buildx component to build images with BuildKit:
            https://docs.docker.com/go/buildx/

Sending build context to Docker daemon  4.551MB
Step 1/25 : FROM node:24-alpine@sha256:ebfe2f90462722a7a4de65e91990e97fe0d401c70e0e762c5b53302f905ec1c1 AS deps
 ---> ebfe2f904627
Step 2/25 : WORKDIR /app
 ---> Using cache
 ---> ce81f3df87c3
Step 3/25 : RUN corepack enable
 ---> Using cache
 ---> af2f0f845ca4
Step 4/25 : COPY package.json pnpm-lock.yaml ./
 ---> Using cache
 ---> 3eb9d7c40199
Step 5/25 : COPY patches/ ./patches/
 ---> Using cache
 ---> 688c6cf2902c
Step 6/25 : RUN pnpm install --frozen-lockfile
 ---> Using cache
 ---> c6949584529b
Step 7/25 : FROM node:24-alpine@sha256:ebfe2f90462722a7a4de65e91990e97fe0d401c70e0e762c5b53302f905ec1c1 AS builder
 ---> ebfe2f904627
Step 8/25 : WORKDIR /app
 ---> Using cache
 ---> ce81f3df87c3
Step 9/25 : ARG BACKEND_URL=http://backend:8000
 ---> Using cache
 ---> 43f9f453256d
Step 10/25 : ENV BACKEND_URL=${BACKEND_URL}
 ---> Using cache
 ---> 9a4464897e62
Step 11/25 : COPY --from=deps /app/node_modules ./node_modules
 ---> Using cache
 ---> 4c70ad150948
Step 12/25 : COPY . .
 ---> 78bf964ee7f7
Step 13/25 : RUN corepack enable && pnpm build
 ---> Running in 42facb9c5d45
[91m! Corepack is about to download https://registry.npmjs.org/pnpm/-/pnpm-9.15.9.tgz
[0m
> frontend@0.1.0 build /app
> next build

▲ Next.js 16.3.8 (Turbopack)
✓ Running next.config.ts took 59ms
Attention: Next.js now collects completely anonymous telemetry regarding usage.
This information is used to shape Next.js' roadmap and prioritize features.
You can learn more, including how to opt-out if you'd not like to participate in this anonymous program, by visiting the following URL:
https://nextjs.org/telemetry


  Creating an optimized production build ...
✓ Compiled successfully in 8.2s
  Running TypeScript ...
  Finished TypeScript in 7.2s ...
  Collecting page data using 5 workers ...
  Generating static pages using 5 workers (0/4) ...
  Generating static pages using 5 workers (1/4) 
  Generating static pages using 5 workers (2/4) 
  Generating static pages using 5 workers (3/4) 
✓ Generating static pages using 5 workers (4/4) in 92ms
  Finalizing page optimization ...

Route (app)
┌ ƒ /
├ ƒ /_not-found
├ ƒ /animals
├ ƒ /animals/[id]
├ ƒ /animals/new
├ ○ /apple-icon.png
├ ƒ /breeding
├ ƒ /breeding/[id]/ultrasound
├ ƒ /buckets
├ ƒ /dashboard
├ ƒ /farm-select
├ ƒ /feeding
├ ƒ /feeding/inventory
├ ƒ /feeding/recipes
├ ƒ /finance
├ ƒ /finance/insurance
├ ƒ /health
├ ƒ /health/new
├ ƒ /health/schedule/[animalId]
├ ƒ /healthz
├ ○ /icon.svg
├ ƒ /kidding
├ ƒ /kidding/new
├ ƒ /login
├ ○ /manifest.webmanifest
├ ƒ /no-access
├ ƒ /ops-simulation
├ ƒ /owner
├ ƒ /planner
├ ƒ /purchases
├ ƒ /register
├ ƒ /reports
├ ƒ /screening
├ ƒ /simulation
├ ƒ /tasks
├ ƒ /team
├ ƒ /worker
├ ƒ /worker/login
└ ƒ /worker/offline


ƒ Proxy (Middleware)

○  (Static)   prerendered as static content
ƒ  (Dynamic)  server-rendered on demand

 ---> Removed intermediate container 42facb9c5d45
 ---> 8c0bf2609c1e
Step 14/25 : FROM node:24-alpine@sha256:ebfe2f90462722a7a4de65e91990e97fe0d401c70e0e762c5b53302f905ec1c1 AS runner
 ---> ebfe2f904627
Step 15/25 : WORKDIR /app
 ---> Using cache
 ---> ce81f3df87c3
Step 16/25 : ENV NODE_ENV=production     HOSTNAME=0.0.0.0     PORT=3000
 ---> Using cache
 ---> 571c9263c30b
Step 17/25 : RUN rm -rf /usr/local/lib/node_modules/npm     && rm -f /usr/local/bin/npm /usr/local/bin/npx
 ---> Using cache
 ---> 9057869a38e9
Step 18/25 : RUN addgroup -S -g 10001 nextjs     && adduser -S -u 10001 -G nextjs nextjs
 ---> Using cache
 ---> 9f9dc49f132e
Step 19/25 : COPY --from=builder --chown=nextjs:nextjs /app/.next/standalone ./
 ---> aad650297096
Step 20/25 : COPY --from=builder --chown=nextjs:nextjs /app/.next/static ./.next/static
 ---> 42b3ddad9a4a
Step 21/25 : COPY --from=builder --chown=nextjs:nextjs /app/public ./public
 ---> ee7020d4b6a3
Step 22/25 : USER nextjs
 ---> Running in 6c80841251b7
 ---> Removed intermediate container 6c80841251b7
 ---> 000029550b32
Step 23/25 : EXPOSE 3000
 ---> Running in 63487107badc
 ---> Removed intermediate container 63487107badc
 ---> 92df26609710
Step 24/25 : HEALTHCHECK --interval=30s --timeout=5s --start-period=15s     CMD wget --quiet --tries=1 --spider http://127.0.0.1:3000/healthz || exit 1
 ---> Running in 5a3b7fcebb04
 ---> Removed intermediate container 5a3b7fcebb04
 ---> 7cdce1f23fa2
Step 25/25 : CMD ["node", "server.js"]
 ---> Running in 90677c0ce3ba
 ---> Removed intermediate container 90677c0ce3ba
 ---> 5a1e68466ba2
Successfully built 5a1e68466ba2
Successfully tagged goatfarm-fix29-frontend:104-final
