DEPRECATED: The legacy builder is deprecated and will be removed in a future release.
            Install the buildx component to build images with BuildKit:
            https://docs.docker.com/go/buildx/

Sending build context to Docker daemon   4.55MB
Step 1/25 : FROM node:24-alpine@sha256:83f1c388c31fb2e51f7cbd4dea949b96260798c98f206e8e4696bc93bd964e3a AS deps
 ---> 83f1c388c31f
Step 2/25 : WORKDIR /app
 ---> Using cache
 ---> 0c941dc147b0
Step 3/25 : RUN corepack enable
 ---> Using cache
 ---> 3d580fc007d2
Step 4/25 : COPY package.json pnpm-lock.yaml ./
 ---> Using cache
 ---> f543e828ffe5
Step 5/25 : COPY patches/ ./patches/
 ---> Using cache
 ---> 3064522a5927
Step 6/25 : RUN pnpm install --frozen-lockfile
 ---> Using cache
 ---> 4be01af983b5
Step 7/25 : FROM node:24-alpine@sha256:83f1c388c31fb2e51f7cbd4dea949b96260798c98f206e8e4696bc93bd964e3a AS builder
 ---> 83f1c388c31f
Step 8/25 : WORKDIR /app
 ---> Using cache
 ---> 0c941dc147b0
Step 9/25 : ARG BACKEND_URL=http://backend:8000
 ---> Using cache
 ---> db1294774922
Step 10/25 : ENV BACKEND_URL=${BACKEND_URL}
 ---> Using cache
 ---> 77442c697aad
Step 11/25 : COPY --from=deps /app/node_modules ./node_modules
 ---> Using cache
 ---> 0c163aaafe14
Step 12/25 : COPY . .
 ---> 193434d659d7
Step 13/25 : RUN corepack enable && pnpm build
 ---> [Warning] The requested image's platform (linux/amd64) does not match the detected host platform (linux/arm64/v8) and no specific platform was requested
 ---> Running in 99c501d2b324
[91m! Corepack is about to download https://registry.npmjs.org/pnpm/-/pnpm-9.15.9.tgz
[0m
> frontend@0.1.0 build /app
> next build

▲ Next.js 16.3.8 (Turbopack)
✓ Running next.config.ts took 1281ms
Attention: Next.js now collects completely anonymous telemetry regarding usage.
This information is used to shape Next.js' roadmap and prioritize features.
You can learn more, including how to opt-out if you'd not like to participate in this anonymous program, by visiting the following URL:
https://nextjs.org/telemetry


  Creating an optimized production build ...
✓ Compiled successfully in 40.0s
  Running TypeScript ...
  Finished TypeScript in 95s ...
  Collecting page data using 5 workers ...
  Generating static pages using 5 workers (0/4) ...
  Generating static pages using 5 workers (1/4) 
  Generating static pages using 5 workers (2/4) 
  Generating static pages using 5 workers (3/4) 
✓ Generating static pages using 5 workers (4/4) in 876ms
  Finalizing page optimization ...

Route (app)
┌ ƒ /
├ ƒ /_not-found
├ ƒ /animals
├ ƒ /animals/[id]
├ ƒ /animals/new
├ ○ /apple-icon.png
├ ƒ /breeding
├ ƒ /breeding/[id]/ultrasound
├ ƒ /buckets
├ ƒ /dashboard
├ ƒ /farm-select
├ ƒ /feeding
├ ƒ /feeding/inventory
├ ƒ /feeding/recipes
├ ƒ /finance
├ ƒ /finance/insurance
├ ƒ /health
├ ƒ /health/new
├ ƒ /health/schedule/[animalId]
├ ƒ /healthz
├ ○ /icon.svg
├ ƒ /kidding
├ ƒ /kidding/new
├ ƒ /login
├ ○ /manifest.webmanifest
├ ƒ /no-access
├ ƒ /ops-simulation
├ ƒ /owner
├ ƒ /planner
├ ƒ /purchases
├ ƒ /register
├ ƒ /reports
├ ƒ /screening
├ ƒ /simulation
├ ƒ /tasks
├ ƒ /team
├ ƒ /worker
├ ƒ /worker/login
└ ƒ /worker/offline


ƒ Proxy (Middleware)

○  (Static)   prerendered as static content
ƒ  (Dynamic)  server-rendered on demand

 ---> Removed intermediate container 99c501d2b324
 ---> 10544c14474b
Step 14/25 : FROM node:24-alpine@sha256:83f1c388c31fb2e51f7cbd4dea949b96260798c98f206e8e4696bc93bd964e3a AS runner
 ---> 83f1c388c31f
Step 15/25 : WORKDIR /app
 ---> Using cache
 ---> 0c941dc147b0
Step 16/25 : ENV NODE_ENV=production     HOSTNAME=0.0.0.0     PORT=3000
 ---> [Warning] The requested image's platform (linux/amd64) does not match the detected host platform (linux/arm64/v8) and no specific platform was requested
 ---> Running in c112dae2bdae
 ---> Removed intermediate container c112dae2bdae
 ---> 9d17226cb5ce
Step 17/25 : RUN rm -rf /usr/local/lib/node_modules/npm     && rm -f /usr/local/bin/npm /usr/local/bin/npx
 ---> [Warning] The requested image's platform (linux/amd64) does not match the detected host platform (linux/arm64/v8) and no specific platform was requested
 ---> Running in 1fc5b98b51f0
 ---> Removed intermediate container 1fc5b98b51f0
 ---> 2dd3d6981820
Step 18/25 : RUN addgroup -S -g 10001 nextjs     && adduser -S -u 10001 -G nextjs nextjs
 ---> [Warning] The requested image's platform (linux/amd64) does not match the detected host platform (linux/arm64/v8) and no specific platform was requested
 ---> Running in bd11d94da5a5
 ---> Removed intermediate container bd11d94da5a5
 ---> 7185da6ec7e2
Step 19/25 : COPY --from=builder --chown=nextjs:nextjs /app/.next/standalone ./
 ---> 9ad175664555
Step 20/25 : COPY --from=builder --chown=nextjs:nextjs /app/.next/static ./.next/static
 ---> 3698309cc124
Step 21/25 : COPY --from=builder --chown=nextjs:nextjs /app/public ./public
 ---> 64f6cc04976c
Step 22/25 : USER nextjs
 ---> [Warning] The requested image's platform (linux/amd64) does not match the detected host platform (linux/arm64/v8) and no specific platform was requested
 ---> Running in feca085a9ba6
 ---> Removed intermediate container feca085a9ba6
 ---> 9f33ace2f8c8
Step 23/25 : EXPOSE 3000
 ---> [Warning] The requested image's platform (linux/amd64) does not match the detected host platform (linux/arm64/v8) and no specific platform was requested
 ---> Running in 1515b9a4acc6
 ---> Removed intermediate container 1515b9a4acc6
 ---> edc9878621b2
Step 24/25 : HEALTHCHECK --interval=30s --timeout=5s --start-period=15s     CMD wget --quiet --tries=1 --spider http://127.0.0.1:3000/healthz || exit 1
 ---> [Warning] The requested image's platform (linux/amd64) does not match the detected host platform (linux/arm64/v8) and no specific platform was requested
 ---> Running in f7600fe7ffa3
 ---> Removed intermediate container f7600fe7ffa3
 ---> 0f30b16bfd96
Step 25/25 : CMD ["node", "server.js"]
 ---> [Warning] The requested image's platform (linux/amd64) does not match the detected host platform (linux/arm64/v8) and no specific platform was requested
 ---> Running in 2ed0a98e5f65
 ---> Removed intermediate container 2ed0a98e5f65
 ---> efcce7b2773b
Successfully built efcce7b2773b
Successfully tagged goatfarm-fix29-frontend:104-final-amd64
