DEPRECATED: The legacy builder is deprecated and will be removed in a future release.
            Install the buildx component to build images with BuildKit:
            https://docs.docker.com/go/buildx/

Sending build context to Docker daemon   4.55MB
Step 1/25 : FROM node:24-alpine@sha256:ebfe2f90462722a7a4de65e91990e97fe0d401c70e0e762c5b53302f905ec1c1 AS deps
24-alpine: Pulling from library/node
6680b19ad074: Pulling fs layer
d4a23e25aa71: Pulling fs layer
e2f4a003057d: Pulling fs layer
e2f4a003057d: Download complete
d4a23e25aa71: Download complete
b4af8cff4b07: Download complete
594c453576ad: Download complete
6680b19ad074: Download complete
e2f4a003057d: Pull complete
d4a23e25aa71: Pull complete
6680b19ad074: Pull complete
Digest: sha256:ebfe2f90462722a7a4de65e91990e97fe0d401c70e0e762c5b53302f905ec1c1
Status: Downloaded newer image for node:24-alpine@sha256:ebfe2f90462722a7a4de65e91990e97fe0d401c70e0e762c5b53302f905ec1c1
 ---> ebfe2f904627
Step 2/25 : WORKDIR /app
 ---> Running in 22d5566b148f
 ---> Removed intermediate container 22d5566b148f
 ---> ce81f3df87c3
Step 3/25 : RUN corepack enable
 ---> Running in b0b483cd1574
 ---> Removed intermediate container b0b483cd1574
 ---> af2f0f845ca4
Step 4/25 : COPY package.json pnpm-lock.yaml ./
 ---> 3eb9d7c40199
Step 5/25 : COPY patches/ ./patches/
 ---> 688c6cf2902c
Step 6/25 : RUN pnpm install --frozen-lockfile
 ---> Running in 6ec08d8f5da9
[91m! Corepack is about to download https://registry.npmjs.org/pnpm/-/pnpm-9.15.9.tgz
[0m[91m(node:1) [DEP0169] DeprecationWarning: `url.parse()` behavior is not standardized and prone to errors that have security implications. Use the WHATWG URL API instead. CVEs are not issued for `url.parse()` vulnerabilities.
(Use `node --trace-deprecation ...` to show where the warning was created)
[0mLockfile is up to date, resolution step is skipped
Progress: resolved 1, reused 0, downloaded 0, added 0
Packages: +786
++++++++++++++++++++++++++++++++++++++++++++++++++++++++++++++++++++++++++++++++

   ╭──────────────────────────────────────────────────────────────────╮
   │                                                                  │
   │                Update available! 9.15.9 → 12.9.1.                │
   │   Changelog: https://github.com/pnpm/pnpm/releases/tag/v12.9.1   │
   │            Run "corepack use pnpm@12.9.1" to update.             │
   │                                                                  │
   ╰──────────────────────────────────────────────────────────────────╯

Progress: resolved 786, reused 0, downloaded 81, added 81
Progress: resolved 786, reused 0, downloaded 131, added 131
Progress: resolved 786, reused 0, downloaded 177, added 177
Progress: resolved 786, reused 0, downloaded 244, added 244
Progress: resolved 786, reused 0, downloaded 404, added 404
Progress: resolved 786, reused 0, downloaded 481, added 481
Progress: resolved 786, reused 0, downloaded 541, added 541
Progress: resolved 786, reused 0, downloaded 742, added 741
Progress: resolved 786, reused 0, downloaded 784, added 784
Progress: resolved 786, reused 0, downloaded 785, added 785
Progress: resolved 786, reused 0, downloaded 786, added 786, done
.../node_modules/msw postinstall$ node -e "import('./config/scripts/postinstall.js').catch(() => void 0)"
.../node_modules/unrs-resolver postinstall$ node postinstall.js
.../esbuild@0.28.1/node_modules/esbuild postinstall$ node install.js
.../node_modules/msw postinstall: Done
.../node_modules/unrs-resolver postinstall: Done
.../esbuild@0.28.1/node_modules/esbuild postinstall: Done

dependencies:
+ @base-ui/react 1.7.0
+ @hookform/resolvers 5.7.1
+ @tanstack/react-query 5.101.4
+ class-variance-authority 0.7.1
+ clsx 2.1.1
+ lucide-react 1.28.0
+ next 16.3.8
+ next-themes 0.4.6
+ react 19.2.8
+ react-dom 19.2.8
+ react-hook-form 7.84.0
+ sharp 0.35.4
+ sonner 2.0.7
+ tailwind-merge 3.6.0
+ tw-animate-css 1.4.0
+ zod 4.4.3

devDependencies:
+ @axe-core/playwright 4.13.0
+ @playwright/test 1.62.1
+ @tailwindcss/postcss 4.3.3
+ @testing-library/jest-dom 7.0.0
+ @testing-library/react 16.3.2
+ @testing-library/user-event 14.6.3
+ @types/node 24.19.0
+ @types/react 19.2.18
+ @types/react-dom 19.2.4
+ @vitejs/plugin-react 6.0.5
+ @vitest/coverage-v8 4.1.11
+ eslint 9.39.5
+ eslint-config-next 16.3.8
+ fake-indexeddb 6.2.5
+ jsdom 30.0.1
+ msw 2.15.0
+ orval 8.23.0
+ shadcn 4.16.1
+ tailwindcss 4.3.3
+ typescript 5.9.3
+ vitest 4.1.11

Done in 11.2s using pnpm v9.15.9
 ---> Removed intermediate container 6ec08d8f5da9
 ---> c6949584529b
Step 7/25 : FROM node:24-alpine@sha256:ebfe2f90462722a7a4de65e91990e97fe0d401c70e0e762c5b53302f905ec1c1 AS builder
 ---> ebfe2f904627
Step 8/25 : WORKDIR /app
 ---> Using cache
 ---> ce81f3df87c3
Step 9/25 : ARG BACKEND_URL=http://backend:8000
 ---> Running in ff7adc730266
 ---> Removed intermediate container ff7adc730266
 ---> 43f9f453256d
Step 10/25 : ENV BACKEND_URL=${BACKEND_URL}
 ---> Running in b93fe683747a
 ---> Removed intermediate container b93fe683747a
 ---> 9a4464897e62
Step 11/25 : COPY --from=deps /app/node_modules ./node_modules
 ---> 4c70ad150948
Step 12/25 : COPY . .
 ---> 734640625b27
Step 13/25 : RUN corepack enable && pnpm build
 ---> Running in 742d73017310
[91m! Corepack is about to download https://registry.npmjs.org/pnpm/-/pnpm-9.15.9.tgz
[0m
> frontend@0.1.0 build /app
> next build

▲ Next.js 16.3.8 (Turbopack)
✓ Running next.config.ts took 49ms
Attention: Next.js now collects completely anonymous telemetry regarding usage.
This information is used to shape Next.js' roadmap and prioritize features.
You can learn more, including how to opt-out if you'd not like to participate in this anonymous program, by visiting the following URL:
https://nextjs.org/telemetry


  Creating an optimized production build ...
✓ Compiled successfully in 5.7s
  Running TypeScript ...
  Finished TypeScript in 9.1s ...
  Collecting page data using 5 workers ...
  Generating static pages using 5 workers (0/4) ...
  Generating static pages using 5 workers (1/4) 
  Generating static pages using 5 workers (2/4) 
  Generating static pages using 5 workers (3/4) 
✓ Generating static pages using 5 workers (4/4) in 95ms
  Finalizing page optimization ...

Route (app)
┌ ƒ /
├ ƒ /_not-found
├ ƒ /animals
├ ƒ /animals/[id]
├ ƒ /animals/new
├ ○ /apple-icon.png
├ ƒ /breeding
├ ƒ /breeding/[id]/ultrasound
├ ƒ /buckets
├ ƒ /dashboard
├ ƒ /farm-select
├ ƒ /feeding
├ ƒ /feeding/inventory
├ ƒ /feeding/recipes
├ ƒ /finance
├ ƒ /finance/insurance
├ ƒ /health
├ ƒ /health/new
├ ƒ /health/schedule/[animalId]
├ ƒ /healthz
├ ○ /icon.svg
├ ƒ /kidding
├ ƒ /kidding/new
├ ƒ /login
├ ○ /manifest.webmanifest
├ ƒ /no-access
├ ƒ /ops-simulation
├ ƒ /owner
├ ƒ /planner
├ ƒ /purchases
├ ƒ /register
├ ƒ /reports
├ ƒ /screening
├ ƒ /simulation
├ ƒ /tasks
├ ƒ /team
├ ƒ /worker
├ ƒ /worker/login
└ ƒ /worker/offline


ƒ Proxy (Middleware)

○  (Static)   prerendered as static content
ƒ  (Dynamic)  server-rendered on demand

 ---> Removed intermediate container 742d73017310
 ---> 019b312c1eae
Step 14/25 : FROM node:24-alpine@sha256:ebfe2f90462722a7a4de65e91990e97fe0d401c70e0e762c5b53302f905ec1c1 AS runner
 ---> ebfe2f904627
Step 15/25 : WORKDIR /app
 ---> Using cache
 ---> ce81f3df87c3
Step 16/25 : ENV NODE_ENV=production     HOSTNAME=0.0.0.0     PORT=3000
 ---> Running in 14f673ca78e1
 ---> Removed intermediate container 14f673ca78e1
 ---> 571c9263c30b
Step 17/25 : RUN rm -rf /usr/local/lib/node_modules/npm     && rm -f /usr/local/bin/npm /usr/local/bin/npx
 ---> Running in e113163e7ead
 ---> Removed intermediate container e113163e7ead
 ---> 9057869a38e9
Step 18/25 : RUN addgroup -S -g 10001 nextjs     && adduser -S -u 10001 -G nextjs nextjs
 ---> Running in 2ab45fc5c583
 ---> Removed intermediate container 2ab45fc5c583
 ---> 9f9dc49f132e
Step 19/25 : COPY --from=builder --chown=nextjs:nextjs /app/.next/standalone ./
 ---> a20c3c91e0d1
Step 20/25 : COPY --from=builder --chown=nextjs:nextjs /app/.next/static ./.next/static
 ---> afda91e5d1b5
Step 21/25 : COPY --from=builder --chown=nextjs:nextjs /app/public ./public
 ---> 0078b7d51f5c
Step 22/25 : USER nextjs
 ---> Running in 8fd203d0846e
 ---> Removed intermediate container 8fd203d0846e
 ---> 676bc6b9e7d1
Step 23/25 : EXPOSE 3000
 ---> Running in 19f2f9997ad9
 ---> Removed intermediate container 19f2f9997ad9
 ---> cbaa19415eca
Step 24/25 : HEALTHCHECK --interval=30s --timeout=5s --start-period=15s     CMD wget --quiet --tries=1 --spider http://127.0.0.1:3000/healthz || exit 1
 ---> Running in 343d295ce085
 ---> Removed intermediate container 343d295ce085
 ---> f8dd27f2f3c5
Step 25/25 : CMD ["node", "server.js"]
 ---> Running in a6375d070a32
 ---> Removed intermediate container a6375d070a32
 ---> 530eca017851
Successfully built 530eca017851
Successfully tagged goatfarm-fix29-frontend:104
