DEPRECATED: The legacy builder is deprecated and will be removed in a future release.
            Install the buildx component to build images with BuildKit:
            https://docs.docker.com/go/buildx/

Sending build context to Docker daemon  4.541MB
Step 1/25 : FROM node:24-alpine@sha256:50c8e8ca1d27439048670df5883f32d57cf81cff6233222c893fd0d9884cbd81 AS deps
 ---> 50c8e8ca1d27
Step 2/25 : WORKDIR /app
 ---> Running in 2eefebb97ca4
 ---> Removed intermediate container 2eefebb97ca4
 ---> 7a6087b4bbcf
Step 3/25 : RUN corepack enable
 ---> Running in a07709243f32
 ---> Removed intermediate container a07709243f32
 ---> e215fefb5c0e
Step 4/25 : COPY package.json pnpm-lock.yaml ./
 ---> 1f0b0a52ddf5
Step 5/25 : COPY patches/ ./patches/
 ---> c33a881c80d8
Step 6/25 : RUN pnpm install --frozen-lockfile
 ---> Running in e28d3da20754
[91m! Corepack is about to download https://registry.npmjs.org/pnpm/-/pnpm-9.15.9.tgz
[0m[91m(node:1) [DEP0169] DeprecationWarning: `url.parse()` behavior is not standardized and prone to errors that have security implications. Use the WHATWG URL API instead. CVEs are not issued for `url.parse()` vulnerabilities.
(Use `node --trace-deprecation ...` to show where the warning was created)
[0mLockfile is up to date, resolution step is skipped
Progress: resolved 1, reused 0, downloaded 0, added 0
Packages: +786
++++++++++++++++++++++++++++++++++++++++++++++++++++++++++++++++++++++++++++++++

   ╭──────────────────────────────────────────────────────────────────╮
   │                                                                  │
   │                Update available! 9.15.9 → 12.9.1.                │
   │   Changelog: https://github.com/pnpm/pnpm/releases/tag/v12.9.1   │
   │            Run "corepack use pnpm@12.9.1" to update.             │
   │                                                                  │
   ╰──────────────────────────────────────────────────────────────────╯

Progress: resolved 786, reused 0, downloaded 68, added 68
Progress: resolved 786, reused 0, downloaded 106, added 106
Progress: resolved 786, reused 0, downloaded 154, added 154
Progress: resolved 786, reused 0, downloaded 241, added 241
Progress: resolved 786, reused 0, downloaded 451, added 451
Progress: resolved 786, reused 0, downloaded 597, added 596
Progress: resolved 786, reused 0, downloaded 761, added 761
Progress: resolved 786, reused 0, downloaded 784, added 784
Progress: resolved 786, reused 0, downloaded 786, added 786, done
.../esbuild@0.28.1/node_modules/esbuild postinstall$ node install.js
.../node_modules/unrs-resolver postinstall$ node postinstall.js
.../node_modules/msw postinstall$ node -e "import('./config/scripts/postinstall.js').catch(() => void 0)"
.../node_modules/msw postinstall: Done
.../esbuild@0.28.1/node_modules/esbuild postinstall: Done
.../node_modules/unrs-resolver postinstall: Done

dependencies:
+ @base-ui/react 1.7.0
+ @hookform/resolvers 5.7.1
+ @tanstack/react-query 5.101.4
+ class-variance-authority 0.7.1
+ clsx 2.1.1
+ lucide-react 1.28.0
+ next 16.3.8
+ next-themes 0.4.6
+ react 19.2.8
+ react-dom 19.2.8
+ react-hook-form 7.84.0
+ sharp 0.35.4
+ sonner 2.0.7
+ tailwind-merge 3.6.0
+ tw-animate-css 1.4.0
+ zod 4.4.3

devDependencies:
+ @axe-core/playwright 4.13.0
+ @playwright/test 1.62.1
+ @tailwindcss/postcss 4.3.3
+ @testing-library/jest-dom 7.0.0
+ @testing-library/react 16.3.2
+ @testing-library/user-event 14.6.3
+ @types/node 24.19.0
+ @types/react 19.2.18
+ @types/react-dom 19.2.4
+ @vitejs/plugin-react 6.0.5
+ @vitest/coverage-v8 4.1.11
+ eslint 9.39.5
+ eslint-config-next 16.3.8
+ fake-indexeddb 6.2.5
+ jsdom 30.0.1
+ msw 2.15.0
+ orval 8.23.0
+ shadcn 4.16.1
+ tailwindcss 4.3.3
+ typescript 5.9.3
+ vitest 4.1.11

Done in 8.9s using pnpm v9.15.9
 ---> Removed intermediate container e28d3da20754
 ---> 80b84296a5ce
Step 7/25 : FROM node:24-alpine@sha256:50c8e8ca1d27439048670df5883f32d57cf81cff6233222c893fd0d9884cbd81 AS builder
 ---> 50c8e8ca1d27
Step 8/25 : WORKDIR /app
 ---> Running in 0de364e11115
 ---> Removed intermediate container 0de364e11115
 ---> f62904fde0cd
Step 9/25 : ARG BACKEND_URL=http://backend:8000
 ---> Running in db81d6ddd7ee
 ---> Removed intermediate container db81d6ddd7ee
 ---> 24bdafbae934
Step 10/25 : ENV BACKEND_URL=${BACKEND_URL}
 ---> Running in ef34ae4bcc8c
 ---> Removed intermediate container ef34ae4bcc8c
 ---> a074f97e152c
Step 11/25 : COPY --from=deps /app/node_modules ./node_modules
 ---> 9886ca41db71
Step 12/25 : COPY . .
 ---> c9e6b2bf18a8
Step 13/25 : RUN corepack enable && pnpm build
 ---> Running in 85192e6ca224
[91m! Corepack is about to download https://registry.npmjs.org/pnpm/-/pnpm-9.15.9.tgz
[0m
> frontend@0.1.0 build /app
> next build

▲ Next.js 16.3.8 (Turbopack)
✓ Running next.config.ts took 29ms
Attention: Next.js now collects completely anonymous telemetry regarding usage.
This information is used to shape Next.js' roadmap and prioritize features.
You can learn more, including how to opt-out if you'd not like to participate in this anonymous program, by visiting the following URL:
https://nextjs.org/telemetry


  Creating an optimized production build ...
✓ Compiled successfully in 4.5s
  Running TypeScript ...
vitest.mutation.config.ts(20,41): error TS2307: Cannot find module './mutation/mutate_transform.mjs' or its corresponding type declarations.
[91mFailed to type check.

[0m ELIFECYCLE  Command failed with exit code 1.
The command '/bin/sh -c corepack enable && pnpm build' returned a non-zero code: 1
