DEPRECATED: The legacy builder is deprecated and will be removed in a future release.
            Install the buildx component to build images with BuildKit:
            https://docs.docker.com/go/buildx/

Sending build context to Docker daemon  213.9MB
Step 1/6 : FROM python:3.13-slim@sha256:3dd7cc108ec1493442514f5c2a871af6af0ec31d768ff6e378a93340c3b3db5f AS packages
 ---> 3dd7cc108ec1
Step 2/6 : COPY docker/debian-security-packages.json docker/fetch_debian_security_packages.py /pins/
 ---> 394c7f362032
Step 3/6 : RUN python /pins/fetch_debian_security_packages.py /pins/debian-security-packages.json /fixes
 ---> Running in efa29a1a7d8c
 ---> Removed intermediate container efa29a1a7d8c
 ---> f371f92985fd
Step 4/6 : FROM postgres:16@sha256:1a6ab3f5345eb6dbe04a1349529caabdb0ab09293a09590fad07b2246bfa4b54
 ---> 1a6ab3f5345e
Step 5/6 : COPY --from=packages /fixes /tmp/security-debs
 ---> 2ed5d04fd373
Step 6/6 : RUN dpkg -i /tmp/security-debs/*.deb && rm -rf /tmp/security-debs
 ---> Running in 0d168c141584
(Reading database ... 11443 files and directories currently installed.)
Preparing to unpack .../libpcre2-8-0_10.46-1~deb13u3_arm64.deb ...
Unpacking libpcre2-8-0:arm64 (10.46-1~deb13u3) over (10.46-1~deb13u2) ...
Preparing to unpack .../libssl3t64_3.5.7-1~deb13u3_arm64.deb ...
Unpacking libssl3t64:arm64 (3.5.7-1~deb13u3) over (3.5.7-1~deb13u2) ...
Preparing to unpack .../openssl-provider-legacy_3.5.7-1~deb13u3_arm64.deb ...
Unpacking openssl-provider-legacy (3.5.7-1~deb13u3) over (3.5.7-1~deb13u2) ...
Preparing to unpack .../openssl_3.5.7-1~deb13u3_arm64.deb ...
Unpacking openssl (3.5.7-1~deb13u3) over (3.5.7-1~deb13u2) ...
Setting up libpcre2-8-0:arm64 (10.46-1~deb13u3) ...
Setting up libssl3t64:arm64 (3.5.7-1~deb13u3) ...
Setting up openssl-provider-legacy (3.5.7-1~deb13u3) ...
Setting up openssl (3.5.7-1~deb13u3) ...
Processing triggers for libc-bin (2.41-12+deb13u4) ...
 ---> Removed intermediate container 0d168c141584
 ---> 03f4548ce8c2
Successfully built 03f4548ce8c2
Successfully tagged goatfarm-fix29-postgres:104
