DEPRECATED: The legacy builder is deprecated and will be removed in a future release.
            Install the buildx component to build images with BuildKit:
            https://docs.docker.com/go/buildx/

Sending build context to Docker daemon  213.9MB
Step 1/6 : FROM python:3.13-slim@sha256:3dd7cc108ec1493442514f5c2a871af6af0ec31d768ff6e378a93340c3b3db5f AS packages
 ---> 3dd7cc108ec1
Step 2/6 : COPY docker/debian-security-packages.json docker/fetch_debian_security_packages.py /pins/
 ---> 6fe2c0070dc0
Step 3/6 : RUN python /pins/fetch_debian_security_packages.py /pins/debian-security-packages.json /fixes
 ---> [Warning] The requested image's platform (linux/amd64) does not match the detected host platform (linux/arm64/v8) and no specific platform was requested
 ---> Running in 347d0ea17b07
 ---> Removed intermediate container 347d0ea17b07
 ---> 02b80205f732
Step 4/6 : FROM postgres:16@sha256:1a6ab3f5345eb6dbe04a1349529caabdb0ab09293a09590fad07b2246bfa4b54
 ---> 1a6ab3f5345e
Step 5/6 : COPY --from=packages /fixes /tmp/security-debs
 ---> Using cache
 ---> d19cff10bec3
Step 6/6 : RUN dpkg -i /tmp/security-debs/*.deb && rm -rf /tmp/security-debs
 ---> Using cache
 ---> fbeea8538438
Successfully built fbeea8538438
Successfully tagged goatfarm-fix29-postgres:104-amd64
