DEPRECATED: The legacy builder is deprecated and will be removed in a future release.
            Install the buildx component to build images with BuildKit:
            https://docs.docker.com/go/buildx/

Sending build context to Docker daemon  213.9MB
Step 1/6 : FROM python:3.13-slim@sha256:3dd7cc108ec1493442514f5c2a871af6af0ec31d768ff6e378a93340c3b3db5f AS packages
3.13-slim: Pulling from library/python
b14f2539d39c: Pulling fs layer
7e7563f2ddb6: Pulling fs layer
49ae429f6151: Pulling fs layer
6b37362b3da7: Pulling fs layer
b14f2539d39c: Download complete
7e7563f2ddb6: Download complete
49ae429f6151: Download complete
3d7514e137f6: Download complete
3322f296845f: Download complete
6b37362b3da7: Download complete
49ae429f6151: Pull complete
6b37362b3da7: Pull complete
b14f2539d39c: Pull complete
7e7563f2ddb6: Pull complete
Digest: sha256:3dd7cc108ec1493442514f5c2a871af6af0ec31d768ff6e378a93340c3b3db5f
Status: Image is up to date for python:3.13-slim@sha256:3dd7cc108ec1493442514f5c2a871af6af0ec31d768ff6e378a93340c3b3db5f
 ---> 3dd7cc108ec1
Step 2/6 : COPY docker/debian-security-packages.json docker/fetch_debian_security_packages.py /pins/
 ---> 2304d98346b1
Step 3/6 : RUN python /pins/fetch_debian_security_packages.py /pins/debian-security-packages.json /fixes
 ---> [Warning] The requested image's platform (linux/amd64) does not match the detected host platform (linux/arm64/v8) and no specific platform was requested
 ---> Running in 302562a619e3
 ---> Removed intermediate container 302562a619e3
 ---> 9cb83e23916f
Step 4/6 : FROM postgres:16@sha256:1a6ab3f5345eb6dbe04a1349529caabdb0ab09293a09590fad07b2246bfa4b54
16: Pulling from library/postgres
106e7e3cf19a: Pulling fs layer
56d4d190ef07: Pulling fs layer
6ad4758748c1: Pulling fs layer
ba0e979d0818: Pulling fs layer
ad29720ebbb9: Pulling fs layer
3a749597affc: Pulling fs layer
483fb6941c15: Pulling fs layer
359ae0fc975d: Pulling fs layer
74156cf9f063: Pulling fs layer
749acf6dc637: Pulling fs layer
f7c7d4dd80ba: Pulling fs layer
4d848243a73e: Pulling fs layer
b1fdda8975a0: Pulling fs layer
6ad4758748c1: Download complete
359ae0fc975d: Download complete
74156cf9f063: Download complete
f7c7d4dd80ba: Download complete
b1fdda8975a0: Download complete
ba0e979d0818: Download complete
483fb6941c15: Download complete
749acf6dc637: Download complete
4d848243a73e: Download complete
106e7e3cf19a: Download complete
3a749597affc: Download complete
ad29720ebbb9: Download complete
b1fdda8975a0: Pull complete
106e7e3cf19a: Pull complete
ba0e979d0818: Pull complete
483fb6941c15: Pull complete
3a749597affc: Pull complete
ad29720ebbb9: Pull complete
985a98bdc168: Download complete
359ae0fc975d: Pull complete
18528ee5b7b5: Download complete
56d4d190ef07: Download complete
6ad4758748c1: Pull complete
74156cf9f063: Pull complete
f7c7d4dd80ba: Pull complete
6ad4758748c1: Pull complete
74156cf9f063: Pull complete
f7c7d4dd80ba: Pull complete
749acf6dc637: Pull complete
4d848243a73e: Pull complete
56d4d190ef07: Pull complete
Digest: sha256:1a6ab3f5345eb6dbe04a1349529caabdb0ab09293a09590fad07b2246bfa4b54
Status: Image is up to date for postgres:16@sha256:1a6ab3f5345eb6dbe04a1349529caabdb0ab09293a09590fad07b2246bfa4b54
 ---> 1a6ab3f5345e
Step 5/6 : COPY --from=packages /fixes /tmp/security-debs
 ---> d19cff10bec3
Step 6/6 : RUN dpkg -i /tmp/security-debs/*.deb && rm -rf /tmp/security-debs
 ---> [Warning] The requested image's platform (linux/amd64) does not match the detected host platform (linux/arm64/v8) and no specific platform was requested
 ---> Running in 94a11f368d85
(Reading database ... 11439 files and directories currently installed.)
Preparing to unpack .../libpcre2-8-0_10.46-1~deb13u3_amd64.deb ...
Unpacking libpcre2-8-0:amd64 (10.46-1~deb13u3) over (10.46-1~deb13u2) ...
Preparing to unpack .../libssl3t64_3.5.7-1~deb13u3_amd64.deb ...
Unpacking libssl3t64:amd64 (3.5.7-1~deb13u3) over (3.5.7-1~deb13u2) ...
Preparing to unpack .../openssl-provider-legacy_3.5.7-1~deb13u3_amd64.deb ...
Unpacking openssl-provider-legacy (3.5.7-1~deb13u3) over (3.5.7-1~deb13u2) ...
Preparing to unpack .../openssl_3.5.7-1~deb13u3_amd64.deb ...
Unpacking openssl (3.5.7-1~deb13u3) over (3.5.7-1~deb13u2) ...
Setting up libpcre2-8-0:amd64 (10.46-1~deb13u3) ...
Setting up libssl3t64:amd64 (3.5.7-1~deb13u3) ...
Setting up openssl-provider-legacy (3.5.7-1~deb13u3) ...
Setting up openssl (3.5.7-1~deb13u3) ...
Processing triggers for libc-bin (2.41-12+deb13u4) ...
 ---> Removed intermediate container 94a11f368d85
 ---> fbeea8538438
Successfully built fbeea8538438
Successfully tagged goatfarm-fix29-postgres:104-amd64
